running egg_info
creating ../../../build/p9n_bringup/p9n_bringup.egg-info
writing ../../../build/p9n_bringup/p9n_bringup.egg-info/PKG-INFO
writing dependency_links to ../../../build/p9n_bringup/p9n_bringup.egg-info/dependency_links.txt
writing requirements to ../../../build/p9n_bringup/p9n_bringup.egg-info/requires.txt
writing top-level names to ../../../build/p9n_bringup/p9n_bringup.egg-info/top_level.txt
writing manifest file '../../../build/p9n_bringup/p9n_bringup.egg-info/SOURCES.txt'
reading manifest file '../../../build/p9n_bringup/p9n_bringup.egg-info/SOURCES.txt'
writing manifest file '../../../build/p9n_bringup/p9n_bringup.egg-info/SOURCES.txt'
running build
running build_py
creating /home/atwork/limo_3.0/build/p9n_bringup/build
creating /home/atwork/limo_3.0/build/p9n_bringup/build/lib
creating /home/atwork/limo_3.0/build/p9n_bringup/build/lib/p9n_bringup
copying p9n_bringup/__init__.py -> /home/atwork/limo_3.0/build/p9n_bringup/build/lib/p9n_bringup
running install
running install_lib
creating /home/atwork/limo_3.0/install/p9n_bringup/lib/python3.12/site-packages/p9n_bringup
copying /home/atwork/limo_3.0/build/p9n_bringup/build/lib/p9n_bringup/__init__.py -> /home/atwork/limo_3.0/install/p9n_bringup/lib/python3.12/site-packages/p9n_bringup
byte-compiling /home/atwork/limo_3.0/install/p9n_bringup/lib/python3.12/site-packages/p9n_bringup/__init__.py to __init__.cpython-312.pyc
running install_data
creating /home/atwork/limo_3.0/install/p9n_bringup/share/ament_index
creating /home/atwork/limo_3.0/install/p9n_bringup/share/ament_index/resource_index
creating /home/atwork/limo_3.0/install/p9n_bringup/share/ament_index/resource_index/packages
copying resource/p9n_bringup -> /home/atwork/limo_3.0/install/p9n_bringup/share/ament_index/resource_index/packages
copying package.xml -> /home/atwork/limo_3.0/install/p9n_bringup/share/p9n_bringup
creating /home/atwork/limo_3.0/install/p9n_bringup/share/p9n_bringup/launch
copying launch/teleop.launch.py -> /home/atwork/limo_3.0/install/p9n_bringup/share/p9n_bringup/launch
copying launch/teleop_turtlesim.launch.py -> /home/atwork/limo_3.0/install/p9n_bringup/share/p9n_bringup/launch
running install_egg_info
Copying ../../../build/p9n_bringup/p9n_bringup.egg-info to /home/atwork/limo_3.0/install/p9n_bringup/lib/python3.12/site-packages/p9n_bringup-1.1.1-py3.12.egg-info
running install_scripts
writing list of installed files to '/home/atwork/limo_3.0/build/p9n_bringup/install.log'
