[0.074s] Invoking command in '/home/atwork/limo_3.0/build/joy_linux': CMAKE_PREFIX_PATH=${CMAKE_PREFIX_PATH}:/home/atwork/limo_3.0/install/limo_bringup:/home/atwork/limo_3.0/install/p9n_bringup:/home/atwork/limo_3.0/install/limo_cartographer:/opt/ros/jazzy DEBUGINFOD_URLS=https://debuginfod.ubuntu.com /usr/bin/cmake --build /home/atwork/limo_3.0/build/joy_linux -- -j4 -l4
[0.156s] [100%] Built target joy_linux_node
[0.371s] Invoked command in '/home/atwork/limo_3.0/build/joy_linux' returned '0': CMAKE_PREFIX_PATH=${CMAKE_PREFIX_PATH}:/home/atwork/limo_3.0/install/limo_bringup:/home/atwork/limo_3.0/install/p9n_bringup:/home/atwork/limo_3.0/install/limo_cartographer:/opt/ros/jazzy DEBUGINFOD_URLS=https://debuginfod.ubuntu.com /usr/bin/cmake --build /home/atwork/limo_3.0/build/joy_linux -- -j4 -l4
[0.373s] Invoking command in '/home/atwork/limo_3.0/build/joy_linux': CMAKE_PREFIX_PATH=${CMAKE_PREFIX_PATH}:/home/atwork/limo_3.0/install/limo_bringup:/home/atwork/limo_3.0/install/p9n_bringup:/home/atwork/limo_3.0/install/limo_cartographer:/opt/ros/jazzy DEBUGINFOD_URLS=https://debuginfod.ubuntu.com /usr/bin/cmake --install /home/atwork/limo_3.0/build/joy_linux
[0.384s] -- Install configuration: ""
[0.388s] -- Up-to-date: /home/atwork/limo_3.0/install/joy_linux/lib/joy_linux/joy_linux_node
[0.388s] -- Up-to-date: /home/atwork/limo_3.0/install/joy_linux/share/ament_index/resource_index/package_run_dependencies/joy_linux
[0.388s] -- Up-to-date: /home/atwork/limo_3.0/install/joy_linux/share/ament_index/resource_index/parent_prefix_path/joy_linux
[0.388s] -- Up-to-date: /home/atwork/limo_3.0/install/joy_linux/share/joy_linux/environment/ament_prefix_path.sh
[0.388s] -- Up-to-date: /home/atwork/limo_3.0/install/joy_linux/share/joy_linux/environment/ament_prefix_path.dsv
[0.391s] -- Up-to-date: /home/atwork/limo_3.0/install/joy_linux/share/joy_linux/environment/path.sh
[0.391s] -- Up-to-date: /home/atwork/limo_3.0/install/joy_linux/share/joy_linux/environment/path.dsv
[0.391s] -- Up-to-date: /home/atwork/limo_3.0/install/joy_linux/share/joy_linux/local_setup.bash
[0.392s] -- Up-to-date: /home/atwork/limo_3.0/install/joy_linux/share/joy_linux/local_setup.sh
[0.392s] -- Up-to-date: /home/atwork/limo_3.0/install/joy_linux/share/joy_linux/local_setup.zsh
[0.392s] -- Up-to-date: /home/atwork/limo_3.0/install/joy_linux/share/joy_linux/local_setup.dsv
[0.392s] -- Installing: /home/atwork/limo_3.0/install/joy_linux/share/joy_linux/package.dsv
[0.392s] -- Up-to-date: /home/atwork/limo_3.0/install/joy_linux/share/ament_index/resource_index/packages/joy_linux
[0.392s] -- Up-to-date: /home/atwork/limo_3.0/install/joy_linux/share/joy_linux/cmake/joy_linuxConfig.cmake
[0.392s] -- Up-to-date: /home/atwork/limo_3.0/install/joy_linux/share/joy_linux/cmake/joy_linuxConfig-version.cmake
[0.393s] -- Up-to-date: /home/atwork/limo_3.0/install/joy_linux/share/joy_linux/package.xml
[0.396s] Invoked command in '/home/atwork/limo_3.0/build/joy_linux' returned '0': CMAKE_PREFIX_PATH=${CMAKE_PREFIX_PATH}:/home/atwork/limo_3.0/install/limo_bringup:/home/atwork/limo_3.0/install/p9n_bringup:/home/atwork/limo_3.0/install/limo_cartographer:/opt/ros/jazzy DEBUGINFOD_URLS=https://debuginfod.ubuntu.com /usr/bin/cmake --install /home/atwork/limo_3.0/build/joy_linux
