[0.021s] Invoking command in '/home/atwork/limo_3.0/src/build/joy': AMENT_PREFIX_PATH=/home/atwork/limo_3.0/src/install/sdl2_vendor:${AMENT_PREFIX_PATH} CMAKE_PREFIX_PATH=/home/atwork/limo_3.0/src/install/sdl2_vendor:/home/atwork/limo_3.0/install/wiimote:/home/atwork/limo_3.0/install/wiimote_msgs:/home/atwork/limo_3.0/install/urg_node:/home/atwork/limo_3.0/install/spacenav:/home/atwork/limo_3.0/install/p9n:/home/atwork/limo_3.0/install/p9n_test:/home/atwork/limo_3.0/install/p9n_node:/home/atwork/limo_3.0/install/p9n_example:/home/atwork/limo_3.0/install/joy:/home/atwork/limo_3.0/install/sdl2_vendor:/home/atwork/limo_3.0/install/p9n_interface:/home/atwork/limo_3.0/install/limo_base:/home/atwork/limo_3.0/install/limo_msgs:/home/atwork/limo_3.0/install/limo_description:/home/atwork/limo_3.0/install/joy_linux:/opt/ros/jazzy/opt/gz_math_vendor:/opt/ros/jazzy/opt/gz_utils_vendor:/opt/ros/jazzy/opt/gz_cmake_vendor:/home/atwork/limo_3.0/install/limo_bringup:/home/atwork/limo_3.0/install/p9n_bringup:/opt/ros/jazzy DEBUGINFOD_URLS=https://debuginfod.ubuntu.com /usr/bin/cmake /home/atwork/limo_3.0/src/joystick_drivers/joy -DCMAKE_INSTALL_PREFIX=/home/atwork/limo_3.0/src/install/joy
[0.115s] -- The C compiler identification is GNU 13.3.0
[0.207s] -- The CXX compiler identification is GNU 13.3.0
[0.233s] -- Detecting C compiler ABI info
[0.361s] -- Detecting C compiler ABI info - done
[0.379s] -- Check for working C compiler: /usr/bin/cc - skipped
[0.379s] -- Detecting C compile features
[0.380s] -- Detecting C compile features - done
[0.394s] -- Detecting CXX compiler ABI info
[0.554s] -- Detecting CXX compiler ABI info - done
[0.574s] -- Check for working CXX compiler: /usr/bin/c++ - skipped
[0.575s] -- Detecting CXX compile features
[0.575s] -- Detecting CXX compile features - done
[0.582s] -- Found ament_cmake_ros: 0.12.0 (/opt/ros/jazzy/share/ament_cmake_ros/cmake)
[0.856s] -- Found Python3: /usr/bin/python3 (found version "3.12.3") found components: Interpreter 
[1.060s] -- Found rclcpp: 28.1.13 (/opt/ros/jazzy/share/rclcpp/cmake)
[1.137s] -- Found rosidl_generator_c: 4.6.6 (/opt/ros/jazzy/share/rosidl_generator_c/cmake)
[1.165s] -- Found rosidl_generator_cpp: 4.6.6 (/opt/ros/jazzy/share/rosidl_generator_cpp/cmake)
[1.198s] -- Using all available rosidl_typesupport_c: rosidl_typesupport_fastrtps_c;rosidl_typesupport_introspection_c
[1.236s] -- Using all available rosidl_typesupport_cpp: rosidl_typesupport_fastrtps_cpp;rosidl_typesupport_introspection_cpp
[1.382s] -- Found rmw_implementation_cmake: 7.3.2 (/opt/ros/jazzy/share/rmw_implementation_cmake/cmake)
[1.388s] -- Found rmw_fastrtps_cpp: 8.4.3 (/opt/ros/jazzy/share/rmw_fastrtps_cpp/cmake)
[1.533s] -- Found OpenSSL: /usr/lib/x86_64-linux-gnu/libcrypto.so (found version "3.0.13")  
[1.568s] -- Found FastRTPS: /opt/ros/jazzy/include (Required is at least version "2.13") 
[1.607s] -- Using RMW implementation 'rmw_fastrtps_cpp' as default
[1.757s] -- Found rclcpp_components: 28.1.13 (/opt/ros/jazzy/share/rclcpp_components/cmake)
[1.836s] -- Found sdl2_vendor: 3.3.0 (/home/atwork/limo_3.0/src/install/sdl2_vendor/share/sdl2_vendor/cmake)
[1.847s] -- Found sensor_msgs: 5.3.6 (/opt/ros/jazzy/share/sensor_msgs/cmake)
[1.973s] -- Found ament_lint_auto: 0.17.3 (/opt/ros/jazzy/share/ament_lint_auto/cmake)
[2.181s] -- Added test 'cppcheck' to perform static code analysis on C / C++ code
[2.182s] -- Configured cppcheck include dirs: $<BUILD_INTERFACE:/home/atwork/limo_3.0/src/joystick_drivers/joy/include>
[2.182s] -- Configured cppcheck exclude dirs and/or files: 
[2.185s] -- Added test 'cpplint' to check C / C++ code against the Google style
[2.186s] -- Configured cpplint exclude dirs and/or files: 
[2.187s] -- Added test 'flake8' to check Python code syntax and style conventions
[2.188s] -- Configured 'flake8' exclude dirs and/or files: 
[2.190s] -- Added test 'lint_cmake' to check CMake code style
[2.192s] -- Added test 'pep257' to check Python code against some of the docstring style conventions in PEP 257
[2.196s] -- Added test 'uncrustify' to check C / C++ code style
[2.196s] -- Configured uncrustify additional arguments: 
[2.198s] -- Added test 'xmllint' to check XML markup files
[2.207s] -- Configuring done (2.2s)
[2.254s] -- Generating done (0.0s)
[2.270s] -- Build files have been written to: /home/atwork/limo_3.0/src/build/joy
[2.295s] Invoked command in '/home/atwork/limo_3.0/src/build/joy' returned '0': AMENT_PREFIX_PATH=/home/atwork/limo_3.0/src/install/sdl2_vendor:${AMENT_PREFIX_PATH} CMAKE_PREFIX_PATH=/home/atwork/limo_3.0/src/install/sdl2_vendor:/home/atwork/limo_3.0/install/wiimote:/home/atwork/limo_3.0/install/wiimote_msgs:/home/atwork/limo_3.0/install/urg_node:/home/atwork/limo_3.0/install/spacenav:/home/atwork/limo_3.0/install/p9n:/home/atwork/limo_3.0/install/p9n_test:/home/atwork/limo_3.0/install/p9n_node:/home/atwork/limo_3.0/install/p9n_example:/home/atwork/limo_3.0/install/joy:/home/atwork/limo_3.0/install/sdl2_vendor:/home/atwork/limo_3.0/install/p9n_interface:/home/atwork/limo_3.0/install/limo_base:/home/atwork/limo_3.0/install/limo_msgs:/home/atwork/limo_3.0/install/limo_description:/home/atwork/limo_3.0/install/joy_linux:/opt/ros/jazzy/opt/gz_math_vendor:/opt/ros/jazzy/opt/gz_utils_vendor:/opt/ros/jazzy/opt/gz_cmake_vendor:/home/atwork/limo_3.0/install/limo_bringup:/home/atwork/limo_3.0/install/p9n_bringup:/opt/ros/jazzy DEBUGINFOD_URLS=https://debuginfod.ubuntu.com /usr/bin/cmake /home/atwork/limo_3.0/src/joystick_drivers/joy -DCMAKE_INSTALL_PREFIX=/home/atwork/limo_3.0/src/install/joy
[2.299s] Invoking command in '/home/atwork/limo_3.0/src/build/joy': AMENT_PREFIX_PATH=/home/atwork/limo_3.0/src/install/sdl2_vendor:${AMENT_PREFIX_PATH} CMAKE_PREFIX_PATH=/home/atwork/limo_3.0/src/install/sdl2_vendor:/home/atwork/limo_3.0/install/wiimote:/home/atwork/limo_3.0/install/wiimote_msgs:/home/atwork/limo_3.0/install/urg_node:/home/atwork/limo_3.0/install/spacenav:/home/atwork/limo_3.0/install/p9n:/home/atwork/limo_3.0/install/p9n_test:/home/atwork/limo_3.0/install/p9n_node:/home/atwork/limo_3.0/install/p9n_example:/home/atwork/limo_3.0/install/joy:/home/atwork/limo_3.0/install/sdl2_vendor:/home/atwork/limo_3.0/install/p9n_interface:/home/atwork/limo_3.0/install/limo_base:/home/atwork/limo_3.0/install/limo_msgs:/home/atwork/limo_3.0/install/limo_description:/home/atwork/limo_3.0/install/joy_linux:/opt/ros/jazzy/opt/gz_math_vendor:/opt/ros/jazzy/opt/gz_utils_vendor:/opt/ros/jazzy/opt/gz_cmake_vendor:/home/atwork/limo_3.0/install/limo_bringup:/home/atwork/limo_3.0/install/p9n_bringup:/opt/ros/jazzy DEBUGINFOD_URLS=https://debuginfod.ubuntu.com /usr/bin/cmake --build /home/atwork/limo_3.0/src/build/joy -- -j4 -l4
[2.418s] [ 10%] [32mBuilding CXX object CMakeFiles/joy_node.dir/rclcpp_components/node_main_joy_node.cpp.o[0m
[2.436s] [ 30%] [32mBuilding CXX object CMakeFiles/game_controller.dir/src/game_controller.cpp.o[0m
[2.437s] [ 30%] [32mBuilding CXX object CMakeFiles/joy.dir/src/joy.cpp.o[0m
[2.441s] [ 40%] [32mBuilding CXX object CMakeFiles/game_controller_node.dir/rclcpp_components/node_main_game_controller_node.cpp.o[0m
[17.620s] [ 50%] [32m[1mLinking CXX executable game_controller_node[0m
[17.769s] [ 60%] [32m[1mLinking CXX executable joy_node[0m
[18.159s] [ 60%] Built target game_controller_node
[18.165s] [ 60%] Built target joy_node
[18.224s] [ 70%] [32mBuilding CXX object CMakeFiles/joy_enumerate_devices.dir/src/joy_enumerate_devices.cpp.o[0m
[19.972s] [ 80%] [32m[1mLinking CXX executable joy_enumerate_devices[0m
[20.246s] [ 80%] Built target joy_enumerate_devices
[31.634s] [ 90%] [32m[1mLinking CXX shared library libjoy.so[0m
[32.317s] [ 90%] Built target joy
[33.430s] [100%] [32m[1mLinking CXX shared library libgame_controller.so[0m
[34.017s] [100%] Built target game_controller
[34.034s] Invoked command in '/home/atwork/limo_3.0/src/build/joy' returned '0': AMENT_PREFIX_PATH=/home/atwork/limo_3.0/src/install/sdl2_vendor:${AMENT_PREFIX_PATH} CMAKE_PREFIX_PATH=/home/atwork/limo_3.0/src/install/sdl2_vendor:/home/atwork/limo_3.0/install/wiimote:/home/atwork/limo_3.0/install/wiimote_msgs:/home/atwork/limo_3.0/install/urg_node:/home/atwork/limo_3.0/install/spacenav:/home/atwork/limo_3.0/install/p9n:/home/atwork/limo_3.0/install/p9n_test:/home/atwork/limo_3.0/install/p9n_node:/home/atwork/limo_3.0/install/p9n_example:/home/atwork/limo_3.0/install/joy:/home/atwork/limo_3.0/install/sdl2_vendor:/home/atwork/limo_3.0/install/p9n_interface:/home/atwork/limo_3.0/install/limo_base:/home/atwork/limo_3.0/install/limo_msgs:/home/atwork/limo_3.0/install/limo_description:/home/atwork/limo_3.0/install/joy_linux:/opt/ros/jazzy/opt/gz_math_vendor:/opt/ros/jazzy/opt/gz_utils_vendor:/opt/ros/jazzy/opt/gz_cmake_vendor:/home/atwork/limo_3.0/install/limo_bringup:/home/atwork/limo_3.0/install/p9n_bringup:/opt/ros/jazzy DEBUGINFOD_URLS=https://debuginfod.ubuntu.com /usr/bin/cmake --build /home/atwork/limo_3.0/src/build/joy -- -j4 -l4
[34.035s] Invoking command in '/home/atwork/limo_3.0/src/build/joy': AMENT_PREFIX_PATH=/home/atwork/limo_3.0/src/install/sdl2_vendor:${AMENT_PREFIX_PATH} CMAKE_PREFIX_PATH=/home/atwork/limo_3.0/src/install/sdl2_vendor:/home/atwork/limo_3.0/install/wiimote:/home/atwork/limo_3.0/install/wiimote_msgs:/home/atwork/limo_3.0/install/urg_node:/home/atwork/limo_3.0/install/spacenav:/home/atwork/limo_3.0/install/p9n:/home/atwork/limo_3.0/install/p9n_test:/home/atwork/limo_3.0/install/p9n_node:/home/atwork/limo_3.0/install/p9n_example:/home/atwork/limo_3.0/install/joy:/home/atwork/limo_3.0/install/sdl2_vendor:/home/atwork/limo_3.0/install/p9n_interface:/home/atwork/limo_3.0/install/limo_base:/home/atwork/limo_3.0/install/limo_msgs:/home/atwork/limo_3.0/install/limo_description:/home/atwork/limo_3.0/install/joy_linux:/opt/ros/jazzy/opt/gz_math_vendor:/opt/ros/jazzy/opt/gz_utils_vendor:/opt/ros/jazzy/opt/gz_cmake_vendor:/home/atwork/limo_3.0/install/limo_bringup:/home/atwork/limo_3.0/install/p9n_bringup:/opt/ros/jazzy DEBUGINFOD_URLS=https://debuginfod.ubuntu.com /usr/bin/cmake --install /home/atwork/limo_3.0/src/build/joy
[34.046s] -- Install configuration: ""
[34.046s] -- Installing: /home/atwork/limo_3.0/src/install/joy/lib/libjoy.so
[34.052s] -- Set non-toolchain portion of runtime path of "/home/atwork/limo_3.0/src/install/joy/lib/libjoy.so" to ""
[34.053s] -- Installing: /home/atwork/limo_3.0/src/install/joy/lib/joy/joy_node
[34.053s] -- Set non-toolchain portion of runtime path of "/home/atwork/limo_3.0/src/install/joy/lib/joy/joy_node" to ""
[34.053s] -- Installing: /home/atwork/limo_3.0/src/install/joy/lib/libgame_controller.so
[34.057s] -- Set non-toolchain portion of runtime path of "/home/atwork/limo_3.0/src/install/joy/lib/libgame_controller.so" to ""
[34.057s] -- Installing: /home/atwork/limo_3.0/src/install/joy/lib/joy/game_controller_node
[34.058s] -- Set non-toolchain portion of runtime path of "/home/atwork/limo_3.0/src/install/joy/lib/joy/game_controller_node" to ""
[34.059s] -- Installing: /home/atwork/limo_3.0/src/install/joy/lib/joy/joy_enumerate_devices
[34.060s] -- Installing: /home/atwork/limo_3.0/src/install/joy/include/joy
[34.060s] -- Installing: /home/atwork/limo_3.0/src/install/joy/include/joy/joy
[34.060s] -- Installing: /home/atwork/limo_3.0/src/install/joy/include/joy/joy/joy.hpp
[34.061s] -- Installing: /home/atwork/limo_3.0/src/install/joy/include/joy/joy/game_controller.hpp
[34.061s] -- Installing: /home/atwork/limo_3.0/src/install/joy/share/joy/config
[34.061s] -- Installing: /home/atwork/limo_3.0/src/install/joy/share/joy/config/joy-params.yaml
[34.062s] -- Installing: /home/atwork/limo_3.0/src/install/joy/share/joy/launch
[34.062s] -- Installing: /home/atwork/limo_3.0/src/install/joy/share/joy/launch/joy-launch.py
[34.063s] -- Installing: /home/atwork/limo_3.0/src/install/joy/share/joy/launch/joy-composed-launch.py
[34.064s] -- Installing: /home/atwork/limo_3.0/src/install/joy/share/ament_index/resource_index/package_run_dependencies/joy
[34.064s] -- Installing: /home/atwork/limo_3.0/src/install/joy/share/ament_index/resource_index/parent_prefix_path/joy
[34.064s] -- Installing: /home/atwork/limo_3.0/src/install/joy/share/joy/environment/ament_prefix_path.sh
[34.065s] -- Installing: /home/atwork/limo_3.0/src/install/joy/share/joy/environment/ament_prefix_path.dsv
[34.065s] -- Installing: /home/atwork/limo_3.0/src/install/joy/share/joy/environment/path.sh
[34.066s] -- Installing: /home/atwork/limo_3.0/src/install/joy/share/joy/environment/path.dsv
[34.066s] -- Installing: /home/atwork/limo_3.0/src/install/joy/share/joy/local_setup.bash
[34.067s] -- Installing: /home/atwork/limo_3.0/src/install/joy/share/joy/local_setup.sh
[34.067s] -- Installing: /home/atwork/limo_3.0/src/install/joy/share/joy/local_setup.zsh
[34.068s] -- Installing: /home/atwork/limo_3.0/src/install/joy/share/joy/local_setup.dsv
[34.068s] -- Installing: /home/atwork/limo_3.0/src/install/joy/share/joy/package.dsv
[34.068s] -- Installing: /home/atwork/limo_3.0/src/install/joy/share/ament_index/resource_index/packages/joy
[34.069s] -- Installing: /home/atwork/limo_3.0/src/install/joy/share/ament_index/resource_index/rclcpp_components/joy
[34.069s] -- Installing: /home/atwork/limo_3.0/src/install/joy/share/joy/cmake/export_joyExport.cmake
[34.070s] -- Installing: /home/atwork/limo_3.0/src/install/joy/share/joy/cmake/export_joyExport-noconfig.cmake
[34.070s] -- Installing: /home/atwork/limo_3.0/src/install/joy/share/joy/cmake/export_game_controllerExport.cmake
[34.071s] -- Installing: /home/atwork/limo_3.0/src/install/joy/share/joy/cmake/export_game_controllerExport-noconfig.cmake
[34.071s] -- Installing: /home/atwork/limo_3.0/src/install/joy/share/joy/cmake/ament_cmake_export_targets-extras.cmake
[34.072s] -- Installing: /home/atwork/limo_3.0/src/install/joy/share/joy/cmake/ament_cmake_export_dependencies-extras.cmake
[34.072s] -- Installing: /home/atwork/limo_3.0/src/install/joy/share/joy/cmake/joyConfig.cmake
[34.073s] -- Installing: /home/atwork/limo_3.0/src/install/joy/share/joy/cmake/joyConfig-version.cmake
[34.075s] -- Installing: /home/atwork/limo_3.0/src/install/joy/share/joy/package.xml
[34.075s] Invoked command in '/home/atwork/limo_3.0/src/build/joy' returned '0': AMENT_PREFIX_PATH=/home/atwork/limo_3.0/src/install/sdl2_vendor:${AMENT_PREFIX_PATH} CMAKE_PREFIX_PATH=/home/atwork/limo_3.0/src/install/sdl2_vendor:/home/atwork/limo_3.0/install/wiimote:/home/atwork/limo_3.0/install/wiimote_msgs:/home/atwork/limo_3.0/install/urg_node:/home/atwork/limo_3.0/install/spacenav:/home/atwork/limo_3.0/install/p9n:/home/atwork/limo_3.0/install/p9n_test:/home/atwork/limo_3.0/install/p9n_node:/home/atwork/limo_3.0/install/p9n_example:/home/atwork/limo_3.0/install/joy:/home/atwork/limo_3.0/install/sdl2_vendor:/home/atwork/limo_3.0/install/p9n_interface:/home/atwork/limo_3.0/install/limo_base:/home/atwork/limo_3.0/install/limo_msgs:/home/atwork/limo_3.0/install/limo_description:/home/atwork/limo_3.0/install/joy_linux:/opt/ros/jazzy/opt/gz_math_vendor:/opt/ros/jazzy/opt/gz_utils_vendor:/opt/ros/jazzy/opt/gz_cmake_vendor:/home/atwork/limo_3.0/install/limo_bringup:/home/atwork/limo_3.0/install/p9n_bringup:/opt/ros/jazzy DEBUGINFOD_URLS=https://debuginfod.ubuntu.com /usr/bin/cmake --install /home/atwork/limo_3.0/src/build/joy
