[0.018s] Invoking command in '/home/atwork/limo_3.0/src/build/joy_linux': CMAKE_PREFIX_PATH=${CMAKE_PREFIX_PATH}:/home/atwork/limo_3.0/install/limo_bringup:/home/atwork/limo_3.0/install/p9n_bringup:/opt/ros/jazzy DEBUGINFOD_URLS=https://debuginfod.ubuntu.com /usr/bin/cmake /home/atwork/limo_3.0/src/joystick_drivers/joy_linux -DCMAKE_INSTALL_PREFIX=/home/atwork/limo_3.0/src/install/joy_linux
[0.110s] -- The C compiler identification is GNU 13.3.0
[0.205s] -- The CXX compiler identification is GNU 13.3.0
[0.230s] -- Detecting C compiler ABI info
[0.366s] -- Detecting C compiler ABI info - done
[0.388s] -- Check for working C compiler: /usr/bin/cc - skipped
[0.388s] -- Detecting C compile features
[0.388s] -- Detecting C compile features - done
[0.403s] -- Detecting CXX compiler ABI info
[0.590s] -- Detecting CXX compiler ABI info - done
[0.614s] -- Check for working CXX compiler: /usr/bin/c++ - skipped
[0.615s] -- Detecting CXX compile features
[0.616s] -- Detecting CXX compile features - done
[0.622s] -- Found ament_cmake: 2.5.4 (/opt/ros/jazzy/share/ament_cmake/cmake)
[0.897s] -- Found Python3: /usr/bin/python3 (found version "3.12.3") found components: Interpreter 
[1.102s] -- Found diagnostic_msgs: 5.3.6 (/opt/ros/jazzy/share/diagnostic_msgs/cmake)
[1.197s] -- Found rosidl_generator_c: 4.6.6 (/opt/ros/jazzy/share/rosidl_generator_c/cmake)
[1.230s] -- Found rosidl_generator_cpp: 4.6.6 (/opt/ros/jazzy/share/rosidl_generator_cpp/cmake)
[1.275s] -- Using all available rosidl_typesupport_c: rosidl_typesupport_fastrtps_c;rosidl_typesupport_introspection_c
[1.314s] -- Using all available rosidl_typesupport_cpp: rosidl_typesupport_fastrtps_cpp;rosidl_typesupport_introspection_cpp
[1.465s] -- Found diagnostic_updater: 4.2.6 (/opt/ros/jazzy/share/diagnostic_updater/cmake)
[1.597s] -- Found rmw_implementation_cmake: 7.3.2 (/opt/ros/jazzy/share/rmw_implementation_cmake/cmake)
[1.603s] -- Found rmw_fastrtps_cpp: 8.4.3 (/opt/ros/jazzy/share/rmw_fastrtps_cpp/cmake)
[1.741s] -- Found OpenSSL: /usr/lib/x86_64-linux-gnu/libcrypto.so (found version "3.0.13")  
[1.778s] -- Found FastRTPS: /opt/ros/jazzy/include (Required is at least version "2.13") 
[1.821s] -- Using RMW implementation 'rmw_fastrtps_cpp' as default
[1.992s] -- Found sensor_msgs: 5.3.6 (/opt/ros/jazzy/share/sensor_msgs/cmake)
[2.082s] -- Looking for include file linux/joystick.h
[2.215s] -- Looking for include file linux/joystick.h - found
[2.220s] -- Found ament_lint_auto: 0.17.3 (/opt/ros/jazzy/share/ament_lint_auto/cmake)
[2.418s] -- Added test 'cppcheck' to perform static code analysis on C / C++ code
[2.418s] -- Configured cppcheck include dirs: /home/atwork/limo_3.0/src/joystick_drivers/joy_linux/msg/cpp
[2.420s] -- Configured cppcheck exclude dirs and/or files: 
[2.421s] -- Added test 'cpplint' to check C / C++ code against the Google style
[2.421s] -- Configured cpplint exclude dirs and/or files: 
[2.423s] -- Added test 'lint_cmake' to check CMake code style
[2.425s] -- Added test 'uncrustify' to check C / C++ code style
[2.425s] -- Configured uncrustify additional arguments: 
[2.427s] -- Added test 'xmllint' to check XML markup files
[2.431s] -- Configuring done (2.4s)
[2.452s] -- Generating done (0.0s)
[2.459s] -- Build files have been written to: /home/atwork/limo_3.0/src/build/joy_linux
[2.479s] Invoked command in '/home/atwork/limo_3.0/src/build/joy_linux' returned '0': CMAKE_PREFIX_PATH=${CMAKE_PREFIX_PATH}:/home/atwork/limo_3.0/install/limo_bringup:/home/atwork/limo_3.0/install/p9n_bringup:/opt/ros/jazzy DEBUGINFOD_URLS=https://debuginfod.ubuntu.com /usr/bin/cmake /home/atwork/limo_3.0/src/joystick_drivers/joy_linux -DCMAKE_INSTALL_PREFIX=/home/atwork/limo_3.0/src/install/joy_linux
[2.480s] Invoking command in '/home/atwork/limo_3.0/src/build/joy_linux': CMAKE_PREFIX_PATH=${CMAKE_PREFIX_PATH}:/home/atwork/limo_3.0/install/limo_bringup:/home/atwork/limo_3.0/install/p9n_bringup:/opt/ros/jazzy DEBUGINFOD_URLS=https://debuginfod.ubuntu.com /usr/bin/cmake --build /home/atwork/limo_3.0/src/build/joy_linux -- -j4 -l4
[2.553s] [ 50%] [32mBuilding CXX object CMakeFiles/joy_linux_node.dir/src/joy_linux_node.cpp.o[0m
[6.699s] gmake[2]: *** [CMakeFiles/joy_linux_node.dir/build.make:76: CMakeFiles/joy_linux_node.dir/src/joy_linux_node.cpp.o] Interrupt
[6.699s] gmake[1]: *** [CMakeFiles/Makefile2:137: CMakeFiles/joy_linux_node.dir/all] Interrupt
[6.699s] gmake: *** [Makefile:146: all] Interrupt
[6.725s] Invoked command in '/home/atwork/limo_3.0/src/build/joy_linux' returned '-2': CMAKE_PREFIX_PATH=${CMAKE_PREFIX_PATH}:/home/atwork/limo_3.0/install/limo_bringup:/home/atwork/limo_3.0/install/p9n_bringup:/opt/ros/jazzy DEBUGINFOD_URLS=https://debuginfod.ubuntu.com /usr/bin/cmake --build /home/atwork/limo_3.0/src/build/joy_linux -- -j4 -l4
