[0.034s] Invoking command in '/home/atwork/limo_3.0/build/joy': CMAKE_PREFIX_PATH=/home/atwork/limo_3.0/install/sdl2_vendor:/home/atwork/limo_3.0/install/wiimote:/home/atwork/limo_3.0/install/wiimote_msgs:/home/atwork/limo_3.0/install/urg_node:/home/atwork/limo_3.0/install/spacenav:/home/atwork/limo_3.0/install/p9n:/home/atwork/limo_3.0/install/p9n_test:/home/atwork/limo_3.0/install/p9n_node:/home/atwork/limo_3.0/install/p9n_example:/home/atwork/limo_3.0/install/joy:/home/atwork/limo_3.0/install/p9n_interface:/home/atwork/limo_3.0/install/limo_base:/home/atwork/limo_3.0/install/limo_msgs:/home/atwork/limo_3.0/install/limo_description:/home/atwork/limo_3.0/install/joy_linux:/opt/ros/jazzy/opt/gz_math_vendor:/opt/ros/jazzy/opt/gz_utils_vendor:/opt/ros/jazzy/opt/gz_cmake_vendor:/home/atwork/limo_3.0/install/limo_bringup:/home/atwork/limo_3.0/install/p9n_bringup:/home/atwork/limo_3.0/install/limo_cartographer:/opt/ros/jazzy DEBUGINFOD_URLS=https://debuginfod.ubuntu.com /usr/bin/cmake --build /home/atwork/limo_3.0/build/joy -- -j4 -l4
[0.204s] [ 20%] Built target game_controller_node
[0.206s] [ 40%] Built target joy
[0.213s] [ 60%] Built target game_controller
[0.215s] [ 80%] Built target joy_node
[0.271s] [100%] Built target joy_enumerate_devices
[0.304s] Invoked command in '/home/atwork/limo_3.0/build/joy' returned '0': CMAKE_PREFIX_PATH=/home/atwork/limo_3.0/install/sdl2_vendor:/home/atwork/limo_3.0/install/wiimote:/home/atwork/limo_3.0/install/wiimote_msgs:/home/atwork/limo_3.0/install/urg_node:/home/atwork/limo_3.0/install/spacenav:/home/atwork/limo_3.0/install/p9n:/home/atwork/limo_3.0/install/p9n_test:/home/atwork/limo_3.0/install/p9n_node:/home/atwork/limo_3.0/install/p9n_example:/home/atwork/limo_3.0/install/joy:/home/atwork/limo_3.0/install/p9n_interface:/home/atwork/limo_3.0/install/limo_base:/home/atwork/limo_3.0/install/limo_msgs:/home/atwork/limo_3.0/install/limo_description:/home/atwork/limo_3.0/install/joy_linux:/opt/ros/jazzy/opt/gz_math_vendor:/opt/ros/jazzy/opt/gz_utils_vendor:/opt/ros/jazzy/opt/gz_cmake_vendor:/home/atwork/limo_3.0/install/limo_bringup:/home/atwork/limo_3.0/install/p9n_bringup:/home/atwork/limo_3.0/install/limo_cartographer:/opt/ros/jazzy DEBUGINFOD_URLS=https://debuginfod.ubuntu.com /usr/bin/cmake --build /home/atwork/limo_3.0/build/joy -- -j4 -l4
[0.308s] Invoking command in '/home/atwork/limo_3.0/build/joy': CMAKE_PREFIX_PATH=/home/atwork/limo_3.0/install/sdl2_vendor:/home/atwork/limo_3.0/install/wiimote:/home/atwork/limo_3.0/install/wiimote_msgs:/home/atwork/limo_3.0/install/urg_node:/home/atwork/limo_3.0/install/spacenav:/home/atwork/limo_3.0/install/p9n:/home/atwork/limo_3.0/install/p9n_test:/home/atwork/limo_3.0/install/p9n_node:/home/atwork/limo_3.0/install/p9n_example:/home/atwork/limo_3.0/install/joy:/home/atwork/limo_3.0/install/p9n_interface:/home/atwork/limo_3.0/install/limo_base:/home/atwork/limo_3.0/install/limo_msgs:/home/atwork/limo_3.0/install/limo_description:/home/atwork/limo_3.0/install/joy_linux:/opt/ros/jazzy/opt/gz_math_vendor:/opt/ros/jazzy/opt/gz_utils_vendor:/opt/ros/jazzy/opt/gz_cmake_vendor:/home/atwork/limo_3.0/install/limo_bringup:/home/atwork/limo_3.0/install/p9n_bringup:/home/atwork/limo_3.0/install/limo_cartographer:/opt/ros/jazzy DEBUGINFOD_URLS=https://debuginfod.ubuntu.com /usr/bin/cmake --install /home/atwork/limo_3.0/build/joy
[0.342s] -- Install configuration: ""
[0.342s] -- Up-to-date: /home/atwork/limo_3.0/install/joy/lib/libjoy.so
[0.347s] -- Up-to-date: /home/atwork/limo_3.0/install/joy/lib/joy/joy_node
[0.347s] -- Up-to-date: /home/atwork/limo_3.0/install/joy/lib/libgame_controller.so
[0.347s] -- Up-to-date: /home/atwork/limo_3.0/install/joy/lib/joy/game_controller_node
[0.350s] -- Up-to-date: /home/atwork/limo_3.0/install/joy/lib/joy/joy_enumerate_devices
[0.350s] -- Up-to-date: /home/atwork/limo_3.0/install/joy/include/joy
[0.350s] -- Up-to-date: /home/atwork/limo_3.0/install/joy/include/joy/joy
[0.350s] -- Up-to-date: /home/atwork/limo_3.0/install/joy/include/joy/joy/joy.hpp
[0.350s] -- Up-to-date: /home/atwork/limo_3.0/install/joy/include/joy/joy/game_controller.hpp
[0.351s] -- Up-to-date: /home/atwork/limo_3.0/install/joy/share/joy/config
[0.351s] -- Up-to-date: /home/atwork/limo_3.0/install/joy/share/joy/config/joy-params.yaml
[0.351s] -- Up-to-date: /home/atwork/limo_3.0/install/joy/share/joy/launch
[0.351s] -- Up-to-date: /home/atwork/limo_3.0/install/joy/share/joy/launch/joy-launch.py
[0.353s] -- Up-to-date: /home/atwork/limo_3.0/install/joy/share/joy/launch/joy-composed-launch.py
[0.353s] -- Up-to-date: /home/atwork/limo_3.0/install/joy/share/ament_index/resource_index/package_run_dependencies/joy
[0.353s] -- Up-to-date: /home/atwork/limo_3.0/install/joy/share/ament_index/resource_index/parent_prefix_path/joy
[0.354s] -- Up-to-date: /home/atwork/limo_3.0/install/joy/share/joy/environment/ament_prefix_path.sh
[0.354s] -- Up-to-date: /home/atwork/limo_3.0/install/joy/share/joy/environment/ament_prefix_path.dsv
[0.355s] -- Up-to-date: /home/atwork/limo_3.0/install/joy/share/joy/environment/path.sh
[0.361s] -- Up-to-date: /home/atwork/limo_3.0/install/joy/share/joy/environment/path.dsv
[0.362s] -- Up-to-date: /home/atwork/limo_3.0/install/joy/share/joy/local_setup.bash
[0.362s] -- Up-to-date: /home/atwork/limo_3.0/install/joy/share/joy/local_setup.sh
[0.362s] -- Up-to-date: /home/atwork/limo_3.0/install/joy/share/joy/local_setup.zsh
[0.362s] -- Up-to-date: /home/atwork/limo_3.0/install/joy/share/joy/local_setup.dsv
[0.362s] -- Installing: /home/atwork/limo_3.0/install/joy/share/joy/package.dsv
[0.363s] -- Up-to-date: /home/atwork/limo_3.0/install/joy/share/ament_index/resource_index/packages/joy
[0.364s] -- Up-to-date: /home/atwork/limo_3.0/install/joy/share/ament_index/resource_index/rclcpp_components/joy
[0.364s] -- Up-to-date: /home/atwork/limo_3.0/install/joy/share/joy/cmake/export_joyExport.cmake
[0.364s] -- Up-to-date: /home/atwork/limo_3.0/install/joy/share/joy/cmake/export_joyExport-noconfig.cmake
[0.364s] -- Up-to-date: /home/atwork/limo_3.0/install/joy/share/joy/cmake/export_game_controllerExport.cmake
[0.364s] -- Up-to-date: /home/atwork/limo_3.0/install/joy/share/joy/cmake/export_game_controllerExport-noconfig.cmake
[0.364s] -- Up-to-date: /home/atwork/limo_3.0/install/joy/share/joy/cmake/ament_cmake_export_targets-extras.cmake
[0.364s] -- Up-to-date: /home/atwork/limo_3.0/install/joy/share/joy/cmake/ament_cmake_export_dependencies-extras.cmake
[0.365s] -- Up-to-date: /home/atwork/limo_3.0/install/joy/share/joy/cmake/joyConfig.cmake
[0.368s] -- Up-to-date: /home/atwork/limo_3.0/install/joy/share/joy/cmake/joyConfig-version.cmake
[0.373s] -- Up-to-date: /home/atwork/limo_3.0/install/joy/share/joy/package.xml
[0.386s] Invoked command in '/home/atwork/limo_3.0/build/joy' returned '0': CMAKE_PREFIX_PATH=/home/atwork/limo_3.0/install/sdl2_vendor:/home/atwork/limo_3.0/install/wiimote:/home/atwork/limo_3.0/install/wiimote_msgs:/home/atwork/limo_3.0/install/urg_node:/home/atwork/limo_3.0/install/spacenav:/home/atwork/limo_3.0/install/p9n:/home/atwork/limo_3.0/install/p9n_test:/home/atwork/limo_3.0/install/p9n_node:/home/atwork/limo_3.0/install/p9n_example:/home/atwork/limo_3.0/install/joy:/home/atwork/limo_3.0/install/p9n_interface:/home/atwork/limo_3.0/install/limo_base:/home/atwork/limo_3.0/install/limo_msgs:/home/atwork/limo_3.0/install/limo_description:/home/atwork/limo_3.0/install/joy_linux:/opt/ros/jazzy/opt/gz_math_vendor:/opt/ros/jazzy/opt/gz_utils_vendor:/opt/ros/jazzy/opt/gz_cmake_vendor:/home/atwork/limo_3.0/install/limo_bringup:/home/atwork/limo_3.0/install/p9n_bringup:/home/atwork/limo_3.0/install/limo_cartographer:/opt/ros/jazzy DEBUGINFOD_URLS=https://debuginfod.ubuntu.com /usr/bin/cmake --install /home/atwork/limo_3.0/build/joy
