[0.018s] Invoking command in '/home/atwork/limo_3.0/build/wiimote': CMAKE_PREFIX_PATH=/home/atwork/limo_3.0/install/wiimote_msgs:/home/atwork/limo_3.0/install/wiimote:/home/atwork/limo_3.0/install/urg_node:/home/atwork/limo_3.0/install/spacenav:/home/atwork/limo_3.0/install/p9n:/home/atwork/limo_3.0/install/p9n_test:/home/atwork/limo_3.0/install/p9n_node:/home/atwork/limo_3.0/install/p9n_example:/home/atwork/limo_3.0/install/joy:/home/atwork/limo_3.0/install/sdl2_vendor:/home/atwork/limo_3.0/install/p9n_interface:/home/atwork/limo_3.0/install/limo_base:/home/atwork/limo_3.0/install/limo_msgs:/home/atwork/limo_3.0/install/limo_description:/home/atwork/limo_3.0/install/joy_linux:/opt/ros/jazzy/opt/gz_math_vendor:/opt/ros/jazzy/opt/gz_utils_vendor:/opt/ros/jazzy/opt/gz_cmake_vendor:/home/atwork/limo_3.0/install/limo_bringup:/home/atwork/limo_3.0/install/p9n_bringup:/home/atwork/limo_3.0/install/limo_cartographer:/opt/ros/jazzy DEBUGINFOD_URLS=https://debuginfod.ubuntu.com LD_LIBRARY_PATH=/home/atwork/limo_3.0/install/wiimote_msgs/lib:/home/atwork/limo_3.0/install/wiimote/lib:/home/atwork/limo_3.0/install/urg_node/lib:/home/atwork/limo_3.0/install/spacenav/lib:/home/atwork/limo_3.0/install/p9n_test/lib:/home/atwork/limo_3.0/install/p9n_node/lib:/home/atwork/limo_3.0/install/p9n_example/lib:/home/atwork/limo_3.0/install/joy/lib:/home/atwork/limo_3.0/install/p9n_interface/lib:/home/atwork/limo_3.0/install/limo_msgs/lib:/opt/ros/jazzy/opt/rviz_ogre_vendor/lib:/opt/ros/jazzy/lib/x86_64-linux-gnu:/opt/ros/jazzy/opt/gz_math_vendor/lib:/opt/ros/jazzy/opt/gz_utils_vendor/lib:/opt/ros/jazzy/opt/gz_cmake_vendor/lib:/opt/ros/jazzy/lib /usr/bin/cmake --build /home/atwork/limo_3.0/build/wiimote -- -j4 -l4
[0.152s] [ 33%] Built target wiimote_lib
[0.153s] [ 55%] Built target wiimote_node
[0.158s] [ 77%] Built target teleop_wiimote_node
[0.162s] [100%] Built target teleop_wiimote
[0.181s] Invoked command in '/home/atwork/limo_3.0/build/wiimote' returned '0': CMAKE_PREFIX_PATH=/home/atwork/limo_3.0/install/wiimote_msgs:/home/atwork/limo_3.0/install/wiimote:/home/atwork/limo_3.0/install/urg_node:/home/atwork/limo_3.0/install/spacenav:/home/atwork/limo_3.0/install/p9n:/home/atwork/limo_3.0/install/p9n_test:/home/atwork/limo_3.0/install/p9n_node:/home/atwork/limo_3.0/install/p9n_example:/home/atwork/limo_3.0/install/joy:/home/atwork/limo_3.0/install/sdl2_vendor:/home/atwork/limo_3.0/install/p9n_interface:/home/atwork/limo_3.0/install/limo_base:/home/atwork/limo_3.0/install/limo_msgs:/home/atwork/limo_3.0/install/limo_description:/home/atwork/limo_3.0/install/joy_linux:/opt/ros/jazzy/opt/gz_math_vendor:/opt/ros/jazzy/opt/gz_utils_vendor:/opt/ros/jazzy/opt/gz_cmake_vendor:/home/atwork/limo_3.0/install/limo_bringup:/home/atwork/limo_3.0/install/p9n_bringup:/home/atwork/limo_3.0/install/limo_cartographer:/opt/ros/jazzy DEBUGINFOD_URLS=https://debuginfod.ubuntu.com LD_LIBRARY_PATH=/home/atwork/limo_3.0/install/wiimote_msgs/lib:/home/atwork/limo_3.0/install/wiimote/lib:/home/atwork/limo_3.0/install/urg_node/lib:/home/atwork/limo_3.0/install/spacenav/lib:/home/atwork/limo_3.0/install/p9n_test/lib:/home/atwork/limo_3.0/install/p9n_node/lib:/home/atwork/limo_3.0/install/p9n_example/lib:/home/atwork/limo_3.0/install/joy/lib:/home/atwork/limo_3.0/install/p9n_interface/lib:/home/atwork/limo_3.0/install/limo_msgs/lib:/opt/ros/jazzy/opt/rviz_ogre_vendor/lib:/opt/ros/jazzy/lib/x86_64-linux-gnu:/opt/ros/jazzy/opt/gz_math_vendor/lib:/opt/ros/jazzy/opt/gz_utils_vendor/lib:/opt/ros/jazzy/opt/gz_cmake_vendor/lib:/opt/ros/jazzy/lib /usr/bin/cmake --build /home/atwork/limo_3.0/build/wiimote -- -j4 -l4
[0.194s] Invoking command in '/home/atwork/limo_3.0/build/wiimote': CMAKE_PREFIX_PATH=/home/atwork/limo_3.0/install/wiimote_msgs:/home/atwork/limo_3.0/install/wiimote:/home/atwork/limo_3.0/install/urg_node:/home/atwork/limo_3.0/install/spacenav:/home/atwork/limo_3.0/install/p9n:/home/atwork/limo_3.0/install/p9n_test:/home/atwork/limo_3.0/install/p9n_node:/home/atwork/limo_3.0/install/p9n_example:/home/atwork/limo_3.0/install/joy:/home/atwork/limo_3.0/install/sdl2_vendor:/home/atwork/limo_3.0/install/p9n_interface:/home/atwork/limo_3.0/install/limo_base:/home/atwork/limo_3.0/install/limo_msgs:/home/atwork/limo_3.0/install/limo_description:/home/atwork/limo_3.0/install/joy_linux:/opt/ros/jazzy/opt/gz_math_vendor:/opt/ros/jazzy/opt/gz_utils_vendor:/opt/ros/jazzy/opt/gz_cmake_vendor:/home/atwork/limo_3.0/install/limo_bringup:/home/atwork/limo_3.0/install/p9n_bringup:/home/atwork/limo_3.0/install/limo_cartographer:/opt/ros/jazzy DEBUGINFOD_URLS=https://debuginfod.ubuntu.com LD_LIBRARY_PATH=/home/atwork/limo_3.0/install/wiimote_msgs/lib:/home/atwork/limo_3.0/install/wiimote/lib:/home/atwork/limo_3.0/install/urg_node/lib:/home/atwork/limo_3.0/install/spacenav/lib:/home/atwork/limo_3.0/install/p9n_test/lib:/home/atwork/limo_3.0/install/p9n_node/lib:/home/atwork/limo_3.0/install/p9n_example/lib:/home/atwork/limo_3.0/install/joy/lib:/home/atwork/limo_3.0/install/p9n_interface/lib:/home/atwork/limo_3.0/install/limo_msgs/lib:/opt/ros/jazzy/opt/rviz_ogre_vendor/lib:/opt/ros/jazzy/lib/x86_64-linux-gnu:/opt/ros/jazzy/opt/gz_math_vendor/lib:/opt/ros/jazzy/opt/gz_utils_vendor/lib:/opt/ros/jazzy/opt/gz_cmake_vendor/lib:/opt/ros/jazzy/lib /usr/bin/cmake --install /home/atwork/limo_3.0/build/wiimote
[0.205s] -- Install configuration: ""
[0.206s] -- Up-to-date: /home/atwork/limo_3.0/install/wiimote/lib/wiimote/wiimote_node
[0.206s] -- Up-to-date: /home/atwork/limo_3.0/install/wiimote/lib/wiimote/teleop_wiimote_node
[0.207s] -- Up-to-date: /home/atwork/limo_3.0/install/wiimote/lib/libwiimote_lib.so
[0.210s] -- Up-to-date: /home/atwork/limo_3.0/install/wiimote/lib/libteleop_wiimote.so
[0.211s] -- Up-to-date: /home/atwork/limo_3.0/install/wiimote/include/wiimote
[0.211s] -- Up-to-date: /home/atwork/limo_3.0/install/wiimote/include/wiimote/wiimote
[0.213s] -- Up-to-date: /home/atwork/limo_3.0/install/wiimote/include/wiimote/wiimote/stat_vector_3d.hpp
[0.213s] -- Up-to-date: /home/atwork/limo_3.0/install/wiimote/include/wiimote/wiimote/wiimote_controller.hpp
[0.214s] -- Up-to-date: /home/atwork/limo_3.0/install/wiimote/include/wiimote/wiimote/teleop_wiimote.hpp
[0.214s] -- Up-to-date: /home/atwork/limo_3.0/install/wiimote/share/wiimote/launch
[0.214s] -- Up-to-date: /home/atwork/limo_3.0/install/wiimote/share/wiimote/launch/feedback_test.launch.py
[0.214s] -- Up-to-date: /home/atwork/limo_3.0/install/wiimote/share/wiimote/launch/wiimote_lifecycle.launch.py
[0.214s] -- Up-to-date: /home/atwork/limo_3.0/install/wiimote/share/wiimote/launch/turtlesim.launch.py
[0.214s] -- Up-to-date: /home/atwork/limo_3.0/install/wiimote/share/wiimote/config
[0.214s] -- Up-to-date: /home/atwork/limo_3.0/install/wiimote/share/wiimote/config/wiimote_params.yaml
[0.214s] -- Up-to-date: /home/atwork/limo_3.0/install/wiimote/share/wiimote/config/teleop_wiimote_params.yaml
[0.215s] -- Up-to-date: /home/atwork/limo_3.0/install/wiimote/lib/wiimote/wiimote_node
[0.215s] -- Up-to-date: /home/atwork/limo_3.0/install/wiimote/lib/wiimote/feedback_tester.py
[0.215s] -- Up-to-date: /home/atwork/limo_3.0/install/wiimote/share/ament_index/resource_index/package_run_dependencies/wiimote
[0.215s] -- Up-to-date: /home/atwork/limo_3.0/install/wiimote/share/ament_index/resource_index/parent_prefix_path/wiimote
[0.215s] -- Up-to-date: /home/atwork/limo_3.0/install/wiimote/share/wiimote/environment/ament_prefix_path.sh
[0.215s] -- Up-to-date: /home/atwork/limo_3.0/install/wiimote/share/wiimote/environment/ament_prefix_path.dsv
[0.215s] -- Up-to-date: /home/atwork/limo_3.0/install/wiimote/share/wiimote/environment/path.sh
[0.215s] -- Up-to-date: /home/atwork/limo_3.0/install/wiimote/share/wiimote/environment/path.dsv
[0.215s] -- Up-to-date: /home/atwork/limo_3.0/install/wiimote/share/wiimote/local_setup.bash
[0.216s] -- Up-to-date: /home/atwork/limo_3.0/install/wiimote/share/wiimote/local_setup.sh
[0.216s] -- Up-to-date: /home/atwork/limo_3.0/install/wiimote/share/wiimote/local_setup.zsh
[0.216s] -- Up-to-date: /home/atwork/limo_3.0/install/wiimote/share/wiimote/local_setup.dsv
[0.216s] -- Installing: /home/atwork/limo_3.0/install/wiimote/share/wiimote/package.dsv
[0.216s] -- Up-to-date: /home/atwork/limo_3.0/install/wiimote/share/ament_index/resource_index/packages/wiimote
[0.216s] -- Up-to-date: /home/atwork/limo_3.0/install/wiimote/share/ament_index/resource_index/rclcpp_components/wiimote
[0.216s] -- Up-to-date: /home/atwork/limo_3.0/install/wiimote/share/wiimote/cmake/export_wiimoteExport.cmake
[0.217s] -- Up-to-date: /home/atwork/limo_3.0/install/wiimote/share/wiimote/cmake/export_wiimoteExport-noconfig.cmake
[0.217s] -- Up-to-date: /home/atwork/limo_3.0/install/wiimote/share/wiimote/cmake/wiimote-extras.cmake
[0.219s] -- Up-to-date: /home/atwork/limo_3.0/install/wiimote/share/wiimote/cmake/ament_cmake_export_targets-extras.cmake
[0.219s] -- Up-to-date: /home/atwork/limo_3.0/install/wiimote/share/wiimote/cmake/ament_cmake_export_dependencies-extras.cmake
[0.220s] -- Up-to-date: /home/atwork/limo_3.0/install/wiimote/share/wiimote/cmake/wiimoteConfig.cmake
[0.220s] -- Up-to-date: /home/atwork/limo_3.0/install/wiimote/share/wiimote/cmake/wiimoteConfig-version.cmake
[0.220s] -- Up-to-date: /home/atwork/limo_3.0/install/wiimote/share/wiimote/package.xml
[0.240s] Invoked command in '/home/atwork/limo_3.0/build/wiimote' returned '0': CMAKE_PREFIX_PATH=/home/atwork/limo_3.0/install/wiimote_msgs:/home/atwork/limo_3.0/install/wiimote:/home/atwork/limo_3.0/install/urg_node:/home/atwork/limo_3.0/install/spacenav:/home/atwork/limo_3.0/install/p9n:/home/atwork/limo_3.0/install/p9n_test:/home/atwork/limo_3.0/install/p9n_node:/home/atwork/limo_3.0/install/p9n_example:/home/atwork/limo_3.0/install/joy:/home/atwork/limo_3.0/install/sdl2_vendor:/home/atwork/limo_3.0/install/p9n_interface:/home/atwork/limo_3.0/install/limo_base:/home/atwork/limo_3.0/install/limo_msgs:/home/atwork/limo_3.0/install/limo_description:/home/atwork/limo_3.0/install/joy_linux:/opt/ros/jazzy/opt/gz_math_vendor:/opt/ros/jazzy/opt/gz_utils_vendor:/opt/ros/jazzy/opt/gz_cmake_vendor:/home/atwork/limo_3.0/install/limo_bringup:/home/atwork/limo_3.0/install/p9n_bringup:/home/atwork/limo_3.0/install/limo_cartographer:/opt/ros/jazzy DEBUGINFOD_URLS=https://debuginfod.ubuntu.com LD_LIBRARY_PATH=/home/atwork/limo_3.0/install/wiimote_msgs/lib:/home/atwork/limo_3.0/install/wiimote/lib:/home/atwork/limo_3.0/install/urg_node/lib:/home/atwork/limo_3.0/install/spacenav/lib:/home/atwork/limo_3.0/install/p9n_test/lib:/home/atwork/limo_3.0/install/p9n_node/lib:/home/atwork/limo_3.0/install/p9n_example/lib:/home/atwork/limo_3.0/install/joy/lib:/home/atwork/limo_3.0/install/p9n_interface/lib:/home/atwork/limo_3.0/install/limo_msgs/lib:/opt/ros/jazzy/opt/rviz_ogre_vendor/lib:/opt/ros/jazzy/lib/x86_64-linux-gnu:/opt/ros/jazzy/opt/gz_math_vendor/lib:/opt/ros/jazzy/opt/gz_utils_vendor/lib:/opt/ros/jazzy/opt/gz_cmake_vendor/lib:/opt/ros/jazzy/lib /usr/bin/cmake --install /home/atwork/limo_3.0/build/wiimote
