[0.017s] Invoking command in '/home/atwork/limo_3.0/build/spacenav': CMAKE_PREFIX_PATH=${CMAKE_PREFIX_PATH}:/home/atwork/limo_3.0/install/limo_cartographer:/home/atwork/limo_3.0/install/limo_bringup:/home/atwork/limo_3.0/install/p9n_bringup:/opt/ros/jazzy DEBUGINFOD_URLS=https://debuginfod.ubuntu.com /usr/bin/cmake /home/atwork/limo_3.0/src/joystick_drivers/spacenav -DCMAKE_INSTALL_PREFIX=/home/atwork/limo_3.0/install/spacenav
[0.120s] -- The C compiler identification is GNU 13.3.0
[0.216s] -- The CXX compiler identification is GNU 13.3.0
[0.241s] -- Detecting C compiler ABI info
[0.399s] -- Detecting C compiler ABI info - done
[0.428s] -- Check for working C compiler: /usr/bin/cc - skipped
[0.429s] -- Detecting C compile features
[0.430s] -- Detecting C compile features - done
[0.450s] -- Detecting CXX compiler ABI info
[0.602s] -- Detecting CXX compiler ABI info - done
[0.621s] -- Check for working CXX compiler: /usr/bin/c++ - skipped
[0.622s] -- Detecting CXX compile features
[0.623s] -- Detecting CXX compile features - done
[0.634s] -- Found ament_cmake: 2.5.4 (/opt/ros/jazzy/share/ament_cmake/cmake)
[0.884s] -- Found Python3: /usr/bin/python3 (found version "3.12.3") found components: Interpreter 
[1.082s] -- Found geometry_msgs: 5.3.6 (/opt/ros/jazzy/share/geometry_msgs/cmake)
[1.162s] -- Found rosidl_generator_c: 4.6.6 (/opt/ros/jazzy/share/rosidl_generator_c/cmake)
[1.193s] -- Found rosidl_generator_cpp: 4.6.6 (/opt/ros/jazzy/share/rosidl_generator_cpp/cmake)
[1.229s] -- Using all available rosidl_typesupport_c: rosidl_typesupport_fastrtps_c;rosidl_typesupport_introspection_c
[1.271s] -- Using all available rosidl_typesupport_cpp: rosidl_typesupport_fastrtps_cpp;rosidl_typesupport_introspection_cpp
[1.369s] -- Found rclcpp: 28.1.13 (/opt/ros/jazzy/share/rclcpp/cmake)
[1.538s] -- Found rmw_implementation_cmake: 7.3.2 (/opt/ros/jazzy/share/rmw_implementation_cmake/cmake)
[1.544s] -- Found rmw_fastrtps_cpp: 8.4.3 (/opt/ros/jazzy/share/rmw_fastrtps_cpp/cmake)
[1.685s] -- Found OpenSSL: /usr/lib/x86_64-linux-gnu/libcrypto.so (found version "3.0.13")  
[1.723s] -- Found FastRTPS: /opt/ros/jazzy/include (Required is at least version "2.13") 
[1.764s] -- Using RMW implementation 'rmw_fastrtps_cpp' as default
[1.921s] -- Found rclcpp_components: 28.1.13 (/opt/ros/jazzy/share/rclcpp_components/cmake)
[1.998s] -- Found sensor_msgs: 5.3.6 (/opt/ros/jazzy/share/sensor_msgs/cmake)
[2.064s] -- Found SPNAV: /usr/lib/libspnav.so  
[2.069s] -- Found ament_lint_auto: 0.17.3 (/opt/ros/jazzy/share/ament_lint_auto/cmake)
[2.282s] -- Added test 'cppcheck' to perform static code analysis on C / C++ code
[2.283s] -- Configured cppcheck include dirs: $<BUILD_INTERFACE:/home/atwork/limo_3.0/src/joystick_drivers/spacenav/include>
[2.283s] -- Configured cppcheck exclude dirs and/or files: 
[2.287s] -- Added test 'cpplint' to check C / C++ code against the Google style
[2.287s] -- Configured cpplint exclude dirs and/or files: 
[2.291s] -- Added test 'flake8' to check Python code syntax and style conventions
[2.292s] -- Configured 'flake8' exclude dirs and/or files: 
[2.294s] -- Added test 'lint_cmake' to check CMake code style
[2.298s] -- Added test 'pep257' to check Python code against some of the docstring style conventions in PEP 257
[2.299s] -- Added test 'uncrustify' to check C / C++ code style
[2.299s] -- Configured uncrustify additional arguments: 
[2.303s] -- Added test 'xmllint' to check XML markup files
[2.312s] -- Configuring done (2.3s)
[2.347s] -- Generating done (0.0s)
[2.365s] -- Build files have been written to: /home/atwork/limo_3.0/build/spacenav
[2.384s] Invoked command in '/home/atwork/limo_3.0/build/spacenav' returned '0': CMAKE_PREFIX_PATH=${CMAKE_PREFIX_PATH}:/home/atwork/limo_3.0/install/limo_cartographer:/home/atwork/limo_3.0/install/limo_bringup:/home/atwork/limo_3.0/install/p9n_bringup:/opt/ros/jazzy DEBUGINFOD_URLS=https://debuginfod.ubuntu.com /usr/bin/cmake /home/atwork/limo_3.0/src/joystick_drivers/spacenav -DCMAKE_INSTALL_PREFIX=/home/atwork/limo_3.0/install/spacenav
[2.385s] Invoking command in '/home/atwork/limo_3.0/build/spacenav': CMAKE_PREFIX_PATH=${CMAKE_PREFIX_PATH}:/home/atwork/limo_3.0/install/limo_cartographer:/home/atwork/limo_3.0/install/limo_bringup:/home/atwork/limo_3.0/install/p9n_bringup:/opt/ros/jazzy DEBUGINFOD_URLS=https://debuginfod.ubuntu.com /usr/bin/cmake --build /home/atwork/limo_3.0/build/spacenav -- -j4 -l4
[2.454s] [ 25%] [32mBuilding CXX object CMakeFiles/spacenav.dir/src/spacenav.cpp.o[0m
[15.049s] [ 50%] [32m[1mLinking CXX shared library libspacenav.so[0m
[15.478s] [ 50%] Built target spacenav
[15.518s] [ 75%] [32mBuilding CXX object CMakeFiles/spacenav_node.dir/rclcpp_components/node_main_spacenav_node.cpp.o[0m
[19.635s] [100%] [32m[1mLinking CXX executable spacenav_node[0m
[19.784s] [100%] Built target spacenav_node
[19.796s] Invoked command in '/home/atwork/limo_3.0/build/spacenav' returned '0': CMAKE_PREFIX_PATH=${CMAKE_PREFIX_PATH}:/home/atwork/limo_3.0/install/limo_cartographer:/home/atwork/limo_3.0/install/limo_bringup:/home/atwork/limo_3.0/install/p9n_bringup:/opt/ros/jazzy DEBUGINFOD_URLS=https://debuginfod.ubuntu.com /usr/bin/cmake --build /home/atwork/limo_3.0/build/spacenav -- -j4 -l4
[19.798s] Invoking command in '/home/atwork/limo_3.0/build/spacenav': CMAKE_PREFIX_PATH=${CMAKE_PREFIX_PATH}:/home/atwork/limo_3.0/install/limo_cartographer:/home/atwork/limo_3.0/install/limo_bringup:/home/atwork/limo_3.0/install/p9n_bringup:/opt/ros/jazzy DEBUGINFOD_URLS=https://debuginfod.ubuntu.com /usr/bin/cmake --install /home/atwork/limo_3.0/build/spacenav
[19.807s] -- Install configuration: ""
[19.807s] -- Installing: /home/atwork/limo_3.0/install/spacenav/lib/libspacenav.so
[19.810s] -- Set non-toolchain portion of runtime path of "/home/atwork/limo_3.0/install/spacenav/lib/libspacenav.so" to ""
[19.810s] -- Installing: /home/atwork/limo_3.0/install/spacenav/lib/spacenav/spacenav_node
[19.811s] -- Set non-toolchain portion of runtime path of "/home/atwork/limo_3.0/install/spacenav/lib/spacenav/spacenav_node" to ""
[19.811s] -- Installing: /home/atwork/limo_3.0/install/spacenav/include/spacenav
[19.811s] -- Installing: /home/atwork/limo_3.0/install/spacenav/include/spacenav/spacenav
[19.812s] -- Installing: /home/atwork/limo_3.0/install/spacenav/include/spacenav/spacenav/spacenav.hpp
[19.812s] -- Installing: /home/atwork/limo_3.0/install/spacenav/share/spacenav//launch
[19.812s] -- Installing: /home/atwork/limo_3.0/install/spacenav/share/spacenav//launch/classic-launch.py
[19.812s] -- Installing: /home/atwork/limo_3.0/install/spacenav/share/spacenav//launch/static_deadband-launch.py
[19.813s] -- Installing: /home/atwork/limo_3.0/install/spacenav/share/spacenav//launch/no_deadband-launch.py
[19.813s] -- Installing: /home/atwork/limo_3.0/install/spacenav/share/ament_index/resource_index/package_run_dependencies/spacenav
[19.814s] -- Installing: /home/atwork/limo_3.0/install/spacenav/share/ament_index/resource_index/parent_prefix_path/spacenav
[19.814s] -- Installing: /home/atwork/limo_3.0/install/spacenav/share/spacenav/environment/ament_prefix_path.sh
[19.815s] -- Installing: /home/atwork/limo_3.0/install/spacenav/share/spacenav/environment/ament_prefix_path.dsv
[19.815s] -- Installing: /home/atwork/limo_3.0/install/spacenav/share/spacenav/environment/path.sh
[19.815s] -- Installing: /home/atwork/limo_3.0/install/spacenav/share/spacenav/environment/path.dsv
[19.815s] -- Installing: /home/atwork/limo_3.0/install/spacenav/share/spacenav/local_setup.bash
[19.815s] -- Installing: /home/atwork/limo_3.0/install/spacenav/share/spacenav/local_setup.sh
[19.815s] -- Installing: /home/atwork/limo_3.0/install/spacenav/share/spacenav/local_setup.zsh
[19.816s] -- Installing: /home/atwork/limo_3.0/install/spacenav/share/spacenav/local_setup.dsv
[19.816s] -- Installing: /home/atwork/limo_3.0/install/spacenav/share/spacenav/package.dsv
[19.816s] -- Installing: /home/atwork/limo_3.0/install/spacenav/share/ament_index/resource_index/packages/spacenav
[19.816s] -- Installing: /home/atwork/limo_3.0/install/spacenav/share/ament_index/resource_index/rclcpp_components/spacenav
[19.816s] -- Installing: /home/atwork/limo_3.0/install/spacenav/share/spacenav/cmake/export_spacenavExport.cmake
[19.817s] -- Installing: /home/atwork/limo_3.0/install/spacenav/share/spacenav/cmake/export_spacenavExport-noconfig.cmake
[19.817s] -- Installing: /home/atwork/limo_3.0/install/spacenav/share/spacenav/cmake/ament_cmake_export_targets-extras.cmake
[19.817s] -- Installing: /home/atwork/limo_3.0/install/spacenav/share/spacenav/cmake/spacenavConfig.cmake
[19.817s] -- Installing: /home/atwork/limo_3.0/install/spacenav/share/spacenav/cmake/spacenavConfig-version.cmake
[19.817s] -- Installing: /home/atwork/limo_3.0/install/spacenav/share/spacenav/package.xml
[19.819s] Invoked command in '/home/atwork/limo_3.0/build/spacenav' returned '0': CMAKE_PREFIX_PATH=${CMAKE_PREFIX_PATH}:/home/atwork/limo_3.0/install/limo_cartographer:/home/atwork/limo_3.0/install/limo_bringup:/home/atwork/limo_3.0/install/p9n_bringup:/opt/ros/jazzy DEBUGINFOD_URLS=https://debuginfod.ubuntu.com /usr/bin/cmake --install /home/atwork/limo_3.0/build/spacenav
