[0.015s] Invoking command in '/home/atwork/limo_3.0/build/joy': CMAKE_PREFIX_PATH=/home/atwork/limo_3.0/install/sdl2_vendor:/home/atwork/limo_3.0/install/wiimote:/home/atwork/limo_3.0/install/wiimote_msgs:/home/atwork/limo_3.0/install/urg_node:/home/atwork/limo_3.0/install/spacenav:/home/atwork/limo_3.0/install/p9n:/home/atwork/limo_3.0/install/p9n_test:/home/atwork/limo_3.0/install/p9n_node:/home/atwork/limo_3.0/install/p9n_example:/home/atwork/limo_3.0/install/joy:/home/atwork/limo_3.0/install/p9n_interface:/home/atwork/limo_3.0/install/limo_base:/home/atwork/limo_3.0/install/limo_msgs:/home/atwork/limo_3.0/install/limo_description:/home/atwork/limo_3.0/install/joy_linux:/opt/ros/jazzy/opt/gz_math_vendor:/opt/ros/jazzy/opt/gz_utils_vendor:/opt/ros/jazzy/opt/gz_cmake_vendor:/home/atwork/limo_3.0/install/limo_cartographer:/home/atwork/limo_3.0/install/limo_bringup:/home/atwork/limo_3.0/install/p9n_bringup:/opt/ros/jazzy DEBUGINFOD_URLS=https://debuginfod.ubuntu.com /usr/bin/cmake /home/atwork/limo_3.0/src/joystick_drivers/joy -DCMAKE_INSTALL_PREFIX=/home/atwork/limo_3.0/install/joy
[0.121s] -- The C compiler identification is GNU 13.3.0
[0.208s] -- The CXX compiler identification is GNU 13.3.0
[0.245s] -- Detecting C compiler ABI info
[0.403s] -- Detecting C compiler ABI info - done
[0.425s] -- Check for working C compiler: /usr/bin/cc - skipped
[0.425s] -- Detecting C compile features
[0.427s] -- Detecting C compile features - done
[0.445s] -- Detecting CXX compiler ABI info
[0.620s] -- Detecting CXX compiler ABI info - done
[0.641s] -- Check for working CXX compiler: /usr/bin/c++ - skipped
[0.641s] -- Detecting CXX compile features
[0.641s] -- Detecting CXX compile features - done
[0.648s] -- Found ament_cmake_ros: 0.12.0 (/opt/ros/jazzy/share/ament_cmake_ros/cmake)
[0.945s] -- Found Python3: /usr/bin/python3 (found version "3.12.3") found components: Interpreter 
[1.164s] -- Found rclcpp: 28.1.13 (/opt/ros/jazzy/share/rclcpp/cmake)
[1.250s] -- Found rosidl_generator_c: 4.6.6 (/opt/ros/jazzy/share/rosidl_generator_c/cmake)
[1.282s] -- Found rosidl_generator_cpp: 4.6.6 (/opt/ros/jazzy/share/rosidl_generator_cpp/cmake)
[1.323s] -- Using all available rosidl_typesupport_c: rosidl_typesupport_fastrtps_c;rosidl_typesupport_introspection_c
[1.373s] -- Using all available rosidl_typesupport_cpp: rosidl_typesupport_fastrtps_cpp;rosidl_typesupport_introspection_cpp
[1.577s] -- Found rmw_implementation_cmake: 7.3.2 (/opt/ros/jazzy/share/rmw_implementation_cmake/cmake)
[1.585s] -- Found rmw_fastrtps_cpp: 8.4.3 (/opt/ros/jazzy/share/rmw_fastrtps_cpp/cmake)
[1.739s] -- Found OpenSSL: /usr/lib/x86_64-linux-gnu/libcrypto.so (found version "3.0.13")  
[1.773s] -- Found FastRTPS: /opt/ros/jazzy/include (Required is at least version "2.13") 
[1.816s] -- Using RMW implementation 'rmw_fastrtps_cpp' as default
[1.962s] -- Found rclcpp_components: 28.1.13 (/opt/ros/jazzy/share/rclcpp_components/cmake)
[2.032s] -- Found sdl2_vendor: 3.3.0 (/home/atwork/limo_3.0/install/sdl2_vendor/share/sdl2_vendor/cmake)
[2.039s] -- Found sensor_msgs: 5.3.6 (/opt/ros/jazzy/share/sensor_msgs/cmake)
[2.162s] -- Found ament_lint_auto: 0.17.3 (/opt/ros/jazzy/share/ament_lint_auto/cmake)
[2.353s] -- Added test 'cppcheck' to perform static code analysis on C / C++ code
[2.353s] -- Configured cppcheck include dirs: $<BUILD_INTERFACE:/home/atwork/limo_3.0/src/joystick_drivers/joy/include>
[2.353s] -- Configured cppcheck exclude dirs and/or files: 
[2.355s] -- Added test 'cpplint' to check C / C++ code against the Google style
[2.355s] -- Configured cpplint exclude dirs and/or files: 
[2.357s] -- Added test 'flake8' to check Python code syntax and style conventions
[2.357s] -- Configured 'flake8' exclude dirs and/or files: 
[2.358s] -- Added test 'lint_cmake' to check CMake code style
[2.360s] -- Added test 'pep257' to check Python code against some of the docstring style conventions in PEP 257
[2.363s] -- Added test 'uncrustify' to check C / C++ code style
[2.364s] -- Configured uncrustify additional arguments: 
[2.366s] -- Added test 'xmllint' to check XML markup files
[2.370s] -- Configuring done (2.3s)
[2.410s] -- Generating done (0.0s)
[2.432s] -- Build files have been written to: /home/atwork/limo_3.0/build/joy
[2.453s] Invoked command in '/home/atwork/limo_3.0/build/joy' returned '0': CMAKE_PREFIX_PATH=/home/atwork/limo_3.0/install/sdl2_vendor:/home/atwork/limo_3.0/install/wiimote:/home/atwork/limo_3.0/install/wiimote_msgs:/home/atwork/limo_3.0/install/urg_node:/home/atwork/limo_3.0/install/spacenav:/home/atwork/limo_3.0/install/p9n:/home/atwork/limo_3.0/install/p9n_test:/home/atwork/limo_3.0/install/p9n_node:/home/atwork/limo_3.0/install/p9n_example:/home/atwork/limo_3.0/install/joy:/home/atwork/limo_3.0/install/p9n_interface:/home/atwork/limo_3.0/install/limo_base:/home/atwork/limo_3.0/install/limo_msgs:/home/atwork/limo_3.0/install/limo_description:/home/atwork/limo_3.0/install/joy_linux:/opt/ros/jazzy/opt/gz_math_vendor:/opt/ros/jazzy/opt/gz_utils_vendor:/opt/ros/jazzy/opt/gz_cmake_vendor:/home/atwork/limo_3.0/install/limo_cartographer:/home/atwork/limo_3.0/install/limo_bringup:/home/atwork/limo_3.0/install/p9n_bringup:/opt/ros/jazzy DEBUGINFOD_URLS=https://debuginfod.ubuntu.com /usr/bin/cmake /home/atwork/limo_3.0/src/joystick_drivers/joy -DCMAKE_INSTALL_PREFIX=/home/atwork/limo_3.0/install/joy
[2.454s] Invoking command in '/home/atwork/limo_3.0/build/joy': CMAKE_PREFIX_PATH=/home/atwork/limo_3.0/install/sdl2_vendor:/home/atwork/limo_3.0/install/wiimote:/home/atwork/limo_3.0/install/wiimote_msgs:/home/atwork/limo_3.0/install/urg_node:/home/atwork/limo_3.0/install/spacenav:/home/atwork/limo_3.0/install/p9n:/home/atwork/limo_3.0/install/p9n_test:/home/atwork/limo_3.0/install/p9n_node:/home/atwork/limo_3.0/install/p9n_example:/home/atwork/limo_3.0/install/joy:/home/atwork/limo_3.0/install/p9n_interface:/home/atwork/limo_3.0/install/limo_base:/home/atwork/limo_3.0/install/limo_msgs:/home/atwork/limo_3.0/install/limo_description:/home/atwork/limo_3.0/install/joy_linux:/opt/ros/jazzy/opt/gz_math_vendor:/opt/ros/jazzy/opt/gz_utils_vendor:/opt/ros/jazzy/opt/gz_cmake_vendor:/home/atwork/limo_3.0/install/limo_cartographer:/home/atwork/limo_3.0/install/limo_bringup:/home/atwork/limo_3.0/install/p9n_bringup:/opt/ros/jazzy DEBUGINFOD_URLS=https://debuginfod.ubuntu.com /usr/bin/cmake --build /home/atwork/limo_3.0/build/joy -- -j4 -l4
[2.558s] [ 20%] [32mBuilding CXX object CMakeFiles/game_controller_node.dir/rclcpp_components/node_main_game_controller_node.cpp.o[0m
[2.558s] [ 30%] [32mBuilding CXX object CMakeFiles/game_controller.dir/src/game_controller.cpp.o[0m
[2.558s] [ 10%] [32mBuilding CXX object CMakeFiles/joy.dir/src/joy.cpp.o[0m
[2.567s] [ 40%] [32mBuilding CXX object CMakeFiles/joy_node.dir/rclcpp_components/node_main_joy_node.cpp.o[0m
[17.083s] [ 50%] [32m[1mLinking CXX executable game_controller_node[0m
[17.763s] [ 50%] Built target game_controller_node
[17.855s] [ 60%] [32mBuilding CXX object CMakeFiles/joy_enumerate_devices.dir/src/joy_enumerate_devices.cpp.o[0m
[18.773s] [ 70%] [32m[1mLinking CXX executable joy_node[0m
[19.624s] [ 70%] Built target joy_node
[20.979s] [ 80%] [32m[1mLinking CXX executable joy_enumerate_devices[0m
[21.242s] [ 80%] Built target joy_enumerate_devices
[32.633s] [ 90%] [32m[1mLinking CXX shared library libjoy.so[0m
[33.479s] [ 90%] Built target joy
[35.492s] [100%] [32m[1mLinking CXX shared library libgame_controller.so[0m
[36.099s] [100%] Built target game_controller
[36.120s] Invoked command in '/home/atwork/limo_3.0/build/joy' returned '0': CMAKE_PREFIX_PATH=/home/atwork/limo_3.0/install/sdl2_vendor:/home/atwork/limo_3.0/install/wiimote:/home/atwork/limo_3.0/install/wiimote_msgs:/home/atwork/limo_3.0/install/urg_node:/home/atwork/limo_3.0/install/spacenav:/home/atwork/limo_3.0/install/p9n:/home/atwork/limo_3.0/install/p9n_test:/home/atwork/limo_3.0/install/p9n_node:/home/atwork/limo_3.0/install/p9n_example:/home/atwork/limo_3.0/install/joy:/home/atwork/limo_3.0/install/p9n_interface:/home/atwork/limo_3.0/install/limo_base:/home/atwork/limo_3.0/install/limo_msgs:/home/atwork/limo_3.0/install/limo_description:/home/atwork/limo_3.0/install/joy_linux:/opt/ros/jazzy/opt/gz_math_vendor:/opt/ros/jazzy/opt/gz_utils_vendor:/opt/ros/jazzy/opt/gz_cmake_vendor:/home/atwork/limo_3.0/install/limo_cartographer:/home/atwork/limo_3.0/install/limo_bringup:/home/atwork/limo_3.0/install/p9n_bringup:/opt/ros/jazzy DEBUGINFOD_URLS=https://debuginfod.ubuntu.com /usr/bin/cmake --build /home/atwork/limo_3.0/build/joy -- -j4 -l4
[36.121s] Invoking command in '/home/atwork/limo_3.0/build/joy': CMAKE_PREFIX_PATH=/home/atwork/limo_3.0/install/sdl2_vendor:/home/atwork/limo_3.0/install/wiimote:/home/atwork/limo_3.0/install/wiimote_msgs:/home/atwork/limo_3.0/install/urg_node:/home/atwork/limo_3.0/install/spacenav:/home/atwork/limo_3.0/install/p9n:/home/atwork/limo_3.0/install/p9n_test:/home/atwork/limo_3.0/install/p9n_node:/home/atwork/limo_3.0/install/p9n_example:/home/atwork/limo_3.0/install/joy:/home/atwork/limo_3.0/install/p9n_interface:/home/atwork/limo_3.0/install/limo_base:/home/atwork/limo_3.0/install/limo_msgs:/home/atwork/limo_3.0/install/limo_description:/home/atwork/limo_3.0/install/joy_linux:/opt/ros/jazzy/opt/gz_math_vendor:/opt/ros/jazzy/opt/gz_utils_vendor:/opt/ros/jazzy/opt/gz_cmake_vendor:/home/atwork/limo_3.0/install/limo_cartographer:/home/atwork/limo_3.0/install/limo_bringup:/home/atwork/limo_3.0/install/p9n_bringup:/opt/ros/jazzy DEBUGINFOD_URLS=https://debuginfod.ubuntu.com /usr/bin/cmake --install /home/atwork/limo_3.0/build/joy
[36.132s] -- Install configuration: ""
[36.132s] -- Installing: /home/atwork/limo_3.0/install/joy/lib/libjoy.so
[36.145s] -- Set non-toolchain portion of runtime path of "/home/atwork/limo_3.0/install/joy/lib/libjoy.so" to ""
[36.146s] -- Installing: /home/atwork/limo_3.0/install/joy/lib/joy/joy_node
[36.147s] -- Set non-toolchain portion of runtime path of "/home/atwork/limo_3.0/install/joy/lib/joy/joy_node" to ""
[36.148s] -- Installing: /home/atwork/limo_3.0/install/joy/lib/libgame_controller.so
[36.162s] -- Set non-toolchain portion of runtime path of "/home/atwork/limo_3.0/install/joy/lib/libgame_controller.so" to ""
[36.163s] -- Installing: /home/atwork/limo_3.0/install/joy/lib/joy/game_controller_node
[36.165s] -- Set non-toolchain portion of runtime path of "/home/atwork/limo_3.0/install/joy/lib/joy/game_controller_node" to ""
[36.166s] -- Installing: /home/atwork/limo_3.0/install/joy/lib/joy/joy_enumerate_devices
[36.167s] -- Installing: /home/atwork/limo_3.0/install/joy/include/joy
[36.168s] -- Installing: /home/atwork/limo_3.0/install/joy/include/joy/joy
[36.168s] -- Installing: /home/atwork/limo_3.0/install/joy/include/joy/joy/joy.hpp
[36.169s] -- Installing: /home/atwork/limo_3.0/install/joy/include/joy/joy/game_controller.hpp
[36.169s] -- Installing: /home/atwork/limo_3.0/install/joy/share/joy/config
[36.169s] -- Installing: /home/atwork/limo_3.0/install/joy/share/joy/config/joy-params.yaml
[36.170s] -- Installing: /home/atwork/limo_3.0/install/joy/share/joy/launch
[36.170s] -- Installing: /home/atwork/limo_3.0/install/joy/share/joy/launch/joy-launch.py
[36.171s] -- Installing: /home/atwork/limo_3.0/install/joy/share/joy/launch/joy-composed-launch.py
[36.172s] -- Installing: /home/atwork/limo_3.0/install/joy/share/ament_index/resource_index/package_run_dependencies/joy
[36.173s] -- Installing: /home/atwork/limo_3.0/install/joy/share/ament_index/resource_index/parent_prefix_path/joy
[36.176s] -- Installing: /home/atwork/limo_3.0/install/joy/share/joy/environment/ament_prefix_path.sh
[36.177s] -- Installing: /home/atwork/limo_3.0/install/joy/share/joy/environment/ament_prefix_path.dsv
[36.177s] -- Installing: /home/atwork/limo_3.0/install/joy/share/joy/environment/path.sh
[36.181s] -- Installing: /home/atwork/limo_3.0/install/joy/share/joy/environment/path.dsv
[36.181s] -- Installing: /home/atwork/limo_3.0/install/joy/share/joy/local_setup.bash
[36.181s] -- Installing: /home/atwork/limo_3.0/install/joy/share/joy/local_setup.sh
[36.181s] -- Installing: /home/atwork/limo_3.0/install/joy/share/joy/local_setup.zsh
[36.181s] -- Installing: /home/atwork/limo_3.0/install/joy/share/joy/local_setup.dsv
[36.181s] -- Installing: /home/atwork/limo_3.0/install/joy/share/joy/package.dsv
[36.182s] -- Installing: /home/atwork/limo_3.0/install/joy/share/ament_index/resource_index/packages/joy
[36.182s] -- Installing: /home/atwork/limo_3.0/install/joy/share/ament_index/resource_index/rclcpp_components/joy
[36.182s] -- Installing: /home/atwork/limo_3.0/install/joy/share/joy/cmake/export_joyExport.cmake
[36.182s] -- Installing: /home/atwork/limo_3.0/install/joy/share/joy/cmake/export_joyExport-noconfig.cmake
[36.182s] -- Installing: /home/atwork/limo_3.0/install/joy/share/joy/cmake/export_game_controllerExport.cmake
[36.182s] -- Installing: /home/atwork/limo_3.0/install/joy/share/joy/cmake/export_game_controllerExport-noconfig.cmake
[36.183s] -- Installing: /home/atwork/limo_3.0/install/joy/share/joy/cmake/ament_cmake_export_targets-extras.cmake
[36.183s] -- Installing: /home/atwork/limo_3.0/install/joy/share/joy/cmake/ament_cmake_export_dependencies-extras.cmake
[36.183s] -- Installing: /home/atwork/limo_3.0/install/joy/share/joy/cmake/joyConfig.cmake
[36.183s] -- Installing: /home/atwork/limo_3.0/install/joy/share/joy/cmake/joyConfig-version.cmake
[36.183s] -- Installing: /home/atwork/limo_3.0/install/joy/share/joy/package.xml
[36.188s] Invoked command in '/home/atwork/limo_3.0/build/joy' returned '0': CMAKE_PREFIX_PATH=/home/atwork/limo_3.0/install/sdl2_vendor:/home/atwork/limo_3.0/install/wiimote:/home/atwork/limo_3.0/install/wiimote_msgs:/home/atwork/limo_3.0/install/urg_node:/home/atwork/limo_3.0/install/spacenav:/home/atwork/limo_3.0/install/p9n:/home/atwork/limo_3.0/install/p9n_test:/home/atwork/limo_3.0/install/p9n_node:/home/atwork/limo_3.0/install/p9n_example:/home/atwork/limo_3.0/install/joy:/home/atwork/limo_3.0/install/p9n_interface:/home/atwork/limo_3.0/install/limo_base:/home/atwork/limo_3.0/install/limo_msgs:/home/atwork/limo_3.0/install/limo_description:/home/atwork/limo_3.0/install/joy_linux:/opt/ros/jazzy/opt/gz_math_vendor:/opt/ros/jazzy/opt/gz_utils_vendor:/opt/ros/jazzy/opt/gz_cmake_vendor:/home/atwork/limo_3.0/install/limo_cartographer:/home/atwork/limo_3.0/install/limo_bringup:/home/atwork/limo_3.0/install/p9n_bringup:/opt/ros/jazzy DEBUGINFOD_URLS=https://debuginfod.ubuntu.com /usr/bin/cmake --install /home/atwork/limo_3.0/build/joy
