-- The C compiler identification is GNU 13.3.0
-- The CXX compiler identification is GNU 13.3.0
-- Detecting C compiler ABI info
-- Detecting C compiler ABI info - done
-- Check for working C compiler: /usr/bin/cc - skipped
-- Detecting C compile features
-- Detecting C compile features - done
-- Detecting CXX compiler ABI info
-- Detecting CXX compiler ABI info - done
-- Check for working CXX compiler: /usr/bin/c++ - skipped
-- Detecting CXX compile features
-- Detecting CXX compile features - done
-- Found ament_cmake: 2.5.4 (/opt/ros/jazzy/share/ament_cmake/cmake)
-- Found Python3: /usr/bin/python3 (found version "3.12.3") found components: Interpreter 
-- Found ament_lint_auto: 0.17.3 (/opt/ros/jazzy/share/ament_lint_auto/cmake)
-- Added test 'lint_cmake' to check CMake code style
-- Added test 'xmllint' to check XML markup files
-- Configuring done (0.9s)
-- Generating done (0.0s)
-- Build files have been written to: /home/atwork/limo_3.0/build/p9n
-- Install configuration: ""
-- Installing: /home/atwork/limo_3.0/install/p9n/share/ament_index/resource_index/package_run_dependencies/p9n
-- Installing: /home/atwork/limo_3.0/install/p9n/share/ament_index/resource_index/parent_prefix_path/p9n
-- Installing: /home/atwork/limo_3.0/install/p9n/share/p9n/environment/ament_prefix_path.sh
-- Installing: /home/atwork/limo_3.0/install/p9n/share/p9n/environment/ament_prefix_path.dsv
-- Installing: /home/atwork/limo_3.0/install/p9n/share/p9n/environment/path.sh
-- Installing: /home/atwork/limo_3.0/install/p9n/share/p9n/environment/path.dsv
-- Installing: /home/atwork/limo_3.0/install/p9n/share/p9n/local_setup.bash
-- Installing: /home/atwork/limo_3.0/install/p9n/share/p9n/local_setup.sh
-- Installing: /home/atwork/limo_3.0/install/p9n/share/p9n/local_setup.zsh
-- Installing: /home/atwork/limo_3.0/install/p9n/share/p9n/local_setup.dsv
-- Installing: /home/atwork/limo_3.0/install/p9n/share/p9n/package.dsv
-- Installing: /home/atwork/limo_3.0/install/p9n/share/ament_index/resource_index/packages/p9n
-- Installing: /home/atwork/limo_3.0/install/p9n/share/p9n/cmake/p9nConfig.cmake
-- Installing: /home/atwork/limo_3.0/install/p9n/share/p9n/cmake/p9nConfig-version.cmake
-- Installing: /home/atwork/limo_3.0/install/p9n/share/p9n/package.xml
