-- The C compiler identification is GNU 13.3.0
-- The CXX compiler identification is GNU 13.3.0
-- Detecting C compiler ABI info
-- Detecting C compiler ABI info - done
-- Check for working C compiler: /usr/bin/cc - skipped
-- Detecting C compile features
-- Detecting C compile features - done
-- Detecting CXX compiler ABI info
-- Detecting CXX compiler ABI info - done
-- Check for working CXX compiler: /usr/bin/c++ - skipped
-- Detecting CXX compile features
-- Detecting CXX compile features - done
-- Found ament_cmake_auto: 2.5.4 (/opt/ros/jazzy/share/ament_cmake_auto/cmake)
-- Found Python3: /usr/bin/python3 (found version "3.12.3") found components: Interpreter 
-- Found rosidl_generator_c: 4.6.6 (/opt/ros/jazzy/share/rosidl_generator_c/cmake)
-- Found rosidl_generator_cpp: 4.6.6 (/opt/ros/jazzy/share/rosidl_generator_cpp/cmake)
-- Using all available rosidl_typesupport_c: rosidl_typesupport_fastrtps_c;rosidl_typesupport_introspection_c
-- Using all available rosidl_typesupport_cpp: rosidl_typesupport_fastrtps_cpp;rosidl_typesupport_introspection_cpp
-- Found rmw_implementation_cmake: 7.3.2 (/opt/ros/jazzy/share/rmw_implementation_cmake/cmake)
-- Found rmw_fastrtps_cpp: 8.4.3 (/opt/ros/jazzy/share/rmw_fastrtps_cpp/cmake)
-- Found OpenSSL: /usr/lib/x86_64-linux-gnu/libcrypto.so (found version "3.0.13")  
-- Found FastRTPS: /opt/ros/jazzy/include (Required is at least version "2.13") 
-- Using RMW implementation 'rmw_fastrtps_cpp' as default
-- Found ament_lint_auto: 0.17.3 (/opt/ros/jazzy/share/ament_lint_auto/cmake)
[0mIn this package, headers install destination is set to `include` by ament_auto_package. It is recommended to install `include/p9n_node` instead and will be the default behavior of ament_auto_package from ROS 2 Kilted Kaiju. On distributions before Kilted, ament_auto_package behaves the same way when you use USE_SCOPED_HEADER_INSTALL_DIR option.[0m
-- Added test 'cppcheck' to perform static code analysis on C / C++ code
-- Configured cppcheck include dirs: /home/atwork/limo_3.0/src/PlayStation-JoyInterface-ROS2/p9n_node/include
-- Configured cppcheck exclude dirs and/or files: 
-- Added test 'lint_cmake' to check CMake code style
-- Added test 'uncrustify' to check C / C++ code style
-- Configured uncrustify additional arguments: 
-- Added test 'xmllint' to check XML markup files
-- Configuring done (2.8s)
-- Generating done (0.0s)
-- Build files have been written to: /home/atwork/limo_3.0/build/p9n_node
[ 25%] [32mBuilding CXX object CMakeFiles/p9n_node_teleop_twist_joy_node.dir/src/teleop_twist_joy_node.cpp.o[0m
[ 50%] [32m[1mLinking CXX shared library libp9n_node_teleop_twist_joy_node.so[0m
[ 50%] Built target p9n_node_teleop_twist_joy_node
[ 75%] [32mBuilding CXX object CMakeFiles/teleop_twist_joy_node_exec.dir/rclcpp_components/node_main_teleop_twist_joy_node_exec.cpp.o[0m
[100%] [32m[1mLinking CXX executable teleop_twist_joy_node_exec[0m
[100%] Built target teleop_twist_joy_node_exec
-- Install configuration: ""
-- Installing: /home/atwork/limo_3.0/install/p9n_node/lib/p9n_node/teleop_twist_joy_node_exec
-- Set non-toolchain portion of runtime path of "/home/atwork/limo_3.0/install/p9n_node/lib/p9n_node/teleop_twist_joy_node_exec" to ""
-- Installing: /home/atwork/limo_3.0/install/p9n_node/include
-- Installing: /home/atwork/limo_3.0/install/p9n_node/include/p9n_node
-- Installing: /home/atwork/limo_3.0/install/p9n_node/include/p9n_node/teleop_twist_joy_node.hpp
-- Installing: /home/atwork/limo_3.0/install/p9n_node/share/p9n_node/environment/library_path.sh
-- Installing: /home/atwork/limo_3.0/install/p9n_node/share/p9n_node/environment/library_path.dsv
-- Installing: /home/atwork/limo_3.0/install/p9n_node/lib/libp9n_node_teleop_twist_joy_node.so
-- Set non-toolchain portion of runtime path of "/home/atwork/limo_3.0/install/p9n_node/lib/libp9n_node_teleop_twist_joy_node.so" to ""
-- Installing: /home/atwork/limo_3.0/install/p9n_node/share/ament_index/resource_index/package_run_dependencies/p9n_node
-- Installing: /home/atwork/limo_3.0/install/p9n_node/share/ament_index/resource_index/parent_prefix_path/p9n_node
-- Installing: /home/atwork/limo_3.0/install/p9n_node/share/p9n_node/environment/ament_prefix_path.sh
-- Installing: /home/atwork/limo_3.0/install/p9n_node/share/p9n_node/environment/ament_prefix_path.dsv
-- Installing: /home/atwork/limo_3.0/install/p9n_node/share/p9n_node/environment/path.sh
-- Installing: /home/atwork/limo_3.0/install/p9n_node/share/p9n_node/environment/path.dsv
-- Installing: /home/atwork/limo_3.0/install/p9n_node/share/p9n_node/local_setup.bash
-- Installing: /home/atwork/limo_3.0/install/p9n_node/share/p9n_node/local_setup.sh
-- Installing: /home/atwork/limo_3.0/install/p9n_node/share/p9n_node/local_setup.zsh
-- Installing: /home/atwork/limo_3.0/install/p9n_node/share/p9n_node/local_setup.dsv
-- Installing: /home/atwork/limo_3.0/install/p9n_node/share/p9n_node/package.dsv
-- Installing: /home/atwork/limo_3.0/install/p9n_node/share/ament_index/resource_index/packages/p9n_node
-- Installing: /home/atwork/limo_3.0/install/p9n_node/share/ament_index/resource_index/rclcpp_components/p9n_node
-- Installing: /home/atwork/limo_3.0/install/p9n_node/share/p9n_node/cmake/ament_cmake_export_dependencies-extras.cmake
-- Installing: /home/atwork/limo_3.0/install/p9n_node/share/p9n_node/cmake/ament_cmake_export_include_directories-extras.cmake
-- Installing: /home/atwork/limo_3.0/install/p9n_node/share/p9n_node/cmake/ament_cmake_export_libraries-extras.cmake
-- Installing: /home/atwork/limo_3.0/install/p9n_node/share/p9n_node/cmake/p9n_nodeConfig.cmake
-- Installing: /home/atwork/limo_3.0/install/p9n_node/share/p9n_node/cmake/p9n_nodeConfig-version.cmake
-- Installing: /home/atwork/limo_3.0/install/p9n_node/share/p9n_node/package.xml
