[0.023s] Invoking command in '/home/atwork/limo_3.0/build/p9n_node': CMAKE_PREFIX_PATH=/home/atwork/limo_3.0/install/joy:/home/atwork/limo_3.0/install/sdl2_vendor:/home/atwork/limo_3.0/install/p9n_interface:/home/atwork/limo_3.0/install/wiimote:/home/atwork/limo_3.0/install/wiimote_msgs:/home/atwork/limo_3.0/install/urg_node:/home/atwork/limo_3.0/install/spacenav:/home/atwork/limo_3.0/install/p9n:/home/atwork/limo_3.0/install/p9n_test:/home/atwork/limo_3.0/install/p9n_node:/home/atwork/limo_3.0/install/p9n_example:/home/atwork/limo_3.0/install/limo_base:/home/atwork/limo_3.0/install/limo_msgs:/home/atwork/limo_3.0/install/limo_description:/home/atwork/limo_3.0/install/joy_linux:/opt/ros/jazzy/opt/gz_math_vendor:/opt/ros/jazzy/opt/gz_utils_vendor:/opt/ros/jazzy/opt/gz_cmake_vendor:/home/atwork/limo_3.0/install/limo_cartographer:/home/atwork/limo_3.0/install/limo_bringup:/home/atwork/limo_3.0/install/p9n_bringup:/opt/ros/jazzy DEBUGINFOD_URLS=https://debuginfod.ubuntu.com LD_LIBRARY_PATH=/home/atwork/limo_3.0/install/joy/lib:/home/atwork/limo_3.0/install/wiimote/lib:/home/atwork/limo_3.0/install/wiimote_msgs/lib:/home/atwork/limo_3.0/install/urg_node/lib:/home/atwork/limo_3.0/install/spacenav/lib:/home/atwork/limo_3.0/install/p9n_test/lib:/home/atwork/limo_3.0/install/p9n_node/lib:/home/atwork/limo_3.0/install/p9n_example/lib:/home/atwork/limo_3.0/install/p9n_interface/lib:/home/atwork/limo_3.0/install/limo_msgs/lib:/opt/ros/jazzy/opt/rviz_ogre_vendor/lib:/opt/ros/jazzy/lib/x86_64-linux-gnu:/opt/ros/jazzy/opt/gz_math_vendor/lib:/opt/ros/jazzy/opt/gz_utils_vendor/lib:/opt/ros/jazzy/opt/gz_cmake_vendor/lib:/opt/ros/jazzy/lib /usr/bin/cmake /home/atwork/limo_3.0/src/PlayStation-JoyInterface-ROS2/p9n_node -DCMAKE_INSTALL_PREFIX=/home/atwork/limo_3.0/install/p9n_node
[0.119s] -- The C compiler identification is GNU 13.3.0
[0.215s] -- The CXX compiler identification is GNU 13.3.0
[0.272s] -- Detecting C compiler ABI info
[0.538s] -- Detecting C compiler ABI info - done
[0.563s] -- Check for working C compiler: /usr/bin/cc - skipped
[0.563s] -- Detecting C compile features
[0.564s] -- Detecting C compile features - done
[0.577s] -- Detecting CXX compiler ABI info
[0.787s] -- Detecting CXX compiler ABI info - done
[0.814s] -- Check for working CXX compiler: /usr/bin/c++ - skipped
[0.815s] -- Detecting CXX compile features
[0.817s] -- Detecting CXX compile features - done
[0.823s] -- Found ament_cmake_auto: 2.5.4 (/opt/ros/jazzy/share/ament_cmake_auto/cmake)
[1.197s] -- Found Python3: /usr/bin/python3 (found version "3.12.3") found components: Interpreter 
[1.853s] -- Found rosidl_generator_c: 4.6.6 (/opt/ros/jazzy/share/rosidl_generator_c/cmake)
[1.891s] -- Found rosidl_generator_cpp: 4.6.6 (/opt/ros/jazzy/share/rosidl_generator_cpp/cmake)
[1.938s] -- Using all available rosidl_typesupport_c: rosidl_typesupport_fastrtps_c;rosidl_typesupport_introspection_c
[1.980s] -- Using all available rosidl_typesupport_cpp: rosidl_typesupport_fastrtps_cpp;rosidl_typesupport_introspection_cpp
[2.265s] -- Found rmw_implementation_cmake: 7.3.2 (/opt/ros/jazzy/share/rmw_implementation_cmake/cmake)
[2.275s] -- Found rmw_fastrtps_cpp: 8.4.3 (/opt/ros/jazzy/share/rmw_fastrtps_cpp/cmake)
[2.450s] -- Found OpenSSL: /usr/lib/x86_64-linux-gnu/libcrypto.so (found version "3.0.13")  
[2.488s] -- Found FastRTPS: /opt/ros/jazzy/include (Required is at least version "2.13") 
[2.527s] -- Using RMW implementation 'rmw_fastrtps_cpp' as default
[2.809s] -- Found ament_lint_auto: 0.17.3 (/opt/ros/jazzy/share/ament_lint_auto/cmake)
[2.835s] [0mIn this package, headers install destination is set to `include` by ament_auto_package. It is recommended to install `include/p9n_node` instead and will be the default behavior of ament_auto_package from ROS 2 Kilted Kaiju. On distributions before Kilted, ament_auto_package behaves the same way when you use USE_SCOPED_HEADER_INSTALL_DIR option.[0m
[2.844s] -- Added test 'cppcheck' to perform static code analysis on C / C++ code
[2.844s] -- Configured cppcheck include dirs: /home/atwork/limo_3.0/src/PlayStation-JoyInterface-ROS2/p9n_node/include
[2.844s] -- Configured cppcheck exclude dirs and/or files: 
[2.844s] -- Added test 'lint_cmake' to check CMake code style
[2.846s] -- Added test 'uncrustify' to check C / C++ code style
[2.846s] -- Configured uncrustify additional arguments: 
[2.847s] -- Added test 'xmllint' to check XML markup files
[2.855s] -- Configuring done (2.8s)
[2.896s] -- Generating done (0.0s)
[2.904s] -- Build files have been written to: /home/atwork/limo_3.0/build/p9n_node
[2.918s] Invoked command in '/home/atwork/limo_3.0/build/p9n_node' returned '0': CMAKE_PREFIX_PATH=/home/atwork/limo_3.0/install/joy:/home/atwork/limo_3.0/install/sdl2_vendor:/home/atwork/limo_3.0/install/p9n_interface:/home/atwork/limo_3.0/install/wiimote:/home/atwork/limo_3.0/install/wiimote_msgs:/home/atwork/limo_3.0/install/urg_node:/home/atwork/limo_3.0/install/spacenav:/home/atwork/limo_3.0/install/p9n:/home/atwork/limo_3.0/install/p9n_test:/home/atwork/limo_3.0/install/p9n_node:/home/atwork/limo_3.0/install/p9n_example:/home/atwork/limo_3.0/install/limo_base:/home/atwork/limo_3.0/install/limo_msgs:/home/atwork/limo_3.0/install/limo_description:/home/atwork/limo_3.0/install/joy_linux:/opt/ros/jazzy/opt/gz_math_vendor:/opt/ros/jazzy/opt/gz_utils_vendor:/opt/ros/jazzy/opt/gz_cmake_vendor:/home/atwork/limo_3.0/install/limo_cartographer:/home/atwork/limo_3.0/install/limo_bringup:/home/atwork/limo_3.0/install/p9n_bringup:/opt/ros/jazzy DEBUGINFOD_URLS=https://debuginfod.ubuntu.com LD_LIBRARY_PATH=/home/atwork/limo_3.0/install/joy/lib:/home/atwork/limo_3.0/install/wiimote/lib:/home/atwork/limo_3.0/install/wiimote_msgs/lib:/home/atwork/limo_3.0/install/urg_node/lib:/home/atwork/limo_3.0/install/spacenav/lib:/home/atwork/limo_3.0/install/p9n_test/lib:/home/atwork/limo_3.0/install/p9n_node/lib:/home/atwork/limo_3.0/install/p9n_example/lib:/home/atwork/limo_3.0/install/p9n_interface/lib:/home/atwork/limo_3.0/install/limo_msgs/lib:/opt/ros/jazzy/opt/rviz_ogre_vendor/lib:/opt/ros/jazzy/lib/x86_64-linux-gnu:/opt/ros/jazzy/opt/gz_math_vendor/lib:/opt/ros/jazzy/opt/gz_utils_vendor/lib:/opt/ros/jazzy/opt/gz_cmake_vendor/lib:/opt/ros/jazzy/lib /usr/bin/cmake /home/atwork/limo_3.0/src/PlayStation-JoyInterface-ROS2/p9n_node -DCMAKE_INSTALL_PREFIX=/home/atwork/limo_3.0/install/p9n_node
[2.920s] Invoking command in '/home/atwork/limo_3.0/build/p9n_node': CMAKE_PREFIX_PATH=/home/atwork/limo_3.0/install/joy:/home/atwork/limo_3.0/install/sdl2_vendor:/home/atwork/limo_3.0/install/p9n_interface:/home/atwork/limo_3.0/install/wiimote:/home/atwork/limo_3.0/install/wiimote_msgs:/home/atwork/limo_3.0/install/urg_node:/home/atwork/limo_3.0/install/spacenav:/home/atwork/limo_3.0/install/p9n:/home/atwork/limo_3.0/install/p9n_test:/home/atwork/limo_3.0/install/p9n_node:/home/atwork/limo_3.0/install/p9n_example:/home/atwork/limo_3.0/install/limo_base:/home/atwork/limo_3.0/install/limo_msgs:/home/atwork/limo_3.0/install/limo_description:/home/atwork/limo_3.0/install/joy_linux:/opt/ros/jazzy/opt/gz_math_vendor:/opt/ros/jazzy/opt/gz_utils_vendor:/opt/ros/jazzy/opt/gz_cmake_vendor:/home/atwork/limo_3.0/install/limo_cartographer:/home/atwork/limo_3.0/install/limo_bringup:/home/atwork/limo_3.0/install/p9n_bringup:/opt/ros/jazzy DEBUGINFOD_URLS=https://debuginfod.ubuntu.com LD_LIBRARY_PATH=/home/atwork/limo_3.0/install/joy/lib:/home/atwork/limo_3.0/install/wiimote/lib:/home/atwork/limo_3.0/install/wiimote_msgs/lib:/home/atwork/limo_3.0/install/urg_node/lib:/home/atwork/limo_3.0/install/spacenav/lib:/home/atwork/limo_3.0/install/p9n_test/lib:/home/atwork/limo_3.0/install/p9n_node/lib:/home/atwork/limo_3.0/install/p9n_example/lib:/home/atwork/limo_3.0/install/p9n_interface/lib:/home/atwork/limo_3.0/install/limo_msgs/lib:/opt/ros/jazzy/opt/rviz_ogre_vendor/lib:/opt/ros/jazzy/lib/x86_64-linux-gnu:/opt/ros/jazzy/opt/gz_math_vendor/lib:/opt/ros/jazzy/opt/gz_utils_vendor/lib:/opt/ros/jazzy/opt/gz_cmake_vendor/lib:/opt/ros/jazzy/lib /usr/bin/cmake --build /home/atwork/limo_3.0/build/p9n_node -- -j4 -l4
[2.994s] [ 25%] [32mBuilding CXX object CMakeFiles/p9n_node_teleop_twist_joy_node.dir/src/teleop_twist_joy_node.cpp.o[0m
[20.444s] [ 50%] [32m[1mLinking CXX shared library libp9n_node_teleop_twist_joy_node.so[0m
[21.193s] [ 50%] Built target p9n_node_teleop_twist_joy_node
[21.224s] [ 75%] [32mBuilding CXX object CMakeFiles/teleop_twist_joy_node_exec.dir/rclcpp_components/node_main_teleop_twist_joy_node_exec.cpp.o[0m
[26.660s] [100%] [32m[1mLinking CXX executable teleop_twist_joy_node_exec[0m
[26.880s] [100%] Built target teleop_twist_joy_node_exec
[26.898s] Invoked command in '/home/atwork/limo_3.0/build/p9n_node' returned '0': CMAKE_PREFIX_PATH=/home/atwork/limo_3.0/install/joy:/home/atwork/limo_3.0/install/sdl2_vendor:/home/atwork/limo_3.0/install/p9n_interface:/home/atwork/limo_3.0/install/wiimote:/home/atwork/limo_3.0/install/wiimote_msgs:/home/atwork/limo_3.0/install/urg_node:/home/atwork/limo_3.0/install/spacenav:/home/atwork/limo_3.0/install/p9n:/home/atwork/limo_3.0/install/p9n_test:/home/atwork/limo_3.0/install/p9n_node:/home/atwork/limo_3.0/install/p9n_example:/home/atwork/limo_3.0/install/limo_base:/home/atwork/limo_3.0/install/limo_msgs:/home/atwork/limo_3.0/install/limo_description:/home/atwork/limo_3.0/install/joy_linux:/opt/ros/jazzy/opt/gz_math_vendor:/opt/ros/jazzy/opt/gz_utils_vendor:/opt/ros/jazzy/opt/gz_cmake_vendor:/home/atwork/limo_3.0/install/limo_cartographer:/home/atwork/limo_3.0/install/limo_bringup:/home/atwork/limo_3.0/install/p9n_bringup:/opt/ros/jazzy DEBUGINFOD_URLS=https://debuginfod.ubuntu.com LD_LIBRARY_PATH=/home/atwork/limo_3.0/install/joy/lib:/home/atwork/limo_3.0/install/wiimote/lib:/home/atwork/limo_3.0/install/wiimote_msgs/lib:/home/atwork/limo_3.0/install/urg_node/lib:/home/atwork/limo_3.0/install/spacenav/lib:/home/atwork/limo_3.0/install/p9n_test/lib:/home/atwork/limo_3.0/install/p9n_node/lib:/home/atwork/limo_3.0/install/p9n_example/lib:/home/atwork/limo_3.0/install/p9n_interface/lib:/home/atwork/limo_3.0/install/limo_msgs/lib:/opt/ros/jazzy/opt/rviz_ogre_vendor/lib:/opt/ros/jazzy/lib/x86_64-linux-gnu:/opt/ros/jazzy/opt/gz_math_vendor/lib:/opt/ros/jazzy/opt/gz_utils_vendor/lib:/opt/ros/jazzy/opt/gz_cmake_vendor/lib:/opt/ros/jazzy/lib /usr/bin/cmake --build /home/atwork/limo_3.0/build/p9n_node -- -j4 -l4
[26.899s] Invoking command in '/home/atwork/limo_3.0/build/p9n_node': CMAKE_PREFIX_PATH=/home/atwork/limo_3.0/install/joy:/home/atwork/limo_3.0/install/sdl2_vendor:/home/atwork/limo_3.0/install/p9n_interface:/home/atwork/limo_3.0/install/wiimote:/home/atwork/limo_3.0/install/wiimote_msgs:/home/atwork/limo_3.0/install/urg_node:/home/atwork/limo_3.0/install/spacenav:/home/atwork/limo_3.0/install/p9n:/home/atwork/limo_3.0/install/p9n_test:/home/atwork/limo_3.0/install/p9n_node:/home/atwork/limo_3.0/install/p9n_example:/home/atwork/limo_3.0/install/limo_base:/home/atwork/limo_3.0/install/limo_msgs:/home/atwork/limo_3.0/install/limo_description:/home/atwork/limo_3.0/install/joy_linux:/opt/ros/jazzy/opt/gz_math_vendor:/opt/ros/jazzy/opt/gz_utils_vendor:/opt/ros/jazzy/opt/gz_cmake_vendor:/home/atwork/limo_3.0/install/limo_cartographer:/home/atwork/limo_3.0/install/limo_bringup:/home/atwork/limo_3.0/install/p9n_bringup:/opt/ros/jazzy DEBUGINFOD_URLS=https://debuginfod.ubuntu.com LD_LIBRARY_PATH=/home/atwork/limo_3.0/install/joy/lib:/home/atwork/limo_3.0/install/wiimote/lib:/home/atwork/limo_3.0/install/wiimote_msgs/lib:/home/atwork/limo_3.0/install/urg_node/lib:/home/atwork/limo_3.0/install/spacenav/lib:/home/atwork/limo_3.0/install/p9n_test/lib:/home/atwork/limo_3.0/install/p9n_node/lib:/home/atwork/limo_3.0/install/p9n_example/lib:/home/atwork/limo_3.0/install/p9n_interface/lib:/home/atwork/limo_3.0/install/limo_msgs/lib:/opt/ros/jazzy/opt/rviz_ogre_vendor/lib:/opt/ros/jazzy/lib/x86_64-linux-gnu:/opt/ros/jazzy/opt/gz_math_vendor/lib:/opt/ros/jazzy/opt/gz_utils_vendor/lib:/opt/ros/jazzy/opt/gz_cmake_vendor/lib:/opt/ros/jazzy/lib /usr/bin/cmake --install /home/atwork/limo_3.0/build/p9n_node
[26.912s] -- Install configuration: ""
[26.912s] -- Installing: /home/atwork/limo_3.0/install/p9n_node/lib/p9n_node/teleop_twist_joy_node_exec
[26.913s] -- Set non-toolchain portion of runtime path of "/home/atwork/limo_3.0/install/p9n_node/lib/p9n_node/teleop_twist_joy_node_exec" to ""
[26.914s] -- Installing: /home/atwork/limo_3.0/install/p9n_node/include
[26.915s] -- Installing: /home/atwork/limo_3.0/install/p9n_node/include/p9n_node
[26.917s] -- Installing: /home/atwork/limo_3.0/install/p9n_node/include/p9n_node/teleop_twist_joy_node.hpp
[26.917s] -- Installing: /home/atwork/limo_3.0/install/p9n_node/share/p9n_node/environment/library_path.sh
[26.919s] -- Installing: /home/atwork/limo_3.0/install/p9n_node/share/p9n_node/environment/library_path.dsv
[26.919s] -- Installing: /home/atwork/limo_3.0/install/p9n_node/lib/libp9n_node_teleop_twist_joy_node.so
[26.923s] -- Set non-toolchain portion of runtime path of "/home/atwork/limo_3.0/install/p9n_node/lib/libp9n_node_teleop_twist_joy_node.so" to ""
[26.924s] -- Installing: /home/atwork/limo_3.0/install/p9n_node/share/ament_index/resource_index/package_run_dependencies/p9n_node
[26.925s] -- Installing: /home/atwork/limo_3.0/install/p9n_node/share/ament_index/resource_index/parent_prefix_path/p9n_node
[26.925s] -- Installing: /home/atwork/limo_3.0/install/p9n_node/share/p9n_node/environment/ament_prefix_path.sh
[26.926s] -- Installing: /home/atwork/limo_3.0/install/p9n_node/share/p9n_node/environment/ament_prefix_path.dsv
[26.926s] -- Installing: /home/atwork/limo_3.0/install/p9n_node/share/p9n_node/environment/path.sh
[26.927s] -- Installing: /home/atwork/limo_3.0/install/p9n_node/share/p9n_node/environment/path.dsv
[26.928s] -- Installing: /home/atwork/limo_3.0/install/p9n_node/share/p9n_node/local_setup.bash
[26.928s] -- Installing: /home/atwork/limo_3.0/install/p9n_node/share/p9n_node/local_setup.sh
[26.929s] -- Installing: /home/atwork/limo_3.0/install/p9n_node/share/p9n_node/local_setup.zsh
[26.929s] -- Installing: /home/atwork/limo_3.0/install/p9n_node/share/p9n_node/local_setup.dsv
[26.930s] -- Installing: /home/atwork/limo_3.0/install/p9n_node/share/p9n_node/package.dsv
[26.930s] -- Installing: /home/atwork/limo_3.0/install/p9n_node/share/ament_index/resource_index/packages/p9n_node
[26.931s] -- Installing: /home/atwork/limo_3.0/install/p9n_node/share/ament_index/resource_index/rclcpp_components/p9n_node
[26.931s] -- Installing: /home/atwork/limo_3.0/install/p9n_node/share/p9n_node/cmake/ament_cmake_export_dependencies-extras.cmake
[26.931s] -- Installing: /home/atwork/limo_3.0/install/p9n_node/share/p9n_node/cmake/ament_cmake_export_include_directories-extras.cmake
[26.932s] -- Installing: /home/atwork/limo_3.0/install/p9n_node/share/p9n_node/cmake/ament_cmake_export_libraries-extras.cmake
[26.932s] -- Installing: /home/atwork/limo_3.0/install/p9n_node/share/p9n_node/cmake/p9n_nodeConfig.cmake
[26.933s] -- Installing: /home/atwork/limo_3.0/install/p9n_node/share/p9n_node/cmake/p9n_nodeConfig-version.cmake
[26.933s] -- Installing: /home/atwork/limo_3.0/install/p9n_node/share/p9n_node/package.xml
[26.937s] Invoked command in '/home/atwork/limo_3.0/build/p9n_node' returned '0': CMAKE_PREFIX_PATH=/home/atwork/limo_3.0/install/joy:/home/atwork/limo_3.0/install/sdl2_vendor:/home/atwork/limo_3.0/install/p9n_interface:/home/atwork/limo_3.0/install/wiimote:/home/atwork/limo_3.0/install/wiimote_msgs:/home/atwork/limo_3.0/install/urg_node:/home/atwork/limo_3.0/install/spacenav:/home/atwork/limo_3.0/install/p9n:/home/atwork/limo_3.0/install/p9n_test:/home/atwork/limo_3.0/install/p9n_node:/home/atwork/limo_3.0/install/p9n_example:/home/atwork/limo_3.0/install/limo_base:/home/atwork/limo_3.0/install/limo_msgs:/home/atwork/limo_3.0/install/limo_description:/home/atwork/limo_3.0/install/joy_linux:/opt/ros/jazzy/opt/gz_math_vendor:/opt/ros/jazzy/opt/gz_utils_vendor:/opt/ros/jazzy/opt/gz_cmake_vendor:/home/atwork/limo_3.0/install/limo_cartographer:/home/atwork/limo_3.0/install/limo_bringup:/home/atwork/limo_3.0/install/p9n_bringup:/opt/ros/jazzy DEBUGINFOD_URLS=https://debuginfod.ubuntu.com LD_LIBRARY_PATH=/home/atwork/limo_3.0/install/joy/lib:/home/atwork/limo_3.0/install/wiimote/lib:/home/atwork/limo_3.0/install/wiimote_msgs/lib:/home/atwork/limo_3.0/install/urg_node/lib:/home/atwork/limo_3.0/install/spacenav/lib:/home/atwork/limo_3.0/install/p9n_test/lib:/home/atwork/limo_3.0/install/p9n_node/lib:/home/atwork/limo_3.0/install/p9n_example/lib:/home/atwork/limo_3.0/install/p9n_interface/lib:/home/atwork/limo_3.0/install/limo_msgs/lib:/opt/ros/jazzy/opt/rviz_ogre_vendor/lib:/opt/ros/jazzy/lib/x86_64-linux-gnu:/opt/ros/jazzy/opt/gz_math_vendor/lib:/opt/ros/jazzy/opt/gz_utils_vendor/lib:/opt/ros/jazzy/opt/gz_cmake_vendor/lib:/opt/ros/jazzy/lib /usr/bin/cmake --install /home/atwork/limo_3.0/build/p9n_node
