-- The C compiler identification is GNU 13.3.0
-- The CXX compiler identification is GNU 13.3.0
-- Detecting C compiler ABI info
-- Detecting C compiler ABI info - done
-- Check for working C compiler: /usr/bin/cc - skipped
-- Detecting C compile features
-- Detecting C compile features - done
-- Detecting CXX compiler ABI info
-- Detecting CXX compiler ABI info - done
-- Check for working CXX compiler: /usr/bin/c++ - skipped
-- Detecting CXX compile features
-- Detecting CXX compile features - done
-- Found ament_cmake: 2.5.4 (/opt/ros/jazzy/share/ament_cmake/cmake)
-- Found Python3: /usr/bin/python3 (found version "3.12.3") found components: Interpreter 
-- Found Boost: /usr/lib/x86_64-linux-gnu/cmake/Boost-1.83.0/BoostConfig.cmake (found version "1.83.0")  
-- Found diagnostic_updater: 4.2.6 (/opt/ros/jazzy/share/diagnostic_updater/cmake)
-- Found rosidl_generator_c: 4.6.6 (/opt/ros/jazzy/share/rosidl_generator_c/cmake)
-- Found rosidl_generator_cpp: 4.6.6 (/opt/ros/jazzy/share/rosidl_generator_cpp/cmake)
-- Using all available rosidl_typesupport_c: rosidl_typesupport_fastrtps_c;rosidl_typesupport_introspection_c
-- Using all available rosidl_typesupport_cpp: rosidl_typesupport_fastrtps_cpp;rosidl_typesupport_introspection_cpp
-- Found rmw_implementation_cmake: 7.3.2 (/opt/ros/jazzy/share/rmw_implementation_cmake/cmake)
-- Found rmw_fastrtps_cpp: 8.4.3 (/opt/ros/jazzy/share/rmw_fastrtps_cpp/cmake)
-- Found OpenSSL: /usr/lib/x86_64-linux-gnu/libcrypto.so (found version "3.0.13")  
-- Found FastRTPS: /opt/ros/jazzy/include (Required is at least version "2.13") 
-- Using RMW implementation 'rmw_fastrtps_cpp' as default
-- Found laser_proc: 1.0.2 (/opt/ros/jazzy/share/laser_proc/cmake)
-- Found rclcpp_components: 28.1.13 (/opt/ros/jazzy/share/rclcpp_components/cmake)
-- Found std_srvs: 5.3.6 (/opt/ros/jazzy/share/std_srvs/cmake)
-- Found urg_c: 1.0.4001 (/opt/ros/jazzy/share/urg_c/cmake)
-- Found urg_node_msgs: 1.0.1 (/opt/ros/jazzy/share/urg_node_msgs/cmake)
-- Found ament_lint_auto: 0.17.3 (/opt/ros/jazzy/share/ament_lint_auto/cmake)
-- Added test 'cppcheck' to perform static code analysis on C / C++ code
-- Configured cppcheck include dirs: $<BUILD_INTERFACE:/home/atwork/limo_3.0/src/urg_node/include>
-- Configured cppcheck exclude dirs and/or files: 
-- Added test 'cpplint' to check C / C++ code against the Google style
-- Configured cpplint exclude dirs and/or files: 
-- Added test 'flake8' to check Python code syntax and style conventions
-- Configured 'flake8' exclude dirs and/or files: 
-- Added test 'lint_cmake' to check CMake code style
-- Added test 'pep257' to check Python code against some of the docstring style conventions in PEP 257
-- Added test 'uncrustify' to check C / C++ code style
-- Configured uncrustify additional arguments: 
-- Added test 'xmllint' to check XML markup files
-- Configuring done (2.5s)
-- Generating done (0.1s)
-- Build files have been written to: /home/atwork/limo_3.0/build/urg_node
[ 14%] [32mBuilding CXX object CMakeFiles/urg_node_driver.dir/rclcpp_components/node_main_urg_node_driver.cpp.o[0m
[ 28%] [32mBuilding CXX object CMakeFiles/urg_node.dir/src/urg_c_wrapper.cpp.o[0m
[ 42%] [32mBuilding CXX object CMakeFiles/urg_node.dir/src/urg_node.cpp.o[0m
[ 57%] [32m[1mLinking CXX executable urg_node_driver[0m
[ 57%] Built target urg_node_driver
[ 71%] [32m[1mLinking CXX shared library liburg_node.so[0m
[ 71%] Built target urg_node
[ 85%] [32mBuilding CXX object CMakeFiles/getID.dir/src/get_id.cpp.o[0m
[100%] [32m[1mLinking CXX executable getID[0m
[100%] Built target getID
-- Install configuration: ""
-- Installing: /home/atwork/limo_3.0/install/urg_node/lib/urg_node/urg_node_driver
-- Set non-toolchain portion of runtime path of "/home/atwork/limo_3.0/install/urg_node/lib/urg_node/urg_node_driver" to ""
-- Installing: /home/atwork/limo_3.0/install/urg_node/lib/liburg_node.so
-- Set non-toolchain portion of runtime path of "/home/atwork/limo_3.0/install/urg_node/lib/liburg_node.so" to ""
-- Installing: /home/atwork/limo_3.0/install/urg_node/lib/urg_node/getID
-- Set non-toolchain portion of runtime path of "/home/atwork/limo_3.0/install/urg_node/lib/urg_node/getID" to ""
-- Installing: /home/atwork/limo_3.0/install/urg_node/include
-- Installing: /home/atwork/limo_3.0/install/urg_node/include/urg_node
-- Installing: /home/atwork/limo_3.0/install/urg_node/include/urg_node/urg_c_wrapper.hpp
-- Installing: /home/atwork/limo_3.0/install/urg_node/include/urg_node/urg_node.hpp
-- Installing: /home/atwork/limo_3.0/install/urg_node/lib/urg_node/set_urg_ip.py
-- Installing: /home/atwork/limo_3.0/install/urg_node/share/urg_node/launch
-- Installing: /home/atwork/limo_3.0/install/urg_node/share/urg_node/launch/hokuyo_laser.urdf
-- Installing: /home/atwork/limo_3.0/install/urg_node/share/urg_node/launch/urg_node_launch.py
-- Installing: /home/atwork/limo_3.0/install/urg_node/share/urg_node/launch/urg_node_serial.yaml
-- Installing: /home/atwork/limo_3.0/install/urg_node/share/urg_node/launch/urg_lidar.launch
-- Installing: /home/atwork/limo_3.0/install/urg_node/share/urg_node/launch/urg_node_ethernet.yaml
-- Installing: /home/atwork/limo_3.0/install/urg_node/share/urg_node/meshes
-- Installing: /home/atwork/limo_3.0/install/urg_node/share/urg_node/meshes/hokuyo_ust10.stl
-- Installing: /home/atwork/limo_3.0/install/urg_node/share/urg_node/urdf
-- Installing: /home/atwork/limo_3.0/install/urg_node/share/urg_node/urdf/hokuyo_ust10.urdf.xacro
-- Installing: /home/atwork/limo_3.0/install/urg_node/share/urg_node/environment/library_path.sh
-- Installing: /home/atwork/limo_3.0/install/urg_node/share/urg_node/environment/library_path.dsv
-- Installing: /home/atwork/limo_3.0/install/urg_node/share/ament_index/resource_index/package_run_dependencies/urg_node
-- Installing: /home/atwork/limo_3.0/install/urg_node/share/ament_index/resource_index/parent_prefix_path/urg_node
-- Installing: /home/atwork/limo_3.0/install/urg_node/share/urg_node/environment/ament_prefix_path.sh
-- Installing: /home/atwork/limo_3.0/install/urg_node/share/urg_node/environment/ament_prefix_path.dsv
-- Installing: /home/atwork/limo_3.0/install/urg_node/share/urg_node/environment/path.sh
-- Installing: /home/atwork/limo_3.0/install/urg_node/share/urg_node/environment/path.dsv
-- Installing: /home/atwork/limo_3.0/install/urg_node/share/urg_node/local_setup.bash
-- Installing: /home/atwork/limo_3.0/install/urg_node/share/urg_node/local_setup.sh
-- Installing: /home/atwork/limo_3.0/install/urg_node/share/urg_node/local_setup.zsh
-- Installing: /home/atwork/limo_3.0/install/urg_node/share/urg_node/local_setup.dsv
-- Installing: /home/atwork/limo_3.0/install/urg_node/share/urg_node/package.dsv
-- Installing: /home/atwork/limo_3.0/install/urg_node/share/ament_index/resource_index/packages/urg_node
-- Installing: /home/atwork/limo_3.0/install/urg_node/share/ament_index/resource_index/rclcpp_components/urg_node
-- Installing: /home/atwork/limo_3.0/install/urg_node/share/urg_node/cmake/ament_cmake_export_dependencies-extras.cmake
-- Installing: /home/atwork/limo_3.0/install/urg_node/share/urg_node/cmake/ament_cmake_export_include_directories-extras.cmake
-- Installing: /home/atwork/limo_3.0/install/urg_node/share/urg_node/cmake/ament_cmake_export_libraries-extras.cmake
-- Installing: /home/atwork/limo_3.0/install/urg_node/share/urg_node/cmake/urg_nodeConfig.cmake
-- Installing: /home/atwork/limo_3.0/install/urg_node/share/urg_node/cmake/urg_nodeConfig-version.cmake
-- Installing: /home/atwork/limo_3.0/install/urg_node/share/urg_node/package.xml
