[0.013s] Invoking command in '/home/atwork/limo_3.0/build/urg_node': CMAKE_PREFIX_PATH=${CMAKE_PREFIX_PATH}:/home/atwork/limo_3.0/install/limo_cartographer:/home/atwork/limo_3.0/install/limo_bringup:/home/atwork/limo_3.0/install/p9n_bringup:/opt/ros/jazzy DEBUGINFOD_URLS=https://debuginfod.ubuntu.com /usr/bin/cmake /home/atwork/limo_3.0/src/urg_node -DCMAKE_INSTALL_PREFIX=/home/atwork/limo_3.0/install/urg_node
[0.129s] -- The C compiler identification is GNU 13.3.0
[0.224s] -- The CXX compiler identification is GNU 13.3.0
[0.252s] -- Detecting C compiler ABI info
[0.387s] -- Detecting C compiler ABI info - done
[0.409s] -- Check for working C compiler: /usr/bin/cc - skipped
[0.409s] -- Detecting C compile features
[0.410s] -- Detecting C compile features - done
[0.429s] -- Detecting CXX compiler ABI info
[0.590s] -- Detecting CXX compiler ABI info - done
[0.612s] -- Check for working CXX compiler: /usr/bin/c++ - skipped
[0.613s] -- Detecting CXX compile features
[0.614s] -- Detecting CXX compile features - done
[0.619s] -- Found ament_cmake: 2.5.4 (/opt/ros/jazzy/share/ament_cmake/cmake)
[0.869s] -- Found Python3: /usr/bin/python3 (found version "3.12.3") found components: Interpreter 
[1.051s] -- Found Boost: /usr/lib/x86_64-linux-gnu/cmake/Boost-1.83.0/BoostConfig.cmake (found version "1.83.0")  
[1.054s] -- Found diagnostic_updater: 4.2.6 (/opt/ros/jazzy/share/diagnostic_updater/cmake)
[1.128s] -- Found rosidl_generator_c: 4.6.6 (/opt/ros/jazzy/share/rosidl_generator_c/cmake)
[1.157s] -- Found rosidl_generator_cpp: 4.6.6 (/opt/ros/jazzy/share/rosidl_generator_cpp/cmake)
[1.190s] -- Using all available rosidl_typesupport_c: rosidl_typesupport_fastrtps_c;rosidl_typesupport_introspection_c
[1.227s] -- Using all available rosidl_typesupport_cpp: rosidl_typesupport_fastrtps_cpp;rosidl_typesupport_introspection_cpp
[1.453s] -- Found rmw_implementation_cmake: 7.3.2 (/opt/ros/jazzy/share/rmw_implementation_cmake/cmake)
[1.459s] -- Found rmw_fastrtps_cpp: 8.4.3 (/opt/ros/jazzy/share/rmw_fastrtps_cpp/cmake)
[1.587s] -- Found OpenSSL: /usr/lib/x86_64-linux-gnu/libcrypto.so (found version "3.0.13")  
[1.623s] -- Found FastRTPS: /opt/ros/jazzy/include (Required is at least version "2.13") 
[1.674s] -- Using RMW implementation 'rmw_fastrtps_cpp' as default
[1.827s] -- Found laser_proc: 1.0.2 (/opt/ros/jazzy/share/laser_proc/cmake)
[1.928s] -- Found rclcpp_components: 28.1.13 (/opt/ros/jazzy/share/rclcpp_components/cmake)
[2.005s] -- Found std_srvs: 5.3.6 (/opt/ros/jazzy/share/std_srvs/cmake)
[2.041s] -- Found urg_c: 1.0.4001 (/opt/ros/jazzy/share/urg_c/cmake)
[2.044s] -- Found urg_node_msgs: 1.0.1 (/opt/ros/jazzy/share/urg_node_msgs/cmake)
[2.102s] -- Found ament_lint_auto: 0.17.3 (/opt/ros/jazzy/share/ament_lint_auto/cmake)
[2.489s] -- Added test 'cppcheck' to perform static code analysis on C / C++ code
[2.489s] -- Configured cppcheck include dirs: $<BUILD_INTERFACE:/home/atwork/limo_3.0/src/urg_node/include>
[2.489s] -- Configured cppcheck exclude dirs and/or files: 
[2.507s] -- Added test 'cpplint' to check C / C++ code against the Google style
[2.511s] -- Configured cpplint exclude dirs and/or files: 
[2.514s] -- Added test 'flake8' to check Python code syntax and style conventions
[2.514s] -- Configured 'flake8' exclude dirs and/or files: 
[2.524s] -- Added test 'lint_cmake' to check CMake code style
[2.527s] -- Added test 'pep257' to check Python code against some of the docstring style conventions in PEP 257
[2.539s] -- Added test 'uncrustify' to check C / C++ code style
[2.540s] -- Configured uncrustify additional arguments: 
[2.550s] -- Added test 'xmllint' to check XML markup files
[2.581s] -- Configuring done (2.5s)
[2.763s] -- Generating done (0.1s)
[2.794s] -- Build files have been written to: /home/atwork/limo_3.0/build/urg_node
[2.828s] Invoked command in '/home/atwork/limo_3.0/build/urg_node' returned '0': CMAKE_PREFIX_PATH=${CMAKE_PREFIX_PATH}:/home/atwork/limo_3.0/install/limo_cartographer:/home/atwork/limo_3.0/install/limo_bringup:/home/atwork/limo_3.0/install/p9n_bringup:/opt/ros/jazzy DEBUGINFOD_URLS=https://debuginfod.ubuntu.com /usr/bin/cmake /home/atwork/limo_3.0/src/urg_node -DCMAKE_INSTALL_PREFIX=/home/atwork/limo_3.0/install/urg_node
[2.829s] Invoking command in '/home/atwork/limo_3.0/build/urg_node': CMAKE_PREFIX_PATH=${CMAKE_PREFIX_PATH}:/home/atwork/limo_3.0/install/limo_cartographer:/home/atwork/limo_3.0/install/limo_bringup:/home/atwork/limo_3.0/install/p9n_bringup:/opt/ros/jazzy DEBUGINFOD_URLS=https://debuginfod.ubuntu.com /usr/bin/cmake --build /home/atwork/limo_3.0/build/urg_node -- -j4 -l4
[3.002s] [ 14%] [32mBuilding CXX object CMakeFiles/urg_node_driver.dir/rclcpp_components/node_main_urg_node_driver.cpp.o[0m
[3.009s] [ 28%] [32mBuilding CXX object CMakeFiles/urg_node.dir/src/urg_c_wrapper.cpp.o[0m
[3.012s] [ 42%] [32mBuilding CXX object CMakeFiles/urg_node.dir/src/urg_node.cpp.o[0m
[19.462s] [ 57%] [32m[1mLinking CXX executable urg_node_driver[0m
[19.961s] [ 57%] Built target urg_node_driver
[29.578s] [ 71%] [32m[1mLinking CXX shared library liburg_node.so[0m
[30.672s] [ 71%] Built target urg_node
[30.728s] [ 85%] [32mBuilding CXX object CMakeFiles/getID.dir/src/get_id.cpp.o[0m
[37.567s] [100%] [32m[1mLinking CXX executable getID[0m
[38.010s] [100%] Built target getID
[38.032s] Invoked command in '/home/atwork/limo_3.0/build/urg_node' returned '0': CMAKE_PREFIX_PATH=${CMAKE_PREFIX_PATH}:/home/atwork/limo_3.0/install/limo_cartographer:/home/atwork/limo_3.0/install/limo_bringup:/home/atwork/limo_3.0/install/p9n_bringup:/opt/ros/jazzy DEBUGINFOD_URLS=https://debuginfod.ubuntu.com /usr/bin/cmake --build /home/atwork/limo_3.0/build/urg_node -- -j4 -l4
[38.033s] Invoking command in '/home/atwork/limo_3.0/build/urg_node': CMAKE_PREFIX_PATH=${CMAKE_PREFIX_PATH}:/home/atwork/limo_3.0/install/limo_cartographer:/home/atwork/limo_3.0/install/limo_bringup:/home/atwork/limo_3.0/install/p9n_bringup:/opt/ros/jazzy DEBUGINFOD_URLS=https://debuginfod.ubuntu.com /usr/bin/cmake --install /home/atwork/limo_3.0/build/urg_node
[38.042s] -- Install configuration: ""
[38.043s] -- Installing: /home/atwork/limo_3.0/install/urg_node/lib/urg_node/urg_node_driver
[38.045s] -- Set non-toolchain portion of runtime path of "/home/atwork/limo_3.0/install/urg_node/lib/urg_node/urg_node_driver" to ""
[38.045s] -- Installing: /home/atwork/limo_3.0/install/urg_node/lib/liburg_node.so
[38.053s] -- Set non-toolchain portion of runtime path of "/home/atwork/limo_3.0/install/urg_node/lib/liburg_node.so" to ""
[38.053s] -- Installing: /home/atwork/limo_3.0/install/urg_node/lib/urg_node/getID
[38.054s] -- Set non-toolchain portion of runtime path of "/home/atwork/limo_3.0/install/urg_node/lib/urg_node/getID" to ""
[38.054s] -- Installing: /home/atwork/limo_3.0/install/urg_node/include
[38.054s] -- Installing: /home/atwork/limo_3.0/install/urg_node/include/urg_node
[38.054s] -- Installing: /home/atwork/limo_3.0/install/urg_node/include/urg_node/urg_c_wrapper.hpp
[38.054s] -- Installing: /home/atwork/limo_3.0/install/urg_node/include/urg_node/urg_node.hpp
[38.054s] -- Installing: /home/atwork/limo_3.0/install/urg_node/lib/urg_node/set_urg_ip.py
[38.055s] -- Installing: /home/atwork/limo_3.0/install/urg_node/share/urg_node/launch
[38.056s] -- Installing: /home/atwork/limo_3.0/install/urg_node/share/urg_node/launch/hokuyo_laser.urdf
[38.056s] -- Installing: /home/atwork/limo_3.0/install/urg_node/share/urg_node/launch/urg_node_launch.py
[38.056s] -- Installing: /home/atwork/limo_3.0/install/urg_node/share/urg_node/launch/urg_node_serial.yaml
[38.057s] -- Installing: /home/atwork/limo_3.0/install/urg_node/share/urg_node/launch/urg_lidar.launch
[38.057s] -- Installing: /home/atwork/limo_3.0/install/urg_node/share/urg_node/launch/urg_node_ethernet.yaml
[38.058s] -- Installing: /home/atwork/limo_3.0/install/urg_node/share/urg_node/meshes
[38.061s] -- Installing: /home/atwork/limo_3.0/install/urg_node/share/urg_node/meshes/hokuyo_ust10.stl
[38.064s] -- Installing: /home/atwork/limo_3.0/install/urg_node/share/urg_node/urdf
[38.066s] -- Installing: /home/atwork/limo_3.0/install/urg_node/share/urg_node/urdf/hokuyo_ust10.urdf.xacro
[38.067s] -- Installing: /home/atwork/limo_3.0/install/urg_node/share/urg_node/environment/library_path.sh
[38.067s] -- Installing: /home/atwork/limo_3.0/install/urg_node/share/urg_node/environment/library_path.dsv
[38.067s] -- Installing: /home/atwork/limo_3.0/install/urg_node/share/ament_index/resource_index/package_run_dependencies/urg_node
[38.067s] -- Installing: /home/atwork/limo_3.0/install/urg_node/share/ament_index/resource_index/parent_prefix_path/urg_node
[38.067s] -- Installing: /home/atwork/limo_3.0/install/urg_node/share/urg_node/environment/ament_prefix_path.sh
[38.067s] -- Installing: /home/atwork/limo_3.0/install/urg_node/share/urg_node/environment/ament_prefix_path.dsv
[38.067s] -- Installing: /home/atwork/limo_3.0/install/urg_node/share/urg_node/environment/path.sh
[38.068s] -- Installing: /home/atwork/limo_3.0/install/urg_node/share/urg_node/environment/path.dsv
[38.068s] -- Installing: /home/atwork/limo_3.0/install/urg_node/share/urg_node/local_setup.bash
[38.068s] -- Installing: /home/atwork/limo_3.0/install/urg_node/share/urg_node/local_setup.sh
[38.068s] -- Installing: /home/atwork/limo_3.0/install/urg_node/share/urg_node/local_setup.zsh
[38.068s] -- Installing: /home/atwork/limo_3.0/install/urg_node/share/urg_node/local_setup.dsv
[38.068s] -- Installing: /home/atwork/limo_3.0/install/urg_node/share/urg_node/package.dsv
[38.072s] -- Installing: /home/atwork/limo_3.0/install/urg_node/share/ament_index/resource_index/packages/urg_node
[38.072s] -- Installing: /home/atwork/limo_3.0/install/urg_node/share/ament_index/resource_index/rclcpp_components/urg_node
[38.072s] -- Installing: /home/atwork/limo_3.0/install/urg_node/share/urg_node/cmake/ament_cmake_export_dependencies-extras.cmake
[38.073s] -- Installing: /home/atwork/limo_3.0/install/urg_node/share/urg_node/cmake/ament_cmake_export_include_directories-extras.cmake
[38.073s] -- Installing: /home/atwork/limo_3.0/install/urg_node/share/urg_node/cmake/ament_cmake_export_libraries-extras.cmake
[38.073s] -- Installing: /home/atwork/limo_3.0/install/urg_node/share/urg_node/cmake/urg_nodeConfig.cmake
[38.073s] -- Installing: /home/atwork/limo_3.0/install/urg_node/share/urg_node/cmake/urg_nodeConfig-version.cmake
[38.073s] -- Installing: /home/atwork/limo_3.0/install/urg_node/share/urg_node/package.xml
[38.077s] Invoked command in '/home/atwork/limo_3.0/build/urg_node' returned '0': CMAKE_PREFIX_PATH=${CMAKE_PREFIX_PATH}:/home/atwork/limo_3.0/install/limo_cartographer:/home/atwork/limo_3.0/install/limo_bringup:/home/atwork/limo_3.0/install/p9n_bringup:/opt/ros/jazzy DEBUGINFOD_URLS=https://debuginfod.ubuntu.com /usr/bin/cmake --install /home/atwork/limo_3.0/build/urg_node
