[0.022s] Invoking command in '/home/atwork/limo_3.0/src/build/p9n_node': AMENT_PREFIX_PATH=/home/atwork/limo_3.0/src/install/joy:/home/atwork/limo_3.0/src/install/sdl2_vendor:/home/atwork/limo_3.0/src/install/p9n_interface:${AMENT_PREFIX_PATH} CMAKE_PREFIX_PATH=/home/atwork/limo_3.0/src/install/joy:/home/atwork/limo_3.0/src/install/sdl2_vendor:/home/atwork/limo_3.0/src/install/p9n_interface:/home/atwork/limo_3.0/install/wiimote:/home/atwork/limo_3.0/install/wiimote_msgs:/home/atwork/limo_3.0/install/urg_node:/home/atwork/limo_3.0/install/spacenav:/home/atwork/limo_3.0/install/p9n:/home/atwork/limo_3.0/install/p9n_test:/home/atwork/limo_3.0/install/p9n_node:/home/atwork/limo_3.0/install/p9n_example:/home/atwork/limo_3.0/install/joy:/home/atwork/limo_3.0/install/sdl2_vendor:/home/atwork/limo_3.0/install/p9n_interface:/home/atwork/limo_3.0/install/limo_base:/home/atwork/limo_3.0/install/limo_msgs:/home/atwork/limo_3.0/install/limo_description:/home/atwork/limo_3.0/install/joy_linux:/opt/ros/jazzy/opt/gz_math_vendor:/opt/ros/jazzy/opt/gz_utils_vendor:/opt/ros/jazzy/opt/gz_cmake_vendor:/home/atwork/limo_3.0/install/limo_bringup:/home/atwork/limo_3.0/install/p9n_bringup:/opt/ros/jazzy DEBUGINFOD_URLS=https://debuginfod.ubuntu.com LD_LIBRARY_PATH=/home/atwork/limo_3.0/src/install/joy/lib:/home/atwork/limo_3.0/src/install/p9n_interface/lib:${LD_LIBRARY_PATH} /usr/bin/cmake /home/atwork/limo_3.0/src/PlayStation-JoyInterface-ROS2/p9n_node -DCMAKE_INSTALL_PREFIX=/home/atwork/limo_3.0/src/install/p9n_node
[0.118s] -- The C compiler identification is GNU 13.3.0
[0.215s] -- The CXX compiler identification is GNU 13.3.0
[0.243s] -- Detecting C compiler ABI info
[0.403s] -- Detecting C compiler ABI info - done
[0.420s] -- Check for working C compiler: /usr/bin/cc - skipped
[0.420s] -- Detecting C compile features
[0.421s] -- Detecting C compile features - done
[0.434s] -- Detecting CXX compiler ABI info
[0.594s] -- Detecting CXX compiler ABI info - done
[0.628s] -- Check for working CXX compiler: /usr/bin/c++ - skipped
[0.628s] -- Detecting CXX compile features
[0.629s] -- Detecting CXX compile features - done
[0.635s] -- Found ament_cmake_auto: 2.5.4 (/opt/ros/jazzy/share/ament_cmake_auto/cmake)
[0.890s] -- Found Python3: /usr/bin/python3 (found version "3.12.3") found components: Interpreter 
[1.395s] -- Found rosidl_generator_c: 4.6.6 (/opt/ros/jazzy/share/rosidl_generator_c/cmake)
[1.424s] -- Found rosidl_generator_cpp: 4.6.6 (/opt/ros/jazzy/share/rosidl_generator_cpp/cmake)
[1.460s] -- Using all available rosidl_typesupport_c: rosidl_typesupport_fastrtps_c;rosidl_typesupport_introspection_c
[1.493s] -- Using all available rosidl_typesupport_cpp: rosidl_typesupport_fastrtps_cpp;rosidl_typesupport_introspection_cpp
[1.711s] -- Found rmw_implementation_cmake: 7.3.2 (/opt/ros/jazzy/share/rmw_implementation_cmake/cmake)
[1.719s] -- Found rmw_fastrtps_cpp: 8.4.3 (/opt/ros/jazzy/share/rmw_fastrtps_cpp/cmake)
[1.859s] -- Found OpenSSL: /usr/lib/x86_64-linux-gnu/libcrypto.so (found version "3.0.13")  
[1.892s] -- Found FastRTPS: /opt/ros/jazzy/include (Required is at least version "2.13") 
[1.932s] -- Using RMW implementation 'rmw_fastrtps_cpp' as default
[2.202s] -- Found ament_lint_auto: 0.17.3 (/opt/ros/jazzy/share/ament_lint_auto/cmake)
[2.238s] [0mIn this package, headers install destination is set to `include` by ament_auto_package. It is recommended to install `include/p9n_node` instead and will be the default behavior of ament_auto_package from ROS 2 Kilted Kaiju. On distributions before Kilted, ament_auto_package behaves the same way when you use USE_SCOPED_HEADER_INSTALL_DIR option.[0m
[2.252s] -- Added test 'cppcheck' to perform static code analysis on C / C++ code
[2.253s] -- Configured cppcheck include dirs: /home/atwork/limo_3.0/src/PlayStation-JoyInterface-ROS2/p9n_node/include
[2.253s] -- Configured cppcheck exclude dirs and/or files: 
[2.255s] -- Added test 'lint_cmake' to check CMake code style
[2.257s] -- Added test 'uncrustify' to check C / C++ code style
[2.257s] -- Configured uncrustify additional arguments: 
[2.259s] -- Added test 'xmllint' to check XML markup files
[2.266s] -- Configuring done (2.2s)
[2.315s] -- Generating done (0.0s)
[2.323s] -- Build files have been written to: /home/atwork/limo_3.0/src/build/p9n_node
[2.341s] Invoked command in '/home/atwork/limo_3.0/src/build/p9n_node' returned '0': AMENT_PREFIX_PATH=/home/atwork/limo_3.0/src/install/joy:/home/atwork/limo_3.0/src/install/sdl2_vendor:/home/atwork/limo_3.0/src/install/p9n_interface:${AMENT_PREFIX_PATH} CMAKE_PREFIX_PATH=/home/atwork/limo_3.0/src/install/joy:/home/atwork/limo_3.0/src/install/sdl2_vendor:/home/atwork/limo_3.0/src/install/p9n_interface:/home/atwork/limo_3.0/install/wiimote:/home/atwork/limo_3.0/install/wiimote_msgs:/home/atwork/limo_3.0/install/urg_node:/home/atwork/limo_3.0/install/spacenav:/home/atwork/limo_3.0/install/p9n:/home/atwork/limo_3.0/install/p9n_test:/home/atwork/limo_3.0/install/p9n_node:/home/atwork/limo_3.0/install/p9n_example:/home/atwork/limo_3.0/install/joy:/home/atwork/limo_3.0/install/sdl2_vendor:/home/atwork/limo_3.0/install/p9n_interface:/home/atwork/limo_3.0/install/limo_base:/home/atwork/limo_3.0/install/limo_msgs:/home/atwork/limo_3.0/install/limo_description:/home/atwork/limo_3.0/install/joy_linux:/opt/ros/jazzy/opt/gz_math_vendor:/opt/ros/jazzy/opt/gz_utils_vendor:/opt/ros/jazzy/opt/gz_cmake_vendor:/home/atwork/limo_3.0/install/limo_bringup:/home/atwork/limo_3.0/install/p9n_bringup:/opt/ros/jazzy DEBUGINFOD_URLS=https://debuginfod.ubuntu.com LD_LIBRARY_PATH=/home/atwork/limo_3.0/src/install/joy/lib:/home/atwork/limo_3.0/src/install/p9n_interface/lib:${LD_LIBRARY_PATH} /usr/bin/cmake /home/atwork/limo_3.0/src/PlayStation-JoyInterface-ROS2/p9n_node -DCMAKE_INSTALL_PREFIX=/home/atwork/limo_3.0/src/install/p9n_node
[2.343s] Invoking command in '/home/atwork/limo_3.0/src/build/p9n_node': AMENT_PREFIX_PATH=/home/atwork/limo_3.0/src/install/joy:/home/atwork/limo_3.0/src/install/sdl2_vendor:/home/atwork/limo_3.0/src/install/p9n_interface:${AMENT_PREFIX_PATH} CMAKE_PREFIX_PATH=/home/atwork/limo_3.0/src/install/joy:/home/atwork/limo_3.0/src/install/sdl2_vendor:/home/atwork/limo_3.0/src/install/p9n_interface:/home/atwork/limo_3.0/install/wiimote:/home/atwork/limo_3.0/install/wiimote_msgs:/home/atwork/limo_3.0/install/urg_node:/home/atwork/limo_3.0/install/spacenav:/home/atwork/limo_3.0/install/p9n:/home/atwork/limo_3.0/install/p9n_test:/home/atwork/limo_3.0/install/p9n_node:/home/atwork/limo_3.0/install/p9n_example:/home/atwork/limo_3.0/install/joy:/home/atwork/limo_3.0/install/sdl2_vendor:/home/atwork/limo_3.0/install/p9n_interface:/home/atwork/limo_3.0/install/limo_base:/home/atwork/limo_3.0/install/limo_msgs:/home/atwork/limo_3.0/install/limo_description:/home/atwork/limo_3.0/install/joy_linux:/opt/ros/jazzy/opt/gz_math_vendor:/opt/ros/jazzy/opt/gz_utils_vendor:/opt/ros/jazzy/opt/gz_cmake_vendor:/home/atwork/limo_3.0/install/limo_bringup:/home/atwork/limo_3.0/install/p9n_bringup:/opt/ros/jazzy DEBUGINFOD_URLS=https://debuginfod.ubuntu.com LD_LIBRARY_PATH=/home/atwork/limo_3.0/src/install/joy/lib:/home/atwork/limo_3.0/src/install/p9n_interface/lib:${LD_LIBRARY_PATH} /usr/bin/cmake --build /home/atwork/limo_3.0/src/build/p9n_node -- -j4 -l4
[2.432s] [ 25%] [32mBuilding CXX object CMakeFiles/p9n_node_teleop_twist_joy_node.dir/src/teleop_twist_joy_node.cpp.o[0m
[5.594s] gmake[2]: *** [CMakeFiles/p9n_node_teleop_twist_joy_node.dir/build.make:76: CMakeFiles/p9n_node_teleop_twist_joy_node.dir/src/teleop_twist_joy_node.cpp.o] Interrupt
[5.594s] gmake[1]: *** [CMakeFiles/Makefile2:139: CMakeFiles/p9n_node_teleop_twist_joy_node.dir/all] Interrupt
[5.594s] gmake: *** [Makefile:146: all] Interrupt
