[0.027s] Invoking command in '/home/atwork/limo_3.0/src/build/sdl2_vendor': CMAKE_PREFIX_PATH=${CMAKE_PREFIX_PATH}:/home/atwork/limo_3.0/install/limo_bringup:/home/atwork/limo_3.0/install/p9n_bringup:/opt/ros/jazzy DEBUGINFOD_URLS=https://debuginfod.ubuntu.com /usr/bin/cmake /home/atwork/limo_3.0/src/joystick_drivers/sdl2_vendor -DCMAKE_INSTALL_PREFIX=/home/atwork/limo_3.0/src/install/sdl2_vendor
[0.193s] -- The C compiler identification is GNU 13.3.0
[0.334s] -- The CXX compiler identification is GNU 13.3.0
[0.357s] -- Detecting C compiler ABI info
[0.491s] -- Detecting C compiler ABI info - done
[0.512s] -- Check for working C compiler: /usr/bin/cc - skipped
[0.516s] -- Detecting C compile features
[0.517s] -- Detecting C compile features - done
[0.530s] -- Detecting CXX compiler ABI info
[0.686s] -- Detecting CXX compiler ABI info - done
[0.707s] -- Check for working CXX compiler: /usr/bin/c++ - skipped
[0.708s] -- Detecting CXX compile features
[0.709s] -- Detecting CXX compile features - done
[0.719s] -- Found ament_cmake: 2.5.4 (/opt/ros/jazzy/share/ament_cmake/cmake)
[0.981s] -- Found Python3: /usr/bin/python3 (found version "3.12.3") found components: Interpreter 
[1.364s] -- Configuring done (1.3s)
[1.369s] -- Generating done (0.0s)
[1.373s] -- Build files have been written to: /home/atwork/limo_3.0/src/build/sdl2_vendor
[1.378s] Invoked command in '/home/atwork/limo_3.0/src/build/sdl2_vendor' returned '0': CMAKE_PREFIX_PATH=${CMAKE_PREFIX_PATH}:/home/atwork/limo_3.0/install/limo_bringup:/home/atwork/limo_3.0/install/p9n_bringup:/opt/ros/jazzy DEBUGINFOD_URLS=https://debuginfod.ubuntu.com /usr/bin/cmake /home/atwork/limo_3.0/src/joystick_drivers/sdl2_vendor -DCMAKE_INSTALL_PREFIX=/home/atwork/limo_3.0/src/install/sdl2_vendor
[1.381s] Invoking command in '/home/atwork/limo_3.0/src/build/sdl2_vendor': CMAKE_PREFIX_PATH=${CMAKE_PREFIX_PATH}:/home/atwork/limo_3.0/install/limo_bringup:/home/atwork/limo_3.0/install/p9n_bringup:/opt/ros/jazzy DEBUGINFOD_URLS=https://debuginfod.ubuntu.com /usr/bin/cmake --build /home/atwork/limo_3.0/src/build/sdl2_vendor -- -j4 -l4
[1.440s] Invoked command in '/home/atwork/limo_3.0/src/build/sdl2_vendor' returned '0': CMAKE_PREFIX_PATH=${CMAKE_PREFIX_PATH}:/home/atwork/limo_3.0/install/limo_bringup:/home/atwork/limo_3.0/install/p9n_bringup:/opt/ros/jazzy DEBUGINFOD_URLS=https://debuginfod.ubuntu.com /usr/bin/cmake --build /home/atwork/limo_3.0/src/build/sdl2_vendor -- -j4 -l4
[1.453s] Invoking command in '/home/atwork/limo_3.0/src/build/sdl2_vendor': CMAKE_PREFIX_PATH=${CMAKE_PREFIX_PATH}:/home/atwork/limo_3.0/install/limo_bringup:/home/atwork/limo_3.0/install/p9n_bringup:/opt/ros/jazzy DEBUGINFOD_URLS=https://debuginfod.ubuntu.com /usr/bin/cmake --install /home/atwork/limo_3.0/src/build/sdl2_vendor
[1.464s] -- Install configuration: ""
[1.465s] -- Installing: /home/atwork/limo_3.0/src/install/sdl2_vendor/share/sdl2_vendor/cmake
[1.465s] -- Installing: /home/atwork/limo_3.0/src/install/sdl2_vendor/share/sdl2_vendor/cmake/Modules
[1.466s] -- Installing: /home/atwork/limo_3.0/src/install/sdl2_vendor/share/sdl2_vendor/cmake/Modules/Findsdl2_custom.cmake
[1.466s] -- Installing: /home/atwork/limo_3.0/src/install/sdl2_vendor/share/ament_index/resource_index/package_run_dependencies/sdl2_vendor
[1.466s] -- Installing: /home/atwork/limo_3.0/src/install/sdl2_vendor/share/ament_index/resource_index/parent_prefix_path/sdl2_vendor
[1.467s] -- Installing: /home/atwork/limo_3.0/src/install/sdl2_vendor/share/sdl2_vendor/environment/ament_prefix_path.sh
[1.467s] -- Installing: /home/atwork/limo_3.0/src/install/sdl2_vendor/share/sdl2_vendor/environment/ament_prefix_path.dsv
[1.468s] -- Installing: /home/atwork/limo_3.0/src/install/sdl2_vendor/share/sdl2_vendor/environment/path.sh
[1.468s] -- Installing: /home/atwork/limo_3.0/src/install/sdl2_vendor/share/sdl2_vendor/environment/path.dsv
[1.468s] -- Installing: /home/atwork/limo_3.0/src/install/sdl2_vendor/share/sdl2_vendor/local_setup.bash
[1.469s] -- Installing: /home/atwork/limo_3.0/src/install/sdl2_vendor/share/sdl2_vendor/local_setup.sh
[1.469s] -- Installing: /home/atwork/limo_3.0/src/install/sdl2_vendor/share/sdl2_vendor/local_setup.zsh
[1.470s] -- Installing: /home/atwork/limo_3.0/src/install/sdl2_vendor/share/sdl2_vendor/local_setup.dsv
[1.470s] -- Installing: /home/atwork/limo_3.0/src/install/sdl2_vendor/share/sdl2_vendor/package.dsv
[1.471s] -- Installing: /home/atwork/limo_3.0/src/install/sdl2_vendor/share/ament_index/resource_index/packages/sdl2_vendor
[1.471s] -- Installing: /home/atwork/limo_3.0/src/install/sdl2_vendor/share/sdl2_vendor/cmake/sdl2_vendor-extras.cmake
[1.471s] -- Installing: /home/atwork/limo_3.0/src/install/sdl2_vendor/share/sdl2_vendor/cmake/sdl2_vendorConfig.cmake
[1.471s] -- Installing: /home/atwork/limo_3.0/src/install/sdl2_vendor/share/sdl2_vendor/cmake/sdl2_vendorConfig-version.cmake
[1.472s] -- Installing: /home/atwork/limo_3.0/src/install/sdl2_vendor/share/sdl2_vendor/package.xml
[1.474s] Invoked command in '/home/atwork/limo_3.0/src/build/sdl2_vendor' returned '0': CMAKE_PREFIX_PATH=${CMAKE_PREFIX_PATH}:/home/atwork/limo_3.0/install/limo_bringup:/home/atwork/limo_3.0/install/p9n_bringup:/opt/ros/jazzy DEBUGINFOD_URLS=https://debuginfod.ubuntu.com /usr/bin/cmake --install /home/atwork/limo_3.0/src/build/sdl2_vendor
