[0.041s] Invoking command in '/home/atwork/limo_3.0/build/wiimote_msgs': CMAKE_PREFIX_PATH=${CMAKE_PREFIX_PATH}:/home/atwork/limo_3.0/install/limo_cartographer:/home/atwork/limo_3.0/install/limo_bringup:/home/atwork/limo_3.0/install/p9n_bringup:/opt/ros/jazzy DEBUGINFOD_URLS=https://debuginfod.ubuntu.com /usr/bin/cmake /home/atwork/limo_3.0/src/joystick_drivers/wiimote_msgs -DCMAKE_INSTALL_PREFIX=/home/atwork/limo_3.0/install/wiimote_msgs
[0.375s] -- The C compiler identification is GNU 13.3.0
[0.647s] -- The CXX compiler identification is GNU 13.3.0
[0.707s] -- Detecting C compiler ABI info
[1.036s] -- Detecting C compiler ABI info - done
[1.120s] -- Check for working C compiler: /usr/bin/cc - skipped
[1.126s] -- Detecting C compile features
[1.126s] -- Detecting C compile features - done
[1.173s] -- Detecting CXX compiler ABI info
[1.632s] -- Detecting CXX compiler ABI info - done
[1.718s] -- Check for working CXX compiler: /usr/bin/c++ - skipped
[1.719s] -- Detecting CXX compile features
[1.720s] -- Detecting CXX compile features - done
[1.739s] -- Found ament_cmake: 2.5.4 (/opt/ros/jazzy/share/ament_cmake/cmake)
[2.455s] -- Found Python3: /usr/bin/python3 (found version "3.12.3") found components: Interpreter 
[3.028s] -- Found ament_cmake_auto: 2.5.4 (/opt/ros/jazzy/share/ament_cmake_auto/cmake)
[3.660s] -- Found rosidl_generator_c: 4.6.6 (/opt/ros/jazzy/share/rosidl_generator_c/cmake)
[3.731s] -- Found rosidl_generator_cpp: 4.6.6 (/opt/ros/jazzy/share/rosidl_generator_cpp/cmake)
[3.798s] -- Using all available rosidl_typesupport_c: rosidl_typesupport_fastrtps_c;rosidl_typesupport_introspection_c
[3.869s] -- Using all available rosidl_typesupport_cpp: rosidl_typesupport_fastrtps_cpp;rosidl_typesupport_introspection_cpp
[4.278s] -- Found rosidl_adapter: 4.6.6 (/opt/ros/jazzy/share/rosidl_adapter/cmake)
[4.301s] -- Found ament_lint_auto: 0.17.3 (/opt/ros/jazzy/share/ament_lint_auto/cmake)
[6.959s] -- Found ament_cmake_ros: 0.12.0 (/opt/ros/jazzy/share/ament_cmake_ros/cmake)
[9.378s] -- Using all available rosidl_typesupport_c: rosidl_typesupport_fastrtps_c;rosidl_typesupport_introspection_c
[10.257s] -- Using all available rosidl_typesupport_cpp: rosidl_typesupport_fastrtps_cpp;rosidl_typesupport_introspection_cpp
[10.266s] -- Found python_cmake_module: 0.11.1 (/opt/ros/jazzy/share/python_cmake_module/cmake)
[10.508s] -- Found PythonExtra: /usr/bin/python3  
[11.417s] -- Found Python3: /usr/bin/python3 (found version "3.12.3") found components: Interpreter Development NumPy Development.Module Development.Embed 
[11.735s] -- Added test 'copyright' to check source files copyright and LICENSE
[11.748s] -- Added test 'lint_cmake' to check CMake code style
[11.758s] -- Added test 'xmllint' to check XML markup files
[11.784s] -- Configuring done (11.7s)
[11.974s] -- Generating done (0.1s)
[12.031s] -- Build files have been written to: /home/atwork/limo_3.0/build/wiimote_msgs
[12.065s] Invoked command in '/home/atwork/limo_3.0/build/wiimote_msgs' returned '0': CMAKE_PREFIX_PATH=${CMAKE_PREFIX_PATH}:/home/atwork/limo_3.0/install/limo_cartographer:/home/atwork/limo_3.0/install/limo_bringup:/home/atwork/limo_3.0/install/p9n_bringup:/opt/ros/jazzy DEBUGINFOD_URLS=https://debuginfod.ubuntu.com /usr/bin/cmake /home/atwork/limo_3.0/src/joystick_drivers/wiimote_msgs -DCMAKE_INSTALL_PREFIX=/home/atwork/limo_3.0/install/wiimote_msgs
[12.071s] Invoking command in '/home/atwork/limo_3.0/build/wiimote_msgs': CMAKE_PREFIX_PATH=${CMAKE_PREFIX_PATH}:/home/atwork/limo_3.0/install/limo_cartographer:/home/atwork/limo_3.0/install/limo_bringup:/home/atwork/limo_3.0/install/p9n_bringup:/opt/ros/jazzy DEBUGINFOD_URLS=https://debuginfod.ubuntu.com /usr/bin/cmake --build /home/atwork/limo_3.0/build/wiimote_msgs -- -j4 -l4
[12.237s] [  1%] [34m[1mGenerating type hashes for ROS interfaces[0m
[12.295s] [  1%] Built target ament_cmake_python_copy_wiimote_msgs
[13.056s] running egg_info
[13.056s] creating wiimote_msgs.egg-info
[13.100s] writing wiimote_msgs.egg-info/PKG-INFO
[13.101s] writing dependency_links to wiimote_msgs.egg-info/dependency_links.txt
[13.102s] writing top-level names to wiimote_msgs.egg-info/top_level.txt
[13.102s] writing manifest file 'wiimote_msgs.egg-info/SOURCES.txt'
[13.226s] reading manifest file 'wiimote_msgs.egg-info/SOURCES.txt'
[13.228s] writing manifest file 'wiimote_msgs.egg-info/SOURCES.txt'
[13.309s] [  1%] Built target ament_cmake_python_build_wiimote_msgs_egg
[14.740s] [  1%] Built target wiimote_msgs__rosidl_generator_type_description
[14.782s] [  3%] [34m[1mGenerating C code for ROS interfaces[0m
[14.807s] [  5%] [34m[1mGenerating C++ code for ROS interfaces[0m
[17.881s] [  5%] Built target wiimote_msgs__cpp
[18.387s] [  7%] [32mBuilding C object CMakeFiles/wiimote_msgs__rosidl_generator_c.dir/rosidl_generator_c/wiimote_msgs/msg/detail/ir_source_info__description.c.o[0m
[18.485s] [  9%] [32mBuilding C object CMakeFiles/wiimote_msgs__rosidl_generator_c.dir/rosidl_generator_c/wiimote_msgs/msg/detail/state__description.c.o[0m
[18.551s] [ 11%] [32mBuilding C object CMakeFiles/wiimote_msgs__rosidl_generator_c.dir/rosidl_generator_c/wiimote_msgs/msg/detail/state__functions.c.o[0m
[18.643s] [ 12%] [32mBuilding C object CMakeFiles/wiimote_msgs__rosidl_generator_c.dir/rosidl_generator_c/wiimote_msgs/msg/detail/state__type_support.c.o[0m
[18.690s] [ 14%] [32mBuilding C object CMakeFiles/wiimote_msgs__rosidl_generator_c.dir/rosidl_generator_c/wiimote_msgs/msg/detail/timed_switch__description.c.o[0m
[18.747s] [ 16%] [32mBuilding C object CMakeFiles/wiimote_msgs__rosidl_generator_c.dir/rosidl_generator_c/wiimote_msgs/msg/detail/timed_switch__functions.c.o[0m
[18.823s] [ 18%] [32mBuilding C object CMakeFiles/wiimote_msgs__rosidl_generator_c.dir/rosidl_generator_c/wiimote_msgs/msg/detail/timed_switch__type_support.c.o[0m
[18.868s] [ 20%] [32mBuilding C object CMakeFiles/wiimote_msgs__rosidl_generator_c.dir/rosidl_generator_c/wiimote_msgs/msg/detail/ir_source_info__type_support.c.o[0m
[18.916s] [ 22%] [32mBuilding C object CMakeFiles/wiimote_msgs__rosidl_generator_c.dir/rosidl_generator_c/wiimote_msgs/msg/detail/ir_source_info__functions.c.o[0m
[18.989s] [ 24%] [32m[1mLinking C shared library libwiimote_msgs__rosidl_generator_c.so[0m
[19.058s] [ 24%] Built target wiimote_msgs__rosidl_generator_c
[19.073s] [ 25%] [34m[1mGenerating C++ type support dispatch for ROS interfaces[0m
[21.101s] [ 27%] [32mBuilding CXX object CMakeFiles/wiimote_msgs__rosidl_typesupport_cpp.dir/rosidl_typesupport_cpp/wiimote_msgs/msg/ir_source_info__type_support.cpp.o[0m
[21.705s] [ 29%] [32mBuilding CXX object CMakeFiles/wiimote_msgs__rosidl_typesupport_cpp.dir/rosidl_typesupport_cpp/wiimote_msgs/msg/state__type_support.cpp.o[0m
[22.223s] [ 31%] [32mBuilding CXX object CMakeFiles/wiimote_msgs__rosidl_typesupport_cpp.dir/rosidl_typesupport_cpp/wiimote_msgs/msg/timed_switch__type_support.cpp.o[0m
[22.704s] [ 33%] [32m[1mLinking CXX shared library libwiimote_msgs__rosidl_typesupport_cpp.so[0m
[22.765s] [ 33%] Built target wiimote_msgs__rosidl_typesupport_cpp
[22.783s] [ 35%] [34m[1mGenerating C introspection for ROS interfaces[0m
[24.216s] [ 37%] [32mBuilding C object CMakeFiles/wiimote_msgs__rosidl_typesupport_introspection_c.dir/rosidl_typesupport_introspection_c/wiimote_msgs/msg/detail/ir_source_info__type_support.c.o[0m
[24.274s] [ 38%] [32mBuilding C object CMakeFiles/wiimote_msgs__rosidl_typesupport_introspection_c.dir/rosidl_typesupport_introspection_c/wiimote_msgs/msg/detail/state__type_support.c.o[0m
[24.367s] [ 40%] [32mBuilding C object CMakeFiles/wiimote_msgs__rosidl_typesupport_introspection_c.dir/rosidl_typesupport_introspection_c/wiimote_msgs/msg/detail/timed_switch__type_support.c.o[0m
[24.429s] [ 42%] [32m[1mLinking C shared library libwiimote_msgs__rosidl_typesupport_introspection_c.so[0m
[24.478s] [ 42%] Built target wiimote_msgs__rosidl_typesupport_introspection_c
[24.492s] [ 44%] [34m[1mGenerating C type support dispatch for ROS interfaces[0m
[25.927s] [ 46%] [32mBuilding CXX object CMakeFiles/wiimote_msgs__rosidl_typesupport_c.dir/rosidl_typesupport_c/wiimote_msgs/msg/ir_source_info__type_support.cpp.o[0m
[26.022s] [ 48%] [32mBuilding CXX object CMakeFiles/wiimote_msgs__rosidl_typesupport_c.dir/rosidl_typesupport_c/wiimote_msgs/msg/state__type_support.cpp.o[0m
[26.115s] [ 50%] [32mBuilding CXX object CMakeFiles/wiimote_msgs__rosidl_typesupport_c.dir/rosidl_typesupport_c/wiimote_msgs/msg/timed_switch__type_support.cpp.o[0m
[26.205s] [ 51%] [32m[1mLinking CXX shared library libwiimote_msgs__rosidl_typesupport_c.so[0m
[26.300s] [ 51%] Built target wiimote_msgs__rosidl_typesupport_c
[26.322s] [ 53%] [34m[1mGenerating C++ introspection for ROS interfaces[0m
[27.811s] [ 55%] [32mBuilding CXX object CMakeFiles/wiimote_msgs__rosidl_typesupport_introspection_cpp.dir/rosidl_typesupport_introspection_cpp/wiimote_msgs/msg/detail/ir_source_info__type_support.cpp.o[0m
[28.360s] [ 57%] [32mBuilding CXX object CMakeFiles/wiimote_msgs__rosidl_typesupport_introspection_cpp.dir/rosidl_typesupport_introspection_cpp/wiimote_msgs/msg/detail/state__type_support.cpp.o[0m
[29.012s] [ 59%] [32mBuilding CXX object CMakeFiles/wiimote_msgs__rosidl_typesupport_introspection_cpp.dir/rosidl_typesupport_introspection_cpp/wiimote_msgs/msg/detail/timed_switch__type_support.cpp.o[0m
[29.578s] [ 61%] [32m[1mLinking CXX shared library libwiimote_msgs__rosidl_typesupport_introspection_cpp.so[0m
[29.710s] [ 61%] Built target wiimote_msgs__rosidl_typesupport_introspection_cpp
[29.728s] [ 62%] [34m[1mGenerating C++ type support for eProsima Fast-RTPS[0m
[31.233s] [ 64%] [32mBuilding CXX object CMakeFiles/wiimote_msgs__rosidl_typesupport_fastrtps_cpp.dir/rosidl_typesupport_fastrtps_cpp/wiimote_msgs/msg/detail/dds_fastrtps/ir_source_info__type_support.cpp.o[0m
[32.050s] [ 66%] [32mBuilding CXX object CMakeFiles/wiimote_msgs__rosidl_typesupport_fastrtps_cpp.dir/rosidl_typesupport_fastrtps_cpp/wiimote_msgs/msg/detail/dds_fastrtps/timed_switch__type_support.cpp.o[0m
[32.939s] [ 68%] [32mBuilding CXX object CMakeFiles/wiimote_msgs__rosidl_typesupport_fastrtps_cpp.dir/rosidl_typesupport_fastrtps_cpp/wiimote_msgs/msg/detail/dds_fastrtps/state__type_support.cpp.o[0m
[33.954s] [ 70%] [32m[1mLinking CXX shared library libwiimote_msgs__rosidl_typesupport_fastrtps_cpp.so[0m
[34.094s] [ 70%] Built target wiimote_msgs__rosidl_typesupport_fastrtps_cpp
[34.118s] [ 72%] [34m[1mGenerating C type support for eProsima Fast-RTPS[0m
[35.717s] [ 74%] [32mBuilding CXX object CMakeFiles/wiimote_msgs__rosidl_typesupport_fastrtps_c.dir/rosidl_typesupport_fastrtps_c/wiimote_msgs/msg/detail/ir_source_info__type_support_c.cpp.o[0m
[36.508s] [ 75%] [32mBuilding CXX object CMakeFiles/wiimote_msgs__rosidl_typesupport_fastrtps_c.dir/rosidl_typesupport_fastrtps_c/wiimote_msgs/msg/detail/timed_switch__type_support_c.cpp.o[0m
[37.327s] [ 77%] [32mBuilding CXX object CMakeFiles/wiimote_msgs__rosidl_typesupport_fastrtps_c.dir/rosidl_typesupport_fastrtps_c/wiimote_msgs/msg/detail/state__type_support_c.cpp.o[0m
[38.185s] [ 79%] [32m[1mLinking CXX shared library libwiimote_msgs__rosidl_typesupport_fastrtps_c.so[0m
[38.267s] [ 79%] Built target wiimote_msgs__rosidl_typesupport_fastrtps_c
[38.296s] [ 79%] Built target wiimote_msgs
[38.325s] [ 81%] [34m[1mGenerating Python code for ROS interfaces[0m
[41.602s] [ 81%] Built target wiimote_msgs__py
[41.637s] [ 83%] [32mBuilding C object CMakeFiles/wiimote_msgs__rosidl_generator_py.dir/rosidl_generator_py/wiimote_msgs/msg/_ir_source_info_s.c.o[0m
[41.851s] [ 85%] [32mBuilding C object CMakeFiles/wiimote_msgs__rosidl_generator_py.dir/rosidl_generator_py/wiimote_msgs/msg/_timed_switch_s.c.o[0m
[42.079s] [ 87%] [32mBuilding C object CMakeFiles/wiimote_msgs__rosidl_generator_py.dir/rosidl_generator_py/wiimote_msgs/msg/_state_s.c.o[0m
[42.383s] [ 88%] [32m[1mLinking C shared library libwiimote_msgs__rosidl_generator_py.so[0m
[42.450s] [ 88%] Built target wiimote_msgs__rosidl_generator_py
[42.477s] [ 90%] [32mBuilding C object CMakeFiles/wiimote_msgs_s__rosidl_typesupport_fastrtps_c.dir/rosidl_generator_py/wiimote_msgs/_wiimote_msgs_s.ep.rosidl_typesupport_fastrtps_c.c.o[0m
[42.685s] [ 92%] [32m[1mLinking C shared module rosidl_generator_py/wiimote_msgs/wiimote_msgs_s__rosidl_typesupport_fastrtps_c.so[0m
[42.745s] [ 92%] Built target wiimote_msgs_s__rosidl_typesupport_fastrtps_c
[42.775s] [ 94%] [32mBuilding C object CMakeFiles/wiimote_msgs_s__rosidl_typesupport_c.dir/rosidl_generator_py/wiimote_msgs/_wiimote_msgs_s.ep.rosidl_typesupport_c.c.o[0m
[42.957s] [ 96%] [32m[1mLinking C shared module rosidl_generator_py/wiimote_msgs/wiimote_msgs_s__rosidl_typesupport_c.so[0m
[43.023s] [ 96%] Built target wiimote_msgs_s__rosidl_typesupport_c
[43.097s] [ 98%] [32mBuilding C object CMakeFiles/wiimote_msgs_s__rosidl_typesupport_introspection_c.dir/rosidl_generator_py/wiimote_msgs/_wiimote_msgs_s.ep.rosidl_typesupport_introspection_c.c.o[0m
[43.335s] [100%] [32m[1mLinking C shared module rosidl_generator_py/wiimote_msgs/wiimote_msgs_s__rosidl_typesupport_introspection_c.so[0m
[43.426s] [100%] Built target wiimote_msgs_s__rosidl_typesupport_introspection_c
[43.462s] Invoked command in '/home/atwork/limo_3.0/build/wiimote_msgs' returned '0': CMAKE_PREFIX_PATH=${CMAKE_PREFIX_PATH}:/home/atwork/limo_3.0/install/limo_cartographer:/home/atwork/limo_3.0/install/limo_bringup:/home/atwork/limo_3.0/install/p9n_bringup:/opt/ros/jazzy DEBUGINFOD_URLS=https://debuginfod.ubuntu.com /usr/bin/cmake --build /home/atwork/limo_3.0/build/wiimote_msgs -- -j4 -l4
[43.462s] Invoking command in '/home/atwork/limo_3.0/build/wiimote_msgs': CMAKE_PREFIX_PATH=${CMAKE_PREFIX_PATH}:/home/atwork/limo_3.0/install/limo_cartographer:/home/atwork/limo_3.0/install/limo_bringup:/home/atwork/limo_3.0/install/p9n_bringup:/opt/ros/jazzy DEBUGINFOD_URLS=https://debuginfod.ubuntu.com /usr/bin/cmake --install /home/atwork/limo_3.0/build/wiimote_msgs
[43.477s] -- Install configuration: ""
[43.478s] -- Installing: /home/atwork/limo_3.0/install/wiimote_msgs/share/ament_index/resource_index/rosidl_interfaces/wiimote_msgs
[43.478s] -- Installing: /home/atwork/limo_3.0/install/wiimote_msgs/share/wiimote_msgs/msg/IrSourceInfo.json
[43.479s] -- Installing: /home/atwork/limo_3.0/install/wiimote_msgs/share/wiimote_msgs/msg/State.json
[43.480s] -- Installing: /home/atwork/limo_3.0/install/wiimote_msgs/share/wiimote_msgs/msg/TimedSwitch.json
[43.480s] -- Installing: /home/atwork/limo_3.0/install/wiimote_msgs/include/wiimote_msgs/wiimote_msgs
[43.480s] -- Installing: /home/atwork/limo_3.0/install/wiimote_msgs/include/wiimote_msgs/wiimote_msgs/msg
[43.481s] -- Installing: /home/atwork/limo_3.0/install/wiimote_msgs/include/wiimote_msgs/wiimote_msgs/msg/detail
[43.481s] -- Installing: /home/atwork/limo_3.0/install/wiimote_msgs/include/wiimote_msgs/wiimote_msgs/msg/detail/ir_source_info__functions.h
[43.482s] -- Installing: /home/atwork/limo_3.0/install/wiimote_msgs/include/wiimote_msgs/wiimote_msgs/msg/detail/timed_switch__functions.h
[43.483s] -- Installing: /home/atwork/limo_3.0/install/wiimote_msgs/include/wiimote_msgs/wiimote_msgs/msg/detail/state__description.c
[43.483s] -- Installing: /home/atwork/limo_3.0/install/wiimote_msgs/include/wiimote_msgs/wiimote_msgs/msg/detail/state__functions.c
[43.484s] -- Installing: /home/atwork/limo_3.0/install/wiimote_msgs/include/wiimote_msgs/wiimote_msgs/msg/detail/ir_source_info__type_support.h
[43.485s] -- Installing: /home/atwork/limo_3.0/install/wiimote_msgs/include/wiimote_msgs/wiimote_msgs/msg/detail/ir_source_info__type_support.c
[43.487s] -- Installing: /home/atwork/limo_3.0/install/wiimote_msgs/include/wiimote_msgs/wiimote_msgs/msg/detail/ir_source_info__functions.c
[43.488s] -- Installing: /home/atwork/limo_3.0/install/wiimote_msgs/include/wiimote_msgs/wiimote_msgs/msg/detail/timed_switch__functions.c
[43.490s] -- Installing: /home/atwork/limo_3.0/install/wiimote_msgs/include/wiimote_msgs/wiimote_msgs/msg/detail/state__type_support.c
[43.493s] -- Installing: /home/atwork/limo_3.0/install/wiimote_msgs/include/wiimote_msgs/wiimote_msgs/msg/detail/state__functions.h
[43.493s] -- Installing: /home/atwork/limo_3.0/install/wiimote_msgs/include/wiimote_msgs/wiimote_msgs/msg/detail/state__struct.h
[43.497s] -- Installing: /home/atwork/limo_3.0/install/wiimote_msgs/include/wiimote_msgs/wiimote_msgs/msg/detail/timed_switch__struct.h
[43.497s] -- Installing: /home/atwork/limo_3.0/install/wiimote_msgs/include/wiimote_msgs/wiimote_msgs/msg/detail/timed_switch__type_support.h
[43.497s] -- Installing: /home/atwork/limo_3.0/install/wiimote_msgs/include/wiimote_msgs/wiimote_msgs/msg/detail/timed_switch__type_support.c
[43.497s] -- Installing: /home/atwork/limo_3.0/install/wiimote_msgs/include/wiimote_msgs/wiimote_msgs/msg/detail/state__type_support.h
[43.497s] -- Installing: /home/atwork/limo_3.0/install/wiimote_msgs/include/wiimote_msgs/wiimote_msgs/msg/detail/ir_source_info__struct.h
[43.498s] -- Installing: /home/atwork/limo_3.0/install/wiimote_msgs/include/wiimote_msgs/wiimote_msgs/msg/detail/timed_switch__description.c
[43.498s] -- Installing: /home/atwork/limo_3.0/install/wiimote_msgs/include/wiimote_msgs/wiimote_msgs/msg/detail/ir_source_info__description.c
[43.498s] -- Installing: /home/atwork/limo_3.0/install/wiimote_msgs/include/wiimote_msgs/wiimote_msgs/msg/ir_source_info.h
[43.498s] -- Installing: /home/atwork/limo_3.0/install/wiimote_msgs/include/wiimote_msgs/wiimote_msgs/msg/timed_switch.h
[43.499s] -- Installing: /home/atwork/limo_3.0/install/wiimote_msgs/include/wiimote_msgs/wiimote_msgs/msg/state.h
[43.500s] -- Installing: /home/atwork/limo_3.0/install/wiimote_msgs/include/wiimote_msgs/wiimote_msgs/msg/rosidl_generator_c__visibility_control.h
[43.500s] -- Installing: /home/atwork/limo_3.0/install/wiimote_msgs/share/wiimote_msgs/environment/library_path.sh
[43.500s] -- Installing: /home/atwork/limo_3.0/install/wiimote_msgs/share/wiimote_msgs/environment/library_path.dsv
[43.500s] -- Installing: /home/atwork/limo_3.0/install/wiimote_msgs/lib/libwiimote_msgs__rosidl_generator_c.so
[43.500s] -- Set non-toolchain portion of runtime path of "/home/atwork/limo_3.0/install/wiimote_msgs/lib/libwiimote_msgs__rosidl_generator_c.so" to ""
[43.501s] -- Up-to-date: /home/atwork/limo_3.0/install/wiimote_msgs/include/wiimote_msgs/wiimote_msgs
[43.501s] -- Up-to-date: /home/atwork/limo_3.0/install/wiimote_msgs/include/wiimote_msgs/wiimote_msgs/msg
[43.504s] -- Installing: /home/atwork/limo_3.0/install/wiimote_msgs/include/wiimote_msgs/wiimote_msgs/msg/rosidl_typesupport_fastrtps_c__visibility_control.h
[43.504s] -- Up-to-date: /home/atwork/limo_3.0/install/wiimote_msgs/include/wiimote_msgs/wiimote_msgs/msg/detail
[43.504s] -- Installing: /home/atwork/limo_3.0/install/wiimote_msgs/include/wiimote_msgs/wiimote_msgs/msg/detail/ir_source_info__rosidl_typesupport_fastrtps_c.h
[43.504s] -- Installing: /home/atwork/limo_3.0/install/wiimote_msgs/include/wiimote_msgs/wiimote_msgs/msg/detail/state__rosidl_typesupport_fastrtps_c.h
[43.504s] -- Installing: /home/atwork/limo_3.0/install/wiimote_msgs/include/wiimote_msgs/wiimote_msgs/msg/detail/timed_switch__rosidl_typesupport_fastrtps_c.h
[43.504s] -- Installing: /home/atwork/limo_3.0/install/wiimote_msgs/lib/libwiimote_msgs__rosidl_typesupport_fastrtps_c.so
[43.505s] -- Set non-toolchain portion of runtime path of "/home/atwork/limo_3.0/install/wiimote_msgs/lib/libwiimote_msgs__rosidl_typesupport_fastrtps_c.so" to ""
[43.505s] -- Up-to-date: /home/atwork/limo_3.0/install/wiimote_msgs/include/wiimote_msgs/wiimote_msgs
[43.505s] -- Up-to-date: /home/atwork/limo_3.0/install/wiimote_msgs/include/wiimote_msgs/wiimote_msgs/msg
[43.505s] -- Up-to-date: /home/atwork/limo_3.0/install/wiimote_msgs/include/wiimote_msgs/wiimote_msgs/msg/detail
[43.506s] -- Installing: /home/atwork/limo_3.0/install/wiimote_msgs/include/wiimote_msgs/wiimote_msgs/msg/detail/ir_source_info__struct.hpp
[43.506s] -- Installing: /home/atwork/limo_3.0/install/wiimote_msgs/include/wiimote_msgs/wiimote_msgs/msg/detail/timed_switch__type_support.hpp
[43.506s] -- Installing: /home/atwork/limo_3.0/install/wiimote_msgs/include/wiimote_msgs/wiimote_msgs/msg/detail/state__type_support.hpp
[43.506s] -- Installing: /home/atwork/limo_3.0/install/wiimote_msgs/include/wiimote_msgs/wiimote_msgs/msg/detail/ir_source_info__traits.hpp
[43.506s] -- Installing: /home/atwork/limo_3.0/install/wiimote_msgs/include/wiimote_msgs/wiimote_msgs/msg/detail/state__builder.hpp
[43.506s] -- Installing: /home/atwork/limo_3.0/install/wiimote_msgs/include/wiimote_msgs/wiimote_msgs/msg/detail/timed_switch__builder.hpp
[43.506s] -- Installing: /home/atwork/limo_3.0/install/wiimote_msgs/include/wiimote_msgs/wiimote_msgs/msg/detail/timed_switch__struct.hpp
[43.506s] -- Installing: /home/atwork/limo_3.0/install/wiimote_msgs/include/wiimote_msgs/wiimote_msgs/msg/detail/state__traits.hpp
[43.507s] -- Installing: /home/atwork/limo_3.0/install/wiimote_msgs/include/wiimote_msgs/wiimote_msgs/msg/detail/timed_switch__traits.hpp
[43.507s] -- Installing: /home/atwork/limo_3.0/install/wiimote_msgs/include/wiimote_msgs/wiimote_msgs/msg/detail/state__struct.hpp
[43.507s] -- Installing: /home/atwork/limo_3.0/install/wiimote_msgs/include/wiimote_msgs/wiimote_msgs/msg/detail/ir_source_info__type_support.hpp
[43.507s] -- Installing: /home/atwork/limo_3.0/install/wiimote_msgs/include/wiimote_msgs/wiimote_msgs/msg/detail/ir_source_info__builder.hpp
[43.507s] -- Installing: /home/atwork/limo_3.0/install/wiimote_msgs/include/wiimote_msgs/wiimote_msgs/msg/ir_source_info.hpp
[43.507s] -- Installing: /home/atwork/limo_3.0/install/wiimote_msgs/include/wiimote_msgs/wiimote_msgs/msg/rosidl_generator_cpp__visibility_control.hpp
[43.507s] -- Installing: /home/atwork/limo_3.0/install/wiimote_msgs/include/wiimote_msgs/wiimote_msgs/msg/timed_switch.hpp
[43.507s] -- Installing: /home/atwork/limo_3.0/install/wiimote_msgs/include/wiimote_msgs/wiimote_msgs/msg/state.hpp
[43.508s] -- Up-to-date: /home/atwork/limo_3.0/install/wiimote_msgs/include/wiimote_msgs/wiimote_msgs
[43.508s] -- Up-to-date: /home/atwork/limo_3.0/install/wiimote_msgs/include/wiimote_msgs/wiimote_msgs/msg
[43.508s] -- Up-to-date: /home/atwork/limo_3.0/install/wiimote_msgs/include/wiimote_msgs/wiimote_msgs/msg/detail
[43.508s] -- Installing: /home/atwork/limo_3.0/install/wiimote_msgs/include/wiimote_msgs/wiimote_msgs/msg/detail/timed_switch__rosidl_typesupport_fastrtps_cpp.hpp
[43.508s] -- Installing: /home/atwork/limo_3.0/install/wiimote_msgs/include/wiimote_msgs/wiimote_msgs/msg/detail/ir_source_info__rosidl_typesupport_fastrtps_cpp.hpp
[43.508s] -- Installing: /home/atwork/limo_3.0/install/wiimote_msgs/include/wiimote_msgs/wiimote_msgs/msg/detail/state__rosidl_typesupport_fastrtps_cpp.hpp
[43.508s] -- Installing: /home/atwork/limo_3.0/install/wiimote_msgs/include/wiimote_msgs/wiimote_msgs/msg/detail/dds_fastrtps
[43.508s] -- Installing: /home/atwork/limo_3.0/install/wiimote_msgs/include/wiimote_msgs/wiimote_msgs/msg/rosidl_typesupport_fastrtps_cpp__visibility_control.h
[43.508s] -- Installing: /home/atwork/limo_3.0/install/wiimote_msgs/lib/libwiimote_msgs__rosidl_typesupport_fastrtps_cpp.so
[43.508s] -- Set non-toolchain portion of runtime path of "/home/atwork/limo_3.0/install/wiimote_msgs/lib/libwiimote_msgs__rosidl_typesupport_fastrtps_cpp.so" to ""
[43.509s] -- Up-to-date: /home/atwork/limo_3.0/install/wiimote_msgs/include/wiimote_msgs/wiimote_msgs
[43.509s] -- Up-to-date: /home/atwork/limo_3.0/install/wiimote_msgs/include/wiimote_msgs/wiimote_msgs/msg
[43.509s] -- Up-to-date: /home/atwork/limo_3.0/install/wiimote_msgs/include/wiimote_msgs/wiimote_msgs/msg/detail
[43.509s] -- Installing: /home/atwork/limo_3.0/install/wiimote_msgs/include/wiimote_msgs/wiimote_msgs/msg/detail/ir_source_info__rosidl_typesupport_introspection_c.h
[43.509s] -- Installing: /home/atwork/limo_3.0/install/wiimote_msgs/include/wiimote_msgs/wiimote_msgs/msg/detail/ir_source_info__type_support.c
[43.509s] -- Installing: /home/atwork/limo_3.0/install/wiimote_msgs/include/wiimote_msgs/wiimote_msgs/msg/detail/timed_switch__rosidl_typesupport_introspection_c.h
[43.509s] -- Installing: /home/atwork/limo_3.0/install/wiimote_msgs/include/wiimote_msgs/wiimote_msgs/msg/detail/state__type_support.c
[43.509s] -- Installing: /home/atwork/limo_3.0/install/wiimote_msgs/include/wiimote_msgs/wiimote_msgs/msg/detail/timed_switch__type_support.c
[43.509s] -- Installing: /home/atwork/limo_3.0/install/wiimote_msgs/include/wiimote_msgs/wiimote_msgs/msg/detail/state__rosidl_typesupport_introspection_c.h
[43.510s] -- Installing: /home/atwork/limo_3.0/install/wiimote_msgs/include/wiimote_msgs/wiimote_msgs/msg/rosidl_typesupport_introspection_c__visibility_control.h
[43.510s] -- Installing: /home/atwork/limo_3.0/install/wiimote_msgs/lib/libwiimote_msgs__rosidl_typesupport_introspection_c.so
[43.511s] -- Set non-toolchain portion of runtime path of "/home/atwork/limo_3.0/install/wiimote_msgs/lib/libwiimote_msgs__rosidl_typesupport_introspection_c.so" to ""
[43.511s] -- Installing: /home/atwork/limo_3.0/install/wiimote_msgs/lib/libwiimote_msgs__rosidl_typesupport_c.so
[43.511s] -- Set non-toolchain portion of runtime path of "/home/atwork/limo_3.0/install/wiimote_msgs/lib/libwiimote_msgs__rosidl_typesupport_c.so" to ""
[43.511s] -- Up-to-date: /home/atwork/limo_3.0/install/wiimote_msgs/include/wiimote_msgs/wiimote_msgs
[43.511s] -- Up-to-date: /home/atwork/limo_3.0/install/wiimote_msgs/include/wiimote_msgs/wiimote_msgs/msg
[43.511s] -- Up-to-date: /home/atwork/limo_3.0/install/wiimote_msgs/include/wiimote_msgs/wiimote_msgs/msg/detail
[43.511s] -- Installing: /home/atwork/limo_3.0/install/wiimote_msgs/include/wiimote_msgs/wiimote_msgs/msg/detail/state__type_support.cpp
[43.511s] -- Installing: /home/atwork/limo_3.0/install/wiimote_msgs/include/wiimote_msgs/wiimote_msgs/msg/detail/state__rosidl_typesupport_introspection_cpp.hpp
[43.511s] -- Installing: /home/atwork/limo_3.0/install/wiimote_msgs/include/wiimote_msgs/wiimote_msgs/msg/detail/ir_source_info__rosidl_typesupport_introspection_cpp.hpp
[43.511s] -- Installing: /home/atwork/limo_3.0/install/wiimote_msgs/include/wiimote_msgs/wiimote_msgs/msg/detail/ir_source_info__type_support.cpp
[43.512s] -- Installing: /home/atwork/limo_3.0/install/wiimote_msgs/include/wiimote_msgs/wiimote_msgs/msg/detail/timed_switch__rosidl_typesupport_introspection_cpp.hpp
[43.512s] -- Installing: /home/atwork/limo_3.0/install/wiimote_msgs/include/wiimote_msgs/wiimote_msgs/msg/detail/timed_switch__type_support.cpp
[43.512s] -- Installing: /home/atwork/limo_3.0/install/wiimote_msgs/lib/libwiimote_msgs__rosidl_typesupport_introspection_cpp.so
[43.512s] -- Set non-toolchain portion of runtime path of "/home/atwork/limo_3.0/install/wiimote_msgs/lib/libwiimote_msgs__rosidl_typesupport_introspection_cpp.so" to ""
[43.512s] -- Installing: /home/atwork/limo_3.0/install/wiimote_msgs/lib/libwiimote_msgs__rosidl_typesupport_cpp.so
[43.512s] -- Set non-toolchain portion of runtime path of "/home/atwork/limo_3.0/install/wiimote_msgs/lib/libwiimote_msgs__rosidl_typesupport_cpp.so" to ""
[43.512s] -- Installing: /home/atwork/limo_3.0/install/wiimote_msgs/share/wiimote_msgs/environment/pythonpath.sh
[43.512s] -- Installing: /home/atwork/limo_3.0/install/wiimote_msgs/share/wiimote_msgs/environment/pythonpath.dsv
[43.512s] -- Installing: /home/atwork/limo_3.0/install/wiimote_msgs/lib/python3.12/site-packages/wiimote_msgs-3.3.0-py3.12.egg-info
[43.513s] -- Installing: /home/atwork/limo_3.0/install/wiimote_msgs/lib/python3.12/site-packages/wiimote_msgs-3.3.0-py3.12.egg-info/PKG-INFO
[43.513s] -- Installing: /home/atwork/limo_3.0/install/wiimote_msgs/lib/python3.12/site-packages/wiimote_msgs-3.3.0-py3.12.egg-info/top_level.txt
[43.513s] -- Installing: /home/atwork/limo_3.0/install/wiimote_msgs/lib/python3.12/site-packages/wiimote_msgs-3.3.0-py3.12.egg-info/dependency_links.txt
[43.513s] -- Installing: /home/atwork/limo_3.0/install/wiimote_msgs/lib/python3.12/site-packages/wiimote_msgs-3.3.0-py3.12.egg-info/SOURCES.txt
[43.513s] -- Installing: /home/atwork/limo_3.0/install/wiimote_msgs/lib/python3.12/site-packages/wiimote_msgs
[43.513s] -- Installing: /home/atwork/limo_3.0/install/wiimote_msgs/lib/python3.12/site-packages/wiimote_msgs/wiimote_msgs_s__rosidl_typesupport_introspection_c.so
[43.513s] -- Installing: /home/atwork/limo_3.0/install/wiimote_msgs/lib/python3.12/site-packages/wiimote_msgs/_wiimote_msgs_s.ep.rosidl_typesupport_c.c
[43.514s] -- Installing: /home/atwork/limo_3.0/install/wiimote_msgs/lib/python3.12/site-packages/wiimote_msgs/wiimote_msgs_s__rosidl_typesupport_c.so
[43.514s] -- Installing: /home/atwork/limo_3.0/install/wiimote_msgs/lib/python3.12/site-packages/wiimote_msgs/__init__.py
[43.514s] -- Installing: /home/atwork/limo_3.0/install/wiimote_msgs/lib/python3.12/site-packages/wiimote_msgs/wiimote_msgs_s__rosidl_typesupport_fastrtps_c.so
[43.514s] -- Installing: /home/atwork/limo_3.0/install/wiimote_msgs/lib/python3.12/site-packages/wiimote_msgs/msg
[43.514s] -- Installing: /home/atwork/limo_3.0/install/wiimote_msgs/lib/python3.12/site-packages/wiimote_msgs/msg/_timed_switch_s.c
[43.514s] -- Installing: /home/atwork/limo_3.0/install/wiimote_msgs/lib/python3.12/site-packages/wiimote_msgs/msg/_ir_source_info.py
[43.514s] -- Installing: /home/atwork/limo_3.0/install/wiimote_msgs/lib/python3.12/site-packages/wiimote_msgs/msg/_timed_switch.py
[43.514s] -- Installing: /home/atwork/limo_3.0/install/wiimote_msgs/lib/python3.12/site-packages/wiimote_msgs/msg/__init__.py
[43.515s] -- Installing: /home/atwork/limo_3.0/install/wiimote_msgs/lib/python3.12/site-packages/wiimote_msgs/msg/_state.py
[43.515s] -- Installing: /home/atwork/limo_3.0/install/wiimote_msgs/lib/python3.12/site-packages/wiimote_msgs/msg/_ir_source_info_s.c
[43.515s] -- Installing: /home/atwork/limo_3.0/install/wiimote_msgs/lib/python3.12/site-packages/wiimote_msgs/msg/_state_s.c
[43.515s] -- Installing: /home/atwork/limo_3.0/install/wiimote_msgs/lib/python3.12/site-packages/wiimote_msgs/_wiimote_msgs_s.ep.rosidl_typesupport_fastrtps_c.c
[43.515s] -- Installing: /home/atwork/limo_3.0/install/wiimote_msgs/lib/python3.12/site-packages/wiimote_msgs/_wiimote_msgs_s.ep.rosidl_typesupport_introspection_c.c
[43.594s] Listing '/home/atwork/limo_3.0/install/wiimote_msgs/lib/python3.12/site-packages/wiimote_msgs'...
[43.594s] Compiling '/home/atwork/limo_3.0/install/wiimote_msgs/lib/python3.12/site-packages/wiimote_msgs/__init__.py'...
[43.594s] Listing '/home/atwork/limo_3.0/install/wiimote_msgs/lib/python3.12/site-packages/wiimote_msgs/msg'...
[43.594s] Compiling '/home/atwork/limo_3.0/install/wiimote_msgs/lib/python3.12/site-packages/wiimote_msgs/msg/__init__.py'...
[43.594s] Compiling '/home/atwork/limo_3.0/install/wiimote_msgs/lib/python3.12/site-packages/wiimote_msgs/msg/_ir_source_info.py'...
[43.595s] Compiling '/home/atwork/limo_3.0/install/wiimote_msgs/lib/python3.12/site-packages/wiimote_msgs/msg/_state.py'...
[43.595s] Compiling '/home/atwork/limo_3.0/install/wiimote_msgs/lib/python3.12/site-packages/wiimote_msgs/msg/_timed_switch.py'...
[43.611s] -- Installing: /home/atwork/limo_3.0/install/wiimote_msgs/lib/python3.12/site-packages/wiimote_msgs/wiimote_msgs_s__rosidl_typesupport_fastrtps_c.so
[43.612s] -- Set non-toolchain portion of runtime path of "/home/atwork/limo_3.0/install/wiimote_msgs/lib/python3.12/site-packages/wiimote_msgs/wiimote_msgs_s__rosidl_typesupport_fastrtps_c.so" to ""
[43.612s] -- Installing: /home/atwork/limo_3.0/install/wiimote_msgs/lib/python3.12/site-packages/wiimote_msgs/wiimote_msgs_s__rosidl_typesupport_introspection_c.so
[43.613s] -- Set non-toolchain portion of runtime path of "/home/atwork/limo_3.0/install/wiimote_msgs/lib/python3.12/site-packages/wiimote_msgs/wiimote_msgs_s__rosidl_typesupport_introspection_c.so" to ""
[43.614s] -- Installing: /home/atwork/limo_3.0/install/wiimote_msgs/lib/python3.12/site-packages/wiimote_msgs/wiimote_msgs_s__rosidl_typesupport_c.so
[43.615s] -- Set non-toolchain portion of runtime path of "/home/atwork/limo_3.0/install/wiimote_msgs/lib/python3.12/site-packages/wiimote_msgs/wiimote_msgs_s__rosidl_typesupport_c.so" to ""
[43.616s] -- Installing: /home/atwork/limo_3.0/install/wiimote_msgs/lib/libwiimote_msgs__rosidl_generator_py.so
[43.618s] -- Set non-toolchain portion of runtime path of "/home/atwork/limo_3.0/install/wiimote_msgs/lib/libwiimote_msgs__rosidl_generator_py.so" to ""
[43.618s] -- Installing: /home/atwork/limo_3.0/install/wiimote_msgs/share/wiimote_msgs/msg/IrSourceInfo.idl
[43.619s] -- Installing: /home/atwork/limo_3.0/install/wiimote_msgs/share/wiimote_msgs/msg/State.idl
[43.619s] -- Installing: /home/atwork/limo_3.0/install/wiimote_msgs/share/wiimote_msgs/msg/TimedSwitch.idl
[43.620s] -- Installing: /home/atwork/limo_3.0/install/wiimote_msgs/share/wiimote_msgs/msg/IrSourceInfo.msg
[43.620s] -- Installing: /home/atwork/limo_3.0/install/wiimote_msgs/share/wiimote_msgs/msg/State.msg
[43.621s] -- Installing: /home/atwork/limo_3.0/install/wiimote_msgs/share/wiimote_msgs/msg/TimedSwitch.msg
[43.622s] -- Installing: /home/atwork/limo_3.0/install/wiimote_msgs/share/ament_index/resource_index/package_run_dependencies/wiimote_msgs
[43.622s] -- Installing: /home/atwork/limo_3.0/install/wiimote_msgs/share/ament_index/resource_index/parent_prefix_path/wiimote_msgs
[43.623s] -- Installing: /home/atwork/limo_3.0/install/wiimote_msgs/share/wiimote_msgs/environment/ament_prefix_path.sh
[43.623s] -- Installing: /home/atwork/limo_3.0/install/wiimote_msgs/share/wiimote_msgs/environment/ament_prefix_path.dsv
[43.624s] -- Installing: /home/atwork/limo_3.0/install/wiimote_msgs/share/wiimote_msgs/environment/path.sh
[43.625s] -- Installing: /home/atwork/limo_3.0/install/wiimote_msgs/share/wiimote_msgs/environment/path.dsv
[43.625s] -- Installing: /home/atwork/limo_3.0/install/wiimote_msgs/share/wiimote_msgs/local_setup.bash
[43.626s] -- Installing: /home/atwork/limo_3.0/install/wiimote_msgs/share/wiimote_msgs/local_setup.sh
[43.626s] -- Installing: /home/atwork/limo_3.0/install/wiimote_msgs/share/wiimote_msgs/local_setup.zsh
[43.628s] -- Installing: /home/atwork/limo_3.0/install/wiimote_msgs/share/wiimote_msgs/local_setup.dsv
[43.628s] -- Installing: /home/atwork/limo_3.0/install/wiimote_msgs/share/wiimote_msgs/package.dsv
[43.629s] -- Installing: /home/atwork/limo_3.0/install/wiimote_msgs/share/ament_index/resource_index/packages/wiimote_msgs
[43.629s] -- Installing: /home/atwork/limo_3.0/install/wiimote_msgs/share/wiimote_msgs/cmake/export_wiimote_msgs__rosidl_generator_cExport.cmake
[43.630s] -- Installing: /home/atwork/limo_3.0/install/wiimote_msgs/share/wiimote_msgs/cmake/export_wiimote_msgs__rosidl_generator_cExport-noconfig.cmake
[43.630s] -- Installing: /home/atwork/limo_3.0/install/wiimote_msgs/share/wiimote_msgs/cmake/export_wiimote_msgs__rosidl_typesupport_fastrtps_cExport.cmake
[43.631s] -- Installing: /home/atwork/limo_3.0/install/wiimote_msgs/share/wiimote_msgs/cmake/export_wiimote_msgs__rosidl_typesupport_fastrtps_cExport-noconfig.cmake
[43.631s] -- Installing: /home/atwork/limo_3.0/install/wiimote_msgs/share/wiimote_msgs/cmake/export_wiimote_msgs__rosidl_generator_cppExport.cmake
[43.632s] -- Installing: /home/atwork/limo_3.0/install/wiimote_msgs/share/wiimote_msgs/cmake/export_wiimote_msgs__rosidl_typesupport_fastrtps_cppExport.cmake
[43.633s] -- Installing: /home/atwork/limo_3.0/install/wiimote_msgs/share/wiimote_msgs/cmake/export_wiimote_msgs__rosidl_typesupport_fastrtps_cppExport-noconfig.cmake
[43.634s] -- Installing: /home/atwork/limo_3.0/install/wiimote_msgs/share/wiimote_msgs/cmake/wiimote_msgs__rosidl_typesupport_introspection_cExport.cmake
[43.634s] -- Installing: /home/atwork/limo_3.0/install/wiimote_msgs/share/wiimote_msgs/cmake/wiimote_msgs__rosidl_typesupport_introspection_cExport-noconfig.cmake
[43.635s] -- Installing: /home/atwork/limo_3.0/install/wiimote_msgs/share/wiimote_msgs/cmake/wiimote_msgs__rosidl_typesupport_cExport.cmake
[43.635s] -- Installing: /home/atwork/limo_3.0/install/wiimote_msgs/share/wiimote_msgs/cmake/wiimote_msgs__rosidl_typesupport_cExport-noconfig.cmake
[43.636s] -- Installing: /home/atwork/limo_3.0/install/wiimote_msgs/share/wiimote_msgs/cmake/wiimote_msgs__rosidl_typesupport_introspection_cppExport.cmake
[43.637s] -- Installing: /home/atwork/limo_3.0/install/wiimote_msgs/share/wiimote_msgs/cmake/wiimote_msgs__rosidl_typesupport_introspection_cppExport-noconfig.cmake
[43.637s] -- Installing: /home/atwork/limo_3.0/install/wiimote_msgs/share/wiimote_msgs/cmake/wiimote_msgs__rosidl_typesupport_cppExport.cmake
[43.638s] -- Installing: /home/atwork/limo_3.0/install/wiimote_msgs/share/wiimote_msgs/cmake/wiimote_msgs__rosidl_typesupport_cppExport-noconfig.cmake
[43.639s] -- Installing: /home/atwork/limo_3.0/install/wiimote_msgs/share/wiimote_msgs/cmake/export_wiimote_msgs__rosidl_generator_pyExport.cmake
[43.639s] -- Installing: /home/atwork/limo_3.0/install/wiimote_msgs/share/wiimote_msgs/cmake/export_wiimote_msgs__rosidl_generator_pyExport-noconfig.cmake
[43.640s] -- Installing: /home/atwork/limo_3.0/install/wiimote_msgs/share/wiimote_msgs/cmake/rosidl_cmake-extras.cmake
[43.641s] -- Installing: /home/atwork/limo_3.0/install/wiimote_msgs/share/wiimote_msgs/cmake/ament_cmake_export_dependencies-extras.cmake
[43.641s] -- Installing: /home/atwork/limo_3.0/install/wiimote_msgs/share/wiimote_msgs/cmake/ament_cmake_export_include_directories-extras.cmake
[43.642s] -- Installing: /home/atwork/limo_3.0/install/wiimote_msgs/share/wiimote_msgs/cmake/ament_cmake_export_libraries-extras.cmake
[43.642s] -- Installing: /home/atwork/limo_3.0/install/wiimote_msgs/share/wiimote_msgs/cmake/ament_cmake_export_targets-extras.cmake
[43.643s] -- Installing: /home/atwork/limo_3.0/install/wiimote_msgs/share/wiimote_msgs/cmake/rosidl_cmake_export_typesupport_targets-extras.cmake
[43.643s] -- Installing: /home/atwork/limo_3.0/install/wiimote_msgs/share/wiimote_msgs/cmake/rosidl_cmake_export_typesupport_libraries-extras.cmake
[43.644s] -- Installing: /home/atwork/limo_3.0/install/wiimote_msgs/share/wiimote_msgs/cmake/wiimote_msgsConfig.cmake
[43.644s] -- Installing: /home/atwork/limo_3.0/install/wiimote_msgs/share/wiimote_msgs/cmake/wiimote_msgsConfig-version.cmake
[43.645s] -- Installing: /home/atwork/limo_3.0/install/wiimote_msgs/share/wiimote_msgs/package.xml
[43.650s] Invoked command in '/home/atwork/limo_3.0/build/wiimote_msgs' returned '0': CMAKE_PREFIX_PATH=${CMAKE_PREFIX_PATH}:/home/atwork/limo_3.0/install/limo_cartographer:/home/atwork/limo_3.0/install/limo_bringup:/home/atwork/limo_3.0/install/p9n_bringup:/opt/ros/jazzy DEBUGINFOD_URLS=https://debuginfod.ubuntu.com /usr/bin/cmake --install /home/atwork/limo_3.0/build/wiimote_msgs
