[0.022s] Invoking command in '/home/atwork/limo_3.0/build/sdl2_vendor': CMAKE_PREFIX_PATH=${CMAKE_PREFIX_PATH}:/home/atwork/limo_3.0/install/limo_cartographer:/home/atwork/limo_3.0/install/limo_bringup:/home/atwork/limo_3.0/install/p9n_bringup:/opt/ros/jazzy DEBUGINFOD_URLS=https://debuginfod.ubuntu.com /usr/bin/cmake /home/atwork/limo_3.0/src/joystick_drivers/sdl2_vendor -DCMAKE_INSTALL_PREFIX=/home/atwork/limo_3.0/install/sdl2_vendor
[0.128s] -- The C compiler identification is GNU 13.3.0
[0.244s] -- The CXX compiler identification is GNU 13.3.0
[0.279s] -- Detecting C compiler ABI info
[0.408s] -- Detecting C compiler ABI info - done
[0.428s] -- Check for working C compiler: /usr/bin/cc - skipped
[0.428s] -- Detecting C compile features
[0.430s] -- Detecting C compile features - done
[0.443s] -- Detecting CXX compiler ABI info
[0.606s] -- Detecting CXX compiler ABI info - done
[0.638s] -- Check for working CXX compiler: /usr/bin/c++ - skipped
[0.638s] -- Detecting CXX compile features
[0.639s] -- Detecting CXX compile features - done
[0.643s] -- Found ament_cmake: 2.5.4 (/opt/ros/jazzy/share/ament_cmake/cmake)
[0.917s] -- Found Python3: /usr/bin/python3 (found version "3.12.3") found components: Interpreter 
[1.256s] -- Configuring done (1.2s)
[1.261s] -- Generating done (0.0s)
[1.269s] -- Build files have been written to: /home/atwork/limo_3.0/build/sdl2_vendor
[1.281s] Invoked command in '/home/atwork/limo_3.0/build/sdl2_vendor' returned '0': CMAKE_PREFIX_PATH=${CMAKE_PREFIX_PATH}:/home/atwork/limo_3.0/install/limo_cartographer:/home/atwork/limo_3.0/install/limo_bringup:/home/atwork/limo_3.0/install/p9n_bringup:/opt/ros/jazzy DEBUGINFOD_URLS=https://debuginfod.ubuntu.com /usr/bin/cmake /home/atwork/limo_3.0/src/joystick_drivers/sdl2_vendor -DCMAKE_INSTALL_PREFIX=/home/atwork/limo_3.0/install/sdl2_vendor
[1.282s] Invoking command in '/home/atwork/limo_3.0/build/sdl2_vendor': CMAKE_PREFIX_PATH=${CMAKE_PREFIX_PATH}:/home/atwork/limo_3.0/install/limo_cartographer:/home/atwork/limo_3.0/install/limo_bringup:/home/atwork/limo_3.0/install/p9n_bringup:/opt/ros/jazzy DEBUGINFOD_URLS=https://debuginfod.ubuntu.com /usr/bin/cmake --build /home/atwork/limo_3.0/build/sdl2_vendor -- -j4 -l4
[1.334s] Invoked command in '/home/atwork/limo_3.0/build/sdl2_vendor' returned '0': CMAKE_PREFIX_PATH=${CMAKE_PREFIX_PATH}:/home/atwork/limo_3.0/install/limo_cartographer:/home/atwork/limo_3.0/install/limo_bringup:/home/atwork/limo_3.0/install/p9n_bringup:/opt/ros/jazzy DEBUGINFOD_URLS=https://debuginfod.ubuntu.com /usr/bin/cmake --build /home/atwork/limo_3.0/build/sdl2_vendor -- -j4 -l4
[1.347s] Invoking command in '/home/atwork/limo_3.0/build/sdl2_vendor': CMAKE_PREFIX_PATH=${CMAKE_PREFIX_PATH}:/home/atwork/limo_3.0/install/limo_cartographer:/home/atwork/limo_3.0/install/limo_bringup:/home/atwork/limo_3.0/install/p9n_bringup:/opt/ros/jazzy DEBUGINFOD_URLS=https://debuginfod.ubuntu.com /usr/bin/cmake --install /home/atwork/limo_3.0/build/sdl2_vendor
[1.358s] -- Install configuration: ""
[1.358s] -- Installing: /home/atwork/limo_3.0/install/sdl2_vendor/share/sdl2_vendor/cmake
[1.360s] -- Installing: /home/atwork/limo_3.0/install/sdl2_vendor/share/sdl2_vendor/cmake/Modules
[1.360s] -- Installing: /home/atwork/limo_3.0/install/sdl2_vendor/share/sdl2_vendor/cmake/Modules/Findsdl2_custom.cmake
[1.360s] -- Installing: /home/atwork/limo_3.0/install/sdl2_vendor/share/ament_index/resource_index/package_run_dependencies/sdl2_vendor
[1.360s] -- Installing: /home/atwork/limo_3.0/install/sdl2_vendor/share/ament_index/resource_index/parent_prefix_path/sdl2_vendor
[1.360s] -- Installing: /home/atwork/limo_3.0/install/sdl2_vendor/share/sdl2_vendor/environment/ament_prefix_path.sh
[1.361s] -- Installing: /home/atwork/limo_3.0/install/sdl2_vendor/share/sdl2_vendor/environment/ament_prefix_path.dsv
[1.361s] -- Installing: /home/atwork/limo_3.0/install/sdl2_vendor/share/sdl2_vendor/environment/path.sh
[1.361s] -- Installing: /home/atwork/limo_3.0/install/sdl2_vendor/share/sdl2_vendor/environment/path.dsv
[1.361s] -- Installing: /home/atwork/limo_3.0/install/sdl2_vendor/share/sdl2_vendor/local_setup.bash
[1.361s] -- Installing: /home/atwork/limo_3.0/install/sdl2_vendor/share/sdl2_vendor/local_setup.sh
[1.362s] -- Installing: /home/atwork/limo_3.0/install/sdl2_vendor/share/sdl2_vendor/local_setup.zsh
[1.363s] -- Installing: /home/atwork/limo_3.0/install/sdl2_vendor/share/sdl2_vendor/local_setup.dsv
[1.363s] -- Installing: /home/atwork/limo_3.0/install/sdl2_vendor/share/sdl2_vendor/package.dsv
[1.363s] -- Installing: /home/atwork/limo_3.0/install/sdl2_vendor/share/ament_index/resource_index/packages/sdl2_vendor
[1.363s] -- Installing: /home/atwork/limo_3.0/install/sdl2_vendor/share/sdl2_vendor/cmake/sdl2_vendor-extras.cmake
[1.363s] -- Installing: /home/atwork/limo_3.0/install/sdl2_vendor/share/sdl2_vendor/cmake/sdl2_vendorConfig.cmake
[1.363s] -- Installing: /home/atwork/limo_3.0/install/sdl2_vendor/share/sdl2_vendor/cmake/sdl2_vendorConfig-version.cmake
[1.363s] -- Installing: /home/atwork/limo_3.0/install/sdl2_vendor/share/sdl2_vendor/package.xml
[1.365s] Invoked command in '/home/atwork/limo_3.0/build/sdl2_vendor' returned '0': CMAKE_PREFIX_PATH=${CMAKE_PREFIX_PATH}:/home/atwork/limo_3.0/install/limo_cartographer:/home/atwork/limo_3.0/install/limo_bringup:/home/atwork/limo_3.0/install/p9n_bringup:/opt/ros/jazzy DEBUGINFOD_URLS=https://debuginfod.ubuntu.com /usr/bin/cmake --install /home/atwork/limo_3.0/build/sdl2_vendor
