-- The C compiler identification is GNU 13.3.0
-- The CXX compiler identification is GNU 13.3.0
-- Detecting C compiler ABI info
-- Detecting C compiler ABI info - done
-- Check for working C compiler: /usr/bin/cc - skipped
-- Detecting C compile features
-- Detecting C compile features - done
-- Detecting CXX compiler ABI info
-- Detecting CXX compiler ABI info - done
-- Check for working CXX compiler: /usr/bin/c++ - skipped
-- Detecting CXX compile features
-- Detecting CXX compile features - done
-- Found ament_cmake: 2.5.4 (/opt/ros/jazzy/share/ament_cmake/cmake)
-- Found Python3: /usr/bin/python3 (found version "3.12.3") found components: Interpreter 
-- Found rclcpp: 28.1.13 (/opt/ros/jazzy/share/rclcpp/cmake)
-- Found rosidl_generator_c: 4.6.6 (/opt/ros/jazzy/share/rosidl_generator_c/cmake)
-- Found rosidl_generator_cpp: 4.6.6 (/opt/ros/jazzy/share/rosidl_generator_cpp/cmake)
-- Using all available rosidl_typesupport_c: rosidl_typesupport_fastrtps_c;rosidl_typesupport_introspection_c
-- Using all available rosidl_typesupport_cpp: rosidl_typesupport_fastrtps_cpp;rosidl_typesupport_introspection_cpp
-- Found rmw_implementation_cmake: 7.3.2 (/opt/ros/jazzy/share/rmw_implementation_cmake/cmake)
-- Found rmw_fastrtps_cpp: 8.4.3 (/opt/ros/jazzy/share/rmw_fastrtps_cpp/cmake)
-- Found OpenSSL: /usr/lib/x86_64-linux-gnu/libcrypto.so (found version "3.0.13")  
-- Found FastRTPS: /opt/ros/jazzy/include (Required is at least version "2.13") 
-- Using RMW implementation 'rmw_fastrtps_cpp' as default
-- Found std_msgs: 5.3.6 (/opt/ros/jazzy/share/std_msgs/cmake)
-- Found geometry_msgs: 5.3.6 (/opt/ros/jazzy/share/geometry_msgs/cmake)
-- Found nav_msgs: 5.3.6 (/opt/ros/jazzy/share/nav_msgs/cmake)
-- Found sensor_msgs: 5.3.6 (/opt/ros/jazzy/share/sensor_msgs/cmake)
-- Found tf2: 0.36.16 (/opt/ros/jazzy/share/tf2/cmake)
-- Found tf2_ros: 0.36.16 (/opt/ros/jazzy/share/tf2_ros/cmake)
-- Found tf2_geometry_msgs: 0.36.16 (/opt/ros/jazzy/share/tf2_geometry_msgs/cmake)
-- Found eigen3_cmake_module: 0.3.0 (/opt/ros/jazzy/share/eigen3_cmake_module/cmake)
-- Found Eigen3: TRUE (found version "3.4.0") 
-- Ensuring Eigen3 include directory is part of orocos-kdl CMake target
-- Found limo_msgs: 0.0.0 (/home/atwork/limo_3.0/install/limo_msgs/share/limo_msgs/cmake)
-- Configuring done (4.1s)
-- Generating done (0.0s)
-- Build files have been written to: /home/atwork/limo_3.0/build/limo_base
[ 25%] [32mBuilding CXX object CMakeFiles/limo_base.dir/src/serial_port.cpp.o[0m
[ 50%] [32mBuilding CXX object CMakeFiles/limo_base.dir/src/limo_base_node.cpp.o[0m
[ 75%] [32mBuilding CXX object CMakeFiles/limo_base.dir/src/limo_driver.cpp.o[0m
[100%] [32m[1mLinking CXX executable limo_base[0m
[100%] Built target limo_base
-- Install configuration: ""
-- Installing: /home/atwork/limo_3.0/install/limo_base/include
-- Installing: /home/atwork/limo_3.0/install/limo_base/include/limo_base
-- Installing: /home/atwork/limo_3.0/install/limo_base/include/limo_base/limo_protocol.h
-- Installing: /home/atwork/limo_3.0/install/limo_base/include/limo_base/limo_driver.h
-- Installing: /home/atwork/limo_3.0/install/limo_base/include/limo_base/serial_port.h
-- Installing: /home/atwork/limo_3.0/install/limo_base/lib/limo_base/limo_base
-- Set non-toolchain portion of runtime path of "/home/atwork/limo_3.0/install/limo_base/lib/limo_base/limo_base" to ""
-- Installing: /home/atwork/limo_3.0/install/limo_base/share/limo_base//launch
-- Installing: /home/atwork/limo_3.0/install/limo_base/share/limo_base//launch/limo_base.launch.py
-- Installing: /home/atwork/limo_3.0/install/limo_base/share/limo_base//launch/start_limo.launch.py
-- Installing: /home/atwork/limo_3.0/install/limo_base/share/limo_base//launch/open_ydlidar_launch.py
-- Installing: /home/atwork/limo_3.0/install/limo_base/share/ament_index/resource_index/package_run_dependencies/limo_base
-- Installing: /home/atwork/limo_3.0/install/limo_base/share/ament_index/resource_index/parent_prefix_path/limo_base
-- Installing: /home/atwork/limo_3.0/install/limo_base/share/limo_base/environment/ament_prefix_path.sh
-- Installing: /home/atwork/limo_3.0/install/limo_base/share/limo_base/environment/ament_prefix_path.dsv
-- Installing: /home/atwork/limo_3.0/install/limo_base/share/limo_base/environment/path.sh
-- Installing: /home/atwork/limo_3.0/install/limo_base/share/limo_base/environment/path.dsv
-- Installing: /home/atwork/limo_3.0/install/limo_base/share/limo_base/local_setup.bash
-- Installing: /home/atwork/limo_3.0/install/limo_base/share/limo_base/local_setup.sh
-- Installing: /home/atwork/limo_3.0/install/limo_base/share/limo_base/local_setup.zsh
-- Installing: /home/atwork/limo_3.0/install/limo_base/share/limo_base/local_setup.dsv
-- Installing: /home/atwork/limo_3.0/install/limo_base/share/limo_base/package.dsv
-- Installing: /home/atwork/limo_3.0/install/limo_base/share/ament_index/resource_index/packages/limo_base
-- Installing: /home/atwork/limo_3.0/install/limo_base/share/limo_base/cmake/ament_cmake_export_include_directories-extras.cmake
-- Installing: /home/atwork/limo_3.0/install/limo_base/share/limo_base/cmake/limo_baseConfig.cmake
-- Installing: /home/atwork/limo_3.0/install/limo_base/share/limo_base/cmake/limo_baseConfig-version.cmake
-- Installing: /home/atwork/limo_3.0/install/limo_base/share/limo_base/package.xml
