[0.024s] Invoking command in '/home/atwork/limo_3.0/build/urg_node': CMAKE_PREFIX_PATH=${CMAKE_PREFIX_PATH}:/home/atwork/limo_3.0/install/limo_bringup:/home/atwork/limo_3.0/install/p9n_bringup:/home/atwork/limo_3.0/install/limo_cartographer:/opt/ros/jazzy DEBUGINFOD_URLS=https://debuginfod.ubuntu.com /usr/bin/cmake --build /home/atwork/limo_3.0/build/urg_node -- -j4 -l4
[0.185s] [ 28%] Built target urg_node_driver
[0.201s] [ 71%] Built target urg_node
[0.303s] [100%] Built target getID
[0.345s] Invoked command in '/home/atwork/limo_3.0/build/urg_node' returned '0': CMAKE_PREFIX_PATH=${CMAKE_PREFIX_PATH}:/home/atwork/limo_3.0/install/limo_bringup:/home/atwork/limo_3.0/install/p9n_bringup:/home/atwork/limo_3.0/install/limo_cartographer:/opt/ros/jazzy DEBUGINFOD_URLS=https://debuginfod.ubuntu.com /usr/bin/cmake --build /home/atwork/limo_3.0/build/urg_node -- -j4 -l4
[0.347s] Invoking command in '/home/atwork/limo_3.0/build/urg_node': CMAKE_PREFIX_PATH=${CMAKE_PREFIX_PATH}:/home/atwork/limo_3.0/install/limo_bringup:/home/atwork/limo_3.0/install/p9n_bringup:/home/atwork/limo_3.0/install/limo_cartographer:/opt/ros/jazzy DEBUGINFOD_URLS=https://debuginfod.ubuntu.com /usr/bin/cmake --install /home/atwork/limo_3.0/build/urg_node
[0.379s] -- Install configuration: ""
[0.379s] -- Up-to-date: /home/atwork/limo_3.0/install/urg_node/lib/urg_node/urg_node_driver
[0.380s] -- Up-to-date: /home/atwork/limo_3.0/install/urg_node/lib/liburg_node.so
[0.380s] -- Up-to-date: /home/atwork/limo_3.0/install/urg_node/lib/urg_node/getID
[0.383s] -- Up-to-date: /home/atwork/limo_3.0/install/urg_node/include
[0.383s] -- Up-to-date: /home/atwork/limo_3.0/install/urg_node/include/urg_node
[0.383s] -- Up-to-date: /home/atwork/limo_3.0/install/urg_node/include/urg_node/urg_c_wrapper.hpp
[0.383s] -- Up-to-date: /home/atwork/limo_3.0/install/urg_node/include/urg_node/urg_node.hpp
[0.384s] -- Up-to-date: /home/atwork/limo_3.0/install/urg_node/lib/urg_node/set_urg_ip.py
[0.384s] -- Up-to-date: /home/atwork/limo_3.0/install/urg_node/share/urg_node/launch
[0.384s] -- Up-to-date: /home/atwork/limo_3.0/install/urg_node/share/urg_node/launch/hokuyo_laser.urdf
[0.384s] -- Up-to-date: /home/atwork/limo_3.0/install/urg_node/share/urg_node/launch/urg_node_launch.py
[0.384s] -- Up-to-date: /home/atwork/limo_3.0/install/urg_node/share/urg_node/launch/urg_node_serial.yaml
[0.384s] -- Up-to-date: /home/atwork/limo_3.0/install/urg_node/share/urg_node/launch/urg_lidar.launch
[0.384s] -- Up-to-date: /home/atwork/limo_3.0/install/urg_node/share/urg_node/launch/urg_node_ethernet.yaml
[0.385s] -- Up-to-date: /home/atwork/limo_3.0/install/urg_node/share/urg_node/meshes
[0.385s] -- Up-to-date: /home/atwork/limo_3.0/install/urg_node/share/urg_node/meshes/hokuyo_ust10.stl
[0.385s] -- Up-to-date: /home/atwork/limo_3.0/install/urg_node/share/urg_node/urdf
[0.394s] -- Up-to-date: /home/atwork/limo_3.0/install/urg_node/share/urg_node/urdf/hokuyo_ust10.urdf.xacro
[0.395s] -- Up-to-date: /home/atwork/limo_3.0/install/urg_node/share/urg_node/environment/library_path.sh
[0.395s] -- Up-to-date: /home/atwork/limo_3.0/install/urg_node/share/urg_node/environment/library_path.dsv
[0.395s] -- Up-to-date: /home/atwork/limo_3.0/install/urg_node/share/ament_index/resource_index/package_run_dependencies/urg_node
[0.395s] -- Up-to-date: /home/atwork/limo_3.0/install/urg_node/share/ament_index/resource_index/parent_prefix_path/urg_node
[0.395s] -- Up-to-date: /home/atwork/limo_3.0/install/urg_node/share/urg_node/environment/ament_prefix_path.sh
[0.395s] -- Up-to-date: /home/atwork/limo_3.0/install/urg_node/share/urg_node/environment/ament_prefix_path.dsv
[0.395s] -- Up-to-date: /home/atwork/limo_3.0/install/urg_node/share/urg_node/environment/path.sh
[0.395s] -- Up-to-date: /home/atwork/limo_3.0/install/urg_node/share/urg_node/environment/path.dsv
[0.406s] -- Up-to-date: /home/atwork/limo_3.0/install/urg_node/share/urg_node/local_setup.bash
[0.406s] -- Up-to-date: /home/atwork/limo_3.0/install/urg_node/share/urg_node/local_setup.sh
[0.406s] -- Up-to-date: /home/atwork/limo_3.0/install/urg_node/share/urg_node/local_setup.zsh
[0.407s] -- Up-to-date: /home/atwork/limo_3.0/install/urg_node/share/urg_node/local_setup.dsv
[0.414s] -- Installing: /home/atwork/limo_3.0/install/urg_node/share/urg_node/package.dsv
[0.414s] -- Up-to-date: /home/atwork/limo_3.0/install/urg_node/share/ament_index/resource_index/packages/urg_node
[0.414s] -- Up-to-date: /home/atwork/limo_3.0/install/urg_node/share/ament_index/resource_index/rclcpp_components/urg_node
[0.414s] -- Up-to-date: /home/atwork/limo_3.0/install/urg_node/share/urg_node/cmake/ament_cmake_export_dependencies-extras.cmake
[0.415s] -- Up-to-date: /home/atwork/limo_3.0/install/urg_node/share/urg_node/cmake/ament_cmake_export_include_directories-extras.cmake
[0.415s] -- Up-to-date: /home/atwork/limo_3.0/install/urg_node/share/urg_node/cmake/ament_cmake_export_libraries-extras.cmake
[0.415s] -- Up-to-date: /home/atwork/limo_3.0/install/urg_node/share/urg_node/cmake/urg_nodeConfig.cmake
[0.415s] -- Up-to-date: /home/atwork/limo_3.0/install/urg_node/share/urg_node/cmake/urg_nodeConfig-version.cmake
[0.415s] -- Up-to-date: /home/atwork/limo_3.0/install/urg_node/share/urg_node/package.xml
[0.476s] Invoked command in '/home/atwork/limo_3.0/build/urg_node' returned '0': CMAKE_PREFIX_PATH=${CMAKE_PREFIX_PATH}:/home/atwork/limo_3.0/install/limo_bringup:/home/atwork/limo_3.0/install/p9n_bringup:/home/atwork/limo_3.0/install/limo_cartographer:/opt/ros/jazzy DEBUGINFOD_URLS=https://debuginfod.ubuntu.com /usr/bin/cmake --install /home/atwork/limo_3.0/build/urg_node
