[0.021s] Invoking command in '/home/atwork/limo_3.0/src/build/p9n_interface': CMAKE_PREFIX_PATH=${CMAKE_PREFIX_PATH}:/home/atwork/limo_3.0/install/limo_bringup:/home/atwork/limo_3.0/install/p9n_bringup:/opt/ros/jazzy DEBUGINFOD_URLS=https://debuginfod.ubuntu.com /usr/bin/cmake /home/atwork/limo_3.0/src/PlayStation-JoyInterface-ROS2/p9n_interface -DCMAKE_INSTALL_PREFIX=/home/atwork/limo_3.0/src/install/p9n_interface
[0.184s] -- The C compiler identification is GNU 13.3.0
[0.322s] -- The CXX compiler identification is GNU 13.3.0
[0.347s] -- Detecting C compiler ABI info
[0.480s] -- Detecting C compiler ABI info - done
[0.499s] -- Check for working C compiler: /usr/bin/cc - skipped
[0.500s] -- Detecting C compile features
[0.500s] -- Detecting C compile features - done
[0.518s] -- Detecting CXX compiler ABI info
[0.670s] -- Detecting CXX compiler ABI info - done
[0.689s] -- Check for working CXX compiler: /usr/bin/c++ - skipped
[0.689s] -- Detecting CXX compile features
[0.690s] -- Detecting CXX compile features - done
[0.704s] -- Found ament_cmake_auto: 2.5.4 (/opt/ros/jazzy/share/ament_cmake_auto/cmake)
[1.012s] -- Found Python3: /usr/bin/python3 (found version "3.12.3") found components: Interpreter 
[1.439s] -- Found rosidl_generator_c: 4.6.6 (/opt/ros/jazzy/share/rosidl_generator_c/cmake)
[1.464s] -- Found rosidl_generator_cpp: 4.6.6 (/opt/ros/jazzy/share/rosidl_generator_cpp/cmake)
[1.501s] -- Using all available rosidl_typesupport_c: rosidl_typesupport_fastrtps_c;rosidl_typesupport_introspection_c
[1.537s] -- Using all available rosidl_typesupport_cpp: rosidl_typesupport_fastrtps_cpp;rosidl_typesupport_introspection_cpp
[1.743s] -- Found rmw_implementation_cmake: 7.3.2 (/opt/ros/jazzy/share/rmw_implementation_cmake/cmake)
[1.753s] -- Found rmw_fastrtps_cpp: 8.4.3 (/opt/ros/jazzy/share/rmw_fastrtps_cpp/cmake)
[1.924s] -- Found OpenSSL: /usr/lib/x86_64-linux-gnu/libcrypto.so (found version "3.0.13")  
[1.969s] -- Found FastRTPS: /opt/ros/jazzy/include (Required is at least version "2.13") 
[2.013s] -- Using RMW implementation 'rmw_fastrtps_cpp' as default
[2.327s] -- Found ament_lint_auto: 0.17.3 (/opt/ros/jazzy/share/ament_lint_auto/cmake)
[2.363s] [0mIn this package, headers install destination is set to `include` by ament_auto_package. It is recommended to install `include/p9n_interface` instead and will be the default behavior of ament_auto_package from ROS 2 Kilted Kaiju. On distributions before Kilted, ament_auto_package behaves the same way when you use USE_SCOPED_HEADER_INSTALL_DIR option.[0m
[2.374s] -- Added test 'cppcheck' to perform static code analysis on C / C++ code
[2.375s] -- Configured cppcheck include dirs: /home/atwork/limo_3.0/src/PlayStation-JoyInterface-ROS2/p9n_interface/include
[2.375s] -- Configured cppcheck exclude dirs and/or files: 
[2.377s] -- Added test 'lint_cmake' to check CMake code style
[2.380s] -- Added test 'uncrustify' to check C / C++ code style
[2.380s] -- Configured uncrustify additional arguments: 
[2.382s] -- Added test 'xmllint' to check XML markup files
[2.398s] -- Configuring done (2.3s)
[2.428s] -- Generating done (0.0s)
[2.441s] -- Build files have been written to: /home/atwork/limo_3.0/src/build/p9n_interface
[2.456s] Invoked command in '/home/atwork/limo_3.0/src/build/p9n_interface' returned '0': CMAKE_PREFIX_PATH=${CMAKE_PREFIX_PATH}:/home/atwork/limo_3.0/install/limo_bringup:/home/atwork/limo_3.0/install/p9n_bringup:/opt/ros/jazzy DEBUGINFOD_URLS=https://debuginfod.ubuntu.com /usr/bin/cmake /home/atwork/limo_3.0/src/PlayStation-JoyInterface-ROS2/p9n_interface -DCMAKE_INSTALL_PREFIX=/home/atwork/limo_3.0/src/install/p9n_interface
[2.458s] Invoking command in '/home/atwork/limo_3.0/src/build/p9n_interface': CMAKE_PREFIX_PATH=${CMAKE_PREFIX_PATH}:/home/atwork/limo_3.0/install/limo_bringup:/home/atwork/limo_3.0/install/p9n_bringup:/opt/ros/jazzy DEBUGINFOD_URLS=https://debuginfod.ubuntu.com /usr/bin/cmake --build /home/atwork/limo_3.0/src/build/p9n_interface -- -j4 -l4
[2.531s] [ 50%] [32mBuilding CXX object CMakeFiles/p9n_interface.dir/src/p9n_interface.cpp.o[0m
[14.427s] [100%] [32m[1mLinking CXX static library libp9n_interface.a[0m
[14.537s] [100%] Built target p9n_interface
[14.600s] Invoked command in '/home/atwork/limo_3.0/src/build/p9n_interface' returned '0': CMAKE_PREFIX_PATH=${CMAKE_PREFIX_PATH}:/home/atwork/limo_3.0/install/limo_bringup:/home/atwork/limo_3.0/install/p9n_bringup:/opt/ros/jazzy DEBUGINFOD_URLS=https://debuginfod.ubuntu.com /usr/bin/cmake --build /home/atwork/limo_3.0/src/build/p9n_interface -- -j4 -l4
[14.600s] Invoking command in '/home/atwork/limo_3.0/src/build/p9n_interface': CMAKE_PREFIX_PATH=${CMAKE_PREFIX_PATH}:/home/atwork/limo_3.0/install/limo_bringup:/home/atwork/limo_3.0/install/p9n_bringup:/opt/ros/jazzy DEBUGINFOD_URLS=https://debuginfod.ubuntu.com /usr/bin/cmake --install /home/atwork/limo_3.0/src/build/p9n_interface
[14.638s] -- Install configuration: ""
[14.638s] -- Installing: /home/atwork/limo_3.0/src/install/p9n_interface/include
[14.639s] -- Installing: /home/atwork/limo_3.0/src/install/p9n_interface/include/p9n_interface
[14.639s] -- Installing: /home/atwork/limo_3.0/src/install/p9n_interface/include/p9n_interface/ps4_dualshock4.hpp
[14.640s] -- Installing: /home/atwork/limo_3.0/src/install/p9n_interface/include/p9n_interface/ps5_dualsense.hpp
[14.640s] -- Installing: /home/atwork/limo_3.0/src/install/p9n_interface/include/p9n_interface/hw_types.hpp
[14.656s] -- Installing: /home/atwork/limo_3.0/src/install/p9n_interface/include/p9n_interface/ps3_dualshock3.hpp
[14.657s] -- Installing: /home/atwork/limo_3.0/src/install/p9n_interface/include/p9n_interface/p9n_interface.hpp
[14.657s] -- Installing: /home/atwork/limo_3.0/src/install/p9n_interface/share/p9n_interface/environment/library_path.sh
[14.659s] -- Installing: /home/atwork/limo_3.0/src/install/p9n_interface/share/p9n_interface/environment/library_path.dsv
[14.659s] -- Installing: /home/atwork/limo_3.0/src/install/p9n_interface/lib/libp9n_interface.a
[14.661s] -- Installing: /home/atwork/limo_3.0/src/install/p9n_interface/share/ament_index/resource_index/package_run_dependencies/p9n_interface
[14.661s] -- Installing: /home/atwork/limo_3.0/src/install/p9n_interface/share/ament_index/resource_index/parent_prefix_path/p9n_interface
[14.661s] -- Installing: /home/atwork/limo_3.0/src/install/p9n_interface/share/p9n_interface/environment/ament_prefix_path.sh
[14.661s] -- Installing: /home/atwork/limo_3.0/src/install/p9n_interface/share/p9n_interface/environment/ament_prefix_path.dsv
[14.693s] -- Installing: /home/atwork/limo_3.0/src/install/p9n_interface/share/p9n_interface/environment/path.sh
[14.694s] -- Installing: /home/atwork/limo_3.0/src/install/p9n_interface/share/p9n_interface/environment/path.dsv
[14.697s] -- Installing: /home/atwork/limo_3.0/src/install/p9n_interface/share/p9n_interface/local_setup.bash
[14.698s] -- Installing: /home/atwork/limo_3.0/src/install/p9n_interface/share/p9n_interface/local_setup.sh
[14.698s] -- Installing: /home/atwork/limo_3.0/src/install/p9n_interface/share/p9n_interface/local_setup.zsh
[14.698s] -- Installing: /home/atwork/limo_3.0/src/install/p9n_interface/share/p9n_interface/local_setup.dsv
[14.698s] -- Installing: /home/atwork/limo_3.0/src/install/p9n_interface/share/p9n_interface/package.dsv
[14.698s] -- Installing: /home/atwork/limo_3.0/src/install/p9n_interface/share/ament_index/resource_index/packages/p9n_interface
[14.698s] -- Installing: /home/atwork/limo_3.0/src/install/p9n_interface/share/p9n_interface/cmake/ament_cmake_export_dependencies-extras.cmake
[14.698s] -- Installing: /home/atwork/limo_3.0/src/install/p9n_interface/share/p9n_interface/cmake/ament_cmake_export_include_directories-extras.cmake
[14.699s] -- Installing: /home/atwork/limo_3.0/src/install/p9n_interface/share/p9n_interface/cmake/ament_cmake_export_libraries-extras.cmake
[14.728s] -- Installing: /home/atwork/limo_3.0/src/install/p9n_interface/share/p9n_interface/cmake/p9n_interfaceConfig.cmake
[14.728s] -- Installing: /home/atwork/limo_3.0/src/install/p9n_interface/share/p9n_interface/cmake/p9n_interfaceConfig-version.cmake
[14.728s] -- Installing: /home/atwork/limo_3.0/src/install/p9n_interface/share/p9n_interface/package.xml
[14.766s] Invoked command in '/home/atwork/limo_3.0/src/build/p9n_interface' returned '0': CMAKE_PREFIX_PATH=${CMAKE_PREFIX_PATH}:/home/atwork/limo_3.0/install/limo_bringup:/home/atwork/limo_3.0/install/p9n_bringup:/opt/ros/jazzy DEBUGINFOD_URLS=https://debuginfod.ubuntu.com /usr/bin/cmake --install /home/atwork/limo_3.0/src/build/p9n_interface
