[0.022s] Invoking command in '/home/atwork/limo_3.0/build/limo_msgs': CMAKE_PREFIX_PATH=${CMAKE_PREFIX_PATH}:/home/atwork/limo_3.0/install/limo_bringup:/home/atwork/limo_3.0/install/p9n_bringup:/home/atwork/limo_3.0/install/limo_cartographer:/opt/ros/jazzy DEBUGINFOD_URLS=https://debuginfod.ubuntu.com /usr/bin/cmake --build /home/atwork/limo_3.0/build/limo_msgs -- -j4 -l4
[0.108s] [  2%] Built target limo_msgs__rosidl_generator_type_description
[0.150s] [  5%] Built target limo_msgs__cpp
[0.151s] [  5%] Built target ament_cmake_python_copy_limo_msgs
[0.156s] [ 20%] Built target limo_msgs__rosidl_generator_c
[0.210s] [ 29%] Built target limo_msgs__rosidl_typesupport_c
[0.215s] [ 38%] Built target limo_msgs__rosidl_typesupport_introspection_cpp
[0.239s] [ 47%] Built target limo_msgs__rosidl_typesupport_cpp
[0.276s] [ 55%] Built target limo_msgs__rosidl_typesupport_fastrtps_c
[0.282s] [ 64%] Built target limo_msgs__rosidl_typesupport_fastrtps_cpp
[0.300s] [ 73%] Built target limo_msgs__rosidl_typesupport_introspection_c
[0.330s] [ 73%] Built target limo_msgs
[0.364s] [ 76%] Built target limo_msgs__py
[0.435s] [ 82%] Built target limo_msgs__rosidl_generator_py
[0.507s] [ 88%] Built target limo_msgs_s__rosidl_typesupport_introspection_c
[0.532s] [ 94%] Built target limo_msgs_s__rosidl_typesupport_fastrtps_c
[0.590s] [100%] Built target limo_msgs_s__rosidl_typesupport_c
[0.840s] running egg_info
[0.890s] writing limo_msgs.egg-info/PKG-INFO
[0.890s] writing dependency_links to limo_msgs.egg-info/dependency_links.txt
[0.891s] writing top-level names to limo_msgs.egg-info/top_level.txt
[1.128s] reading manifest file 'limo_msgs.egg-info/SOURCES.txt'
[1.132s] writing manifest file 'limo_msgs.egg-info/SOURCES.txt'
[1.224s] [100%] Built target ament_cmake_python_build_limo_msgs_egg
[1.260s] Invoked command in '/home/atwork/limo_3.0/build/limo_msgs' returned '0': CMAKE_PREFIX_PATH=${CMAKE_PREFIX_PATH}:/home/atwork/limo_3.0/install/limo_bringup:/home/atwork/limo_3.0/install/p9n_bringup:/home/atwork/limo_3.0/install/limo_cartographer:/opt/ros/jazzy DEBUGINFOD_URLS=https://debuginfod.ubuntu.com /usr/bin/cmake --build /home/atwork/limo_3.0/build/limo_msgs -- -j4 -l4
[1.264s] Invoking command in '/home/atwork/limo_3.0/build/limo_msgs': CMAKE_PREFIX_PATH=${CMAKE_PREFIX_PATH}:/home/atwork/limo_3.0/install/limo_bringup:/home/atwork/limo_3.0/install/p9n_bringup:/home/atwork/limo_3.0/install/limo_cartographer:/opt/ros/jazzy DEBUGINFOD_URLS=https://debuginfod.ubuntu.com /usr/bin/cmake --install /home/atwork/limo_3.0/build/limo_msgs
[1.297s] -- Install configuration: ""
[1.297s] -- Up-to-date: /home/atwork/limo_3.0/install/limo_msgs/share/ament_index/resource_index/rosidl_interfaces/limo_msgs
[1.297s] -- Up-to-date: /home/atwork/limo_3.0/install/limo_msgs/share/limo_msgs/msg/LimoStatus.json
[1.297s] -- Up-to-date: /home/atwork/limo_3.0/install/limo_msgs/include/limo_msgs/limo_msgs
[1.298s] -- Up-to-date: /home/atwork/limo_3.0/install/limo_msgs/include/limo_msgs/limo_msgs/msg
[1.298s] -- Up-to-date: /home/atwork/limo_3.0/install/limo_msgs/include/limo_msgs/limo_msgs/msg/detail
[1.298s] -- Up-to-date: /home/atwork/limo_3.0/install/limo_msgs/include/limo_msgs/limo_msgs/msg/detail/limo_status__functions.h
[1.298s] -- Up-to-date: /home/atwork/limo_3.0/install/limo_msgs/include/limo_msgs/limo_msgs/msg/detail/limo_status__description.c
[1.298s] -- Up-to-date: /home/atwork/limo_3.0/install/limo_msgs/include/limo_msgs/limo_msgs/msg/detail/limo_status__functions.c
[1.299s] -- Up-to-date: /home/atwork/limo_3.0/install/limo_msgs/include/limo_msgs/limo_msgs/msg/detail/limo_status__type_support.h
[1.299s] -- Installing: /home/atwork/limo_3.0/install/limo_msgs/include/limo_msgs/limo_msgs/msg/detail/limo_status__type_support.c
[1.299s] -- Up-to-date: /home/atwork/limo_3.0/install/limo_msgs/include/limo_msgs/limo_msgs/msg/detail/limo_status__struct.h
[1.299s] -- Up-to-date: /home/atwork/limo_3.0/install/limo_msgs/include/limo_msgs/limo_msgs/msg/limo_status.h
[1.300s] -- Up-to-date: /home/atwork/limo_3.0/install/limo_msgs/include/limo_msgs/limo_msgs/msg/rosidl_generator_c__visibility_control.h
[1.301s] -- Up-to-date: /home/atwork/limo_3.0/install/limo_msgs/share/limo_msgs/environment/library_path.sh
[1.301s] -- Up-to-date: /home/atwork/limo_3.0/install/limo_msgs/share/limo_msgs/environment/library_path.dsv
[1.301s] -- Up-to-date: /home/atwork/limo_3.0/install/limo_msgs/lib/liblimo_msgs__rosidl_generator_c.so
[1.302s] -- Up-to-date: /home/atwork/limo_3.0/install/limo_msgs/include/limo_msgs/limo_msgs
[1.302s] -- Up-to-date: /home/atwork/limo_3.0/install/limo_msgs/include/limo_msgs/limo_msgs/msg
[1.302s] -- Up-to-date: /home/atwork/limo_3.0/install/limo_msgs/include/limo_msgs/limo_msgs/msg/rosidl_typesupport_fastrtps_c__visibility_control.h
[1.302s] -- Up-to-date: /home/atwork/limo_3.0/install/limo_msgs/include/limo_msgs/limo_msgs/msg/detail
[1.302s] -- Up-to-date: /home/atwork/limo_3.0/install/limo_msgs/include/limo_msgs/limo_msgs/msg/detail/limo_status__rosidl_typesupport_fastrtps_c.h
[1.302s] -- Up-to-date: /home/atwork/limo_3.0/install/limo_msgs/lib/liblimo_msgs__rosidl_typesupport_fastrtps_c.so
[1.312s] -- Up-to-date: /home/atwork/limo_3.0/install/limo_msgs/include/limo_msgs/limo_msgs
[1.313s] -- Up-to-date: /home/atwork/limo_3.0/install/limo_msgs/include/limo_msgs/limo_msgs/msg
[1.314s] -- Up-to-date: /home/atwork/limo_3.0/install/limo_msgs/include/limo_msgs/limo_msgs/msg/detail
[1.314s] -- Up-to-date: /home/atwork/limo_3.0/install/limo_msgs/include/limo_msgs/limo_msgs/msg/detail/limo_status__type_support.hpp
[1.314s] -- Up-to-date: /home/atwork/limo_3.0/install/limo_msgs/include/limo_msgs/limo_msgs/msg/detail/limo_status__struct.hpp
[1.314s] -- Up-to-date: /home/atwork/limo_3.0/install/limo_msgs/include/limo_msgs/limo_msgs/msg/detail/limo_status__traits.hpp
[1.314s] -- Up-to-date: /home/atwork/limo_3.0/install/limo_msgs/include/limo_msgs/limo_msgs/msg/detail/limo_status__builder.hpp
[1.314s] -- Up-to-date: /home/atwork/limo_3.0/install/limo_msgs/include/limo_msgs/limo_msgs/msg/rosidl_generator_cpp__visibility_control.hpp
[1.314s] -- Up-to-date: /home/atwork/limo_3.0/install/limo_msgs/include/limo_msgs/limo_msgs/msg/limo_status.hpp
[1.315s] -- Up-to-date: /home/atwork/limo_3.0/install/limo_msgs/include/limo_msgs/limo_msgs
[1.315s] -- Up-to-date: /home/atwork/limo_3.0/install/limo_msgs/include/limo_msgs/limo_msgs/msg
[1.315s] -- Up-to-date: /home/atwork/limo_3.0/install/limo_msgs/include/limo_msgs/limo_msgs/msg/detail
[1.315s] -- Up-to-date: /home/atwork/limo_3.0/install/limo_msgs/include/limo_msgs/limo_msgs/msg/detail/limo_status__rosidl_typesupport_fastrtps_cpp.hpp
[1.315s] -- Up-to-date: /home/atwork/limo_3.0/install/limo_msgs/include/limo_msgs/limo_msgs/msg/detail/dds_fastrtps
[1.315s] -- Up-to-date: /home/atwork/limo_3.0/install/limo_msgs/include/limo_msgs/limo_msgs/msg/rosidl_typesupport_fastrtps_cpp__visibility_control.h
[1.315s] -- Up-to-date: /home/atwork/limo_3.0/install/limo_msgs/lib/liblimo_msgs__rosidl_typesupport_fastrtps_cpp.so
[1.315s] -- Up-to-date: /home/atwork/limo_3.0/install/limo_msgs/include/limo_msgs/limo_msgs
[1.315s] -- Up-to-date: /home/atwork/limo_3.0/install/limo_msgs/include/limo_msgs/limo_msgs/msg
[1.316s] -- Up-to-date: /home/atwork/limo_3.0/install/limo_msgs/include/limo_msgs/limo_msgs/msg/detail
[1.321s] -- Up-to-date: /home/atwork/limo_3.0/install/limo_msgs/include/limo_msgs/limo_msgs/msg/detail/limo_status__rosidl_typesupport_introspection_c.h
[1.321s] -- Installing: /home/atwork/limo_3.0/install/limo_msgs/include/limo_msgs/limo_msgs/msg/detail/limo_status__type_support.c
[1.321s] -- Up-to-date: /home/atwork/limo_3.0/install/limo_msgs/include/limo_msgs/limo_msgs/msg/rosidl_typesupport_introspection_c__visibility_control.h
[1.321s] -- Up-to-date: /home/atwork/limo_3.0/install/limo_msgs/lib/liblimo_msgs__rosidl_typesupport_introspection_c.so
[1.323s] -- Up-to-date: /home/atwork/limo_3.0/install/limo_msgs/lib/liblimo_msgs__rosidl_typesupport_c.so
[1.327s] -- Up-to-date: /home/atwork/limo_3.0/install/limo_msgs/include/limo_msgs/limo_msgs
[1.327s] -- Up-to-date: /home/atwork/limo_3.0/install/limo_msgs/include/limo_msgs/limo_msgs/msg
[1.328s] -- Up-to-date: /home/atwork/limo_3.0/install/limo_msgs/include/limo_msgs/limo_msgs/msg/detail
[1.328s] -- Up-to-date: /home/atwork/limo_3.0/install/limo_msgs/include/limo_msgs/limo_msgs/msg/detail/limo_status__rosidl_typesupport_introspection_cpp.hpp
[1.328s] -- Up-to-date: /home/atwork/limo_3.0/install/limo_msgs/include/limo_msgs/limo_msgs/msg/detail/limo_status__type_support.cpp
[1.328s] -- Up-to-date: /home/atwork/limo_3.0/install/limo_msgs/lib/liblimo_msgs__rosidl_typesupport_introspection_cpp.so
[1.328s] -- Up-to-date: /home/atwork/limo_3.0/install/limo_msgs/lib/liblimo_msgs__rosidl_typesupport_cpp.so
[1.328s] -- Up-to-date: /home/atwork/limo_3.0/install/limo_msgs/share/limo_msgs/environment/pythonpath.sh
[1.332s] -- Up-to-date: /home/atwork/limo_3.0/install/limo_msgs/share/limo_msgs/environment/pythonpath.dsv
[1.332s] -- Up-to-date: /home/atwork/limo_3.0/install/limo_msgs/lib/python3.12/site-packages/limo_msgs-0.0.0-py3.12.egg-info
[1.332s] -- Installing: /home/atwork/limo_3.0/install/limo_msgs/lib/python3.12/site-packages/limo_msgs-0.0.0-py3.12.egg-info/PKG-INFO
[1.332s] -- Installing: /home/atwork/limo_3.0/install/limo_msgs/lib/python3.12/site-packages/limo_msgs-0.0.0-py3.12.egg-info/top_level.txt
[1.332s] -- Installing: /home/atwork/limo_3.0/install/limo_msgs/lib/python3.12/site-packages/limo_msgs-0.0.0-py3.12.egg-info/dependency_links.txt
[1.334s] -- Installing: /home/atwork/limo_3.0/install/limo_msgs/lib/python3.12/site-packages/limo_msgs-0.0.0-py3.12.egg-info/SOURCES.txt
[1.334s] -- Up-to-date: /home/atwork/limo_3.0/install/limo_msgs/lib/python3.12/site-packages/limo_msgs
[1.334s] -- Up-to-date: /home/atwork/limo_3.0/install/limo_msgs/lib/python3.12/site-packages/limo_msgs/__init__.py
[1.334s] -- Up-to-date: /home/atwork/limo_3.0/install/limo_msgs/lib/python3.12/site-packages/limo_msgs/_limo_msgs_s.ep.rosidl_typesupport_fastrtps_c.c
[1.335s] -- Up-to-date: /home/atwork/limo_3.0/install/limo_msgs/lib/python3.12/site-packages/limo_msgs/limo_msgs_s__rosidl_typesupport_c.so
[1.335s] -- Up-to-date: /home/atwork/limo_3.0/install/limo_msgs/lib/python3.12/site-packages/limo_msgs/_limo_msgs_s.ep.rosidl_typesupport_introspection_c.c
[1.335s] -- Up-to-date: /home/atwork/limo_3.0/install/limo_msgs/lib/python3.12/site-packages/limo_msgs/_limo_msgs_s.ep.rosidl_typesupport_c.c
[1.335s] -- Up-to-date: /home/atwork/limo_3.0/install/limo_msgs/lib/python3.12/site-packages/limo_msgs/msg
[1.336s] -- Up-to-date: /home/atwork/limo_3.0/install/limo_msgs/lib/python3.12/site-packages/limo_msgs/msg/_limo_status_s.c
[1.336s] -- Up-to-date: /home/atwork/limo_3.0/install/limo_msgs/lib/python3.12/site-packages/limo_msgs/msg/__init__.py
[1.336s] -- Up-to-date: /home/atwork/limo_3.0/install/limo_msgs/lib/python3.12/site-packages/limo_msgs/msg/_limo_status.py
[1.336s] -- Up-to-date: /home/atwork/limo_3.0/install/limo_msgs/lib/python3.12/site-packages/limo_msgs/limo_msgs_s__rosidl_typesupport_fastrtps_c.so
[1.336s] -- Up-to-date: /home/atwork/limo_3.0/install/limo_msgs/lib/python3.12/site-packages/limo_msgs/limo_msgs_s__rosidl_typesupport_introspection_c.so
[1.467s] Listing '/home/atwork/limo_3.0/install/limo_msgs/lib/python3.12/site-packages/limo_msgs'...
[1.467s] Listing '/home/atwork/limo_3.0/install/limo_msgs/lib/python3.12/site-packages/limo_msgs/msg'...
[1.489s] -- Up-to-date: /home/atwork/limo_3.0/install/limo_msgs/lib/python3.12/site-packages/limo_msgs/limo_msgs_s__rosidl_typesupport_fastrtps_c.so
[1.490s] -- Up-to-date: /home/atwork/limo_3.0/install/limo_msgs/lib/python3.12/site-packages/limo_msgs/limo_msgs_s__rosidl_typesupport_introspection_c.so
[1.491s] -- Up-to-date: /home/atwork/limo_3.0/install/limo_msgs/lib/python3.12/site-packages/limo_msgs/limo_msgs_s__rosidl_typesupport_c.so
[1.492s] -- Up-to-date: /home/atwork/limo_3.0/install/limo_msgs/lib/liblimo_msgs__rosidl_generator_py.so
[1.493s] -- Up-to-date: /home/atwork/limo_3.0/install/limo_msgs/share/limo_msgs/msg/LimoStatus.idl
[1.493s] -- Up-to-date: /home/atwork/limo_3.0/install/limo_msgs/share/limo_msgs/msg/LimoStatus.msg
[1.494s] -- Up-to-date: /home/atwork/limo_3.0/install/limo_msgs/share/ament_index/resource_index/package_run_dependencies/limo_msgs
[1.494s] -- Up-to-date: /home/atwork/limo_3.0/install/limo_msgs/share/ament_index/resource_index/parent_prefix_path/limo_msgs
[1.494s] -- Up-to-date: /home/atwork/limo_3.0/install/limo_msgs/share/limo_msgs/environment/ament_prefix_path.sh
[1.495s] -- Up-to-date: /home/atwork/limo_3.0/install/limo_msgs/share/limo_msgs/environment/ament_prefix_path.dsv
[1.495s] -- Up-to-date: /home/atwork/limo_3.0/install/limo_msgs/share/limo_msgs/environment/path.sh
[1.495s] -- Up-to-date: /home/atwork/limo_3.0/install/limo_msgs/share/limo_msgs/environment/path.dsv
[1.495s] -- Up-to-date: /home/atwork/limo_3.0/install/limo_msgs/share/limo_msgs/local_setup.bash
[1.496s] -- Up-to-date: /home/atwork/limo_3.0/install/limo_msgs/share/limo_msgs/local_setup.sh
[1.497s] -- Up-to-date: /home/atwork/limo_3.0/install/limo_msgs/share/limo_msgs/local_setup.zsh
[1.497s] -- Up-to-date: /home/atwork/limo_3.0/install/limo_msgs/share/limo_msgs/local_setup.dsv
[1.497s] -- Installing: /home/atwork/limo_3.0/install/limo_msgs/share/limo_msgs/package.dsv
[1.497s] -- Up-to-date: /home/atwork/limo_3.0/install/limo_msgs/share/ament_index/resource_index/packages/limo_msgs
[1.498s] -- Up-to-date: /home/atwork/limo_3.0/install/limo_msgs/share/limo_msgs/cmake/export_limo_msgs__rosidl_generator_cExport.cmake
[1.498s] -- Up-to-date: /home/atwork/limo_3.0/install/limo_msgs/share/limo_msgs/cmake/export_limo_msgs__rosidl_generator_cExport-noconfig.cmake
[1.499s] -- Up-to-date: /home/atwork/limo_3.0/install/limo_msgs/share/limo_msgs/cmake/export_limo_msgs__rosidl_typesupport_fastrtps_cExport.cmake
[1.499s] -- Up-to-date: /home/atwork/limo_3.0/install/limo_msgs/share/limo_msgs/cmake/export_limo_msgs__rosidl_typesupport_fastrtps_cExport-noconfig.cmake
[1.499s] -- Up-to-date: /home/atwork/limo_3.0/install/limo_msgs/share/limo_msgs/cmake/export_limo_msgs__rosidl_generator_cppExport.cmake
[1.499s] -- Up-to-date: /home/atwork/limo_3.0/install/limo_msgs/share/limo_msgs/cmake/export_limo_msgs__rosidl_typesupport_fastrtps_cppExport.cmake
[1.500s] -- Up-to-date: /home/atwork/limo_3.0/install/limo_msgs/share/limo_msgs/cmake/export_limo_msgs__rosidl_typesupport_fastrtps_cppExport-noconfig.cmake
[1.501s] -- Up-to-date: /home/atwork/limo_3.0/install/limo_msgs/share/limo_msgs/cmake/limo_msgs__rosidl_typesupport_introspection_cExport.cmake
[1.505s] -- Up-to-date: /home/atwork/limo_3.0/install/limo_msgs/share/limo_msgs/cmake/limo_msgs__rosidl_typesupport_introspection_cExport-noconfig.cmake
[1.505s] -- Up-to-date: /home/atwork/limo_3.0/install/limo_msgs/share/limo_msgs/cmake/limo_msgs__rosidl_typesupport_cExport.cmake
[1.507s] -- Up-to-date: /home/atwork/limo_3.0/install/limo_msgs/share/limo_msgs/cmake/limo_msgs__rosidl_typesupport_cExport-noconfig.cmake
[1.507s] -- Up-to-date: /home/atwork/limo_3.0/install/limo_msgs/share/limo_msgs/cmake/limo_msgs__rosidl_typesupport_introspection_cppExport.cmake
[1.507s] -- Up-to-date: /home/atwork/limo_3.0/install/limo_msgs/share/limo_msgs/cmake/limo_msgs__rosidl_typesupport_introspection_cppExport-noconfig.cmake
[1.509s] -- Up-to-date: /home/atwork/limo_3.0/install/limo_msgs/share/limo_msgs/cmake/limo_msgs__rosidl_typesupport_cppExport.cmake
[1.509s] -- Up-to-date: /home/atwork/limo_3.0/install/limo_msgs/share/limo_msgs/cmake/limo_msgs__rosidl_typesupport_cppExport-noconfig.cmake
[1.509s] -- Up-to-date: /home/atwork/limo_3.0/install/limo_msgs/share/limo_msgs/cmake/export_limo_msgs__rosidl_generator_pyExport.cmake
[1.509s] -- Up-to-date: /home/atwork/limo_3.0/install/limo_msgs/share/limo_msgs/cmake/export_limo_msgs__rosidl_generator_pyExport-noconfig.cmake
[1.509s] -- Up-to-date: /home/atwork/limo_3.0/install/limo_msgs/share/limo_msgs/cmake/rosidl_cmake-extras.cmake
[1.510s] -- Up-to-date: /home/atwork/limo_3.0/install/limo_msgs/share/limo_msgs/cmake/ament_cmake_export_dependencies-extras.cmake
[1.510s] -- Up-to-date: /home/atwork/limo_3.0/install/limo_msgs/share/limo_msgs/cmake/ament_cmake_export_include_directories-extras.cmake
[1.511s] -- Up-to-date: /home/atwork/limo_3.0/install/limo_msgs/share/limo_msgs/cmake/ament_cmake_export_libraries-extras.cmake
[1.511s] -- Up-to-date: /home/atwork/limo_3.0/install/limo_msgs/share/limo_msgs/cmake/ament_cmake_export_targets-extras.cmake
[1.511s] -- Up-to-date: /home/atwork/limo_3.0/install/limo_msgs/share/limo_msgs/cmake/rosidl_cmake_export_typesupport_targets-extras.cmake
[1.511s] -- Up-to-date: /home/atwork/limo_3.0/install/limo_msgs/share/limo_msgs/cmake/rosidl_cmake_export_typesupport_libraries-extras.cmake
[1.511s] -- Up-to-date: /home/atwork/limo_3.0/install/limo_msgs/share/limo_msgs/cmake/limo_msgsConfig.cmake
[1.511s] -- Up-to-date: /home/atwork/limo_3.0/install/limo_msgs/share/limo_msgs/cmake/limo_msgsConfig-version.cmake
[1.512s] -- Up-to-date: /home/atwork/limo_3.0/install/limo_msgs/share/limo_msgs/package.xml
[1.701s] Invoked command in '/home/atwork/limo_3.0/build/limo_msgs' returned '0': CMAKE_PREFIX_PATH=${CMAKE_PREFIX_PATH}:/home/atwork/limo_3.0/install/limo_bringup:/home/atwork/limo_3.0/install/p9n_bringup:/home/atwork/limo_3.0/install/limo_cartographer:/opt/ros/jazzy DEBUGINFOD_URLS=https://debuginfod.ubuntu.com /usr/bin/cmake --install /home/atwork/limo_3.0/build/limo_msgs
