[0.026s] Invoking command in '/home/atwork/limo_3.0/build/limo_msgs': CMAKE_PREFIX_PATH=${CMAKE_PREFIX_PATH}:/home/atwork/limo_3.0/install/limo_bringup:/home/atwork/limo_3.0/install/p9n_bringup:/home/atwork/limo_3.0/install/limo_cartographer:/opt/ros/jazzy DEBUGINFOD_URLS=https://debuginfod.ubuntu.com /usr/bin/cmake --build /home/atwork/limo_3.0/build/limo_msgs -- -j4 -l4
[0.108s] [  2%] Built target limo_msgs__rosidl_generator_type_description
[0.134s] [  2%] Built target ament_cmake_python_copy_limo_msgs
[0.144s] [ 17%] Built target limo_msgs__rosidl_generator_c
[0.150s] [ 20%] Built target limo_msgs__cpp
[0.189s] [ 38%] Built target limo_msgs__rosidl_typesupport_c
[0.189s] [ 38%] Built target limo_msgs__rosidl_typesupport_introspection_c
[0.206s] [ 47%] Built target limo_msgs__rosidl_typesupport_fastrtps_c
[0.265s] [ 55%] Built target limo_msgs__rosidl_typesupport_introspection_cpp
[0.277s] [ 64%] Built target limo_msgs__rosidl_typesupport_cpp
[0.277s] [ 73%] Built target limo_msgs__rosidl_typesupport_fastrtps_cpp
[0.309s] [ 73%] Built target limo_msgs
[0.381s] [ 76%] Built target limo_msgs__py
[0.435s] [ 82%] Built target limo_msgs__rosidl_generator_py
[0.533s] [ 91%] Built target limo_msgs_s__rosidl_typesupport_c
[0.537s] [ 94%] Built target limo_msgs_s__rosidl_typesupport_introspection_c
[0.547s] [100%] Built target limo_msgs_s__rosidl_typesupport_fastrtps_c
[0.758s] running egg_info
[0.798s] writing limo_msgs.egg-info/PKG-INFO
[0.798s] writing dependency_links to limo_msgs.egg-info/dependency_links.txt
[0.799s] writing top-level names to limo_msgs.egg-info/top_level.txt
[0.923s] reading manifest file 'limo_msgs.egg-info/SOURCES.txt'
[0.923s] writing manifest file 'limo_msgs.egg-info/SOURCES.txt'
[0.988s] [100%] Built target ament_cmake_python_build_limo_msgs_egg
[1.011s] Invoked command in '/home/atwork/limo_3.0/build/limo_msgs' returned '0': CMAKE_PREFIX_PATH=${CMAKE_PREFIX_PATH}:/home/atwork/limo_3.0/install/limo_bringup:/home/atwork/limo_3.0/install/p9n_bringup:/home/atwork/limo_3.0/install/limo_cartographer:/opt/ros/jazzy DEBUGINFOD_URLS=https://debuginfod.ubuntu.com /usr/bin/cmake --build /home/atwork/limo_3.0/build/limo_msgs -- -j4 -l4
[1.012s] Invoking command in '/home/atwork/limo_3.0/build/limo_msgs': CMAKE_PREFIX_PATH=${CMAKE_PREFIX_PATH}:/home/atwork/limo_3.0/install/limo_bringup:/home/atwork/limo_3.0/install/p9n_bringup:/home/atwork/limo_3.0/install/limo_cartographer:/opt/ros/jazzy DEBUGINFOD_URLS=https://debuginfod.ubuntu.com /usr/bin/cmake --install /home/atwork/limo_3.0/build/limo_msgs
[1.026s] -- Install configuration: ""
[1.026s] -- Up-to-date: /home/atwork/limo_3.0/install/limo_msgs/share/ament_index/resource_index/rosidl_interfaces/limo_msgs
[1.027s] -- Up-to-date: /home/atwork/limo_3.0/install/limo_msgs/share/limo_msgs/msg/LimoStatus.json
[1.027s] -- Up-to-date: /home/atwork/limo_3.0/install/limo_msgs/include/limo_msgs/limo_msgs
[1.027s] -- Up-to-date: /home/atwork/limo_3.0/install/limo_msgs/include/limo_msgs/limo_msgs/msg
[1.029s] -- Up-to-date: /home/atwork/limo_3.0/install/limo_msgs/include/limo_msgs/limo_msgs/msg/detail
[1.029s] -- Up-to-date: /home/atwork/limo_3.0/install/limo_msgs/include/limo_msgs/limo_msgs/msg/detail/limo_status__functions.h
[1.030s] -- Up-to-date: /home/atwork/limo_3.0/install/limo_msgs/include/limo_msgs/limo_msgs/msg/detail/limo_status__description.c
[1.031s] -- Up-to-date: /home/atwork/limo_3.0/install/limo_msgs/include/limo_msgs/limo_msgs/msg/detail/limo_status__functions.c
[1.031s] -- Up-to-date: /home/atwork/limo_3.0/install/limo_msgs/include/limo_msgs/limo_msgs/msg/detail/limo_status__type_support.h
[1.031s] -- Installing: /home/atwork/limo_3.0/install/limo_msgs/include/limo_msgs/limo_msgs/msg/detail/limo_status__type_support.c
[1.032s] -- Up-to-date: /home/atwork/limo_3.0/install/limo_msgs/include/limo_msgs/limo_msgs/msg/detail/limo_status__struct.h
[1.032s] -- Up-to-date: /home/atwork/limo_3.0/install/limo_msgs/include/limo_msgs/limo_msgs/msg/limo_status.h
[1.032s] -- Up-to-date: /home/atwork/limo_3.0/install/limo_msgs/include/limo_msgs/limo_msgs/msg/rosidl_generator_c__visibility_control.h
[1.032s] -- Up-to-date: /home/atwork/limo_3.0/install/limo_msgs/share/limo_msgs/environment/library_path.sh
[1.032s] -- Up-to-date: /home/atwork/limo_3.0/install/limo_msgs/share/limo_msgs/environment/library_path.dsv
[1.032s] -- Up-to-date: /home/atwork/limo_3.0/install/limo_msgs/lib/liblimo_msgs__rosidl_generator_c.so
[1.032s] -- Up-to-date: /home/atwork/limo_3.0/install/limo_msgs/include/limo_msgs/limo_msgs
[1.034s] -- Up-to-date: /home/atwork/limo_3.0/install/limo_msgs/include/limo_msgs/limo_msgs/msg
[1.034s] -- Up-to-date: /home/atwork/limo_3.0/install/limo_msgs/include/limo_msgs/limo_msgs/msg/rosidl_typesupport_fastrtps_c__visibility_control.h
[1.034s] -- Up-to-date: /home/atwork/limo_3.0/install/limo_msgs/include/limo_msgs/limo_msgs/msg/detail
[1.035s] -- Up-to-date: /home/atwork/limo_3.0/install/limo_msgs/include/limo_msgs/limo_msgs/msg/detail/limo_status__rosidl_typesupport_fastrtps_c.h
[1.038s] -- Up-to-date: /home/atwork/limo_3.0/install/limo_msgs/lib/liblimo_msgs__rosidl_typesupport_fastrtps_c.so
[1.038s] -- Up-to-date: /home/atwork/limo_3.0/install/limo_msgs/include/limo_msgs/limo_msgs
[1.038s] -- Up-to-date: /home/atwork/limo_3.0/install/limo_msgs/include/limo_msgs/limo_msgs/msg
[1.039s] -- Up-to-date: /home/atwork/limo_3.0/install/limo_msgs/include/limo_msgs/limo_msgs/msg/detail
[1.039s] -- Up-to-date: /home/atwork/limo_3.0/install/limo_msgs/include/limo_msgs/limo_msgs/msg/detail/limo_status__type_support.hpp
[1.039s] -- Up-to-date: /home/atwork/limo_3.0/install/limo_msgs/include/limo_msgs/limo_msgs/msg/detail/limo_status__struct.hpp
[1.039s] -- Up-to-date: /home/atwork/limo_3.0/install/limo_msgs/include/limo_msgs/limo_msgs/msg/detail/limo_status__traits.hpp
[1.039s] -- Up-to-date: /home/atwork/limo_3.0/install/limo_msgs/include/limo_msgs/limo_msgs/msg/detail/limo_status__builder.hpp
[1.039s] -- Up-to-date: /home/atwork/limo_3.0/install/limo_msgs/include/limo_msgs/limo_msgs/msg/rosidl_generator_cpp__visibility_control.hpp
[1.039s] -- Up-to-date: /home/atwork/limo_3.0/install/limo_msgs/include/limo_msgs/limo_msgs/msg/limo_status.hpp
[1.039s] -- Up-to-date: /home/atwork/limo_3.0/install/limo_msgs/include/limo_msgs/limo_msgs
[1.040s] -- Up-to-date: /home/atwork/limo_3.0/install/limo_msgs/include/limo_msgs/limo_msgs/msg
[1.040s] -- Up-to-date: /home/atwork/limo_3.0/install/limo_msgs/include/limo_msgs/limo_msgs/msg/detail
[1.041s] -- Up-to-date: /home/atwork/limo_3.0/install/limo_msgs/include/limo_msgs/limo_msgs/msg/detail/limo_status__rosidl_typesupport_fastrtps_cpp.hpp
[1.041s] -- Up-to-date: /home/atwork/limo_3.0/install/limo_msgs/include/limo_msgs/limo_msgs/msg/detail/dds_fastrtps
[1.041s] -- Up-to-date: /home/atwork/limo_3.0/install/limo_msgs/include/limo_msgs/limo_msgs/msg/rosidl_typesupport_fastrtps_cpp__visibility_control.h
[1.041s] -- Up-to-date: /home/atwork/limo_3.0/install/limo_msgs/lib/liblimo_msgs__rosidl_typesupport_fastrtps_cpp.so
[1.041s] -- Up-to-date: /home/atwork/limo_3.0/install/limo_msgs/include/limo_msgs/limo_msgs
[1.041s] -- Up-to-date: /home/atwork/limo_3.0/install/limo_msgs/include/limo_msgs/limo_msgs/msg
[1.042s] -- Up-to-date: /home/atwork/limo_3.0/install/limo_msgs/include/limo_msgs/limo_msgs/msg/detail
[1.042s] -- Up-to-date: /home/atwork/limo_3.0/install/limo_msgs/include/limo_msgs/limo_msgs/msg/detail/limo_status__rosidl_typesupport_introspection_c.h
[1.042s] -- Installing: /home/atwork/limo_3.0/install/limo_msgs/include/limo_msgs/limo_msgs/msg/detail/limo_status__type_support.c
[1.042s] -- Up-to-date: /home/atwork/limo_3.0/install/limo_msgs/include/limo_msgs/limo_msgs/msg/rosidl_typesupport_introspection_c__visibility_control.h
[1.042s] -- Up-to-date: /home/atwork/limo_3.0/install/limo_msgs/lib/liblimo_msgs__rosidl_typesupport_introspection_c.so
[1.042s] -- Up-to-date: /home/atwork/limo_3.0/install/limo_msgs/lib/liblimo_msgs__rosidl_typesupport_c.so
[1.042s] -- Up-to-date: /home/atwork/limo_3.0/install/limo_msgs/include/limo_msgs/limo_msgs
[1.043s] -- Up-to-date: /home/atwork/limo_3.0/install/limo_msgs/include/limo_msgs/limo_msgs/msg
[1.043s] -- Up-to-date: /home/atwork/limo_3.0/install/limo_msgs/include/limo_msgs/limo_msgs/msg/detail
[1.045s] -- Up-to-date: /home/atwork/limo_3.0/install/limo_msgs/include/limo_msgs/limo_msgs/msg/detail/limo_status__rosidl_typesupport_introspection_cpp.hpp
[1.045s] -- Up-to-date: /home/atwork/limo_3.0/install/limo_msgs/include/limo_msgs/limo_msgs/msg/detail/limo_status__type_support.cpp
[1.046s] -- Up-to-date: /home/atwork/limo_3.0/install/limo_msgs/lib/liblimo_msgs__rosidl_typesupport_introspection_cpp.so
[1.046s] -- Up-to-date: /home/atwork/limo_3.0/install/limo_msgs/lib/liblimo_msgs__rosidl_typesupport_cpp.so
[1.046s] -- Up-to-date: /home/atwork/limo_3.0/install/limo_msgs/share/limo_msgs/environment/pythonpath.sh
[1.047s] -- Up-to-date: /home/atwork/limo_3.0/install/limo_msgs/share/limo_msgs/environment/pythonpath.dsv
[1.047s] -- Up-to-date: /home/atwork/limo_3.0/install/limo_msgs/lib/python3.12/site-packages/limo_msgs-0.0.0-py3.12.egg-info
[1.047s] -- Installing: /home/atwork/limo_3.0/install/limo_msgs/lib/python3.12/site-packages/limo_msgs-0.0.0-py3.12.egg-info/PKG-INFO
[1.047s] -- Installing: /home/atwork/limo_3.0/install/limo_msgs/lib/python3.12/site-packages/limo_msgs-0.0.0-py3.12.egg-info/top_level.txt
[1.048s] -- Installing: /home/atwork/limo_3.0/install/limo_msgs/lib/python3.12/site-packages/limo_msgs-0.0.0-py3.12.egg-info/dependency_links.txt
[1.051s] -- Installing: /home/atwork/limo_3.0/install/limo_msgs/lib/python3.12/site-packages/limo_msgs-0.0.0-py3.12.egg-info/SOURCES.txt
[1.051s] -- Up-to-date: /home/atwork/limo_3.0/install/limo_msgs/lib/python3.12/site-packages/limo_msgs
[1.051s] -- Up-to-date: /home/atwork/limo_3.0/install/limo_msgs/lib/python3.12/site-packages/limo_msgs/__init__.py
[1.051s] -- Up-to-date: /home/atwork/limo_3.0/install/limo_msgs/lib/python3.12/site-packages/limo_msgs/_limo_msgs_s.ep.rosidl_typesupport_fastrtps_c.c
[1.052s] -- Up-to-date: /home/atwork/limo_3.0/install/limo_msgs/lib/python3.12/site-packages/limo_msgs/limo_msgs_s__rosidl_typesupport_c.so
[1.052s] -- Up-to-date: /home/atwork/limo_3.0/install/limo_msgs/lib/python3.12/site-packages/limo_msgs/_limo_msgs_s.ep.rosidl_typesupport_introspection_c.c
[1.052s] -- Up-to-date: /home/atwork/limo_3.0/install/limo_msgs/lib/python3.12/site-packages/limo_msgs/_limo_msgs_s.ep.rosidl_typesupport_c.c
[1.052s] -- Up-to-date: /home/atwork/limo_3.0/install/limo_msgs/lib/python3.12/site-packages/limo_msgs/msg
[1.054s] -- Up-to-date: /home/atwork/limo_3.0/install/limo_msgs/lib/python3.12/site-packages/limo_msgs/msg/_limo_status_s.c
[1.054s] -- Up-to-date: /home/atwork/limo_3.0/install/limo_msgs/lib/python3.12/site-packages/limo_msgs/msg/__init__.py
[1.054s] -- Up-to-date: /home/atwork/limo_3.0/install/limo_msgs/lib/python3.12/site-packages/limo_msgs/msg/_limo_status.py
[1.054s] -- Up-to-date: /home/atwork/limo_3.0/install/limo_msgs/lib/python3.12/site-packages/limo_msgs/limo_msgs_s__rosidl_typesupport_fastrtps_c.so
[1.055s] -- Up-to-date: /home/atwork/limo_3.0/install/limo_msgs/lib/python3.12/site-packages/limo_msgs/limo_msgs_s__rosidl_typesupport_introspection_c.so
[1.116s] Listing '/home/atwork/limo_3.0/install/limo_msgs/lib/python3.12/site-packages/limo_msgs'...
[1.116s] Listing '/home/atwork/limo_3.0/install/limo_msgs/lib/python3.12/site-packages/limo_msgs/msg'...
[1.131s] -- Up-to-date: /home/atwork/limo_3.0/install/limo_msgs/lib/python3.12/site-packages/limo_msgs/limo_msgs_s__rosidl_typesupport_fastrtps_c.so
[1.138s] -- Up-to-date: /home/atwork/limo_3.0/install/limo_msgs/lib/python3.12/site-packages/limo_msgs/limo_msgs_s__rosidl_typesupport_introspection_c.so
[1.138s] -- Up-to-date: /home/atwork/limo_3.0/install/limo_msgs/lib/python3.12/site-packages/limo_msgs/limo_msgs_s__rosidl_typesupport_c.so
[1.138s] -- Up-to-date: /home/atwork/limo_3.0/install/limo_msgs/lib/liblimo_msgs__rosidl_generator_py.so
[1.138s] -- Up-to-date: /home/atwork/limo_3.0/install/limo_msgs/share/limo_msgs/msg/LimoStatus.idl
[1.139s] -- Up-to-date: /home/atwork/limo_3.0/install/limo_msgs/share/limo_msgs/msg/LimoStatus.msg
[1.139s] -- Up-to-date: /home/atwork/limo_3.0/install/limo_msgs/share/ament_index/resource_index/package_run_dependencies/limo_msgs
[1.139s] -- Up-to-date: /home/atwork/limo_3.0/install/limo_msgs/share/ament_index/resource_index/parent_prefix_path/limo_msgs
[1.139s] -- Up-to-date: /home/atwork/limo_3.0/install/limo_msgs/share/limo_msgs/environment/ament_prefix_path.sh
[1.139s] -- Up-to-date: /home/atwork/limo_3.0/install/limo_msgs/share/limo_msgs/environment/ament_prefix_path.dsv
[1.139s] -- Up-to-date: /home/atwork/limo_3.0/install/limo_msgs/share/limo_msgs/environment/path.sh
[1.139s] -- Up-to-date: /home/atwork/limo_3.0/install/limo_msgs/share/limo_msgs/environment/path.dsv
[1.140s] -- Up-to-date: /home/atwork/limo_3.0/install/limo_msgs/share/limo_msgs/local_setup.bash
[1.140s] -- Up-to-date: /home/atwork/limo_3.0/install/limo_msgs/share/limo_msgs/local_setup.sh
[1.140s] -- Up-to-date: /home/atwork/limo_3.0/install/limo_msgs/share/limo_msgs/local_setup.zsh
[1.140s] -- Up-to-date: /home/atwork/limo_3.0/install/limo_msgs/share/limo_msgs/local_setup.dsv
[1.145s] -- Installing: /home/atwork/limo_3.0/install/limo_msgs/share/limo_msgs/package.dsv
[1.146s] -- Up-to-date: /home/atwork/limo_3.0/install/limo_msgs/share/ament_index/resource_index/packages/limo_msgs
[1.146s] -- Up-to-date: /home/atwork/limo_3.0/install/limo_msgs/share/limo_msgs/cmake/export_limo_msgs__rosidl_generator_cExport.cmake
[1.146s] -- Up-to-date: /home/atwork/limo_3.0/install/limo_msgs/share/limo_msgs/cmake/export_limo_msgs__rosidl_generator_cExport-noconfig.cmake
[1.146s] -- Up-to-date: /home/atwork/limo_3.0/install/limo_msgs/share/limo_msgs/cmake/export_limo_msgs__rosidl_typesupport_fastrtps_cExport.cmake
[1.147s] -- Up-to-date: /home/atwork/limo_3.0/install/limo_msgs/share/limo_msgs/cmake/export_limo_msgs__rosidl_typesupport_fastrtps_cExport-noconfig.cmake
[1.147s] -- Up-to-date: /home/atwork/limo_3.0/install/limo_msgs/share/limo_msgs/cmake/export_limo_msgs__rosidl_generator_cppExport.cmake
[1.147s] -- Up-to-date: /home/atwork/limo_3.0/install/limo_msgs/share/limo_msgs/cmake/export_limo_msgs__rosidl_typesupport_fastrtps_cppExport.cmake
[1.147s] -- Up-to-date: /home/atwork/limo_3.0/install/limo_msgs/share/limo_msgs/cmake/export_limo_msgs__rosidl_typesupport_fastrtps_cppExport-noconfig.cmake
[1.148s] -- Up-to-date: /home/atwork/limo_3.0/install/limo_msgs/share/limo_msgs/cmake/limo_msgs__rosidl_typesupport_introspection_cExport.cmake
[1.150s] -- Up-to-date: /home/atwork/limo_3.0/install/limo_msgs/share/limo_msgs/cmake/limo_msgs__rosidl_typesupport_introspection_cExport-noconfig.cmake
[1.150s] -- Up-to-date: /home/atwork/limo_3.0/install/limo_msgs/share/limo_msgs/cmake/limo_msgs__rosidl_typesupport_cExport.cmake
[1.154s] -- Up-to-date: /home/atwork/limo_3.0/install/limo_msgs/share/limo_msgs/cmake/limo_msgs__rosidl_typesupport_cExport-noconfig.cmake
[1.154s] -- Up-to-date: /home/atwork/limo_3.0/install/limo_msgs/share/limo_msgs/cmake/limo_msgs__rosidl_typesupport_introspection_cppExport.cmake
[1.155s] -- Up-to-date: /home/atwork/limo_3.0/install/limo_msgs/share/limo_msgs/cmake/limo_msgs__rosidl_typesupport_introspection_cppExport-noconfig.cmake
[1.156s] -- Up-to-date: /home/atwork/limo_3.0/install/limo_msgs/share/limo_msgs/cmake/limo_msgs__rosidl_typesupport_cppExport.cmake
[1.157s] -- Up-to-date: /home/atwork/limo_3.0/install/limo_msgs/share/limo_msgs/cmake/limo_msgs__rosidl_typesupport_cppExport-noconfig.cmake
[1.157s] -- Up-to-date: /home/atwork/limo_3.0/install/limo_msgs/share/limo_msgs/cmake/export_limo_msgs__rosidl_generator_pyExport.cmake
[1.157s] -- Up-to-date: /home/atwork/limo_3.0/install/limo_msgs/share/limo_msgs/cmake/export_limo_msgs__rosidl_generator_pyExport-noconfig.cmake
[1.157s] -- Up-to-date: /home/atwork/limo_3.0/install/limo_msgs/share/limo_msgs/cmake/rosidl_cmake-extras.cmake
[1.157s] -- Up-to-date: /home/atwork/limo_3.0/install/limo_msgs/share/limo_msgs/cmake/ament_cmake_export_dependencies-extras.cmake
[1.157s] -- Up-to-date: /home/atwork/limo_3.0/install/limo_msgs/share/limo_msgs/cmake/ament_cmake_export_include_directories-extras.cmake
[1.157s] -- Up-to-date: /home/atwork/limo_3.0/install/limo_msgs/share/limo_msgs/cmake/ament_cmake_export_libraries-extras.cmake
[1.158s] -- Up-to-date: /home/atwork/limo_3.0/install/limo_msgs/share/limo_msgs/cmake/ament_cmake_export_targets-extras.cmake
[1.158s] -- Up-to-date: /home/atwork/limo_3.0/install/limo_msgs/share/limo_msgs/cmake/rosidl_cmake_export_typesupport_targets-extras.cmake
[1.158s] -- Up-to-date: /home/atwork/limo_3.0/install/limo_msgs/share/limo_msgs/cmake/rosidl_cmake_export_typesupport_libraries-extras.cmake
[1.158s] -- Up-to-date: /home/atwork/limo_3.0/install/limo_msgs/share/limo_msgs/cmake/limo_msgsConfig.cmake
[1.158s] -- Up-to-date: /home/atwork/limo_3.0/install/limo_msgs/share/limo_msgs/cmake/limo_msgsConfig-version.cmake
[1.158s] -- Up-to-date: /home/atwork/limo_3.0/install/limo_msgs/share/limo_msgs/package.xml
[1.376s] Invoked command in '/home/atwork/limo_3.0/build/limo_msgs' returned '0': CMAKE_PREFIX_PATH=${CMAKE_PREFIX_PATH}:/home/atwork/limo_3.0/install/limo_bringup:/home/atwork/limo_3.0/install/p9n_bringup:/home/atwork/limo_3.0/install/limo_cartographer:/opt/ros/jazzy DEBUGINFOD_URLS=https://debuginfod.ubuntu.com /usr/bin/cmake --install /home/atwork/limo_3.0/build/limo_msgs
