[0.022s] Invoking command in '/home/atwork/limo_3.0/build/limo_msgs': CMAKE_PREFIX_PATH=${CMAKE_PREFIX_PATH}:/home/atwork/limo_3.0/install/limo_cartographer:/home/atwork/limo_3.0/install/limo_bringup:/home/atwork/limo_3.0/install/p9n_bringup:/opt/ros/jazzy DEBUGINFOD_URLS=https://debuginfod.ubuntu.com /usr/bin/cmake /home/atwork/limo_3.0/src/limo_ros2/limo_msgs -DCMAKE_INSTALL_PREFIX=/home/atwork/limo_3.0/install/limo_msgs
[0.122s] -- The C compiler identification is GNU 13.3.0
[0.220s] -- The CXX compiler identification is GNU 13.3.0
[0.246s] -- Detecting C compiler ABI info
[0.397s] -- Detecting C compiler ABI info - done
[0.421s] -- Check for working C compiler: /usr/bin/cc - skipped
[0.422s] -- Detecting C compile features
[0.423s] -- Detecting C compile features - done
[0.440s] -- Detecting CXX compiler ABI info
[0.586s] -- Detecting CXX compiler ABI info - done
[0.607s] -- Check for working CXX compiler: /usr/bin/c++ - skipped
[0.608s] -- Detecting CXX compile features
[0.608s] -- Detecting CXX compile features - done
[0.612s] -- Found ament_cmake: 2.5.4 (/opt/ros/jazzy/share/ament_cmake/cmake)
[0.868s] -- Found Python3: /usr/bin/python3 (found version "3.12.3") found components: Interpreter 
[1.038s] -- Found std_msgs: 5.3.6 (/opt/ros/jazzy/share/std_msgs/cmake)
[1.099s] -- Found rosidl_generator_c: 4.6.6 (/opt/ros/jazzy/share/rosidl_generator_c/cmake)
[1.124s] -- Found rosidl_generator_cpp: 4.6.6 (/opt/ros/jazzy/share/rosidl_generator_cpp/cmake)
[1.155s] -- Using all available rosidl_typesupport_c: rosidl_typesupport_fastrtps_c;rosidl_typesupport_introspection_c
[1.188s] -- Using all available rosidl_typesupport_cpp: rosidl_typesupport_fastrtps_cpp;rosidl_typesupport_introspection_cpp
[1.251s] -- Found rosidl_default_generators: 1.6.0 (/opt/ros/jazzy/share/rosidl_default_generators/cmake)
[1.275s] -- Found rosidl_adapter: 4.6.6 (/opt/ros/jazzy/share/rosidl_adapter/cmake)
[2.420s] -- Found ament_cmake_ros: 0.12.0 (/opt/ros/jazzy/share/ament_cmake_ros/cmake)
[3.728s] -- Using all available rosidl_typesupport_c: rosidl_typesupport_fastrtps_c;rosidl_typesupport_introspection_c
[4.704s] -- Using all available rosidl_typesupport_cpp: rosidl_typesupport_fastrtps_cpp;rosidl_typesupport_introspection_cpp
[4.712s] -- Found python_cmake_module: 0.11.1 (/opt/ros/jazzy/share/python_cmake_module/cmake)
[5.255s] -- Found PythonExtra: /usr/bin/python3  
[7.325s] -- Found Python3: /usr/bin/python3 (found version "3.12.3") found components: Interpreter Development NumPy Development.Module Development.Embed 
[7.583s] -- Found ament_lint_auto: 0.17.3 (/opt/ros/jazzy/share/ament_lint_auto/cmake)
[7.646s] -- Added test 'copyright' to check source files copyright and LICENSE
[7.656s] -- Added test 'lint_cmake' to check CMake code style
[7.659s] -- Added test 'xmllint' to check XML markup files
[7.682s] -- Configuring done (7.7s)
[7.850s] -- Generating done (0.1s)
[7.896s] -- Build files have been written to: /home/atwork/limo_3.0/build/limo_msgs
[7.921s] Invoked command in '/home/atwork/limo_3.0/build/limo_msgs' returned '0': CMAKE_PREFIX_PATH=${CMAKE_PREFIX_PATH}:/home/atwork/limo_3.0/install/limo_cartographer:/home/atwork/limo_3.0/install/limo_bringup:/home/atwork/limo_3.0/install/p9n_bringup:/opt/ros/jazzy DEBUGINFOD_URLS=https://debuginfod.ubuntu.com /usr/bin/cmake /home/atwork/limo_3.0/src/limo_ros2/limo_msgs -DCMAKE_INSTALL_PREFIX=/home/atwork/limo_3.0/install/limo_msgs
[7.923s] Invoking command in '/home/atwork/limo_3.0/build/limo_msgs': CMAKE_PREFIX_PATH=${CMAKE_PREFIX_PATH}:/home/atwork/limo_3.0/install/limo_cartographer:/home/atwork/limo_3.0/install/limo_bringup:/home/atwork/limo_3.0/install/p9n_bringup:/opt/ros/jazzy DEBUGINFOD_URLS=https://debuginfod.ubuntu.com /usr/bin/cmake --build /home/atwork/limo_3.0/build/limo_msgs -- -j4 -l4
[8.107s] [  2%] [34m[1mGenerating type hashes for ROS interfaces[0m
[8.111s] [  2%] Built target ament_cmake_python_copy_limo_msgs
[8.924s] running egg_info
[8.927s] creating limo_msgs.egg-info
[8.998s] writing limo_msgs.egg-info/PKG-INFO
[8.999s] writing dependency_links to limo_msgs.egg-info/dependency_links.txt
[9.000s] writing top-level names to limo_msgs.egg-info/top_level.txt
[9.002s] writing manifest file 'limo_msgs.egg-info/SOURCES.txt'
[9.364s] reading manifest file 'limo_msgs.egg-info/SOURCES.txt'
[9.365s] writing manifest file 'limo_msgs.egg-info/SOURCES.txt'
[9.475s] [  2%] Built target limo_msgs__rosidl_generator_type_description
[9.531s] [  5%] [34m[1mGenerating C code for ROS interfaces[0m
[9.539s] [  5%] Built target ament_cmake_python_build_limo_msgs_egg
[9.589s] [  8%] [34m[1mGenerating C++ code for ROS interfaces[0m
[11.115s] [  8%] Built target limo_msgs__cpp
[11.242s] [ 11%] [32mBuilding C object CMakeFiles/limo_msgs__rosidl_generator_c.dir/rosidl_generator_c/limo_msgs/msg/detail/limo_status__description.c.o[0m
[11.248s] [ 14%] [32mBuilding C object CMakeFiles/limo_msgs__rosidl_generator_c.dir/rosidl_generator_c/limo_msgs/msg/detail/limo_status__functions.c.o[0m
[11.259s] [ 17%] [32mBuilding C object CMakeFiles/limo_msgs__rosidl_generator_c.dir/rosidl_generator_c/limo_msgs/msg/detail/limo_status__type_support.c.o[0m
[11.450s] [ 20%] [32m[1mLinking C shared library liblimo_msgs__rosidl_generator_c.so[0m
[11.577s] [ 20%] Built target limo_msgs__rosidl_generator_c
[11.614s] [ 23%] [34m[1mGenerating C++ type support dispatch for ROS interfaces[0m
[11.618s] [ 26%] [34m[1mGenerating C type support dispatch for ROS interfaces[0m
[11.641s] [ 29%] [34m[1mGenerating C type support for eProsima Fast-RTPS[0m
[11.651s] [ 32%] [34m[1mGenerating C++ introspection for ROS interfaces[0m
[12.945s] [ 35%] [32mBuilding CXX object CMakeFiles/limo_msgs__rosidl_typesupport_cpp.dir/rosidl_typesupport_cpp/limo_msgs/msg/limo_status__type_support.cpp.o[0m
[13.020s] [ 38%] [32mBuilding CXX object CMakeFiles/limo_msgs__rosidl_typesupport_c.dir/rosidl_typesupport_c/limo_msgs/msg/limo_status__type_support.cpp.o[0m
[13.194s] [ 41%] [32m[1mLinking CXX shared library liblimo_msgs__rosidl_typesupport_c.so[0m
[13.199s] [ 44%] [32mBuilding CXX object CMakeFiles/limo_msgs__rosidl_typesupport_introspection_cpp.dir/rosidl_typesupport_introspection_cpp/limo_msgs/msg/detail/limo_status__type_support.cpp.o[0m
[13.267s] [ 47%] [32mBuilding CXX object CMakeFiles/limo_msgs__rosidl_typesupport_fastrtps_c.dir/rosidl_typesupport_fastrtps_c/limo_msgs/msg/detail/limo_status__type_support_c.cpp.o[0m
[13.456s] [ 47%] Built target limo_msgs__rosidl_typesupport_c
[13.513s] [ 50%] [34m[1mGenerating C++ type support for eProsima Fast-RTPS[0m
[14.315s] [ 52%] [32m[1mLinking CXX shared library liblimo_msgs__rosidl_typesupport_cpp.so[0m
[14.499s] [ 52%] Built target limo_msgs__rosidl_typesupport_cpp
[14.559s] [ 55%] [34m[1mGenerating C introspection for ROS interfaces[0m
[14.694s] [ 58%] [32m[1mLinking CXX shared library liblimo_msgs__rosidl_typesupport_introspection_cpp.so[0m
[15.007s] [ 61%] [32mBuilding CXX object CMakeFiles/limo_msgs__rosidl_typesupport_fastrtps_cpp.dir/rosidl_typesupport_fastrtps_cpp/limo_msgs/msg/detail/dds_fastrtps/limo_status__type_support.cpp.o[0m
[15.095s] [ 61%] Built target limo_msgs__rosidl_typesupport_introspection_cpp
[15.598s] [ 64%] [32mBuilding C object CMakeFiles/limo_msgs__rosidl_typesupport_introspection_c.dir/rosidl_typesupport_introspection_c/limo_msgs/msg/detail/limo_status__type_support.c.o[0m
[15.757s] [ 67%] [32m[1mLinking C shared library liblimo_msgs__rosidl_typesupport_introspection_c.so[0m
[15.901s] [ 67%] Built target limo_msgs__rosidl_typesupport_introspection_c
[16.393s] [ 70%] [32m[1mLinking CXX shared library liblimo_msgs__rosidl_typesupport_fastrtps_c.so[0m
[16.615s] [ 70%] Built target limo_msgs__rosidl_typesupport_fastrtps_c
[17.450s] [ 73%] [32m[1mLinking CXX shared library liblimo_msgs__rosidl_typesupport_fastrtps_cpp.so[0m
[17.642s] [ 73%] Built target limo_msgs__rosidl_typesupport_fastrtps_cpp
[17.721s] [ 73%] Built target limo_msgs
[17.783s] [ 76%] [34m[1mGenerating Python code for ROS interfaces[0m
[19.439s] [ 76%] Built target limo_msgs__py
[19.498s] [ 79%] [32mBuilding C object CMakeFiles/limo_msgs__rosidl_generator_py.dir/rosidl_generator_py/limo_msgs/msg/_limo_status_s.c.o[0m
[20.232s] [ 82%] [32m[1mLinking C shared library liblimo_msgs__rosidl_generator_py.so[0m
[20.480s] [ 82%] Built target limo_msgs__rosidl_generator_py
[20.638s] [ 85%] [32mBuilding C object CMakeFiles/limo_msgs_s__rosidl_typesupport_introspection_c.dir/rosidl_generator_py/limo_msgs/_limo_msgs_s.ep.rosidl_typesupport_introspection_c.c.o[0m
[20.640s] [ 88%] [32mBuilding C object CMakeFiles/limo_msgs_s__rosidl_typesupport_fastrtps_c.dir/rosidl_generator_py/limo_msgs/_limo_msgs_s.ep.rosidl_typesupport_fastrtps_c.c.o[0m
[20.644s] [ 91%] [32mBuilding C object CMakeFiles/limo_msgs_s__rosidl_typesupport_c.dir/rosidl_generator_py/limo_msgs/_limo_msgs_s.ep.rosidl_typesupport_c.c.o[0m
[21.235s] [ 94%] [32m[1mLinking C shared module rosidl_generator_py/limo_msgs/limo_msgs_s__rosidl_typesupport_c.so[0m
[21.285s] [ 97%] [32m[1mLinking C shared module rosidl_generator_py/limo_msgs/limo_msgs_s__rosidl_typesupport_introspection_c.so[0m
[21.303s] [100%] [32m[1mLinking C shared module rosidl_generator_py/limo_msgs/limo_msgs_s__rosidl_typesupport_fastrtps_c.so[0m
[21.368s] [100%] Built target limo_msgs_s__rosidl_typesupport_c
[21.407s] [100%] Built target limo_msgs_s__rosidl_typesupport_introspection_c
[21.440s] [100%] Built target limo_msgs_s__rosidl_typesupport_fastrtps_c
[21.484s] Invoked command in '/home/atwork/limo_3.0/build/limo_msgs' returned '0': CMAKE_PREFIX_PATH=${CMAKE_PREFIX_PATH}:/home/atwork/limo_3.0/install/limo_cartographer:/home/atwork/limo_3.0/install/limo_bringup:/home/atwork/limo_3.0/install/p9n_bringup:/opt/ros/jazzy DEBUGINFOD_URLS=https://debuginfod.ubuntu.com /usr/bin/cmake --build /home/atwork/limo_3.0/build/limo_msgs -- -j4 -l4
[21.484s] Invoking command in '/home/atwork/limo_3.0/build/limo_msgs': CMAKE_PREFIX_PATH=${CMAKE_PREFIX_PATH}:/home/atwork/limo_3.0/install/limo_cartographer:/home/atwork/limo_3.0/install/limo_bringup:/home/atwork/limo_3.0/install/p9n_bringup:/opt/ros/jazzy DEBUGINFOD_URLS=https://debuginfod.ubuntu.com /usr/bin/cmake --install /home/atwork/limo_3.0/build/limo_msgs
[21.509s] -- Install configuration: ""
[21.509s] -- Installing: /home/atwork/limo_3.0/install/limo_msgs/share/ament_index/resource_index/rosidl_interfaces/limo_msgs
[21.510s] -- Installing: /home/atwork/limo_3.0/install/limo_msgs/share/limo_msgs/msg/LimoStatus.json
[21.510s] -- Installing: /home/atwork/limo_3.0/install/limo_msgs/include/limo_msgs/limo_msgs
[21.510s] -- Installing: /home/atwork/limo_3.0/install/limo_msgs/include/limo_msgs/limo_msgs/msg
[21.511s] -- Installing: /home/atwork/limo_3.0/install/limo_msgs/include/limo_msgs/limo_msgs/msg/detail
[21.512s] -- Installing: /home/atwork/limo_3.0/install/limo_msgs/include/limo_msgs/limo_msgs/msg/detail/limo_status__functions.h
[21.512s] -- Installing: /home/atwork/limo_3.0/install/limo_msgs/include/limo_msgs/limo_msgs/msg/detail/limo_status__description.c
[21.514s] -- Installing: /home/atwork/limo_3.0/install/limo_msgs/include/limo_msgs/limo_msgs/msg/detail/limo_status__functions.c
[21.515s] -- Installing: /home/atwork/limo_3.0/install/limo_msgs/include/limo_msgs/limo_msgs/msg/detail/limo_status__type_support.h
[21.516s] -- Installing: /home/atwork/limo_3.0/install/limo_msgs/include/limo_msgs/limo_msgs/msg/detail/limo_status__type_support.c
[21.517s] -- Installing: /home/atwork/limo_3.0/install/limo_msgs/include/limo_msgs/limo_msgs/msg/detail/limo_status__struct.h
[21.518s] -- Installing: /home/atwork/limo_3.0/install/limo_msgs/include/limo_msgs/limo_msgs/msg/limo_status.h
[21.519s] -- Installing: /home/atwork/limo_3.0/install/limo_msgs/include/limo_msgs/limo_msgs/msg/rosidl_generator_c__visibility_control.h
[21.519s] -- Installing: /home/atwork/limo_3.0/install/limo_msgs/share/limo_msgs/environment/library_path.sh
[21.519s] -- Installing: /home/atwork/limo_3.0/install/limo_msgs/share/limo_msgs/environment/library_path.dsv
[21.521s] -- Installing: /home/atwork/limo_3.0/install/limo_msgs/lib/liblimo_msgs__rosidl_generator_c.so
[21.521s] -- Set non-toolchain portion of runtime path of "/home/atwork/limo_3.0/install/limo_msgs/lib/liblimo_msgs__rosidl_generator_c.so" to ""
[21.522s] -- Up-to-date: /home/atwork/limo_3.0/install/limo_msgs/include/limo_msgs/limo_msgs
[21.525s] -- Up-to-date: /home/atwork/limo_3.0/install/limo_msgs/include/limo_msgs/limo_msgs/msg
[21.526s] -- Installing: /home/atwork/limo_3.0/install/limo_msgs/include/limo_msgs/limo_msgs/msg/rosidl_typesupport_fastrtps_c__visibility_control.h
[21.526s] -- Up-to-date: /home/atwork/limo_3.0/install/limo_msgs/include/limo_msgs/limo_msgs/msg/detail
[21.526s] -- Installing: /home/atwork/limo_3.0/install/limo_msgs/include/limo_msgs/limo_msgs/msg/detail/limo_status__rosidl_typesupport_fastrtps_c.h
[21.526s] -- Installing: /home/atwork/limo_3.0/install/limo_msgs/lib/liblimo_msgs__rosidl_typesupport_fastrtps_c.so
[21.526s] -- Set non-toolchain portion of runtime path of "/home/atwork/limo_3.0/install/limo_msgs/lib/liblimo_msgs__rosidl_typesupport_fastrtps_c.so" to ""
[21.530s] -- Up-to-date: /home/atwork/limo_3.0/install/limo_msgs/include/limo_msgs/limo_msgs
[21.530s] -- Up-to-date: /home/atwork/limo_3.0/install/limo_msgs/include/limo_msgs/limo_msgs/msg
[21.530s] -- Up-to-date: /home/atwork/limo_3.0/install/limo_msgs/include/limo_msgs/limo_msgs/msg/detail
[21.530s] -- Installing: /home/atwork/limo_3.0/install/limo_msgs/include/limo_msgs/limo_msgs/msg/detail/limo_status__type_support.hpp
[21.530s] -- Installing: /home/atwork/limo_3.0/install/limo_msgs/include/limo_msgs/limo_msgs/msg/detail/limo_status__struct.hpp
[21.531s] -- Installing: /home/atwork/limo_3.0/install/limo_msgs/include/limo_msgs/limo_msgs/msg/detail/limo_status__traits.hpp
[21.531s] -- Installing: /home/atwork/limo_3.0/install/limo_msgs/include/limo_msgs/limo_msgs/msg/detail/limo_status__builder.hpp
[21.531s] -- Installing: /home/atwork/limo_3.0/install/limo_msgs/include/limo_msgs/limo_msgs/msg/rosidl_generator_cpp__visibility_control.hpp
[21.531s] -- Installing: /home/atwork/limo_3.0/install/limo_msgs/include/limo_msgs/limo_msgs/msg/limo_status.hpp
[21.531s] -- Up-to-date: /home/atwork/limo_3.0/install/limo_msgs/include/limo_msgs/limo_msgs
[21.531s] -- Up-to-date: /home/atwork/limo_3.0/install/limo_msgs/include/limo_msgs/limo_msgs/msg
[21.531s] -- Up-to-date: /home/atwork/limo_3.0/install/limo_msgs/include/limo_msgs/limo_msgs/msg/detail
[21.532s] -- Installing: /home/atwork/limo_3.0/install/limo_msgs/include/limo_msgs/limo_msgs/msg/detail/limo_status__rosidl_typesupport_fastrtps_cpp.hpp
[21.532s] -- Installing: /home/atwork/limo_3.0/install/limo_msgs/include/limo_msgs/limo_msgs/msg/detail/dds_fastrtps
[21.532s] -- Installing: /home/atwork/limo_3.0/install/limo_msgs/include/limo_msgs/limo_msgs/msg/rosidl_typesupport_fastrtps_cpp__visibility_control.h
[21.532s] -- Installing: /home/atwork/limo_3.0/install/limo_msgs/lib/liblimo_msgs__rosidl_typesupport_fastrtps_cpp.so
[21.532s] -- Set non-toolchain portion of runtime path of "/home/atwork/limo_3.0/install/limo_msgs/lib/liblimo_msgs__rosidl_typesupport_fastrtps_cpp.so" to ""
[21.538s] -- Up-to-date: /home/atwork/limo_3.0/install/limo_msgs/include/limo_msgs/limo_msgs
[21.538s] -- Up-to-date: /home/atwork/limo_3.0/install/limo_msgs/include/limo_msgs/limo_msgs/msg
[21.539s] -- Up-to-date: /home/atwork/limo_3.0/install/limo_msgs/include/limo_msgs/limo_msgs/msg/detail
[21.539s] -- Installing: /home/atwork/limo_3.0/install/limo_msgs/include/limo_msgs/limo_msgs/msg/detail/limo_status__rosidl_typesupport_introspection_c.h
[21.539s] -- Installing: /home/atwork/limo_3.0/install/limo_msgs/include/limo_msgs/limo_msgs/msg/detail/limo_status__type_support.c
[21.539s] -- Installing: /home/atwork/limo_3.0/install/limo_msgs/include/limo_msgs/limo_msgs/msg/rosidl_typesupport_introspection_c__visibility_control.h
[21.539s] -- Installing: /home/atwork/limo_3.0/install/limo_msgs/lib/liblimo_msgs__rosidl_typesupport_introspection_c.so
[21.539s] -- Set non-toolchain portion of runtime path of "/home/atwork/limo_3.0/install/limo_msgs/lib/liblimo_msgs__rosidl_typesupport_introspection_c.so" to ""
[21.539s] -- Installing: /home/atwork/limo_3.0/install/limo_msgs/lib/liblimo_msgs__rosidl_typesupport_c.so
[21.540s] -- Set non-toolchain portion of runtime path of "/home/atwork/limo_3.0/install/limo_msgs/lib/liblimo_msgs__rosidl_typesupport_c.so" to ""
[21.540s] -- Up-to-date: /home/atwork/limo_3.0/install/limo_msgs/include/limo_msgs/limo_msgs
[21.540s] -- Up-to-date: /home/atwork/limo_3.0/install/limo_msgs/include/limo_msgs/limo_msgs/msg
[21.540s] -- Up-to-date: /home/atwork/limo_3.0/install/limo_msgs/include/limo_msgs/limo_msgs/msg/detail
[21.540s] -- Installing: /home/atwork/limo_3.0/install/limo_msgs/include/limo_msgs/limo_msgs/msg/detail/limo_status__rosidl_typesupport_introspection_cpp.hpp
[21.540s] -- Installing: /home/atwork/limo_3.0/install/limo_msgs/include/limo_msgs/limo_msgs/msg/detail/limo_status__type_support.cpp
[21.540s] -- Installing: /home/atwork/limo_3.0/install/limo_msgs/lib/liblimo_msgs__rosidl_typesupport_introspection_cpp.so
[21.540s] -- Set non-toolchain portion of runtime path of "/home/atwork/limo_3.0/install/limo_msgs/lib/liblimo_msgs__rosidl_typesupport_introspection_cpp.so" to ""
[21.540s] -- Installing: /home/atwork/limo_3.0/install/limo_msgs/lib/liblimo_msgs__rosidl_typesupport_cpp.so
[21.543s] -- Set non-toolchain portion of runtime path of "/home/atwork/limo_3.0/install/limo_msgs/lib/liblimo_msgs__rosidl_typesupport_cpp.so" to ""
[21.544s] -- Installing: /home/atwork/limo_3.0/install/limo_msgs/share/limo_msgs/environment/pythonpath.sh
[21.544s] -- Installing: /home/atwork/limo_3.0/install/limo_msgs/share/limo_msgs/environment/pythonpath.dsv
[21.544s] -- Installing: /home/atwork/limo_3.0/install/limo_msgs/lib/python3.12/site-packages/limo_msgs-0.0.0-py3.12.egg-info
[21.544s] -- Installing: /home/atwork/limo_3.0/install/limo_msgs/lib/python3.12/site-packages/limo_msgs-0.0.0-py3.12.egg-info/PKG-INFO
[21.544s] -- Installing: /home/atwork/limo_3.0/install/limo_msgs/lib/python3.12/site-packages/limo_msgs-0.0.0-py3.12.egg-info/top_level.txt
[21.544s] -- Installing: /home/atwork/limo_3.0/install/limo_msgs/lib/python3.12/site-packages/limo_msgs-0.0.0-py3.12.egg-info/dependency_links.txt
[21.544s] -- Installing: /home/atwork/limo_3.0/install/limo_msgs/lib/python3.12/site-packages/limo_msgs-0.0.0-py3.12.egg-info/SOURCES.txt
[21.544s] -- Installing: /home/atwork/limo_3.0/install/limo_msgs/lib/python3.12/site-packages/limo_msgs
[21.545s] -- Installing: /home/atwork/limo_3.0/install/limo_msgs/lib/python3.12/site-packages/limo_msgs/__init__.py
[21.545s] -- Installing: /home/atwork/limo_3.0/install/limo_msgs/lib/python3.12/site-packages/limo_msgs/_limo_msgs_s.ep.rosidl_typesupport_fastrtps_c.c
[21.545s] -- Installing: /home/atwork/limo_3.0/install/limo_msgs/lib/python3.12/site-packages/limo_msgs/limo_msgs_s__rosidl_typesupport_c.so
[21.545s] -- Installing: /home/atwork/limo_3.0/install/limo_msgs/lib/python3.12/site-packages/limo_msgs/_limo_msgs_s.ep.rosidl_typesupport_introspection_c.c
[21.545s] -- Installing: /home/atwork/limo_3.0/install/limo_msgs/lib/python3.12/site-packages/limo_msgs/_limo_msgs_s.ep.rosidl_typesupport_c.c
[21.545s] -- Installing: /home/atwork/limo_3.0/install/limo_msgs/lib/python3.12/site-packages/limo_msgs/msg
[21.545s] -- Installing: /home/atwork/limo_3.0/install/limo_msgs/lib/python3.12/site-packages/limo_msgs/msg/_limo_status_s.c
[21.545s] -- Installing: /home/atwork/limo_3.0/install/limo_msgs/lib/python3.12/site-packages/limo_msgs/msg/__init__.py
[21.545s] -- Installing: /home/atwork/limo_3.0/install/limo_msgs/lib/python3.12/site-packages/limo_msgs/msg/_limo_status.py
[21.546s] -- Installing: /home/atwork/limo_3.0/install/limo_msgs/lib/python3.12/site-packages/limo_msgs/limo_msgs_s__rosidl_typesupport_fastrtps_c.so
[21.546s] -- Installing: /home/atwork/limo_3.0/install/limo_msgs/lib/python3.12/site-packages/limo_msgs/limo_msgs_s__rosidl_typesupport_introspection_c.so
[21.664s] Listing '/home/atwork/limo_3.0/install/limo_msgs/lib/python3.12/site-packages/limo_msgs'...
[21.664s] Compiling '/home/atwork/limo_3.0/install/limo_msgs/lib/python3.12/site-packages/limo_msgs/__init__.py'...
[21.665s] Listing '/home/atwork/limo_3.0/install/limo_msgs/lib/python3.12/site-packages/limo_msgs/msg'...
[21.665s] Compiling '/home/atwork/limo_3.0/install/limo_msgs/lib/python3.12/site-packages/limo_msgs/msg/__init__.py'...
[21.665s] Compiling '/home/atwork/limo_3.0/install/limo_msgs/lib/python3.12/site-packages/limo_msgs/msg/_limo_status.py'...
[21.696s] -- Installing: /home/atwork/limo_3.0/install/limo_msgs/lib/python3.12/site-packages/limo_msgs/limo_msgs_s__rosidl_typesupport_fastrtps_c.so
[21.697s] -- Set non-toolchain portion of runtime path of "/home/atwork/limo_3.0/install/limo_msgs/lib/python3.12/site-packages/limo_msgs/limo_msgs_s__rosidl_typesupport_fastrtps_c.so" to ""
[21.697s] -- Installing: /home/atwork/limo_3.0/install/limo_msgs/lib/python3.12/site-packages/limo_msgs/limo_msgs_s__rosidl_typesupport_introspection_c.so
[21.698s] -- Set non-toolchain portion of runtime path of "/home/atwork/limo_3.0/install/limo_msgs/lib/python3.12/site-packages/limo_msgs/limo_msgs_s__rosidl_typesupport_introspection_c.so" to ""
[21.698s] -- Installing: /home/atwork/limo_3.0/install/limo_msgs/lib/python3.12/site-packages/limo_msgs/limo_msgs_s__rosidl_typesupport_c.so
[21.701s] -- Set non-toolchain portion of runtime path of "/home/atwork/limo_3.0/install/limo_msgs/lib/python3.12/site-packages/limo_msgs/limo_msgs_s__rosidl_typesupport_c.so" to ""
[21.701s] -- Installing: /home/atwork/limo_3.0/install/limo_msgs/lib/liblimo_msgs__rosidl_generator_py.so
[21.702s] -- Set non-toolchain portion of runtime path of "/home/atwork/limo_3.0/install/limo_msgs/lib/liblimo_msgs__rosidl_generator_py.so" to ""
[21.703s] -- Installing: /home/atwork/limo_3.0/install/limo_msgs/share/limo_msgs/msg/LimoStatus.idl
[21.704s] -- Installing: /home/atwork/limo_3.0/install/limo_msgs/share/limo_msgs/msg/LimoStatus.msg
[21.704s] -- Installing: /home/atwork/limo_3.0/install/limo_msgs/share/ament_index/resource_index/package_run_dependencies/limo_msgs
[21.704s] -- Installing: /home/atwork/limo_3.0/install/limo_msgs/share/ament_index/resource_index/parent_prefix_path/limo_msgs
[21.705s] -- Installing: /home/atwork/limo_3.0/install/limo_msgs/share/limo_msgs/environment/ament_prefix_path.sh
[21.707s] -- Installing: /home/atwork/limo_3.0/install/limo_msgs/share/limo_msgs/environment/ament_prefix_path.dsv
[21.708s] -- Installing: /home/atwork/limo_3.0/install/limo_msgs/share/limo_msgs/environment/path.sh
[21.711s] -- Installing: /home/atwork/limo_3.0/install/limo_msgs/share/limo_msgs/environment/path.dsv
[21.712s] -- Installing: /home/atwork/limo_3.0/install/limo_msgs/share/limo_msgs/local_setup.bash
[21.712s] -- Installing: /home/atwork/limo_3.0/install/limo_msgs/share/limo_msgs/local_setup.sh
[21.712s] -- Installing: /home/atwork/limo_3.0/install/limo_msgs/share/limo_msgs/local_setup.zsh
[21.712s] -- Installing: /home/atwork/limo_3.0/install/limo_msgs/share/limo_msgs/local_setup.dsv
[21.712s] -- Installing: /home/atwork/limo_3.0/install/limo_msgs/share/limo_msgs/package.dsv
[21.712s] -- Installing: /home/atwork/limo_3.0/install/limo_msgs/share/ament_index/resource_index/packages/limo_msgs
[21.712s] -- Installing: /home/atwork/limo_3.0/install/limo_msgs/share/limo_msgs/cmake/export_limo_msgs__rosidl_generator_cExport.cmake
[21.713s] -- Installing: /home/atwork/limo_3.0/install/limo_msgs/share/limo_msgs/cmake/export_limo_msgs__rosidl_generator_cExport-noconfig.cmake
[21.713s] -- Installing: /home/atwork/limo_3.0/install/limo_msgs/share/limo_msgs/cmake/export_limo_msgs__rosidl_typesupport_fastrtps_cExport.cmake
[21.714s] -- Installing: /home/atwork/limo_3.0/install/limo_msgs/share/limo_msgs/cmake/export_limo_msgs__rosidl_typesupport_fastrtps_cExport-noconfig.cmake
[21.714s] -- Installing: /home/atwork/limo_3.0/install/limo_msgs/share/limo_msgs/cmake/export_limo_msgs__rosidl_generator_cppExport.cmake
[21.714s] -- Installing: /home/atwork/limo_3.0/install/limo_msgs/share/limo_msgs/cmake/export_limo_msgs__rosidl_typesupport_fastrtps_cppExport.cmake
[21.715s] -- Installing: /home/atwork/limo_3.0/install/limo_msgs/share/limo_msgs/cmake/export_limo_msgs__rosidl_typesupport_fastrtps_cppExport-noconfig.cmake
[21.715s] -- Installing: /home/atwork/limo_3.0/install/limo_msgs/share/limo_msgs/cmake/limo_msgs__rosidl_typesupport_introspection_cExport.cmake
[21.715s] -- Installing: /home/atwork/limo_3.0/install/limo_msgs/share/limo_msgs/cmake/limo_msgs__rosidl_typesupport_introspection_cExport-noconfig.cmake
[21.715s] -- Installing: /home/atwork/limo_3.0/install/limo_msgs/share/limo_msgs/cmake/limo_msgs__rosidl_typesupport_cExport.cmake
[21.715s] -- Installing: /home/atwork/limo_3.0/install/limo_msgs/share/limo_msgs/cmake/limo_msgs__rosidl_typesupport_cExport-noconfig.cmake
[21.716s] -- Installing: /home/atwork/limo_3.0/install/limo_msgs/share/limo_msgs/cmake/limo_msgs__rosidl_typesupport_introspection_cppExport.cmake
[21.716s] -- Installing: /home/atwork/limo_3.0/install/limo_msgs/share/limo_msgs/cmake/limo_msgs__rosidl_typesupport_introspection_cppExport-noconfig.cmake
[21.716s] -- Installing: /home/atwork/limo_3.0/install/limo_msgs/share/limo_msgs/cmake/limo_msgs__rosidl_typesupport_cppExport.cmake
[21.719s] -- Installing: /home/atwork/limo_3.0/install/limo_msgs/share/limo_msgs/cmake/limo_msgs__rosidl_typesupport_cppExport-noconfig.cmake
[21.720s] -- Installing: /home/atwork/limo_3.0/install/limo_msgs/share/limo_msgs/cmake/export_limo_msgs__rosidl_generator_pyExport.cmake
[21.721s] -- Installing: /home/atwork/limo_3.0/install/limo_msgs/share/limo_msgs/cmake/export_limo_msgs__rosidl_generator_pyExport-noconfig.cmake
[21.721s] -- Installing: /home/atwork/limo_3.0/install/limo_msgs/share/limo_msgs/cmake/rosidl_cmake-extras.cmake
[21.722s] -- Installing: /home/atwork/limo_3.0/install/limo_msgs/share/limo_msgs/cmake/ament_cmake_export_dependencies-extras.cmake
[21.722s] -- Installing: /home/atwork/limo_3.0/install/limo_msgs/share/limo_msgs/cmake/ament_cmake_export_include_directories-extras.cmake
[21.723s] -- Installing: /home/atwork/limo_3.0/install/limo_msgs/share/limo_msgs/cmake/ament_cmake_export_libraries-extras.cmake
[21.723s] -- Installing: /home/atwork/limo_3.0/install/limo_msgs/share/limo_msgs/cmake/ament_cmake_export_targets-extras.cmake
[21.724s] -- Installing: /home/atwork/limo_3.0/install/limo_msgs/share/limo_msgs/cmake/rosidl_cmake_export_typesupport_targets-extras.cmake
[21.724s] -- Installing: /home/atwork/limo_3.0/install/limo_msgs/share/limo_msgs/cmake/rosidl_cmake_export_typesupport_libraries-extras.cmake
[21.724s] -- Installing: /home/atwork/limo_3.0/install/limo_msgs/share/limo_msgs/cmake/limo_msgsConfig.cmake
[21.725s] -- Installing: /home/atwork/limo_3.0/install/limo_msgs/share/limo_msgs/cmake/limo_msgsConfig-version.cmake
[21.726s] -- Installing: /home/atwork/limo_3.0/install/limo_msgs/share/limo_msgs/package.xml
[21.729s] Invoked command in '/home/atwork/limo_3.0/build/limo_msgs' returned '0': CMAKE_PREFIX_PATH=${CMAKE_PREFIX_PATH}:/home/atwork/limo_3.0/install/limo_cartographer:/home/atwork/limo_3.0/install/limo_bringup:/home/atwork/limo_3.0/install/p9n_bringup:/opt/ros/jazzy DEBUGINFOD_URLS=https://debuginfod.ubuntu.com /usr/bin/cmake --install /home/atwork/limo_3.0/build/limo_msgs
