running egg_info
creating ../../../build/limo_bringup/limo_bringup.egg-info
writing ../../../build/limo_bringup/limo_bringup.egg-info/PKG-INFO
writing dependency_links to ../../../build/limo_bringup/limo_bringup.egg-info/dependency_links.txt
writing requirements to ../../../build/limo_bringup/limo_bringup.egg-info/requires.txt
writing top-level names to ../../../build/limo_bringup/limo_bringup.egg-info/top_level.txt
writing manifest file '../../../build/limo_bringup/limo_bringup.egg-info/SOURCES.txt'
reading manifest file '../../../build/limo_bringup/limo_bringup.egg-info/SOURCES.txt'
writing manifest file '../../../build/limo_bringup/limo_bringup.egg-info/SOURCES.txt'
running build
running install
running install_data
creating /home/atwork/limo_3.0/install/limo_bringup/share/ament_index
creating /home/atwork/limo_3.0/install/limo_bringup/share/ament_index/resource_index
creating /home/atwork/limo_3.0/install/limo_bringup/share/ament_index/resource_index/packages
copying resource/limo_bringup -> /home/atwork/limo_3.0/install/limo_bringup/share/ament_index/resource_index/packages
copying package.xml -> /home/atwork/limo_3.0/install/limo_bringup/share/limo_bringup
creating /home/atwork/limo_3.0/install/limo_bringup/share/limo_bringup/launch
copying launch/limo_jazzy.launch.py -> /home/atwork/limo_3.0/install/limo_bringup/share/limo_bringup/launch
running install_egg_info
Copying ../../../build/limo_bringup/limo_bringup.egg-info to /home/atwork/limo_3.0/install/limo_bringup/lib/python3.12/site-packages/limo_bringup-0.0.0-py3.12.egg-info
running install_scripts
writing list of installed files to '/home/atwork/limo_3.0/build/limo_bringup/install.log'
