-- The C compiler identification is GNU 13.3.0
-- The CXX compiler identification is GNU 13.3.0
-- Detecting C compiler ABI info
-- Detecting C compiler ABI info - done
-- Check for working C compiler: /usr/bin/cc - skipped
-- Detecting C compile features
-- Detecting C compile features - done
-- Detecting CXX compiler ABI info
-- Detecting CXX compiler ABI info - done
-- Check for working CXX compiler: /usr/bin/c++ - skipped
-- Detecting CXX compile features
-- Detecting CXX compile features - done
-- Found ament_cmake: 2.5.4 (/opt/ros/jazzy/share/ament_cmake/cmake)
-- Found Python3: /usr/bin/python3 (found version "3.12.3") found components: Interpreter 
-- Found std_msgs: 5.3.6 (/opt/ros/jazzy/share/std_msgs/cmake)
-- Found rosidl_generator_c: 4.6.6 (/opt/ros/jazzy/share/rosidl_generator_c/cmake)
-- Found rosidl_generator_cpp: 4.6.6 (/opt/ros/jazzy/share/rosidl_generator_cpp/cmake)
-- Using all available rosidl_typesupport_c: rosidl_typesupport_fastrtps_c;rosidl_typesupport_introspection_c
-- Using all available rosidl_typesupport_cpp: rosidl_typesupport_fastrtps_cpp;rosidl_typesupport_introspection_cpp
-- Found rosidl_default_generators: 1.6.0 (/opt/ros/jazzy/share/rosidl_default_generators/cmake)
-- Found rosidl_adapter: 4.6.6 (/opt/ros/jazzy/share/rosidl_adapter/cmake)
-- Found ament_cmake_ros: 0.12.0 (/opt/ros/jazzy/share/ament_cmake_ros/cmake)
-- Using all available rosidl_typesupport_c: rosidl_typesupport_fastrtps_c;rosidl_typesupport_introspection_c
-- Using all available rosidl_typesupport_cpp: rosidl_typesupport_fastrtps_cpp;rosidl_typesupport_introspection_cpp
-- Found python_cmake_module: 0.11.1 (/opt/ros/jazzy/share/python_cmake_module/cmake)
-- Found PythonExtra: /usr/bin/python3  
-- Found Python3: /usr/bin/python3 (found version "3.12.3") found components: Interpreter Development NumPy Development.Module Development.Embed 
-- Found ament_lint_auto: 0.17.3 (/opt/ros/jazzy/share/ament_lint_auto/cmake)
-- Added test 'copyright' to check source files copyright and LICENSE
-- Added test 'lint_cmake' to check CMake code style
-- Added test 'xmllint' to check XML markup files
-- Configuring done (6.7s)
-- Generating done (0.2s)
-- Build files have been written to: /home/atwork/limo_3.0/src/build/limo_msgs
[  2%] [34m[1mGenerating type hashes for ROS interfaces[0m
[  2%] Built target ament_cmake_python_copy_limo_msgs
[  2%] Built target limo_msgs__rosidl_generator_type_description
[  5%] [34m[1mGenerating C code for ROS interfaces[0m
[  8%] [34m[1mGenerating C++ code for ROS interfaces[0m
running egg_info
creating limo_msgs.egg-info
writing limo_msgs.egg-info/PKG-INFO
writing dependency_links to limo_msgs.egg-info/dependency_links.txt
writing top-level names to limo_msgs.egg-info/top_level.txt
writing manifest file 'limo_msgs.egg-info/SOURCES.txt'
reading manifest file 'limo_msgs.egg-info/SOURCES.txt'
writing manifest file 'limo_msgs.egg-info/SOURCES.txt'
[  8%] Built target ament_cmake_python_build_limo_msgs_egg
[ 11%] [32mBuilding C object CMakeFiles/limo_msgs__rosidl_generator_c.dir/rosidl_generator_c/limo_msgs/msg/detail/limo_status__description.c.o[0m
[ 17%] [32mBuilding C object CMakeFiles/limo_msgs__rosidl_generator_c.dir/rosidl_generator_c/limo_msgs/msg/detail/limo_status__functions.c.o[0m
[ 17%] [32mBuilding C object CMakeFiles/limo_msgs__rosidl_generator_c.dir/rosidl_generator_c/limo_msgs/msg/detail/limo_status__type_support.c.o[0m
[ 20%] [32m[1mLinking C shared library liblimo_msgs__rosidl_generator_c.so[0m
[ 20%] Built target limo_msgs__rosidl_generator_c
[ 23%] [34m[1mGenerating C introspection for ROS interfaces[0m
[ 29%] [34m[1mGenerating C type support dispatch for ROS interfaces[0m
[ 26%] [34m[1mGenerating C type support for eProsima Fast-RTPS[0m
[ 29%] Built target limo_msgs__cpp
[ 32%] [34m[1mGenerating C++ type support dispatch for ROS interfaces[0m
[ 35%] [32mBuilding CXX object CMakeFiles/limo_msgs__rosidl_typesupport_c.dir/rosidl_typesupport_c/limo_msgs/msg/limo_status__type_support.cpp.o[0m
[ 38%] [32m[1mLinking CXX shared library liblimo_msgs__rosidl_typesupport_c.so[0m
[ 38%] Built target limo_msgs__rosidl_typesupport_c
[ 41%] [34m[1mGenerating C++ type support for eProsima Fast-RTPS[0m
[ 44%] [32mBuilding CXX object CMakeFiles/limo_msgs__rosidl_typesupport_cpp.dir/rosidl_typesupport_cpp/limo_msgs/msg/limo_status__type_support.cpp.o[0m
[ 47%] [32mBuilding C object CMakeFiles/limo_msgs__rosidl_typesupport_introspection_c.dir/rosidl_typesupport_introspection_c/limo_msgs/msg/detail/limo_status__type_support.c.o[0m
[ 50%] [32m[1mLinking C shared library liblimo_msgs__rosidl_typesupport_introspection_c.so[0m
[ 50%] Built target limo_msgs__rosidl_typesupport_introspection_c
[ 52%] [34m[1mGenerating C++ introspection for ROS interfaces[0m
[ 55%] [32mBuilding CXX object CMakeFiles/limo_msgs__rosidl_typesupport_fastrtps_c.dir/rosidl_typesupport_fastrtps_c/limo_msgs/msg/detail/limo_status__type_support_c.cpp.o[0m
[ 58%] [32mBuilding CXX object CMakeFiles/limo_msgs__rosidl_typesupport_fastrtps_cpp.dir/rosidl_typesupport_fastrtps_cpp/limo_msgs/msg/detail/dds_fastrtps/limo_status__type_support.cpp.o[0m
[ 61%] [32m[1mLinking CXX shared library liblimo_msgs__rosidl_typesupport_cpp.so[0m
[ 64%] [32mBuilding CXX object CMakeFiles/limo_msgs__rosidl_typesupport_introspection_cpp.dir/rosidl_typesupport_introspection_cpp/limo_msgs/msg/detail/limo_status__type_support.cpp.o[0m
[ 64%] Built target limo_msgs__rosidl_typesupport_cpp
[ 67%] [32m[1mLinking CXX shared library liblimo_msgs__rosidl_typesupport_fastrtps_cpp.so[0m
[ 70%] [32m[1mLinking CXX shared library liblimo_msgs__rosidl_typesupport_introspection_cpp.so[0m
[ 70%] Built target limo_msgs__rosidl_typesupport_fastrtps_cpp
[ 70%] Built target limo_msgs__rosidl_typesupport_introspection_cpp
[ 73%] [32m[1mLinking CXX shared library liblimo_msgs__rosidl_typesupport_fastrtps_c.so[0m
[ 73%] Built target limo_msgs__rosidl_typesupport_fastrtps_c
[ 73%] Built target limo_msgs
[ 76%] [34m[1mGenerating Python code for ROS interfaces[0m
[ 76%] Built target limo_msgs__py
[ 79%] [32mBuilding C object CMakeFiles/limo_msgs__rosidl_generator_py.dir/rosidl_generator_py/limo_msgs/msg/_limo_status_s.c.o[0m
[ 82%] [32m[1mLinking C shared library liblimo_msgs__rosidl_generator_py.so[0m
[ 82%] Built target limo_msgs__rosidl_generator_py
[ 85%] [32mBuilding C object CMakeFiles/limo_msgs_s__rosidl_typesupport_c.dir/rosidl_generator_py/limo_msgs/_limo_msgs_s.ep.rosidl_typesupport_c.c.o[0m
[ 88%] [32mBuilding C object CMakeFiles/limo_msgs_s__rosidl_typesupport_fastrtps_c.dir/rosidl_generator_py/limo_msgs/_limo_msgs_s.ep.rosidl_typesupport_fastrtps_c.c.o[0m
[ 91%] [32mBuilding C object CMakeFiles/limo_msgs_s__rosidl_typesupport_introspection_c.dir/rosidl_generator_py/limo_msgs/_limo_msgs_s.ep.rosidl_typesupport_introspection_c.c.o[0m
[ 94%] [32m[1mLinking C shared module rosidl_generator_py/limo_msgs/limo_msgs_s__rosidl_typesupport_fastrtps_c.so[0m
[ 97%] [32m[1mLinking C shared module rosidl_generator_py/limo_msgs/limo_msgs_s__rosidl_typesupport_c.so[0m
[ 97%] Built target limo_msgs_s__rosidl_typesupport_fastrtps_c
[100%] [32m[1mLinking C shared module rosidl_generator_py/limo_msgs/limo_msgs_s__rosidl_typesupport_introspection_c.so[0m
[100%] Built target limo_msgs_s__rosidl_typesupport_c
[100%] Built target limo_msgs_s__rosidl_typesupport_introspection_c
-- Install configuration: ""
-- Installing: /home/atwork/limo_3.0/src/install/limo_msgs/share/ament_index/resource_index/rosidl_interfaces/limo_msgs
-- Installing: /home/atwork/limo_3.0/src/install/limo_msgs/share/limo_msgs/msg/LimoStatus.json
-- Installing: /home/atwork/limo_3.0/src/install/limo_msgs/include/limo_msgs/limo_msgs
-- Installing: /home/atwork/limo_3.0/src/install/limo_msgs/include/limo_msgs/limo_msgs/msg
-- Installing: /home/atwork/limo_3.0/src/install/limo_msgs/include/limo_msgs/limo_msgs/msg/detail
-- Installing: /home/atwork/limo_3.0/src/install/limo_msgs/include/limo_msgs/limo_msgs/msg/detail/limo_status__functions.h
-- Installing: /home/atwork/limo_3.0/src/install/limo_msgs/include/limo_msgs/limo_msgs/msg/detail/limo_status__description.c
-- Installing: /home/atwork/limo_3.0/src/install/limo_msgs/include/limo_msgs/limo_msgs/msg/detail/limo_status__functions.c
-- Installing: /home/atwork/limo_3.0/src/install/limo_msgs/include/limo_msgs/limo_msgs/msg/detail/limo_status__type_support.h
-- Installing: /home/atwork/limo_3.0/src/install/limo_msgs/include/limo_msgs/limo_msgs/msg/detail/limo_status__type_support.c
-- Installing: /home/atwork/limo_3.0/src/install/limo_msgs/include/limo_msgs/limo_msgs/msg/detail/limo_status__struct.h
-- Installing: /home/atwork/limo_3.0/src/install/limo_msgs/include/limo_msgs/limo_msgs/msg/limo_status.h
-- Installing: /home/atwork/limo_3.0/src/install/limo_msgs/include/limo_msgs/limo_msgs/msg/rosidl_generator_c__visibility_control.h
-- Installing: /home/atwork/limo_3.0/src/install/limo_msgs/share/limo_msgs/environment/library_path.sh
-- Installing: /home/atwork/limo_3.0/src/install/limo_msgs/share/limo_msgs/environment/library_path.dsv
-- Installing: /home/atwork/limo_3.0/src/install/limo_msgs/lib/liblimo_msgs__rosidl_generator_c.so
-- Set non-toolchain portion of runtime path of "/home/atwork/limo_3.0/src/install/limo_msgs/lib/liblimo_msgs__rosidl_generator_c.so" to ""
-- Up-to-date: /home/atwork/limo_3.0/src/install/limo_msgs/include/limo_msgs/limo_msgs
-- Up-to-date: /home/atwork/limo_3.0/src/install/limo_msgs/include/limo_msgs/limo_msgs/msg
-- Installing: /home/atwork/limo_3.0/src/install/limo_msgs/include/limo_msgs/limo_msgs/msg/rosidl_typesupport_fastrtps_c__visibility_control.h
-- Up-to-date: /home/atwork/limo_3.0/src/install/limo_msgs/include/limo_msgs/limo_msgs/msg/detail
-- Installing: /home/atwork/limo_3.0/src/install/limo_msgs/include/limo_msgs/limo_msgs/msg/detail/limo_status__rosidl_typesupport_fastrtps_c.h
-- Installing: /home/atwork/limo_3.0/src/install/limo_msgs/lib/liblimo_msgs__rosidl_typesupport_fastrtps_c.so
-- Set non-toolchain portion of runtime path of "/home/atwork/limo_3.0/src/install/limo_msgs/lib/liblimo_msgs__rosidl_typesupport_fastrtps_c.so" to ""
-- Up-to-date: /home/atwork/limo_3.0/src/install/limo_msgs/include/limo_msgs/limo_msgs
-- Up-to-date: /home/atwork/limo_3.0/src/install/limo_msgs/include/limo_msgs/limo_msgs/msg
-- Up-to-date: /home/atwork/limo_3.0/src/install/limo_msgs/include/limo_msgs/limo_msgs/msg/detail
-- Installing: /home/atwork/limo_3.0/src/install/limo_msgs/include/limo_msgs/limo_msgs/msg/detail/limo_status__type_support.hpp
-- Installing: /home/atwork/limo_3.0/src/install/limo_msgs/include/limo_msgs/limo_msgs/msg/detail/limo_status__struct.hpp
-- Installing: /home/atwork/limo_3.0/src/install/limo_msgs/include/limo_msgs/limo_msgs/msg/detail/limo_status__traits.hpp
-- Installing: /home/atwork/limo_3.0/src/install/limo_msgs/include/limo_msgs/limo_msgs/msg/detail/limo_status__builder.hpp
-- Installing: /home/atwork/limo_3.0/src/install/limo_msgs/include/limo_msgs/limo_msgs/msg/rosidl_generator_cpp__visibility_control.hpp
-- Installing: /home/atwork/limo_3.0/src/install/limo_msgs/include/limo_msgs/limo_msgs/msg/limo_status.hpp
-- Up-to-date: /home/atwork/limo_3.0/src/install/limo_msgs/include/limo_msgs/limo_msgs
-- Up-to-date: /home/atwork/limo_3.0/src/install/limo_msgs/include/limo_msgs/limo_msgs/msg
-- Up-to-date: /home/atwork/limo_3.0/src/install/limo_msgs/include/limo_msgs/limo_msgs/msg/detail
-- Installing: /home/atwork/limo_3.0/src/install/limo_msgs/include/limo_msgs/limo_msgs/msg/detail/limo_status__rosidl_typesupport_fastrtps_cpp.hpp
-- Installing: /home/atwork/limo_3.0/src/install/limo_msgs/include/limo_msgs/limo_msgs/msg/detail/dds_fastrtps
-- Installing: /home/atwork/limo_3.0/src/install/limo_msgs/include/limo_msgs/limo_msgs/msg/rosidl_typesupport_fastrtps_cpp__visibility_control.h
-- Installing: /home/atwork/limo_3.0/src/install/limo_msgs/lib/liblimo_msgs__rosidl_typesupport_fastrtps_cpp.so
-- Set non-toolchain portion of runtime path of "/home/atwork/limo_3.0/src/install/limo_msgs/lib/liblimo_msgs__rosidl_typesupport_fastrtps_cpp.so" to ""
-- Up-to-date: /home/atwork/limo_3.0/src/install/limo_msgs/include/limo_msgs/limo_msgs
-- Up-to-date: /home/atwork/limo_3.0/src/install/limo_msgs/include/limo_msgs/limo_msgs/msg
-- Up-to-date: /home/atwork/limo_3.0/src/install/limo_msgs/include/limo_msgs/limo_msgs/msg/detail
-- Installing: /home/atwork/limo_3.0/src/install/limo_msgs/include/limo_msgs/limo_msgs/msg/detail/limo_status__rosidl_typesupport_introspection_c.h
-- Installing: /home/atwork/limo_3.0/src/install/limo_msgs/include/limo_msgs/limo_msgs/msg/detail/limo_status__type_support.c
-- Installing: /home/atwork/limo_3.0/src/install/limo_msgs/include/limo_msgs/limo_msgs/msg/rosidl_typesupport_introspection_c__visibility_control.h
-- Installing: /home/atwork/limo_3.0/src/install/limo_msgs/lib/liblimo_msgs__rosidl_typesupport_introspection_c.so
-- Set non-toolchain portion of runtime path of "/home/atwork/limo_3.0/src/install/limo_msgs/lib/liblimo_msgs__rosidl_typesupport_introspection_c.so" to ""
-- Installing: /home/atwork/limo_3.0/src/install/limo_msgs/lib/liblimo_msgs__rosidl_typesupport_c.so
-- Set non-toolchain portion of runtime path of "/home/atwork/limo_3.0/src/install/limo_msgs/lib/liblimo_msgs__rosidl_typesupport_c.so" to ""
-- Up-to-date: /home/atwork/limo_3.0/src/install/limo_msgs/include/limo_msgs/limo_msgs
-- Up-to-date: /home/atwork/limo_3.0/src/install/limo_msgs/include/limo_msgs/limo_msgs/msg
-- Up-to-date: /home/atwork/limo_3.0/src/install/limo_msgs/include/limo_msgs/limo_msgs/msg/detail
-- Installing: /home/atwork/limo_3.0/src/install/limo_msgs/include/limo_msgs/limo_msgs/msg/detail/limo_status__rosidl_typesupport_introspection_cpp.hpp
-- Installing: /home/atwork/limo_3.0/src/install/limo_msgs/include/limo_msgs/limo_msgs/msg/detail/limo_status__type_support.cpp
-- Installing: /home/atwork/limo_3.0/src/install/limo_msgs/lib/liblimo_msgs__rosidl_typesupport_introspection_cpp.so
-- Set non-toolchain portion of runtime path of "/home/atwork/limo_3.0/src/install/limo_msgs/lib/liblimo_msgs__rosidl_typesupport_introspection_cpp.so" to ""
-- Installing: /home/atwork/limo_3.0/src/install/limo_msgs/lib/liblimo_msgs__rosidl_typesupport_cpp.so
-- Set non-toolchain portion of runtime path of "/home/atwork/limo_3.0/src/install/limo_msgs/lib/liblimo_msgs__rosidl_typesupport_cpp.so" to ""
-- Installing: /home/atwork/limo_3.0/src/install/limo_msgs/share/limo_msgs/environment/pythonpath.sh
-- Installing: /home/atwork/limo_3.0/src/install/limo_msgs/share/limo_msgs/environment/pythonpath.dsv
-- Installing: /home/atwork/limo_3.0/src/install/limo_msgs/lib/python3.12/site-packages/limo_msgs-0.0.0-py3.12.egg-info
-- Installing: /home/atwork/limo_3.0/src/install/limo_msgs/lib/python3.12/site-packages/limo_msgs-0.0.0-py3.12.egg-info/PKG-INFO
-- Installing: /home/atwork/limo_3.0/src/install/limo_msgs/lib/python3.12/site-packages/limo_msgs-0.0.0-py3.12.egg-info/top_level.txt
-- Installing: /home/atwork/limo_3.0/src/install/limo_msgs/lib/python3.12/site-packages/limo_msgs-0.0.0-py3.12.egg-info/dependency_links.txt
-- Installing: /home/atwork/limo_3.0/src/install/limo_msgs/lib/python3.12/site-packages/limo_msgs-0.0.0-py3.12.egg-info/SOURCES.txt
-- Installing: /home/atwork/limo_3.0/src/install/limo_msgs/lib/python3.12/site-packages/limo_msgs
-- Installing: /home/atwork/limo_3.0/src/install/limo_msgs/lib/python3.12/site-packages/limo_msgs/__init__.py
-- Installing: /home/atwork/limo_3.0/src/install/limo_msgs/lib/python3.12/site-packages/limo_msgs/_limo_msgs_s.ep.rosidl_typesupport_fastrtps_c.c
-- Installing: /home/atwork/limo_3.0/src/install/limo_msgs/lib/python3.12/site-packages/limo_msgs/limo_msgs_s__rosidl_typesupport_c.so
-- Installing: /home/atwork/limo_3.0/src/install/limo_msgs/lib/python3.12/site-packages/limo_msgs/_limo_msgs_s.ep.rosidl_typesupport_introspection_c.c
-- Installing: /home/atwork/limo_3.0/src/install/limo_msgs/lib/python3.12/site-packages/limo_msgs/_limo_msgs_s.ep.rosidl_typesupport_c.c
-- Installing: /home/atwork/limo_3.0/src/install/limo_msgs/lib/python3.12/site-packages/limo_msgs/msg
-- Installing: /home/atwork/limo_3.0/src/install/limo_msgs/lib/python3.12/site-packages/limo_msgs/msg/_limo_status_s.c
-- Installing: /home/atwork/limo_3.0/src/install/limo_msgs/lib/python3.12/site-packages/limo_msgs/msg/__init__.py
-- Installing: /home/atwork/limo_3.0/src/install/limo_msgs/lib/python3.12/site-packages/limo_msgs/msg/_limo_status.py
-- Installing: /home/atwork/limo_3.0/src/install/limo_msgs/lib/python3.12/site-packages/limo_msgs/limo_msgs_s__rosidl_typesupport_fastrtps_c.so
-- Installing: /home/atwork/limo_3.0/src/install/limo_msgs/lib/python3.12/site-packages/limo_msgs/limo_msgs_s__rosidl_typesupport_introspection_c.so
Listing '/home/atwork/limo_3.0/src/install/limo_msgs/lib/python3.12/site-packages/limo_msgs'...
Compiling '/home/atwork/limo_3.0/src/install/limo_msgs/lib/python3.12/site-packages/limo_msgs/__init__.py'...
Listing '/home/atwork/limo_3.0/src/install/limo_msgs/lib/python3.12/site-packages/limo_msgs/msg'...
Compiling '/home/atwork/limo_3.0/src/install/limo_msgs/lib/python3.12/site-packages/limo_msgs/msg/__init__.py'...
Compiling '/home/atwork/limo_3.0/src/install/limo_msgs/lib/python3.12/site-packages/limo_msgs/msg/_limo_status.py'...
-- Installing: /home/atwork/limo_3.0/src/install/limo_msgs/lib/python3.12/site-packages/limo_msgs/limo_msgs_s__rosidl_typesupport_fastrtps_c.so
-- Set non-toolchain portion of runtime path of "/home/atwork/limo_3.0/src/install/limo_msgs/lib/python3.12/site-packages/limo_msgs/limo_msgs_s__rosidl_typesupport_fastrtps_c.so" to ""
-- Installing: /home/atwork/limo_3.0/src/install/limo_msgs/lib/python3.12/site-packages/limo_msgs/limo_msgs_s__rosidl_typesupport_introspection_c.so
-- Set non-toolchain portion of runtime path of "/home/atwork/limo_3.0/src/install/limo_msgs/lib/python3.12/site-packages/limo_msgs/limo_msgs_s__rosidl_typesupport_introspection_c.so" to ""
-- Installing: /home/atwork/limo_3.0/src/install/limo_msgs/lib/python3.12/site-packages/limo_msgs/limo_msgs_s__rosidl_typesupport_c.so
-- Set non-toolchain portion of runtime path of "/home/atwork/limo_3.0/src/install/limo_msgs/lib/python3.12/site-packages/limo_msgs/limo_msgs_s__rosidl_typesupport_c.so" to ""
-- Installing: /home/atwork/limo_3.0/src/install/limo_msgs/lib/liblimo_msgs__rosidl_generator_py.so
-- Set non-toolchain portion of runtime path of "/home/atwork/limo_3.0/src/install/limo_msgs/lib/liblimo_msgs__rosidl_generator_py.so" to ""
-- Installing: /home/atwork/limo_3.0/src/install/limo_msgs/share/limo_msgs/msg/LimoStatus.idl
-- Installing: /home/atwork/limo_3.0/src/install/limo_msgs/share/limo_msgs/msg/LimoStatus.msg
-- Installing: /home/atwork/limo_3.0/src/install/limo_msgs/share/ament_index/resource_index/package_run_dependencies/limo_msgs
-- Installing: /home/atwork/limo_3.0/src/install/limo_msgs/share/ament_index/resource_index/parent_prefix_path/limo_msgs
-- Installing: /home/atwork/limo_3.0/src/install/limo_msgs/share/limo_msgs/environment/ament_prefix_path.sh
-- Installing: /home/atwork/limo_3.0/src/install/limo_msgs/share/limo_msgs/environment/ament_prefix_path.dsv
-- Installing: /home/atwork/limo_3.0/src/install/limo_msgs/share/limo_msgs/environment/path.sh
-- Installing: /home/atwork/limo_3.0/src/install/limo_msgs/share/limo_msgs/environment/path.dsv
-- Installing: /home/atwork/limo_3.0/src/install/limo_msgs/share/limo_msgs/local_setup.bash
-- Installing: /home/atwork/limo_3.0/src/install/limo_msgs/share/limo_msgs/local_setup.sh
-- Installing: /home/atwork/limo_3.0/src/install/limo_msgs/share/limo_msgs/local_setup.zsh
-- Installing: /home/atwork/limo_3.0/src/install/limo_msgs/share/limo_msgs/local_setup.dsv
-- Installing: /home/atwork/limo_3.0/src/install/limo_msgs/share/limo_msgs/package.dsv
-- Installing: /home/atwork/limo_3.0/src/install/limo_msgs/share/ament_index/resource_index/packages/limo_msgs
-- Installing: /home/atwork/limo_3.0/src/install/limo_msgs/share/limo_msgs/cmake/export_limo_msgs__rosidl_generator_cExport.cmake
-- Installing: /home/atwork/limo_3.0/src/install/limo_msgs/share/limo_msgs/cmake/export_limo_msgs__rosidl_generator_cExport-noconfig.cmake
-- Installing: /home/atwork/limo_3.0/src/install/limo_msgs/share/limo_msgs/cmake/export_limo_msgs__rosidl_typesupport_fastrtps_cExport.cmake
-- Installing: /home/atwork/limo_3.0/src/install/limo_msgs/share/limo_msgs/cmake/export_limo_msgs__rosidl_typesupport_fastrtps_cExport-noconfig.cmake
-- Installing: /home/atwork/limo_3.0/src/install/limo_msgs/share/limo_msgs/cmake/export_limo_msgs__rosidl_generator_cppExport.cmake
-- Installing: /home/atwork/limo_3.0/src/install/limo_msgs/share/limo_msgs/cmake/export_limo_msgs__rosidl_typesupport_fastrtps_cppExport.cmake
-- Installing: /home/atwork/limo_3.0/src/install/limo_msgs/share/limo_msgs/cmake/export_limo_msgs__rosidl_typesupport_fastrtps_cppExport-noconfig.cmake
-- Installing: /home/atwork/limo_3.0/src/install/limo_msgs/share/limo_msgs/cmake/limo_msgs__rosidl_typesupport_introspection_cExport.cmake
-- Installing: /home/atwork/limo_3.0/src/install/limo_msgs/share/limo_msgs/cmake/limo_msgs__rosidl_typesupport_introspection_cExport-noconfig.cmake
-- Installing: /home/atwork/limo_3.0/src/install/limo_msgs/share/limo_msgs/cmake/limo_msgs__rosidl_typesupport_cExport.cmake
-- Installing: /home/atwork/limo_3.0/src/install/limo_msgs/share/limo_msgs/cmake/limo_msgs__rosidl_typesupport_cExport-noconfig.cmake
-- Installing: /home/atwork/limo_3.0/src/install/limo_msgs/share/limo_msgs/cmake/limo_msgs__rosidl_typesupport_introspection_cppExport.cmake
-- Installing: /home/atwork/limo_3.0/src/install/limo_msgs/share/limo_msgs/cmake/limo_msgs__rosidl_typesupport_introspection_cppExport-noconfig.cmake
-- Installing: /home/atwork/limo_3.0/src/install/limo_msgs/share/limo_msgs/cmake/limo_msgs__rosidl_typesupport_cppExport.cmake
-- Installing: /home/atwork/limo_3.0/src/install/limo_msgs/share/limo_msgs/cmake/limo_msgs__rosidl_typesupport_cppExport-noconfig.cmake
-- Installing: /home/atwork/limo_3.0/src/install/limo_msgs/share/limo_msgs/cmake/export_limo_msgs__rosidl_generator_pyExport.cmake
-- Installing: /home/atwork/limo_3.0/src/install/limo_msgs/share/limo_msgs/cmake/export_limo_msgs__rosidl_generator_pyExport-noconfig.cmake
-- Installing: /home/atwork/limo_3.0/src/install/limo_msgs/share/limo_msgs/cmake/rosidl_cmake-extras.cmake
-- Installing: /home/atwork/limo_3.0/src/install/limo_msgs/share/limo_msgs/cmake/ament_cmake_export_dependencies-extras.cmake
-- Installing: /home/atwork/limo_3.0/src/install/limo_msgs/share/limo_msgs/cmake/ament_cmake_export_include_directories-extras.cmake
-- Installing: /home/atwork/limo_3.0/src/install/limo_msgs/share/limo_msgs/cmake/ament_cmake_export_libraries-extras.cmake
-- Installing: /home/atwork/limo_3.0/src/install/limo_msgs/share/limo_msgs/cmake/ament_cmake_export_targets-extras.cmake
-- Installing: /home/atwork/limo_3.0/src/install/limo_msgs/share/limo_msgs/cmake/rosidl_cmake_export_typesupport_targets-extras.cmake
-- Installing: /home/atwork/limo_3.0/src/install/limo_msgs/share/limo_msgs/cmake/rosidl_cmake_export_typesupport_libraries-extras.cmake
-- Installing: /home/atwork/limo_3.0/src/install/limo_msgs/share/limo_msgs/cmake/limo_msgsConfig.cmake
-- Installing: /home/atwork/limo_3.0/src/install/limo_msgs/share/limo_msgs/cmake/limo_msgsConfig-version.cmake
-- Installing: /home/atwork/limo_3.0/src/install/limo_msgs/share/limo_msgs/package.xml
