[0.019s] Invoking command in '/home/atwork/limo_3.0/src/build/limo_msgs': CMAKE_PREFIX_PATH=${CMAKE_PREFIX_PATH}:/home/atwork/limo_3.0/install/limo_bringup:/home/atwork/limo_3.0/install/p9n_bringup:/opt/ros/jazzy DEBUGINFOD_URLS=https://debuginfod.ubuntu.com /usr/bin/cmake /home/atwork/limo_3.0/src/limo_ros2/limo_msgs -DCMAKE_INSTALL_PREFIX=/home/atwork/limo_3.0/src/install/limo_msgs
[0.181s] -- The C compiler identification is GNU 13.3.0
[0.313s] -- The CXX compiler identification is GNU 13.3.0
[0.341s] -- Detecting C compiler ABI info
[0.479s] -- Detecting C compiler ABI info - done
[0.501s] -- Check for working C compiler: /usr/bin/cc - skipped
[0.501s] -- Detecting C compile features
[0.502s] -- Detecting C compile features - done
[0.516s] -- Detecting CXX compiler ABI info
[0.663s] -- Detecting CXX compiler ABI info - done
[0.704s] -- Check for working CXX compiler: /usr/bin/c++ - skipped
[0.704s] -- Detecting CXX compile features
[0.705s] -- Detecting CXX compile features - done
[0.710s] -- Found ament_cmake: 2.5.4 (/opt/ros/jazzy/share/ament_cmake/cmake)
[0.986s] -- Found Python3: /usr/bin/python3 (found version "3.12.3") found components: Interpreter 
[1.185s] -- Found std_msgs: 5.3.6 (/opt/ros/jazzy/share/std_msgs/cmake)
[1.272s] -- Found rosidl_generator_c: 4.6.6 (/opt/ros/jazzy/share/rosidl_generator_c/cmake)
[1.306s] -- Found rosidl_generator_cpp: 4.6.6 (/opt/ros/jazzy/share/rosidl_generator_cpp/cmake)
[1.351s] -- Using all available rosidl_typesupport_c: rosidl_typesupport_fastrtps_c;rosidl_typesupport_introspection_c
[1.391s] -- Using all available rosidl_typesupport_cpp: rosidl_typesupport_fastrtps_cpp;rosidl_typesupport_introspection_cpp
[1.475s] -- Found rosidl_default_generators: 1.6.0 (/opt/ros/jazzy/share/rosidl_default_generators/cmake)
[1.521s] -- Found rosidl_adapter: 4.6.6 (/opt/ros/jazzy/share/rosidl_adapter/cmake)
[2.542s] -- Found ament_cmake_ros: 0.12.0 (/opt/ros/jazzy/share/ament_cmake_ros/cmake)
[3.815s] -- Using all available rosidl_typesupport_c: rosidl_typesupport_fastrtps_c;rosidl_typesupport_introspection_c
[4.510s] -- Using all available rosidl_typesupport_cpp: rosidl_typesupport_fastrtps_cpp;rosidl_typesupport_introspection_cpp
[4.526s] -- Found python_cmake_module: 0.11.1 (/opt/ros/jazzy/share/python_cmake_module/cmake)
[4.870s] -- Found PythonExtra: /usr/bin/python3  
[6.387s] -- Found Python3: /usr/bin/python3 (found version "3.12.3") found components: Interpreter Development NumPy Development.Module Development.Embed 
[6.589s] -- Found ament_lint_auto: 0.17.3 (/opt/ros/jazzy/share/ament_lint_auto/cmake)
[6.742s] -- Added test 'copyright' to check source files copyright and LICENSE
[6.749s] -- Added test 'lint_cmake' to check CMake code style
[6.759s] -- Added test 'xmllint' to check XML markup files
[6.781s] -- Configuring done (6.7s)
[7.032s] -- Generating done (0.2s)
[7.109s] -- Build files have been written to: /home/atwork/limo_3.0/src/build/limo_msgs
[7.165s] Invoked command in '/home/atwork/limo_3.0/src/build/limo_msgs' returned '0': CMAKE_PREFIX_PATH=${CMAKE_PREFIX_PATH}:/home/atwork/limo_3.0/install/limo_bringup:/home/atwork/limo_3.0/install/p9n_bringup:/opt/ros/jazzy DEBUGINFOD_URLS=https://debuginfod.ubuntu.com /usr/bin/cmake /home/atwork/limo_3.0/src/limo_ros2/limo_msgs -DCMAKE_INSTALL_PREFIX=/home/atwork/limo_3.0/src/install/limo_msgs
[7.165s] Invoking command in '/home/atwork/limo_3.0/src/build/limo_msgs': CMAKE_PREFIX_PATH=${CMAKE_PREFIX_PATH}:/home/atwork/limo_3.0/install/limo_bringup:/home/atwork/limo_3.0/install/p9n_bringup:/opt/ros/jazzy DEBUGINFOD_URLS=https://debuginfod.ubuntu.com /usr/bin/cmake --build /home/atwork/limo_3.0/src/build/limo_msgs -- -j4 -l4
[7.394s] [  2%] [34m[1mGenerating type hashes for ROS interfaces[0m
[7.421s] [  2%] Built target ament_cmake_python_copy_limo_msgs
[8.184s] [  2%] Built target limo_msgs__rosidl_generator_type_description
[8.245s] [  5%] [34m[1mGenerating C code for ROS interfaces[0m
[8.270s] [  8%] [34m[1mGenerating C++ code for ROS interfaces[0m
[8.273s] running egg_info
[8.275s] creating limo_msgs.egg-info
[8.325s] writing limo_msgs.egg-info/PKG-INFO
[8.326s] writing dependency_links to limo_msgs.egg-info/dependency_links.txt
[8.326s] writing top-level names to limo_msgs.egg-info/top_level.txt
[8.326s] writing manifest file 'limo_msgs.egg-info/SOURCES.txt'
[8.658s] reading manifest file 'limo_msgs.egg-info/SOURCES.txt'
[8.661s] writing manifest file 'limo_msgs.egg-info/SOURCES.txt'
[8.790s] [  8%] Built target ament_cmake_python_build_limo_msgs_egg
[9.152s] [ 11%] [32mBuilding C object CMakeFiles/limo_msgs__rosidl_generator_c.dir/rosidl_generator_c/limo_msgs/msg/detail/limo_status__description.c.o[0m
[9.165s] [ 17%] [32mBuilding C object CMakeFiles/limo_msgs__rosidl_generator_c.dir/rosidl_generator_c/limo_msgs/msg/detail/limo_status__functions.c.o[0m
[9.168s] [ 17%] [32mBuilding C object CMakeFiles/limo_msgs__rosidl_generator_c.dir/rosidl_generator_c/limo_msgs/msg/detail/limo_status__type_support.c.o[0m
[9.495s] [ 20%] [32m[1mLinking C shared library liblimo_msgs__rosidl_generator_c.so[0m
[9.595s] [ 20%] Built target limo_msgs__rosidl_generator_c
[9.656s] [ 23%] [34m[1mGenerating C introspection for ROS interfaces[0m
[9.659s] [ 29%] [34m[1mGenerating C type support dispatch for ROS interfaces[0m
[9.659s] [ 26%] [34m[1mGenerating C type support for eProsima Fast-RTPS[0m
[10.104s] [ 29%] Built target limo_msgs__cpp
[10.119s] [ 32%] [34m[1mGenerating C++ type support dispatch for ROS interfaces[0m
[10.428s] [ 35%] [32mBuilding CXX object CMakeFiles/limo_msgs__rosidl_typesupport_c.dir/rosidl_typesupport_c/limo_msgs/msg/limo_status__type_support.cpp.o[0m
[10.639s] [ 38%] [32m[1mLinking CXX shared library liblimo_msgs__rosidl_typesupport_c.so[0m
[10.822s] [ 38%] Built target limo_msgs__rosidl_typesupport_c
[10.852s] [ 41%] [34m[1mGenerating C++ type support for eProsima Fast-RTPS[0m
[10.995s] [ 44%] [32mBuilding CXX object CMakeFiles/limo_msgs__rosidl_typesupport_cpp.dir/rosidl_typesupport_cpp/limo_msgs/msg/limo_status__type_support.cpp.o[0m
[11.168s] [ 47%] [32mBuilding C object CMakeFiles/limo_msgs__rosidl_typesupport_introspection_c.dir/rosidl_typesupport_introspection_c/limo_msgs/msg/detail/limo_status__type_support.c.o[0m
[11.382s] [ 50%] [32m[1mLinking C shared library liblimo_msgs__rosidl_typesupport_introspection_c.so[0m
[11.564s] [ 50%] Built target limo_msgs__rosidl_typesupport_introspection_c
[11.596s] [ 52%] [34m[1mGenerating C++ introspection for ROS interfaces[0m
[11.836s] [ 55%] [32mBuilding CXX object CMakeFiles/limo_msgs__rosidl_typesupport_fastrtps_c.dir/rosidl_typesupport_fastrtps_c/limo_msgs/msg/detail/limo_status__type_support_c.cpp.o[0m
[11.908s] [ 58%] [32mBuilding CXX object CMakeFiles/limo_msgs__rosidl_typesupport_fastrtps_cpp.dir/rosidl_typesupport_fastrtps_cpp/limo_msgs/msg/detail/dds_fastrtps/limo_status__type_support.cpp.o[0m
[12.534s] [ 61%] [32m[1mLinking CXX shared library liblimo_msgs__rosidl_typesupport_cpp.so[0m
[12.722s] [ 64%] [32mBuilding CXX object CMakeFiles/limo_msgs__rosidl_typesupport_introspection_cpp.dir/rosidl_typesupport_introspection_cpp/limo_msgs/msg/detail/limo_status__type_support.cpp.o[0m
[12.754s] [ 64%] Built target limo_msgs__rosidl_typesupport_cpp
[13.562s] [ 67%] [32m[1mLinking CXX shared library liblimo_msgs__rosidl_typesupport_fastrtps_cpp.so[0m
[13.893s] [ 70%] [32m[1mLinking CXX shared library liblimo_msgs__rosidl_typesupport_introspection_cpp.so[0m
[13.931s] [ 70%] Built target limo_msgs__rosidl_typesupport_fastrtps_cpp
[14.206s] [ 70%] Built target limo_msgs__rosidl_typesupport_introspection_cpp
[14.349s] [ 73%] [32m[1mLinking CXX shared library liblimo_msgs__rosidl_typesupport_fastrtps_c.so[0m
[14.625s] [ 73%] Built target limo_msgs__rosidl_typesupport_fastrtps_c
[14.761s] [ 73%] Built target limo_msgs
[14.831s] [ 76%] [34m[1mGenerating Python code for ROS interfaces[0m
[16.261s] [ 76%] Built target limo_msgs__py
[16.334s] [ 79%] [32mBuilding C object CMakeFiles/limo_msgs__rosidl_generator_py.dir/rosidl_generator_py/limo_msgs/msg/_limo_status_s.c.o[0m
[16.759s] [ 82%] [32m[1mLinking C shared library liblimo_msgs__rosidl_generator_py.so[0m
[17.006s] [ 82%] Built target limo_msgs__rosidl_generator_py
[17.091s] [ 85%] [32mBuilding C object CMakeFiles/limo_msgs_s__rosidl_typesupport_c.dir/rosidl_generator_py/limo_msgs/_limo_msgs_s.ep.rosidl_typesupport_c.c.o[0m
[17.103s] [ 88%] [32mBuilding C object CMakeFiles/limo_msgs_s__rosidl_typesupport_fastrtps_c.dir/rosidl_generator_py/limo_msgs/_limo_msgs_s.ep.rosidl_typesupport_fastrtps_c.c.o[0m
[17.112s] [ 91%] [32mBuilding C object CMakeFiles/limo_msgs_s__rosidl_typesupport_introspection_c.dir/rosidl_generator_py/limo_msgs/_limo_msgs_s.ep.rosidl_typesupport_introspection_c.c.o[0m
[17.501s] [ 94%] [32m[1mLinking C shared module rosidl_generator_py/limo_msgs/limo_msgs_s__rosidl_typesupport_fastrtps_c.so[0m
[17.602s] [ 97%] [32m[1mLinking C shared module rosidl_generator_py/limo_msgs/limo_msgs_s__rosidl_typesupport_c.so[0m
[17.630s] [ 97%] Built target limo_msgs_s__rosidl_typesupport_fastrtps_c
[17.672s] [100%] [32m[1mLinking C shared module rosidl_generator_py/limo_msgs/limo_msgs_s__rosidl_typesupport_introspection_c.so[0m
[17.718s] [100%] Built target limo_msgs_s__rosidl_typesupport_c
[17.809s] [100%] Built target limo_msgs_s__rosidl_typesupport_introspection_c
[17.849s] Invoked command in '/home/atwork/limo_3.0/src/build/limo_msgs' returned '0': CMAKE_PREFIX_PATH=${CMAKE_PREFIX_PATH}:/home/atwork/limo_3.0/install/limo_bringup:/home/atwork/limo_3.0/install/p9n_bringup:/opt/ros/jazzy DEBUGINFOD_URLS=https://debuginfod.ubuntu.com /usr/bin/cmake --build /home/atwork/limo_3.0/src/build/limo_msgs -- -j4 -l4
[17.849s] Invoking command in '/home/atwork/limo_3.0/src/build/limo_msgs': CMAKE_PREFIX_PATH=${CMAKE_PREFIX_PATH}:/home/atwork/limo_3.0/install/limo_bringup:/home/atwork/limo_3.0/install/p9n_bringup:/opt/ros/jazzy DEBUGINFOD_URLS=https://debuginfod.ubuntu.com /usr/bin/cmake --install /home/atwork/limo_3.0/src/build/limo_msgs
[17.893s] -- Install configuration: ""
[17.894s] -- Installing: /home/atwork/limo_3.0/src/install/limo_msgs/share/ament_index/resource_index/rosidl_interfaces/limo_msgs
[17.897s] -- Installing: /home/atwork/limo_3.0/src/install/limo_msgs/share/limo_msgs/msg/LimoStatus.json
[17.897s] -- Installing: /home/atwork/limo_3.0/src/install/limo_msgs/include/limo_msgs/limo_msgs
[17.898s] -- Installing: /home/atwork/limo_3.0/src/install/limo_msgs/include/limo_msgs/limo_msgs/msg
[17.898s] -- Installing: /home/atwork/limo_3.0/src/install/limo_msgs/include/limo_msgs/limo_msgs/msg/detail
[17.898s] -- Installing: /home/atwork/limo_3.0/src/install/limo_msgs/include/limo_msgs/limo_msgs/msg/detail/limo_status__functions.h
[17.899s] -- Installing: /home/atwork/limo_3.0/src/install/limo_msgs/include/limo_msgs/limo_msgs/msg/detail/limo_status__description.c
[17.904s] -- Installing: /home/atwork/limo_3.0/src/install/limo_msgs/include/limo_msgs/limo_msgs/msg/detail/limo_status__functions.c
[17.905s] -- Installing: /home/atwork/limo_3.0/src/install/limo_msgs/include/limo_msgs/limo_msgs/msg/detail/limo_status__type_support.h
[17.905s] -- Installing: /home/atwork/limo_3.0/src/install/limo_msgs/include/limo_msgs/limo_msgs/msg/detail/limo_status__type_support.c
[17.905s] -- Installing: /home/atwork/limo_3.0/src/install/limo_msgs/include/limo_msgs/limo_msgs/msg/detail/limo_status__struct.h
[17.905s] -- Installing: /home/atwork/limo_3.0/src/install/limo_msgs/include/limo_msgs/limo_msgs/msg/limo_status.h
[17.905s] -- Installing: /home/atwork/limo_3.0/src/install/limo_msgs/include/limo_msgs/limo_msgs/msg/rosidl_generator_c__visibility_control.h
[17.905s] -- Installing: /home/atwork/limo_3.0/src/install/limo_msgs/share/limo_msgs/environment/library_path.sh
[17.906s] -- Installing: /home/atwork/limo_3.0/src/install/limo_msgs/share/limo_msgs/environment/library_path.dsv
[17.907s] -- Installing: /home/atwork/limo_3.0/src/install/limo_msgs/lib/liblimo_msgs__rosidl_generator_c.so
[17.910s] -- Set non-toolchain portion of runtime path of "/home/atwork/limo_3.0/src/install/limo_msgs/lib/liblimo_msgs__rosidl_generator_c.so" to ""
[17.910s] -- Up-to-date: /home/atwork/limo_3.0/src/install/limo_msgs/include/limo_msgs/limo_msgs
[17.911s] -- Up-to-date: /home/atwork/limo_3.0/src/install/limo_msgs/include/limo_msgs/limo_msgs/msg
[17.911s] -- Installing: /home/atwork/limo_3.0/src/install/limo_msgs/include/limo_msgs/limo_msgs/msg/rosidl_typesupport_fastrtps_c__visibility_control.h
[17.912s] -- Up-to-date: /home/atwork/limo_3.0/src/install/limo_msgs/include/limo_msgs/limo_msgs/msg/detail
[17.912s] -- Installing: /home/atwork/limo_3.0/src/install/limo_msgs/include/limo_msgs/limo_msgs/msg/detail/limo_status__rosidl_typesupport_fastrtps_c.h
[17.917s] -- Installing: /home/atwork/limo_3.0/src/install/limo_msgs/lib/liblimo_msgs__rosidl_typesupport_fastrtps_c.so
[17.917s] -- Set non-toolchain portion of runtime path of "/home/atwork/limo_3.0/src/install/limo_msgs/lib/liblimo_msgs__rosidl_typesupport_fastrtps_c.so" to ""
[17.917s] -- Up-to-date: /home/atwork/limo_3.0/src/install/limo_msgs/include/limo_msgs/limo_msgs
[17.917s] -- Up-to-date: /home/atwork/limo_3.0/src/install/limo_msgs/include/limo_msgs/limo_msgs/msg
[17.917s] -- Up-to-date: /home/atwork/limo_3.0/src/install/limo_msgs/include/limo_msgs/limo_msgs/msg/detail
[17.917s] -- Installing: /home/atwork/limo_3.0/src/install/limo_msgs/include/limo_msgs/limo_msgs/msg/detail/limo_status__type_support.hpp
[17.917s] -- Installing: /home/atwork/limo_3.0/src/install/limo_msgs/include/limo_msgs/limo_msgs/msg/detail/limo_status__struct.hpp
[17.919s] -- Installing: /home/atwork/limo_3.0/src/install/limo_msgs/include/limo_msgs/limo_msgs/msg/detail/limo_status__traits.hpp
[17.919s] -- Installing: /home/atwork/limo_3.0/src/install/limo_msgs/include/limo_msgs/limo_msgs/msg/detail/limo_status__builder.hpp
[17.920s] -- Installing: /home/atwork/limo_3.0/src/install/limo_msgs/include/limo_msgs/limo_msgs/msg/rosidl_generator_cpp__visibility_control.hpp
[17.926s] -- Installing: /home/atwork/limo_3.0/src/install/limo_msgs/include/limo_msgs/limo_msgs/msg/limo_status.hpp
[17.926s] -- Up-to-date: /home/atwork/limo_3.0/src/install/limo_msgs/include/limo_msgs/limo_msgs
[17.926s] -- Up-to-date: /home/atwork/limo_3.0/src/install/limo_msgs/include/limo_msgs/limo_msgs/msg
[17.926s] -- Up-to-date: /home/atwork/limo_3.0/src/install/limo_msgs/include/limo_msgs/limo_msgs/msg/detail
[17.927s] -- Installing: /home/atwork/limo_3.0/src/install/limo_msgs/include/limo_msgs/limo_msgs/msg/detail/limo_status__rosidl_typesupport_fastrtps_cpp.hpp
[17.927s] -- Installing: /home/atwork/limo_3.0/src/install/limo_msgs/include/limo_msgs/limo_msgs/msg/detail/dds_fastrtps
[17.927s] -- Installing: /home/atwork/limo_3.0/src/install/limo_msgs/include/limo_msgs/limo_msgs/msg/rosidl_typesupport_fastrtps_cpp__visibility_control.h
[17.927s] -- Installing: /home/atwork/limo_3.0/src/install/limo_msgs/lib/liblimo_msgs__rosidl_typesupport_fastrtps_cpp.so
[17.927s] -- Set non-toolchain portion of runtime path of "/home/atwork/limo_3.0/src/install/limo_msgs/lib/liblimo_msgs__rosidl_typesupport_fastrtps_cpp.so" to ""
[17.927s] -- Up-to-date: /home/atwork/limo_3.0/src/install/limo_msgs/include/limo_msgs/limo_msgs
[17.927s] -- Up-to-date: /home/atwork/limo_3.0/src/install/limo_msgs/include/limo_msgs/limo_msgs/msg
[17.927s] -- Up-to-date: /home/atwork/limo_3.0/src/install/limo_msgs/include/limo_msgs/limo_msgs/msg/detail
[17.928s] -- Installing: /home/atwork/limo_3.0/src/install/limo_msgs/include/limo_msgs/limo_msgs/msg/detail/limo_status__rosidl_typesupport_introspection_c.h
[17.928s] -- Installing: /home/atwork/limo_3.0/src/install/limo_msgs/include/limo_msgs/limo_msgs/msg/detail/limo_status__type_support.c
[17.928s] -- Installing: /home/atwork/limo_3.0/src/install/limo_msgs/include/limo_msgs/limo_msgs/msg/rosidl_typesupport_introspection_c__visibility_control.h
[17.928s] -- Installing: /home/atwork/limo_3.0/src/install/limo_msgs/lib/liblimo_msgs__rosidl_typesupport_introspection_c.so
[17.928s] -- Set non-toolchain portion of runtime path of "/home/atwork/limo_3.0/src/install/limo_msgs/lib/liblimo_msgs__rosidl_typesupport_introspection_c.so" to ""
[17.928s] -- Installing: /home/atwork/limo_3.0/src/install/limo_msgs/lib/liblimo_msgs__rosidl_typesupport_c.so
[17.933s] -- Set non-toolchain portion of runtime path of "/home/atwork/limo_3.0/src/install/limo_msgs/lib/liblimo_msgs__rosidl_typesupport_c.so" to ""
[17.933s] -- Up-to-date: /home/atwork/limo_3.0/src/install/limo_msgs/include/limo_msgs/limo_msgs
[17.935s] -- Up-to-date: /home/atwork/limo_3.0/src/install/limo_msgs/include/limo_msgs/limo_msgs/msg
[17.935s] -- Up-to-date: /home/atwork/limo_3.0/src/install/limo_msgs/include/limo_msgs/limo_msgs/msg/detail
[17.936s] -- Installing: /home/atwork/limo_3.0/src/install/limo_msgs/include/limo_msgs/limo_msgs/msg/detail/limo_status__rosidl_typesupport_introspection_cpp.hpp
[17.936s] -- Installing: /home/atwork/limo_3.0/src/install/limo_msgs/include/limo_msgs/limo_msgs/msg/detail/limo_status__type_support.cpp
[17.936s] -- Installing: /home/atwork/limo_3.0/src/install/limo_msgs/lib/liblimo_msgs__rosidl_typesupport_introspection_cpp.so
[17.940s] -- Set non-toolchain portion of runtime path of "/home/atwork/limo_3.0/src/install/limo_msgs/lib/liblimo_msgs__rosidl_typesupport_introspection_cpp.so" to ""
[17.940s] -- Installing: /home/atwork/limo_3.0/src/install/limo_msgs/lib/liblimo_msgs__rosidl_typesupport_cpp.so
[17.941s] -- Set non-toolchain portion of runtime path of "/home/atwork/limo_3.0/src/install/limo_msgs/lib/liblimo_msgs__rosidl_typesupport_cpp.so" to ""
[17.942s] -- Installing: /home/atwork/limo_3.0/src/install/limo_msgs/share/limo_msgs/environment/pythonpath.sh
[17.942s] -- Installing: /home/atwork/limo_3.0/src/install/limo_msgs/share/limo_msgs/environment/pythonpath.dsv
[17.946s] -- Installing: /home/atwork/limo_3.0/src/install/limo_msgs/lib/python3.12/site-packages/limo_msgs-0.0.0-py3.12.egg-info
[17.947s] -- Installing: /home/atwork/limo_3.0/src/install/limo_msgs/lib/python3.12/site-packages/limo_msgs-0.0.0-py3.12.egg-info/PKG-INFO
[17.947s] -- Installing: /home/atwork/limo_3.0/src/install/limo_msgs/lib/python3.12/site-packages/limo_msgs-0.0.0-py3.12.egg-info/top_level.txt
[17.947s] -- Installing: /home/atwork/limo_3.0/src/install/limo_msgs/lib/python3.12/site-packages/limo_msgs-0.0.0-py3.12.egg-info/dependency_links.txt
[17.948s] -- Installing: /home/atwork/limo_3.0/src/install/limo_msgs/lib/python3.12/site-packages/limo_msgs-0.0.0-py3.12.egg-info/SOURCES.txt
[17.948s] -- Installing: /home/atwork/limo_3.0/src/install/limo_msgs/lib/python3.12/site-packages/limo_msgs
[17.949s] -- Installing: /home/atwork/limo_3.0/src/install/limo_msgs/lib/python3.12/site-packages/limo_msgs/__init__.py
[17.952s] -- Installing: /home/atwork/limo_3.0/src/install/limo_msgs/lib/python3.12/site-packages/limo_msgs/_limo_msgs_s.ep.rosidl_typesupport_fastrtps_c.c
[17.952s] -- Installing: /home/atwork/limo_3.0/src/install/limo_msgs/lib/python3.12/site-packages/limo_msgs/limo_msgs_s__rosidl_typesupport_c.so
[17.952s] -- Installing: /home/atwork/limo_3.0/src/install/limo_msgs/lib/python3.12/site-packages/limo_msgs/_limo_msgs_s.ep.rosidl_typesupport_introspection_c.c
[17.952s] -- Installing: /home/atwork/limo_3.0/src/install/limo_msgs/lib/python3.12/site-packages/limo_msgs/_limo_msgs_s.ep.rosidl_typesupport_c.c
[17.953s] -- Installing: /home/atwork/limo_3.0/src/install/limo_msgs/lib/python3.12/site-packages/limo_msgs/msg
[17.953s] -- Installing: /home/atwork/limo_3.0/src/install/limo_msgs/lib/python3.12/site-packages/limo_msgs/msg/_limo_status_s.c
[17.955s] -- Installing: /home/atwork/limo_3.0/src/install/limo_msgs/lib/python3.12/site-packages/limo_msgs/msg/__init__.py
[17.955s] -- Installing: /home/atwork/limo_3.0/src/install/limo_msgs/lib/python3.12/site-packages/limo_msgs/msg/_limo_status.py
[17.963s] -- Installing: /home/atwork/limo_3.0/src/install/limo_msgs/lib/python3.12/site-packages/limo_msgs/limo_msgs_s__rosidl_typesupport_fastrtps_c.so
[17.963s] -- Installing: /home/atwork/limo_3.0/src/install/limo_msgs/lib/python3.12/site-packages/limo_msgs/limo_msgs_s__rosidl_typesupport_introspection_c.so
[18.132s] Listing '/home/atwork/limo_3.0/src/install/limo_msgs/lib/python3.12/site-packages/limo_msgs'...
[18.132s] Compiling '/home/atwork/limo_3.0/src/install/limo_msgs/lib/python3.12/site-packages/limo_msgs/__init__.py'...
[18.132s] Listing '/home/atwork/limo_3.0/src/install/limo_msgs/lib/python3.12/site-packages/limo_msgs/msg'...
[18.132s] Compiling '/home/atwork/limo_3.0/src/install/limo_msgs/lib/python3.12/site-packages/limo_msgs/msg/__init__.py'...
[18.132s] Compiling '/home/atwork/limo_3.0/src/install/limo_msgs/lib/python3.12/site-packages/limo_msgs/msg/_limo_status.py'...
[18.168s] -- Installing: /home/atwork/limo_3.0/src/install/limo_msgs/lib/python3.12/site-packages/limo_msgs/limo_msgs_s__rosidl_typesupport_fastrtps_c.so
[18.169s] -- Set non-toolchain portion of runtime path of "/home/atwork/limo_3.0/src/install/limo_msgs/lib/python3.12/site-packages/limo_msgs/limo_msgs_s__rosidl_typesupport_fastrtps_c.so" to ""
[18.169s] -- Installing: /home/atwork/limo_3.0/src/install/limo_msgs/lib/python3.12/site-packages/limo_msgs/limo_msgs_s__rosidl_typesupport_introspection_c.so
[18.175s] -- Set non-toolchain portion of runtime path of "/home/atwork/limo_3.0/src/install/limo_msgs/lib/python3.12/site-packages/limo_msgs/limo_msgs_s__rosidl_typesupport_introspection_c.so" to ""
[18.175s] -- Installing: /home/atwork/limo_3.0/src/install/limo_msgs/lib/python3.12/site-packages/limo_msgs/limo_msgs_s__rosidl_typesupport_c.so
[18.175s] -- Set non-toolchain portion of runtime path of "/home/atwork/limo_3.0/src/install/limo_msgs/lib/python3.12/site-packages/limo_msgs/limo_msgs_s__rosidl_typesupport_c.so" to ""
[18.176s] -- Installing: /home/atwork/limo_3.0/src/install/limo_msgs/lib/liblimo_msgs__rosidl_generator_py.so
[18.178s] -- Set non-toolchain portion of runtime path of "/home/atwork/limo_3.0/src/install/limo_msgs/lib/liblimo_msgs__rosidl_generator_py.so" to ""
[18.178s] -- Installing: /home/atwork/limo_3.0/src/install/limo_msgs/share/limo_msgs/msg/LimoStatus.idl
[18.179s] -- Installing: /home/atwork/limo_3.0/src/install/limo_msgs/share/limo_msgs/msg/LimoStatus.msg
[18.180s] -- Installing: /home/atwork/limo_3.0/src/install/limo_msgs/share/ament_index/resource_index/package_run_dependencies/limo_msgs
[18.185s] -- Installing: /home/atwork/limo_3.0/src/install/limo_msgs/share/ament_index/resource_index/parent_prefix_path/limo_msgs
[18.185s] -- Installing: /home/atwork/limo_3.0/src/install/limo_msgs/share/limo_msgs/environment/ament_prefix_path.sh
[18.185s] -- Installing: /home/atwork/limo_3.0/src/install/limo_msgs/share/limo_msgs/environment/ament_prefix_path.dsv
[18.185s] -- Installing: /home/atwork/limo_3.0/src/install/limo_msgs/share/limo_msgs/environment/path.sh
[18.186s] -- Installing: /home/atwork/limo_3.0/src/install/limo_msgs/share/limo_msgs/environment/path.dsv
[18.188s] -- Installing: /home/atwork/limo_3.0/src/install/limo_msgs/share/limo_msgs/local_setup.bash
[18.188s] -- Installing: /home/atwork/limo_3.0/src/install/limo_msgs/share/limo_msgs/local_setup.sh
[18.188s] -- Installing: /home/atwork/limo_3.0/src/install/limo_msgs/share/limo_msgs/local_setup.zsh
[18.190s] -- Installing: /home/atwork/limo_3.0/src/install/limo_msgs/share/limo_msgs/local_setup.dsv
[18.193s] -- Installing: /home/atwork/limo_3.0/src/install/limo_msgs/share/limo_msgs/package.dsv
[18.193s] -- Installing: /home/atwork/limo_3.0/src/install/limo_msgs/share/ament_index/resource_index/packages/limo_msgs
[18.194s] -- Installing: /home/atwork/limo_3.0/src/install/limo_msgs/share/limo_msgs/cmake/export_limo_msgs__rosidl_generator_cExport.cmake
[18.194s] -- Installing: /home/atwork/limo_3.0/src/install/limo_msgs/share/limo_msgs/cmake/export_limo_msgs__rosidl_generator_cExport-noconfig.cmake
[18.196s] -- Installing: /home/atwork/limo_3.0/src/install/limo_msgs/share/limo_msgs/cmake/export_limo_msgs__rosidl_typesupport_fastrtps_cExport.cmake
[18.196s] -- Installing: /home/atwork/limo_3.0/src/install/limo_msgs/share/limo_msgs/cmake/export_limo_msgs__rosidl_typesupport_fastrtps_cExport-noconfig.cmake
[18.197s] -- Installing: /home/atwork/limo_3.0/src/install/limo_msgs/share/limo_msgs/cmake/export_limo_msgs__rosidl_generator_cppExport.cmake
[18.198s] -- Installing: /home/atwork/limo_3.0/src/install/limo_msgs/share/limo_msgs/cmake/export_limo_msgs__rosidl_typesupport_fastrtps_cppExport.cmake
[18.205s] -- Installing: /home/atwork/limo_3.0/src/install/limo_msgs/share/limo_msgs/cmake/export_limo_msgs__rosidl_typesupport_fastrtps_cppExport-noconfig.cmake
[18.205s] -- Installing: /home/atwork/limo_3.0/src/install/limo_msgs/share/limo_msgs/cmake/limo_msgs__rosidl_typesupport_introspection_cExport.cmake
[18.206s] -- Installing: /home/atwork/limo_3.0/src/install/limo_msgs/share/limo_msgs/cmake/limo_msgs__rosidl_typesupport_introspection_cExport-noconfig.cmake
[18.206s] -- Installing: /home/atwork/limo_3.0/src/install/limo_msgs/share/limo_msgs/cmake/limo_msgs__rosidl_typesupport_cExport.cmake
[18.206s] -- Installing: /home/atwork/limo_3.0/src/install/limo_msgs/share/limo_msgs/cmake/limo_msgs__rosidl_typesupport_cExport-noconfig.cmake
[18.206s] -- Installing: /home/atwork/limo_3.0/src/install/limo_msgs/share/limo_msgs/cmake/limo_msgs__rosidl_typesupport_introspection_cppExport.cmake
[18.207s] -- Installing: /home/atwork/limo_3.0/src/install/limo_msgs/share/limo_msgs/cmake/limo_msgs__rosidl_typesupport_introspection_cppExport-noconfig.cmake
[18.207s] -- Installing: /home/atwork/limo_3.0/src/install/limo_msgs/share/limo_msgs/cmake/limo_msgs__rosidl_typesupport_cppExport.cmake
[18.207s] -- Installing: /home/atwork/limo_3.0/src/install/limo_msgs/share/limo_msgs/cmake/limo_msgs__rosidl_typesupport_cppExport-noconfig.cmake
[18.207s] -- Installing: /home/atwork/limo_3.0/src/install/limo_msgs/share/limo_msgs/cmake/export_limo_msgs__rosidl_generator_pyExport.cmake
[18.209s] -- Installing: /home/atwork/limo_3.0/src/install/limo_msgs/share/limo_msgs/cmake/export_limo_msgs__rosidl_generator_pyExport-noconfig.cmake
[18.210s] -- Installing: /home/atwork/limo_3.0/src/install/limo_msgs/share/limo_msgs/cmake/rosidl_cmake-extras.cmake
[18.218s] -- Installing: /home/atwork/limo_3.0/src/install/limo_msgs/share/limo_msgs/cmake/ament_cmake_export_dependencies-extras.cmake
[18.218s] -- Installing: /home/atwork/limo_3.0/src/install/limo_msgs/share/limo_msgs/cmake/ament_cmake_export_include_directories-extras.cmake
[18.218s] -- Installing: /home/atwork/limo_3.0/src/install/limo_msgs/share/limo_msgs/cmake/ament_cmake_export_libraries-extras.cmake
[18.218s] -- Installing: /home/atwork/limo_3.0/src/install/limo_msgs/share/limo_msgs/cmake/ament_cmake_export_targets-extras.cmake
[18.218s] -- Installing: /home/atwork/limo_3.0/src/install/limo_msgs/share/limo_msgs/cmake/rosidl_cmake_export_typesupport_targets-extras.cmake
[18.218s] -- Installing: /home/atwork/limo_3.0/src/install/limo_msgs/share/limo_msgs/cmake/rosidl_cmake_export_typesupport_libraries-extras.cmake
[18.218s] -- Installing: /home/atwork/limo_3.0/src/install/limo_msgs/share/limo_msgs/cmake/limo_msgsConfig.cmake
[18.218s] -- Installing: /home/atwork/limo_3.0/src/install/limo_msgs/share/limo_msgs/cmake/limo_msgsConfig-version.cmake
[18.219s] -- Installing: /home/atwork/limo_3.0/src/install/limo_msgs/share/limo_msgs/package.xml
[18.234s] Invoked command in '/home/atwork/limo_3.0/src/build/limo_msgs' returned '0': CMAKE_PREFIX_PATH=${CMAKE_PREFIX_PATH}:/home/atwork/limo_3.0/install/limo_bringup:/home/atwork/limo_3.0/install/p9n_bringup:/opt/ros/jazzy DEBUGINFOD_URLS=https://debuginfod.ubuntu.com /usr/bin/cmake --install /home/atwork/limo_3.0/src/build/limo_msgs
