[0.039s] Invoking command in '/home/atwork/limo_3.0/build/p9n_node': CMAKE_PREFIX_PATH=/home/atwork/limo_3.0/install/joy:/home/atwork/limo_3.0/install/sdl2_vendor:/home/atwork/limo_3.0/install/p9n_interface:/home/atwork/limo_3.0/install/wiimote:/home/atwork/limo_3.0/install/wiimote_msgs:/home/atwork/limo_3.0/install/urg_node:/home/atwork/limo_3.0/install/spacenav:/home/atwork/limo_3.0/install/p9n:/home/atwork/limo_3.0/install/p9n_test:/home/atwork/limo_3.0/install/p9n_node:/home/atwork/limo_3.0/install/p9n_example:/home/atwork/limo_3.0/install/limo_base:/home/atwork/limo_3.0/install/limo_msgs:/home/atwork/limo_3.0/install/limo_description:/home/atwork/limo_3.0/install/joy_linux:/opt/ros/jazzy/opt/gz_math_vendor:/opt/ros/jazzy/opt/gz_utils_vendor:/opt/ros/jazzy/opt/gz_cmake_vendor:/home/atwork/limo_3.0/install/limo_bringup:/home/atwork/limo_3.0/install/p9n_bringup:/home/atwork/limo_3.0/install/limo_cartographer:/opt/ros/jazzy DEBUGINFOD_URLS=https://debuginfod.ubuntu.com LD_LIBRARY_PATH=/home/atwork/limo_3.0/install/joy/lib:/home/atwork/limo_3.0/install/wiimote/lib:/home/atwork/limo_3.0/install/wiimote_msgs/lib:/home/atwork/limo_3.0/install/urg_node/lib:/home/atwork/limo_3.0/install/spacenav/lib:/home/atwork/limo_3.0/install/p9n_test/lib:/home/atwork/limo_3.0/install/p9n_node/lib:/home/atwork/limo_3.0/install/p9n_example/lib:/home/atwork/limo_3.0/install/p9n_interface/lib:/home/atwork/limo_3.0/install/limo_msgs/lib:/opt/ros/jazzy/opt/rviz_ogre_vendor/lib:/opt/ros/jazzy/lib/x86_64-linux-gnu:/opt/ros/jazzy/opt/gz_math_vendor/lib:/opt/ros/jazzy/opt/gz_utils_vendor/lib:/opt/ros/jazzy/opt/gz_cmake_vendor/lib:/opt/ros/jazzy/lib /usr/bin/cmake --build /home/atwork/limo_3.0/build/p9n_node -- -j4 -l4
[0.212s] [ 50%] Built target teleop_twist_joy_node_exec
[0.218s] [100%] Built target p9n_node_teleop_twist_joy_node
[0.239s] Invoked command in '/home/atwork/limo_3.0/build/p9n_node' returned '0': CMAKE_PREFIX_PATH=/home/atwork/limo_3.0/install/joy:/home/atwork/limo_3.0/install/sdl2_vendor:/home/atwork/limo_3.0/install/p9n_interface:/home/atwork/limo_3.0/install/wiimote:/home/atwork/limo_3.0/install/wiimote_msgs:/home/atwork/limo_3.0/install/urg_node:/home/atwork/limo_3.0/install/spacenav:/home/atwork/limo_3.0/install/p9n:/home/atwork/limo_3.0/install/p9n_test:/home/atwork/limo_3.0/install/p9n_node:/home/atwork/limo_3.0/install/p9n_example:/home/atwork/limo_3.0/install/limo_base:/home/atwork/limo_3.0/install/limo_msgs:/home/atwork/limo_3.0/install/limo_description:/home/atwork/limo_3.0/install/joy_linux:/opt/ros/jazzy/opt/gz_math_vendor:/opt/ros/jazzy/opt/gz_utils_vendor:/opt/ros/jazzy/opt/gz_cmake_vendor:/home/atwork/limo_3.0/install/limo_bringup:/home/atwork/limo_3.0/install/p9n_bringup:/home/atwork/limo_3.0/install/limo_cartographer:/opt/ros/jazzy DEBUGINFOD_URLS=https://debuginfod.ubuntu.com LD_LIBRARY_PATH=/home/atwork/limo_3.0/install/joy/lib:/home/atwork/limo_3.0/install/wiimote/lib:/home/atwork/limo_3.0/install/wiimote_msgs/lib:/home/atwork/limo_3.0/install/urg_node/lib:/home/atwork/limo_3.0/install/spacenav/lib:/home/atwork/limo_3.0/install/p9n_test/lib:/home/atwork/limo_3.0/install/p9n_node/lib:/home/atwork/limo_3.0/install/p9n_example/lib:/home/atwork/limo_3.0/install/p9n_interface/lib:/home/atwork/limo_3.0/install/limo_msgs/lib:/opt/ros/jazzy/opt/rviz_ogre_vendor/lib:/opt/ros/jazzy/lib/x86_64-linux-gnu:/opt/ros/jazzy/opt/gz_math_vendor/lib:/opt/ros/jazzy/opt/gz_utils_vendor/lib:/opt/ros/jazzy/opt/gz_cmake_vendor/lib:/opt/ros/jazzy/lib /usr/bin/cmake --build /home/atwork/limo_3.0/build/p9n_node -- -j4 -l4
[0.241s] Invoking command in '/home/atwork/limo_3.0/build/p9n_node': CMAKE_PREFIX_PATH=/home/atwork/limo_3.0/install/joy:/home/atwork/limo_3.0/install/sdl2_vendor:/home/atwork/limo_3.0/install/p9n_interface:/home/atwork/limo_3.0/install/wiimote:/home/atwork/limo_3.0/install/wiimote_msgs:/home/atwork/limo_3.0/install/urg_node:/home/atwork/limo_3.0/install/spacenav:/home/atwork/limo_3.0/install/p9n:/home/atwork/limo_3.0/install/p9n_test:/home/atwork/limo_3.0/install/p9n_node:/home/atwork/limo_3.0/install/p9n_example:/home/atwork/limo_3.0/install/limo_base:/home/atwork/limo_3.0/install/limo_msgs:/home/atwork/limo_3.0/install/limo_description:/home/atwork/limo_3.0/install/joy_linux:/opt/ros/jazzy/opt/gz_math_vendor:/opt/ros/jazzy/opt/gz_utils_vendor:/opt/ros/jazzy/opt/gz_cmake_vendor:/home/atwork/limo_3.0/install/limo_bringup:/home/atwork/limo_3.0/install/p9n_bringup:/home/atwork/limo_3.0/install/limo_cartographer:/opt/ros/jazzy DEBUGINFOD_URLS=https://debuginfod.ubuntu.com LD_LIBRARY_PATH=/home/atwork/limo_3.0/install/joy/lib:/home/atwork/limo_3.0/install/wiimote/lib:/home/atwork/limo_3.0/install/wiimote_msgs/lib:/home/atwork/limo_3.0/install/urg_node/lib:/home/atwork/limo_3.0/install/spacenav/lib:/home/atwork/limo_3.0/install/p9n_test/lib:/home/atwork/limo_3.0/install/p9n_node/lib:/home/atwork/limo_3.0/install/p9n_example/lib:/home/atwork/limo_3.0/install/p9n_interface/lib:/home/atwork/limo_3.0/install/limo_msgs/lib:/opt/ros/jazzy/opt/rviz_ogre_vendor/lib:/opt/ros/jazzy/lib/x86_64-linux-gnu:/opt/ros/jazzy/opt/gz_math_vendor/lib:/opt/ros/jazzy/opt/gz_utils_vendor/lib:/opt/ros/jazzy/opt/gz_cmake_vendor/lib:/opt/ros/jazzy/lib /usr/bin/cmake --install /home/atwork/limo_3.0/build/p9n_node
[0.254s] -- Install configuration: ""
[0.255s] -- Up-to-date: /home/atwork/limo_3.0/install/p9n_node/lib/p9n_node/teleop_twist_joy_node_exec
[0.259s] -- Up-to-date: /home/atwork/limo_3.0/install/p9n_node/include
[0.259s] -- Up-to-date: /home/atwork/limo_3.0/install/p9n_node/include/p9n_node
[0.259s] -- Up-to-date: /home/atwork/limo_3.0/install/p9n_node/include/p9n_node/teleop_twist_joy_node.hpp
[0.259s] -- Up-to-date: /home/atwork/limo_3.0/install/p9n_node/share/p9n_node/environment/library_path.sh
[0.259s] -- Up-to-date: /home/atwork/limo_3.0/install/p9n_node/share/p9n_node/environment/library_path.dsv
[0.259s] -- Up-to-date: /home/atwork/limo_3.0/install/p9n_node/lib/libp9n_node_teleop_twist_joy_node.so
[0.261s] -- Up-to-date: /home/atwork/limo_3.0/install/p9n_node/share/ament_index/resource_index/package_run_dependencies/p9n_node
[0.261s] -- Up-to-date: /home/atwork/limo_3.0/install/p9n_node/share/ament_index/resource_index/parent_prefix_path/p9n_node
[0.261s] -- Up-to-date: /home/atwork/limo_3.0/install/p9n_node/share/p9n_node/environment/ament_prefix_path.sh
[0.261s] -- Up-to-date: /home/atwork/limo_3.0/install/p9n_node/share/p9n_node/environment/ament_prefix_path.dsv
[0.263s] -- Up-to-date: /home/atwork/limo_3.0/install/p9n_node/share/p9n_node/environment/path.sh
[0.263s] -- Up-to-date: /home/atwork/limo_3.0/install/p9n_node/share/p9n_node/environment/path.dsv
[0.263s] -- Up-to-date: /home/atwork/limo_3.0/install/p9n_node/share/p9n_node/local_setup.bash
[0.263s] -- Up-to-date: /home/atwork/limo_3.0/install/p9n_node/share/p9n_node/local_setup.sh
[0.263s] -- Up-to-date: /home/atwork/limo_3.0/install/p9n_node/share/p9n_node/local_setup.zsh
[0.263s] -- Up-to-date: /home/atwork/limo_3.0/install/p9n_node/share/p9n_node/local_setup.dsv
[0.266s] -- Installing: /home/atwork/limo_3.0/install/p9n_node/share/p9n_node/package.dsv
[0.267s] -- Up-to-date: /home/atwork/limo_3.0/install/p9n_node/share/ament_index/resource_index/packages/p9n_node
[0.267s] -- Up-to-date: /home/atwork/limo_3.0/install/p9n_node/share/ament_index/resource_index/rclcpp_components/p9n_node
[0.267s] -- Up-to-date: /home/atwork/limo_3.0/install/p9n_node/share/p9n_node/cmake/ament_cmake_export_dependencies-extras.cmake
[0.267s] -- Up-to-date: /home/atwork/limo_3.0/install/p9n_node/share/p9n_node/cmake/ament_cmake_export_include_directories-extras.cmake
[0.267s] -- Up-to-date: /home/atwork/limo_3.0/install/p9n_node/share/p9n_node/cmake/ament_cmake_export_libraries-extras.cmake
[0.267s] -- Up-to-date: /home/atwork/limo_3.0/install/p9n_node/share/p9n_node/cmake/p9n_nodeConfig.cmake
[0.267s] -- Up-to-date: /home/atwork/limo_3.0/install/p9n_node/share/p9n_node/cmake/p9n_nodeConfig-version.cmake
[0.268s] -- Up-to-date: /home/atwork/limo_3.0/install/p9n_node/share/p9n_node/package.xml
[0.275s] Invoked command in '/home/atwork/limo_3.0/build/p9n_node' returned '0': CMAKE_PREFIX_PATH=/home/atwork/limo_3.0/install/joy:/home/atwork/limo_3.0/install/sdl2_vendor:/home/atwork/limo_3.0/install/p9n_interface:/home/atwork/limo_3.0/install/wiimote:/home/atwork/limo_3.0/install/wiimote_msgs:/home/atwork/limo_3.0/install/urg_node:/home/atwork/limo_3.0/install/spacenav:/home/atwork/limo_3.0/install/p9n:/home/atwork/limo_3.0/install/p9n_test:/home/atwork/limo_3.0/install/p9n_node:/home/atwork/limo_3.0/install/p9n_example:/home/atwork/limo_3.0/install/limo_base:/home/atwork/limo_3.0/install/limo_msgs:/home/atwork/limo_3.0/install/limo_description:/home/atwork/limo_3.0/install/joy_linux:/opt/ros/jazzy/opt/gz_math_vendor:/opt/ros/jazzy/opt/gz_utils_vendor:/opt/ros/jazzy/opt/gz_cmake_vendor:/home/atwork/limo_3.0/install/limo_bringup:/home/atwork/limo_3.0/install/p9n_bringup:/home/atwork/limo_3.0/install/limo_cartographer:/opt/ros/jazzy DEBUGINFOD_URLS=https://debuginfod.ubuntu.com LD_LIBRARY_PATH=/home/atwork/limo_3.0/install/joy/lib:/home/atwork/limo_3.0/install/wiimote/lib:/home/atwork/limo_3.0/install/wiimote_msgs/lib:/home/atwork/limo_3.0/install/urg_node/lib:/home/atwork/limo_3.0/install/spacenav/lib:/home/atwork/limo_3.0/install/p9n_test/lib:/home/atwork/limo_3.0/install/p9n_node/lib:/home/atwork/limo_3.0/install/p9n_example/lib:/home/atwork/limo_3.0/install/p9n_interface/lib:/home/atwork/limo_3.0/install/limo_msgs/lib:/opt/ros/jazzy/opt/rviz_ogre_vendor/lib:/opt/ros/jazzy/lib/x86_64-linux-gnu:/opt/ros/jazzy/opt/gz_math_vendor/lib:/opt/ros/jazzy/opt/gz_utils_vendor/lib:/opt/ros/jazzy/opt/gz_cmake_vendor/lib:/opt/ros/jazzy/lib /usr/bin/cmake --install /home/atwork/limo_3.0/build/p9n_node
