Traceback (most recent call last):
  File "/opt/ros/jazzy/lib/rosidl_typesupport_cpp/rosidl_typesupport_cpp", line 6, in <module>
    from rosidl_typesupport_cpp import generate_cpp
  File "/opt/ros/jazzy/lib/python3.12/site-packages/rosidl_typesupport_cpp/__init__.py", line 15, in <module>
    from rosidl_pycommon import generate_files
  File "/opt/ros/jazzy/lib/python3.12/site-packages/rosidl_pycommon/__init__.py", line 31, in <module>
    from rosidl_parser.parser import parse_idl_file
  File "/opt/ros/jazzy/lib/python3.12/site-packages/rosidl_parser/parser.py", line 20, in <module>
    from lark import Lark
  File "/usr/lib/python3/dist-packages/lark/__init__.py", line 1, in <module>
    from .exceptions import (
  File "/usr/lib/python3/dist-packages/lark/exceptions.py", line 1, in <module>
    from .utils import logger, NO_VALUE
  File "/usr/lib/python3/dist-packages/lark/utils.py", line 9, in <module>
    import logging
  File "/usr/lib/python3.12/logging/__init__.py", line 26, in <module>
    import sys, os, time, io, re, traceback, warnings, weakref, collections.abc
  File "/usr/lib/python3.12/traceback.py", line 7, in <module>
    import textwrap
  File "/usr/lib/python3.12/textwrap.py", line 17, in <module>
    class TextWrapper:
  File "/usr/lib/python3.12/textwrap.py", line 78, in TextWrapper
    wordsep_re = re.compile(r'''
                 ^^^^^^^^^^^^^^^
  File "/usr/lib/python3.12/re/__init__.py", line 228, in compile
    return _compile(pattern, flags)
           ^^^^^^^^^^^^^^^^^^^^^^^^
  File "/usr/lib/python3.12/re/__init__.py", line 307, in _compile
    p = _compiler.compile(pattern, flags)
        ^^^^^^^^^^^^^^^^^^^^^^^^^^^^^^^^^
  File "/usr/lib/python3.12/re/_compiler.py", line 749, in compile
    code = _code(p, flags)
           ^^^^^^^^^^^^^^^
  File "/usr/lib/python3.12/re/_compiler.py", line 582, in _code
    _compile(code, p.data, flags)
  File "/usr/lib/python3.12/re/_compiler.py", line 128, in _compile
    _compile(code, p, _combine_flags(flags, add_flags, del_flags))
  File "/usr/lib/python3.12/re/_compiler.py", line 176, in _compile
    _compile(code, av, flags)
  File "/usr/lib/python3.12/re/_compiler.py", line 176, in _compile
    _compile(code, av, flags)
  File "/usr/lib/python3.12/re/_compiler.py", line 158, in _compile
    emit(SUCCESS)
KeyboardInterrupt
gmake[2]: *** [CMakeFiles/wiimote_msgs__rosidl_typesupport_cpp.dir/build.make:146: rosidl_typesupport_cpp/wiimote_msgs/msg/ir_source_info__type_support.cpp] Interrupt
gmake[1]: *** [CMakeFiles/Makefile2:425: CMakeFiles/wiimote_msgs__rosidl_typesupport_cpp.dir/all] Interrupt
gmake: *** [Makefile:146: all] Interrupt
