-- The C compiler identification is GNU 13.3.0
-- The CXX compiler identification is GNU 13.3.0
-- Detecting C compiler ABI info
-- Detecting C compiler ABI info - done
-- Check for working C compiler: /usr/bin/cc - skipped
-- Detecting C compile features
-- Detecting C compile features - done
-- Detecting CXX compiler ABI info
-- Detecting CXX compiler ABI info - done
-- Check for working CXX compiler: /usr/bin/c++ - skipped
-- Detecting CXX compile features
-- Detecting CXX compile features - done
-- Found ament_cmake: 2.5.4 (/opt/ros/jazzy/share/ament_cmake/cmake)
-- Found Python3: /usr/bin/python3 (found version "3.12.3") found components: Interpreter 
-- Found ament_cmake_auto: 2.5.4 (/opt/ros/jazzy/share/ament_cmake_auto/cmake)
-- Found rosidl_generator_c: 4.6.6 (/opt/ros/jazzy/share/rosidl_generator_c/cmake)
-- Found rosidl_generator_cpp: 4.6.6 (/opt/ros/jazzy/share/rosidl_generator_cpp/cmake)
-- Using all available rosidl_typesupport_c: rosidl_typesupport_fastrtps_c;rosidl_typesupport_introspection_c
-- Using all available rosidl_typesupport_cpp: rosidl_typesupport_fastrtps_cpp;rosidl_typesupport_introspection_cpp
-- Found rosidl_adapter: 4.6.6 (/opt/ros/jazzy/share/rosidl_adapter/cmake)
-- Found ament_lint_auto: 0.17.3 (/opt/ros/jazzy/share/ament_lint_auto/cmake)
-- Found ament_cmake_ros: 0.12.0 (/opt/ros/jazzy/share/ament_cmake_ros/cmake)
-- Using all available rosidl_typesupport_c: rosidl_typesupport_fastrtps_c;rosidl_typesupport_introspection_c
-- Using all available rosidl_typesupport_cpp: rosidl_typesupport_fastrtps_cpp;rosidl_typesupport_introspection_cpp
-- Found python_cmake_module: 0.11.1 (/opt/ros/jazzy/share/python_cmake_module/cmake)
-- Found PythonExtra: /usr/bin/python3  
-- Found Python3: /usr/bin/python3 (found version "3.12.3") found components: Interpreter Development NumPy Development.Module Development.Embed 
-- Added test 'copyright' to check source files copyright and LICENSE
-- Added test 'lint_cmake' to check CMake code style
-- Added test 'xmllint' to check XML markup files
-- Configuring done (10.2s)
-- Generating done (0.1s)
-- Build files have been written to: /home/atwork/limo_3.0/src/build/wiimote_msgs
[  1%] [34m[1mGenerating type hashes for ROS interfaces[0m
[  1%] Built target wiimote_msgs__rosidl_generator_type_description
[  1%] Built target ament_cmake_python_copy_wiimote_msgs
[  3%] [34m[1mGenerating C code for ROS interfaces[0m
[  5%] [32mBuilding C object CMakeFiles/wiimote_msgs__rosidl_generator_c.dir/rosidl_generator_c/wiimote_msgs/msg/detail/ir_source_info__description.c.o[0m
[  7%] [32mBuilding C object CMakeFiles/wiimote_msgs__rosidl_generator_c.dir/rosidl_generator_c/wiimote_msgs/msg/detail/ir_source_info__functions.c.o[0m
[  9%] [32mBuilding C object CMakeFiles/wiimote_msgs__rosidl_generator_c.dir/rosidl_generator_c/wiimote_msgs/msg/detail/ir_source_info__type_support.c.o[0m
[ 11%] [32mBuilding C object CMakeFiles/wiimote_msgs__rosidl_generator_c.dir/rosidl_generator_c/wiimote_msgs/msg/detail/state__description.c.o[0m
[ 12%] [32mBuilding C object CMakeFiles/wiimote_msgs__rosidl_generator_c.dir/rosidl_generator_c/wiimote_msgs/msg/detail/state__functions.c.o[0m
[ 14%] [32mBuilding C object CMakeFiles/wiimote_msgs__rosidl_generator_c.dir/rosidl_generator_c/wiimote_msgs/msg/detail/state__type_support.c.o[0m
[ 16%] [32mBuilding C object CMakeFiles/wiimote_msgs__rosidl_generator_c.dir/rosidl_generator_c/wiimote_msgs/msg/detail/timed_switch__description.c.o[0m
[ 18%] [32mBuilding C object CMakeFiles/wiimote_msgs__rosidl_generator_c.dir/rosidl_generator_c/wiimote_msgs/msg/detail/timed_switch__functions.c.o[0m
[ 20%] [32mBuilding C object CMakeFiles/wiimote_msgs__rosidl_generator_c.dir/rosidl_generator_c/wiimote_msgs/msg/detail/timed_switch__type_support.c.o[0m
[ 22%] [32m[1mLinking C shared library libwiimote_msgs__rosidl_generator_c.so[0m
[ 22%] Built target wiimote_msgs__rosidl_generator_c
running egg_info
creating wiimote_msgs.egg-info
writing wiimote_msgs.egg-info/PKG-INFO
writing dependency_links to wiimote_msgs.egg-info/dependency_links.txt
writing top-level names to wiimote_msgs.egg-info/top_level.txt
writing manifest file 'wiimote_msgs.egg-info/SOURCES.txt'
reading manifest file 'wiimote_msgs.egg-info/SOURCES.txt'
writing manifest file 'wiimote_msgs.egg-info/SOURCES.txt'
[ 22%] Built target ament_cmake_python_build_wiimote_msgs_egg
[ 24%] [34m[1mGenerating C introspection for ROS interfaces[0m
[ 25%] [32mBuilding C object CMakeFiles/wiimote_msgs__rosidl_typesupport_introspection_c.dir/rosidl_typesupport_introspection_c/wiimote_msgs/msg/detail/ir_source_info__type_support.c.o[0m
[ 27%] [32mBuilding C object CMakeFiles/wiimote_msgs__rosidl_typesupport_introspection_c.dir/rosidl_typesupport_introspection_c/wiimote_msgs/msg/detail/state__type_support.c.o[0m
[ 29%] [32mBuilding C object CMakeFiles/wiimote_msgs__rosidl_typesupport_introspection_c.dir/rosidl_typesupport_introspection_c/wiimote_msgs/msg/detail/timed_switch__type_support.c.o[0m
[ 31%] [32m[1mLinking C shared library libwiimote_msgs__rosidl_typesupport_introspection_c.so[0m
[ 31%] Built target wiimote_msgs__rosidl_typesupport_introspection_c
[ 33%] [34m[1mGenerating C type support dispatch for ROS interfaces[0m
[ 35%] [32mBuilding CXX object CMakeFiles/wiimote_msgs__rosidl_typesupport_c.dir/rosidl_typesupport_c/wiimote_msgs/msg/ir_source_info__type_support.cpp.o[0m
[ 37%] [32mBuilding CXX object CMakeFiles/wiimote_msgs__rosidl_typesupport_c.dir/rosidl_typesupport_c/wiimote_msgs/msg/state__type_support.cpp.o[0m
[ 38%] [32mBuilding CXX object CMakeFiles/wiimote_msgs__rosidl_typesupport_c.dir/rosidl_typesupport_c/wiimote_msgs/msg/timed_switch__type_support.cpp.o[0m
[ 40%] [32m[1mLinking CXX shared library libwiimote_msgs__rosidl_typesupport_c.so[0m
[ 40%] Built target wiimote_msgs__rosidl_typesupport_c
[ 42%] [34m[1mGenerating C type support for eProsima Fast-RTPS[0m
[ 44%] [32mBuilding CXX object CMakeFiles/wiimote_msgs__rosidl_typesupport_fastrtps_c.dir/rosidl_typesupport_fastrtps_c/wiimote_msgs/msg/detail/ir_source_info__type_support_c.cpp.o[0m
[ 46%] [32mBuilding CXX object CMakeFiles/wiimote_msgs__rosidl_typesupport_fastrtps_c.dir/rosidl_typesupport_fastrtps_c/wiimote_msgs/msg/detail/timed_switch__type_support_c.cpp.o[0m
[ 48%] [32mBuilding CXX object CMakeFiles/wiimote_msgs__rosidl_typesupport_fastrtps_c.dir/rosidl_typesupport_fastrtps_c/wiimote_msgs/msg/detail/state__type_support_c.cpp.o[0m
[ 50%] [32m[1mLinking CXX shared library libwiimote_msgs__rosidl_typesupport_fastrtps_c.so[0m
[ 50%] Built target wiimote_msgs__rosidl_typesupport_fastrtps_c
[ 51%] [34m[1mGenerating C++ code for ROS interfaces[0m
[ 51%] Built target wiimote_msgs__cpp
[ 53%] [34m[1mGenerating C++ type support dispatch for ROS interfaces[0m
Traceback (most recent call last):
  File "/opt/ros/jazzy/lib/rosidl_typesupport_cpp/rosidl_typesupport_cpp", line 6, in <module>
    from rosidl_typesupport_cpp import generate_cpp
  File "/opt/ros/jazzy/lib/python3.12/site-packages/rosidl_typesupport_cpp/__init__.py", line 15, in <module>
    from rosidl_pycommon import generate_files
  File "/opt/ros/jazzy/lib/python3.12/site-packages/rosidl_pycommon/__init__.py", line 31, in <module>
    from rosidl_parser.parser import parse_idl_file
  File "/opt/ros/jazzy/lib/python3.12/site-packages/rosidl_parser/parser.py", line 20, in <module>
    from lark import Lark
  File "/usr/lib/python3/dist-packages/lark/__init__.py", line 1, in <module>
    from .exceptions import (
  File "/usr/lib/python3/dist-packages/lark/exceptions.py", line 1, in <module>
    from .utils import logger, NO_VALUE
  File "/usr/lib/python3/dist-packages/lark/utils.py", line 9, in <module>
    import logging
  File "/usr/lib/python3.12/logging/__init__.py", line 26, in <module>
    import sys, os, time, io, re, traceback, warnings, weakref, collections.abc
  File "/usr/lib/python3.12/traceback.py", line 7, in <module>
    import textwrap
  File "/usr/lib/python3.12/textwrap.py", line 17, in <module>
    class TextWrapper:
  File "/usr/lib/python3.12/textwrap.py", line 78, in TextWrapper
    wordsep_re = re.compile(r'''
                 ^^^^^^^^^^^^^^^
  File "/usr/lib/python3.12/re/__init__.py", line 228, in compile
    return _compile(pattern, flags)
           ^^^^^^^^^^^^^^^^^^^^^^^^
  File "/usr/lib/python3.12/re/__init__.py", line 307, in _compile
    p = _compiler.compile(pattern, flags)
        ^^^^^^^^^^^^^^^^^^^^^^^^^^^^^^^^^
  File "/usr/lib/python3.12/re/_compiler.py", line 749, in compile
    code = _code(p, flags)
           ^^^^^^^^^^^^^^^
  File "/usr/lib/python3.12/re/_compiler.py", line 582, in _code
    _compile(code, p.data, flags)
  File "/usr/lib/python3.12/re/_compiler.py", line 128, in _compile
    _compile(code, p, _combine_flags(flags, add_flags, del_flags))
  File "/usr/lib/python3.12/re/_compiler.py", line 176, in _compile
    _compile(code, av, flags)
  File "/usr/lib/python3.12/re/_compiler.py", line 176, in _compile
    _compile(code, av, flags)
  File "/usr/lib/python3.12/re/_compiler.py", line 158, in _compile
    emit(SUCCESS)
KeyboardInterrupt
gmake[2]: *** [CMakeFiles/wiimote_msgs__rosidl_typesupport_cpp.dir/build.make:146: rosidl_typesupport_cpp/wiimote_msgs/msg/ir_source_info__type_support.cpp] Interrupt
gmake[1]: *** [CMakeFiles/Makefile2:425: CMakeFiles/wiimote_msgs__rosidl_typesupport_cpp.dir/all] Interrupt
gmake: *** [Makefile:146: all] Interrupt
