[0.028s] Invoking command in '/home/atwork/limo_3.0/build/sdl2_vendor': CMAKE_PREFIX_PATH=${CMAKE_PREFIX_PATH}:/home/atwork/limo_3.0/install/limo_bringup:/home/atwork/limo_3.0/install/p9n_bringup:/home/atwork/limo_3.0/install/limo_cartographer:/opt/ros/jazzy DEBUGINFOD_URLS=https://debuginfod.ubuntu.com /usr/bin/cmake --build /home/atwork/limo_3.0/build/sdl2_vendor -- -j4 -l4
[0.103s] Invoked command in '/home/atwork/limo_3.0/build/sdl2_vendor' returned '0': CMAKE_PREFIX_PATH=${CMAKE_PREFIX_PATH}:/home/atwork/limo_3.0/install/limo_bringup:/home/atwork/limo_3.0/install/p9n_bringup:/home/atwork/limo_3.0/install/limo_cartographer:/opt/ros/jazzy DEBUGINFOD_URLS=https://debuginfod.ubuntu.com /usr/bin/cmake --build /home/atwork/limo_3.0/build/sdl2_vendor -- -j4 -l4
[0.125s] Invoking command in '/home/atwork/limo_3.0/build/sdl2_vendor': CMAKE_PREFIX_PATH=${CMAKE_PREFIX_PATH}:/home/atwork/limo_3.0/install/limo_bringup:/home/atwork/limo_3.0/install/p9n_bringup:/home/atwork/limo_3.0/install/limo_cartographer:/opt/ros/jazzy DEBUGINFOD_URLS=https://debuginfod.ubuntu.com /usr/bin/cmake --install /home/atwork/limo_3.0/build/sdl2_vendor
[0.146s] -- Install configuration: ""
[0.159s] -- Up-to-date: /home/atwork/limo_3.0/install/sdl2_vendor/share/sdl2_vendor/cmake
[0.159s] -- Up-to-date: /home/atwork/limo_3.0/install/sdl2_vendor/share/sdl2_vendor/cmake/Modules
[0.159s] -- Up-to-date: /home/atwork/limo_3.0/install/sdl2_vendor/share/sdl2_vendor/cmake/Modules/Findsdl2_custom.cmake
[0.159s] -- Up-to-date: /home/atwork/limo_3.0/install/sdl2_vendor/share/ament_index/resource_index/package_run_dependencies/sdl2_vendor
[0.159s] -- Up-to-date: /home/atwork/limo_3.0/install/sdl2_vendor/share/ament_index/resource_index/parent_prefix_path/sdl2_vendor
[0.160s] -- Up-to-date: /home/atwork/limo_3.0/install/sdl2_vendor/share/sdl2_vendor/environment/ament_prefix_path.sh
[0.160s] -- Up-to-date: /home/atwork/limo_3.0/install/sdl2_vendor/share/sdl2_vendor/environment/ament_prefix_path.dsv
[0.161s] -- Up-to-date: /home/atwork/limo_3.0/install/sdl2_vendor/share/sdl2_vendor/environment/path.sh
[0.161s] -- Up-to-date: /home/atwork/limo_3.0/install/sdl2_vendor/share/sdl2_vendor/environment/path.dsv
[0.161s] -- Up-to-date: /home/atwork/limo_3.0/install/sdl2_vendor/share/sdl2_vendor/local_setup.bash
[0.161s] -- Up-to-date: /home/atwork/limo_3.0/install/sdl2_vendor/share/sdl2_vendor/local_setup.sh
[0.161s] -- Up-to-date: /home/atwork/limo_3.0/install/sdl2_vendor/share/sdl2_vendor/local_setup.zsh
[0.161s] -- Up-to-date: /home/atwork/limo_3.0/install/sdl2_vendor/share/sdl2_vendor/local_setup.dsv
[0.161s] -- Up-to-date: /home/atwork/limo_3.0/install/sdl2_vendor/share/sdl2_vendor/package.dsv
[0.161s] -- Up-to-date: /home/atwork/limo_3.0/install/sdl2_vendor/share/ament_index/resource_index/packages/sdl2_vendor
[0.162s] -- Up-to-date: /home/atwork/limo_3.0/install/sdl2_vendor/share/sdl2_vendor/cmake/sdl2_vendor-extras.cmake
[0.162s] -- Up-to-date: /home/atwork/limo_3.0/install/sdl2_vendor/share/sdl2_vendor/cmake/sdl2_vendorConfig.cmake
[0.162s] -- Up-to-date: /home/atwork/limo_3.0/install/sdl2_vendor/share/sdl2_vendor/cmake/sdl2_vendorConfig-version.cmake
[0.162s] -- Up-to-date: /home/atwork/limo_3.0/install/sdl2_vendor/share/sdl2_vendor/package.xml
[0.217s] Invoked command in '/home/atwork/limo_3.0/build/sdl2_vendor' returned '0': CMAKE_PREFIX_PATH=${CMAKE_PREFIX_PATH}:/home/atwork/limo_3.0/install/limo_bringup:/home/atwork/limo_3.0/install/p9n_bringup:/home/atwork/limo_3.0/install/limo_cartographer:/opt/ros/jazzy DEBUGINFOD_URLS=https://debuginfod.ubuntu.com /usr/bin/cmake --install /home/atwork/limo_3.0/build/sdl2_vendor
