[0.022s] Invoking command in '/home/atwork/limo_3.0/build/limo_msgs': CMAKE_PREFIX_PATH=${CMAKE_PREFIX_PATH}:/home/atwork/limo_3.0/install/limo_bringup:/home/atwork/limo_3.0/install/p9n_bringup:/home/atwork/limo_3.0/install/limo_cartographer:/opt/ros/jazzy DEBUGINFOD_URLS=https://debuginfod.ubuntu.com /usr/bin/cmake --build /home/atwork/limo_3.0/build/limo_msgs -- -j4 -l4
[0.126s] [  2%] Built target limo_msgs__rosidl_generator_type_description
[0.145s] [  2%] Built target ament_cmake_python_copy_limo_msgs
[0.145s] [  5%] Built target limo_msgs__cpp
[0.160s] [ 20%] Built target limo_msgs__rosidl_generator_c
[0.224s] [ 29%] Built target limo_msgs__rosidl_typesupport_c
[0.237s] [ 38%] Built target limo_msgs__rosidl_typesupport_introspection_cpp
[0.239s] [ 47%] Built target limo_msgs__rosidl_typesupport_cpp
[0.284s] [ 55%] Built target limo_msgs__rosidl_typesupport_fastrtps_c
[0.311s] [ 64%] Built target limo_msgs__rosidl_typesupport_introspection_c
[0.319s] [ 73%] Built target limo_msgs__rosidl_typesupport_fastrtps_cpp
[0.406s] [ 73%] Built target limo_msgs
[0.453s] [ 76%] Built target limo_msgs__py
[0.524s] [ 82%] Built target limo_msgs__rosidl_generator_py
[0.629s] [ 88%] Built target limo_msgs_s__rosidl_typesupport_fastrtps_c
[0.633s] running egg_info
[0.635s] [ 94%] Built target limo_msgs_s__rosidl_typesupport_introspection_c
[0.660s] [100%] Built target limo_msgs_s__rosidl_typesupport_c
[0.676s] writing limo_msgs.egg-info/PKG-INFO
[0.677s] writing dependency_links to limo_msgs.egg-info/dependency_links.txt
[0.677s] writing top-level names to limo_msgs.egg-info/top_level.txt
[0.781s] reading manifest file 'limo_msgs.egg-info/SOURCES.txt'
[0.783s] writing manifest file 'limo_msgs.egg-info/SOURCES.txt'
[0.869s] [100%] Built target ament_cmake_python_build_limo_msgs_egg
[0.910s] Invoked command in '/home/atwork/limo_3.0/build/limo_msgs' returned '0': CMAKE_PREFIX_PATH=${CMAKE_PREFIX_PATH}:/home/atwork/limo_3.0/install/limo_bringup:/home/atwork/limo_3.0/install/p9n_bringup:/home/atwork/limo_3.0/install/limo_cartographer:/opt/ros/jazzy DEBUGINFOD_URLS=https://debuginfod.ubuntu.com /usr/bin/cmake --build /home/atwork/limo_3.0/build/limo_msgs -- -j4 -l4
[0.911s] Invoking command in '/home/atwork/limo_3.0/build/limo_msgs': CMAKE_PREFIX_PATH=${CMAKE_PREFIX_PATH}:/home/atwork/limo_3.0/install/limo_bringup:/home/atwork/limo_3.0/install/p9n_bringup:/home/atwork/limo_3.0/install/limo_cartographer:/opt/ros/jazzy DEBUGINFOD_URLS=https://debuginfod.ubuntu.com /usr/bin/cmake --install /home/atwork/limo_3.0/build/limo_msgs
[0.947s] -- Install configuration: ""
[0.947s] -- Up-to-date: /home/atwork/limo_3.0/install/limo_msgs/share/ament_index/resource_index/rosidl_interfaces/limo_msgs
[0.948s] -- Up-to-date: /home/atwork/limo_3.0/install/limo_msgs/share/limo_msgs/msg/LimoStatus.json
[0.950s] -- Up-to-date: /home/atwork/limo_3.0/install/limo_msgs/include/limo_msgs/limo_msgs
[0.950s] -- Up-to-date: /home/atwork/limo_3.0/install/limo_msgs/include/limo_msgs/limo_msgs/msg
[0.950s] -- Up-to-date: /home/atwork/limo_3.0/install/limo_msgs/include/limo_msgs/limo_msgs/msg/detail
[0.950s] -- Up-to-date: /home/atwork/limo_3.0/install/limo_msgs/include/limo_msgs/limo_msgs/msg/detail/limo_status__functions.h
[0.950s] -- Up-to-date: /home/atwork/limo_3.0/install/limo_msgs/include/limo_msgs/limo_msgs/msg/detail/limo_status__description.c
[0.951s] -- Up-to-date: /home/atwork/limo_3.0/install/limo_msgs/include/limo_msgs/limo_msgs/msg/detail/limo_status__functions.c
[0.951s] -- Up-to-date: /home/atwork/limo_3.0/install/limo_msgs/include/limo_msgs/limo_msgs/msg/detail/limo_status__type_support.h
[0.951s] -- Installing: /home/atwork/limo_3.0/install/limo_msgs/include/limo_msgs/limo_msgs/msg/detail/limo_status__type_support.c
[0.951s] -- Up-to-date: /home/atwork/limo_3.0/install/limo_msgs/include/limo_msgs/limo_msgs/msg/detail/limo_status__struct.h
[0.951s] -- Up-to-date: /home/atwork/limo_3.0/install/limo_msgs/include/limo_msgs/limo_msgs/msg/limo_status.h
[0.951s] -- Up-to-date: /home/atwork/limo_3.0/install/limo_msgs/include/limo_msgs/limo_msgs/msg/rosidl_generator_c__visibility_control.h
[0.954s] -- Up-to-date: /home/atwork/limo_3.0/install/limo_msgs/share/limo_msgs/environment/library_path.sh
[0.954s] -- Up-to-date: /home/atwork/limo_3.0/install/limo_msgs/share/limo_msgs/environment/library_path.dsv
[0.954s] -- Up-to-date: /home/atwork/limo_3.0/install/limo_msgs/lib/liblimo_msgs__rosidl_generator_c.so
[0.954s] -- Up-to-date: /home/atwork/limo_3.0/install/limo_msgs/include/limo_msgs/limo_msgs
[0.955s] -- Up-to-date: /home/atwork/limo_3.0/install/limo_msgs/include/limo_msgs/limo_msgs/msg
[0.955s] -- Up-to-date: /home/atwork/limo_3.0/install/limo_msgs/include/limo_msgs/limo_msgs/msg/rosidl_typesupport_fastrtps_c__visibility_control.h
[0.955s] -- Up-to-date: /home/atwork/limo_3.0/install/limo_msgs/include/limo_msgs/limo_msgs/msg/detail
[0.956s] -- Up-to-date: /home/atwork/limo_3.0/install/limo_msgs/include/limo_msgs/limo_msgs/msg/detail/limo_status__rosidl_typesupport_fastrtps_c.h
[0.957s] -- Up-to-date: /home/atwork/limo_3.0/install/limo_msgs/lib/liblimo_msgs__rosidl_typesupport_fastrtps_c.so
[0.957s] -- Up-to-date: /home/atwork/limo_3.0/install/limo_msgs/include/limo_msgs/limo_msgs
[0.957s] -- Up-to-date: /home/atwork/limo_3.0/install/limo_msgs/include/limo_msgs/limo_msgs/msg
[0.957s] -- Up-to-date: /home/atwork/limo_3.0/install/limo_msgs/include/limo_msgs/limo_msgs/msg/detail
[0.957s] -- Up-to-date: /home/atwork/limo_3.0/install/limo_msgs/include/limo_msgs/limo_msgs/msg/detail/limo_status__type_support.hpp
[0.957s] -- Up-to-date: /home/atwork/limo_3.0/install/limo_msgs/include/limo_msgs/limo_msgs/msg/detail/limo_status__struct.hpp
[0.959s] -- Up-to-date: /home/atwork/limo_3.0/install/limo_msgs/include/limo_msgs/limo_msgs/msg/detail/limo_status__traits.hpp
[0.959s] -- Up-to-date: /home/atwork/limo_3.0/install/limo_msgs/include/limo_msgs/limo_msgs/msg/detail/limo_status__builder.hpp
[0.959s] -- Up-to-date: /home/atwork/limo_3.0/install/limo_msgs/include/limo_msgs/limo_msgs/msg/rosidl_generator_cpp__visibility_control.hpp
[0.959s] -- Up-to-date: /home/atwork/limo_3.0/install/limo_msgs/include/limo_msgs/limo_msgs/msg/limo_status.hpp
[0.959s] -- Up-to-date: /home/atwork/limo_3.0/install/limo_msgs/include/limo_msgs/limo_msgs
[0.960s] -- Up-to-date: /home/atwork/limo_3.0/install/limo_msgs/include/limo_msgs/limo_msgs/msg
[0.960s] -- Up-to-date: /home/atwork/limo_3.0/install/limo_msgs/include/limo_msgs/limo_msgs/msg/detail
[0.960s] -- Up-to-date: /home/atwork/limo_3.0/install/limo_msgs/include/limo_msgs/limo_msgs/msg/detail/limo_status__rosidl_typesupport_fastrtps_cpp.hpp
[0.960s] -- Up-to-date: /home/atwork/limo_3.0/install/limo_msgs/include/limo_msgs/limo_msgs/msg/detail/dds_fastrtps
[0.960s] -- Up-to-date: /home/atwork/limo_3.0/install/limo_msgs/include/limo_msgs/limo_msgs/msg/rosidl_typesupport_fastrtps_cpp__visibility_control.h
[0.960s] -- Up-to-date: /home/atwork/limo_3.0/install/limo_msgs/lib/liblimo_msgs__rosidl_typesupport_fastrtps_cpp.so
[0.961s] -- Up-to-date: /home/atwork/limo_3.0/install/limo_msgs/include/limo_msgs/limo_msgs
[0.961s] -- Up-to-date: /home/atwork/limo_3.0/install/limo_msgs/include/limo_msgs/limo_msgs/msg
[0.961s] -- Up-to-date: /home/atwork/limo_3.0/install/limo_msgs/include/limo_msgs/limo_msgs/msg/detail
[0.961s] -- Up-to-date: /home/atwork/limo_3.0/install/limo_msgs/include/limo_msgs/limo_msgs/msg/detail/limo_status__rosidl_typesupport_introspection_c.h
[0.961s] -- Installing: /home/atwork/limo_3.0/install/limo_msgs/include/limo_msgs/limo_msgs/msg/detail/limo_status__type_support.c
[0.961s] -- Up-to-date: /home/atwork/limo_3.0/install/limo_msgs/include/limo_msgs/limo_msgs/msg/rosidl_typesupport_introspection_c__visibility_control.h
[0.961s] -- Up-to-date: /home/atwork/limo_3.0/install/limo_msgs/lib/liblimo_msgs__rosidl_typesupport_introspection_c.so
[0.963s] -- Up-to-date: /home/atwork/limo_3.0/install/limo_msgs/lib/liblimo_msgs__rosidl_typesupport_c.so
[0.964s] -- Up-to-date: /home/atwork/limo_3.0/install/limo_msgs/include/limo_msgs/limo_msgs
[0.964s] -- Up-to-date: /home/atwork/limo_3.0/install/limo_msgs/include/limo_msgs/limo_msgs/msg
[0.964s] -- Up-to-date: /home/atwork/limo_3.0/install/limo_msgs/include/limo_msgs/limo_msgs/msg/detail
[0.964s] -- Up-to-date: /home/atwork/limo_3.0/install/limo_msgs/include/limo_msgs/limo_msgs/msg/detail/limo_status__rosidl_typesupport_introspection_cpp.hpp
[0.965s] -- Up-to-date: /home/atwork/limo_3.0/install/limo_msgs/include/limo_msgs/limo_msgs/msg/detail/limo_status__type_support.cpp
[0.965s] -- Up-to-date: /home/atwork/limo_3.0/install/limo_msgs/lib/liblimo_msgs__rosidl_typesupport_introspection_cpp.so
[0.965s] -- Up-to-date: /home/atwork/limo_3.0/install/limo_msgs/lib/liblimo_msgs__rosidl_typesupport_cpp.so
[0.965s] -- Up-to-date: /home/atwork/limo_3.0/install/limo_msgs/share/limo_msgs/environment/pythonpath.sh
[0.965s] -- Up-to-date: /home/atwork/limo_3.0/install/limo_msgs/share/limo_msgs/environment/pythonpath.dsv
[0.965s] -- Up-to-date: /home/atwork/limo_3.0/install/limo_msgs/lib/python3.12/site-packages/limo_msgs-0.0.0-py3.12.egg-info
[0.969s] -- Installing: /home/atwork/limo_3.0/install/limo_msgs/lib/python3.12/site-packages/limo_msgs-0.0.0-py3.12.egg-info/PKG-INFO
[0.969s] -- Installing: /home/atwork/limo_3.0/install/limo_msgs/lib/python3.12/site-packages/limo_msgs-0.0.0-py3.12.egg-info/top_level.txt
[0.969s] -- Installing: /home/atwork/limo_3.0/install/limo_msgs/lib/python3.12/site-packages/limo_msgs-0.0.0-py3.12.egg-info/dependency_links.txt
[0.969s] -- Installing: /home/atwork/limo_3.0/install/limo_msgs/lib/python3.12/site-packages/limo_msgs-0.0.0-py3.12.egg-info/SOURCES.txt
[0.969s] -- Up-to-date: /home/atwork/limo_3.0/install/limo_msgs/lib/python3.12/site-packages/limo_msgs
[0.969s] -- Up-to-date: /home/atwork/limo_3.0/install/limo_msgs/lib/python3.12/site-packages/limo_msgs/__init__.py
[0.970s] -- Up-to-date: /home/atwork/limo_3.0/install/limo_msgs/lib/python3.12/site-packages/limo_msgs/_limo_msgs_s.ep.rosidl_typesupport_fastrtps_c.c
[0.970s] -- Up-to-date: /home/atwork/limo_3.0/install/limo_msgs/lib/python3.12/site-packages/limo_msgs/limo_msgs_s__rosidl_typesupport_c.so
[0.970s] -- Up-to-date: /home/atwork/limo_3.0/install/limo_msgs/lib/python3.12/site-packages/limo_msgs/_limo_msgs_s.ep.rosidl_typesupport_introspection_c.c
[0.970s] -- Up-to-date: /home/atwork/limo_3.0/install/limo_msgs/lib/python3.12/site-packages/limo_msgs/_limo_msgs_s.ep.rosidl_typesupport_c.c
[0.970s] -- Up-to-date: /home/atwork/limo_3.0/install/limo_msgs/lib/python3.12/site-packages/limo_msgs/msg
[0.970s] -- Up-to-date: /home/atwork/limo_3.0/install/limo_msgs/lib/python3.12/site-packages/limo_msgs/msg/_limo_status_s.c
[0.970s] -- Up-to-date: /home/atwork/limo_3.0/install/limo_msgs/lib/python3.12/site-packages/limo_msgs/msg/__init__.py
[0.971s] -- Up-to-date: /home/atwork/limo_3.0/install/limo_msgs/lib/python3.12/site-packages/limo_msgs/msg/_limo_status.py
[0.976s] -- Up-to-date: /home/atwork/limo_3.0/install/limo_msgs/lib/python3.12/site-packages/limo_msgs/limo_msgs_s__rosidl_typesupport_fastrtps_c.so
[0.976s] -- Up-to-date: /home/atwork/limo_3.0/install/limo_msgs/lib/python3.12/site-packages/limo_msgs/limo_msgs_s__rosidl_typesupport_introspection_c.so
[1.032s] Listing '/home/atwork/limo_3.0/install/limo_msgs/lib/python3.12/site-packages/limo_msgs'...
[1.033s] Listing '/home/atwork/limo_3.0/install/limo_msgs/lib/python3.12/site-packages/limo_msgs/msg'...
[1.046s] -- Up-to-date: /home/atwork/limo_3.0/install/limo_msgs/lib/python3.12/site-packages/limo_msgs/limo_msgs_s__rosidl_typesupport_fastrtps_c.so
[1.046s] -- Up-to-date: /home/atwork/limo_3.0/install/limo_msgs/lib/python3.12/site-packages/limo_msgs/limo_msgs_s__rosidl_typesupport_introspection_c.so
[1.047s] -- Up-to-date: /home/atwork/limo_3.0/install/limo_msgs/lib/python3.12/site-packages/limo_msgs/limo_msgs_s__rosidl_typesupport_c.so
[1.047s] -- Up-to-date: /home/atwork/limo_3.0/install/limo_msgs/lib/liblimo_msgs__rosidl_generator_py.so
[1.047s] -- Up-to-date: /home/atwork/limo_3.0/install/limo_msgs/share/limo_msgs/msg/LimoStatus.idl
[1.047s] -- Up-to-date: /home/atwork/limo_3.0/install/limo_msgs/share/limo_msgs/msg/LimoStatus.msg
[1.048s] -- Up-to-date: /home/atwork/limo_3.0/install/limo_msgs/share/ament_index/resource_index/package_run_dependencies/limo_msgs
[1.048s] -- Up-to-date: /home/atwork/limo_3.0/install/limo_msgs/share/ament_index/resource_index/parent_prefix_path/limo_msgs
[1.048s] -- Up-to-date: /home/atwork/limo_3.0/install/limo_msgs/share/limo_msgs/environment/ament_prefix_path.sh
[1.048s] -- Up-to-date: /home/atwork/limo_3.0/install/limo_msgs/share/limo_msgs/environment/ament_prefix_path.dsv
[1.048s] -- Up-to-date: /home/atwork/limo_3.0/install/limo_msgs/share/limo_msgs/environment/path.sh
[1.048s] -- Up-to-date: /home/atwork/limo_3.0/install/limo_msgs/share/limo_msgs/environment/path.dsv
[1.050s] -- Up-to-date: /home/atwork/limo_3.0/install/limo_msgs/share/limo_msgs/local_setup.bash
[1.051s] -- Up-to-date: /home/atwork/limo_3.0/install/limo_msgs/share/limo_msgs/local_setup.sh
[1.052s] -- Up-to-date: /home/atwork/limo_3.0/install/limo_msgs/share/limo_msgs/local_setup.zsh
[1.052s] -- Up-to-date: /home/atwork/limo_3.0/install/limo_msgs/share/limo_msgs/local_setup.dsv
[1.052s] -- Installing: /home/atwork/limo_3.0/install/limo_msgs/share/limo_msgs/package.dsv
[1.052s] -- Up-to-date: /home/atwork/limo_3.0/install/limo_msgs/share/ament_index/resource_index/packages/limo_msgs
[1.052s] -- Up-to-date: /home/atwork/limo_3.0/install/limo_msgs/share/limo_msgs/cmake/export_limo_msgs__rosidl_generator_cExport.cmake
[1.052s] -- Up-to-date: /home/atwork/limo_3.0/install/limo_msgs/share/limo_msgs/cmake/export_limo_msgs__rosidl_generator_cExport-noconfig.cmake
[1.053s] -- Up-to-date: /home/atwork/limo_3.0/install/limo_msgs/share/limo_msgs/cmake/export_limo_msgs__rosidl_typesupport_fastrtps_cExport.cmake
[1.053s] -- Up-to-date: /home/atwork/limo_3.0/install/limo_msgs/share/limo_msgs/cmake/export_limo_msgs__rosidl_typesupport_fastrtps_cExport-noconfig.cmake
[1.053s] -- Up-to-date: /home/atwork/limo_3.0/install/limo_msgs/share/limo_msgs/cmake/export_limo_msgs__rosidl_generator_cppExport.cmake
[1.053s] -- Up-to-date: /home/atwork/limo_3.0/install/limo_msgs/share/limo_msgs/cmake/export_limo_msgs__rosidl_typesupport_fastrtps_cppExport.cmake
[1.054s] -- Up-to-date: /home/atwork/limo_3.0/install/limo_msgs/share/limo_msgs/cmake/export_limo_msgs__rosidl_typesupport_fastrtps_cppExport-noconfig.cmake
[1.054s] -- Up-to-date: /home/atwork/limo_3.0/install/limo_msgs/share/limo_msgs/cmake/limo_msgs__rosidl_typesupport_introspection_cExport.cmake
[1.054s] -- Up-to-date: /home/atwork/limo_3.0/install/limo_msgs/share/limo_msgs/cmake/limo_msgs__rosidl_typesupport_introspection_cExport-noconfig.cmake
[1.055s] -- Up-to-date: /home/atwork/limo_3.0/install/limo_msgs/share/limo_msgs/cmake/limo_msgs__rosidl_typesupport_cExport.cmake
[1.055s] -- Up-to-date: /home/atwork/limo_3.0/install/limo_msgs/share/limo_msgs/cmake/limo_msgs__rosidl_typesupport_cExport-noconfig.cmake
[1.055s] -- Up-to-date: /home/atwork/limo_3.0/install/limo_msgs/share/limo_msgs/cmake/limo_msgs__rosidl_typesupport_introspection_cppExport.cmake
[1.056s] -- Up-to-date: /home/atwork/limo_3.0/install/limo_msgs/share/limo_msgs/cmake/limo_msgs__rosidl_typesupport_introspection_cppExport-noconfig.cmake
[1.056s] -- Up-to-date: /home/atwork/limo_3.0/install/limo_msgs/share/limo_msgs/cmake/limo_msgs__rosidl_typesupport_cppExport.cmake
[1.056s] -- Up-to-date: /home/atwork/limo_3.0/install/limo_msgs/share/limo_msgs/cmake/limo_msgs__rosidl_typesupport_cppExport-noconfig.cmake
[1.056s] -- Up-to-date: /home/atwork/limo_3.0/install/limo_msgs/share/limo_msgs/cmake/export_limo_msgs__rosidl_generator_pyExport.cmake
[1.056s] -- Up-to-date: /home/atwork/limo_3.0/install/limo_msgs/share/limo_msgs/cmake/export_limo_msgs__rosidl_generator_pyExport-noconfig.cmake
[1.056s] -- Up-to-date: /home/atwork/limo_3.0/install/limo_msgs/share/limo_msgs/cmake/rosidl_cmake-extras.cmake
[1.057s] -- Up-to-date: /home/atwork/limo_3.0/install/limo_msgs/share/limo_msgs/cmake/ament_cmake_export_dependencies-extras.cmake
[1.057s] -- Up-to-date: /home/atwork/limo_3.0/install/limo_msgs/share/limo_msgs/cmake/ament_cmake_export_include_directories-extras.cmake
[1.057s] -- Up-to-date: /home/atwork/limo_3.0/install/limo_msgs/share/limo_msgs/cmake/ament_cmake_export_libraries-extras.cmake
[1.057s] -- Up-to-date: /home/atwork/limo_3.0/install/limo_msgs/share/limo_msgs/cmake/ament_cmake_export_targets-extras.cmake
[1.057s] -- Up-to-date: /home/atwork/limo_3.0/install/limo_msgs/share/limo_msgs/cmake/rosidl_cmake_export_typesupport_targets-extras.cmake
[1.058s] -- Up-to-date: /home/atwork/limo_3.0/install/limo_msgs/share/limo_msgs/cmake/rosidl_cmake_export_typesupport_libraries-extras.cmake
[1.059s] -- Up-to-date: /home/atwork/limo_3.0/install/limo_msgs/share/limo_msgs/cmake/limo_msgsConfig.cmake
[1.059s] -- Up-to-date: /home/atwork/limo_3.0/install/limo_msgs/share/limo_msgs/cmake/limo_msgsConfig-version.cmake
[1.059s] -- Up-to-date: /home/atwork/limo_3.0/install/limo_msgs/share/limo_msgs/package.xml
[1.077s] Invoked command in '/home/atwork/limo_3.0/build/limo_msgs' returned '0': CMAKE_PREFIX_PATH=${CMAKE_PREFIX_PATH}:/home/atwork/limo_3.0/install/limo_bringup:/home/atwork/limo_3.0/install/p9n_bringup:/home/atwork/limo_3.0/install/limo_cartographer:/opt/ros/jazzy DEBUGINFOD_URLS=https://debuginfod.ubuntu.com /usr/bin/cmake --install /home/atwork/limo_3.0/build/limo_msgs
