[0.020s] Invoking command in '/home/atwork/limo_3.0/build/p9n_example': CMAKE_PREFIX_PATH=/home/atwork/limo_3.0/install/joy:/home/atwork/limo_3.0/install/sdl2_vendor:/home/atwork/limo_3.0/install/p9n_interface:/home/atwork/limo_3.0/install/wiimote:/home/atwork/limo_3.0/install/wiimote_msgs:/home/atwork/limo_3.0/install/urg_node:/home/atwork/limo_3.0/install/spacenav:/home/atwork/limo_3.0/install/p9n:/home/atwork/limo_3.0/install/p9n_test:/home/atwork/limo_3.0/install/p9n_node:/home/atwork/limo_3.0/install/p9n_example:/home/atwork/limo_3.0/install/limo_base:/home/atwork/limo_3.0/install/limo_msgs:/home/atwork/limo_3.0/install/limo_description:/home/atwork/limo_3.0/install/joy_linux:/opt/ros/jazzy/opt/gz_math_vendor:/opt/ros/jazzy/opt/gz_utils_vendor:/opt/ros/jazzy/opt/gz_cmake_vendor:/home/atwork/limo_3.0/install/limo_cartographer:/home/atwork/limo_3.0/install/limo_bringup:/home/atwork/limo_3.0/install/p9n_bringup:/opt/ros/jazzy DEBUGINFOD_URLS=https://debuginfod.ubuntu.com LD_LIBRARY_PATH=/home/atwork/limo_3.0/install/joy/lib:/home/atwork/limo_3.0/install/wiimote/lib:/home/atwork/limo_3.0/install/wiimote_msgs/lib:/home/atwork/limo_3.0/install/urg_node/lib:/home/atwork/limo_3.0/install/spacenav/lib:/home/atwork/limo_3.0/install/p9n_test/lib:/home/atwork/limo_3.0/install/p9n_node/lib:/home/atwork/limo_3.0/install/p9n_example/lib:/home/atwork/limo_3.0/install/p9n_interface/lib:/home/atwork/limo_3.0/install/limo_msgs/lib:/opt/ros/jazzy/opt/rviz_ogre_vendor/lib:/opt/ros/jazzy/lib/x86_64-linux-gnu:/opt/ros/jazzy/opt/gz_math_vendor/lib:/opt/ros/jazzy/opt/gz_utils_vendor/lib:/opt/ros/jazzy/opt/gz_cmake_vendor/lib:/opt/ros/jazzy/lib /usr/bin/cmake /home/atwork/limo_3.0/src/PlayStation-JoyInterface-ROS2/p9n_example -DCMAKE_INSTALL_PREFIX=/home/atwork/limo_3.0/install/p9n_example
[0.108s] -- The C compiler identification is GNU 13.3.0
[0.206s] -- The CXX compiler identification is GNU 13.3.0
[0.227s] -- Detecting C compiler ABI info
[0.350s] -- Detecting C compiler ABI info - done
[0.372s] -- Check for working C compiler: /usr/bin/cc - skipped
[0.372s] -- Detecting C compile features
[0.372s] -- Detecting C compile features - done
[0.385s] -- Detecting CXX compiler ABI info
[0.550s] -- Detecting CXX compiler ABI info - done
[0.570s] -- Check for working CXX compiler: /usr/bin/c++ - skipped
[0.571s] -- Detecting CXX compile features
[0.577s] -- Detecting CXX compile features - done
[0.584s] -- Found ament_cmake_auto: 2.5.4 (/opt/ros/jazzy/share/ament_cmake_auto/cmake)
[0.872s] -- Found Python3: /usr/bin/python3 (found version "3.12.3") found components: Interpreter 
[1.330s] -- Found rosidl_generator_c: 4.6.6 (/opt/ros/jazzy/share/rosidl_generator_c/cmake)
[1.354s] -- Found rosidl_generator_cpp: 4.6.6 (/opt/ros/jazzy/share/rosidl_generator_cpp/cmake)
[1.383s] -- Using all available rosidl_typesupport_c: rosidl_typesupport_fastrtps_c;rosidl_typesupport_introspection_c
[1.410s] -- Using all available rosidl_typesupport_cpp: rosidl_typesupport_fastrtps_cpp;rosidl_typesupport_introspection_cpp
[1.612s] -- Found rmw_implementation_cmake: 7.3.2 (/opt/ros/jazzy/share/rmw_implementation_cmake/cmake)
[1.620s] -- Found rmw_fastrtps_cpp: 8.4.3 (/opt/ros/jazzy/share/rmw_fastrtps_cpp/cmake)
[1.756s] -- Found OpenSSL: /usr/lib/x86_64-linux-gnu/libcrypto.so (found version "3.0.13")  
[1.792s] -- Found FastRTPS: /opt/ros/jazzy/include (Required is at least version "2.13") 
[1.835s] -- Using RMW implementation 'rmw_fastrtps_cpp' as default
[2.120s] -- Found ament_lint_auto: 0.17.3 (/opt/ros/jazzy/share/ament_lint_auto/cmake)
[2.144s] [0mIn this package, headers install destination is set to `include` by ament_auto_package. It is recommended to install `include/p9n_example` instead and will be the default behavior of ament_auto_package from ROS 2 Kilted Kaiju. On distributions before Kilted, ament_auto_package behaves the same way when you use USE_SCOPED_HEADER_INSTALL_DIR option.[0m
[2.155s] -- Added test 'cppcheck' to perform static code analysis on C / C++ code
[2.156s] -- Configured cppcheck include dirs: /home/atwork/limo_3.0/src/PlayStation-JoyInterface-ROS2/p9n_example/include
[2.156s] -- Configured cppcheck exclude dirs and/or files: 
[2.158s] -- Added test 'flake8' to check Python code syntax and style conventions
[2.159s] -- Configured 'flake8' exclude dirs and/or files: 
[2.161s] -- Added test 'lint_cmake' to check CMake code style
[2.163s] -- Added test 'pep257' to check Python code against some of the docstring style conventions in PEP 257
[2.166s] -- Added test 'uncrustify' to check C / C++ code style
[2.166s] -- Configured uncrustify additional arguments: 
[2.170s] -- Added test 'xmllint' to check XML markup files
[2.180s] -- Configuring done (2.1s)
[2.236s] -- Generating done (0.0s)
[2.251s] -- Build files have been written to: /home/atwork/limo_3.0/build/p9n_example
[2.273s] Invoked command in '/home/atwork/limo_3.0/build/p9n_example' returned '0': CMAKE_PREFIX_PATH=/home/atwork/limo_3.0/install/joy:/home/atwork/limo_3.0/install/sdl2_vendor:/home/atwork/limo_3.0/install/p9n_interface:/home/atwork/limo_3.0/install/wiimote:/home/atwork/limo_3.0/install/wiimote_msgs:/home/atwork/limo_3.0/install/urg_node:/home/atwork/limo_3.0/install/spacenav:/home/atwork/limo_3.0/install/p9n:/home/atwork/limo_3.0/install/p9n_test:/home/atwork/limo_3.0/install/p9n_node:/home/atwork/limo_3.0/install/p9n_example:/home/atwork/limo_3.0/install/limo_base:/home/atwork/limo_3.0/install/limo_msgs:/home/atwork/limo_3.0/install/limo_description:/home/atwork/limo_3.0/install/joy_linux:/opt/ros/jazzy/opt/gz_math_vendor:/opt/ros/jazzy/opt/gz_utils_vendor:/opt/ros/jazzy/opt/gz_cmake_vendor:/home/atwork/limo_3.0/install/limo_cartographer:/home/atwork/limo_3.0/install/limo_bringup:/home/atwork/limo_3.0/install/p9n_bringup:/opt/ros/jazzy DEBUGINFOD_URLS=https://debuginfod.ubuntu.com LD_LIBRARY_PATH=/home/atwork/limo_3.0/install/joy/lib:/home/atwork/limo_3.0/install/wiimote/lib:/home/atwork/limo_3.0/install/wiimote_msgs/lib:/home/atwork/limo_3.0/install/urg_node/lib:/home/atwork/limo_3.0/install/spacenav/lib:/home/atwork/limo_3.0/install/p9n_test/lib:/home/atwork/limo_3.0/install/p9n_node/lib:/home/atwork/limo_3.0/install/p9n_example/lib:/home/atwork/limo_3.0/install/p9n_interface/lib:/home/atwork/limo_3.0/install/limo_msgs/lib:/opt/ros/jazzy/opt/rviz_ogre_vendor/lib:/opt/ros/jazzy/lib/x86_64-linux-gnu:/opt/ros/jazzy/opt/gz_math_vendor/lib:/opt/ros/jazzy/opt/gz_utils_vendor/lib:/opt/ros/jazzy/opt/gz_cmake_vendor/lib:/opt/ros/jazzy/lib /usr/bin/cmake /home/atwork/limo_3.0/src/PlayStation-JoyInterface-ROS2/p9n_example -DCMAKE_INSTALL_PREFIX=/home/atwork/limo_3.0/install/p9n_example
[2.274s] Invoking command in '/home/atwork/limo_3.0/build/p9n_example': CMAKE_PREFIX_PATH=/home/atwork/limo_3.0/install/joy:/home/atwork/limo_3.0/install/sdl2_vendor:/home/atwork/limo_3.0/install/p9n_interface:/home/atwork/limo_3.0/install/wiimote:/home/atwork/limo_3.0/install/wiimote_msgs:/home/atwork/limo_3.0/install/urg_node:/home/atwork/limo_3.0/install/spacenav:/home/atwork/limo_3.0/install/p9n:/home/atwork/limo_3.0/install/p9n_test:/home/atwork/limo_3.0/install/p9n_node:/home/atwork/limo_3.0/install/p9n_example:/home/atwork/limo_3.0/install/limo_base:/home/atwork/limo_3.0/install/limo_msgs:/home/atwork/limo_3.0/install/limo_description:/home/atwork/limo_3.0/install/joy_linux:/opt/ros/jazzy/opt/gz_math_vendor:/opt/ros/jazzy/opt/gz_utils_vendor:/opt/ros/jazzy/opt/gz_cmake_vendor:/home/atwork/limo_3.0/install/limo_cartographer:/home/atwork/limo_3.0/install/limo_bringup:/home/atwork/limo_3.0/install/p9n_bringup:/opt/ros/jazzy DEBUGINFOD_URLS=https://debuginfod.ubuntu.com LD_LIBRARY_PATH=/home/atwork/limo_3.0/install/joy/lib:/home/atwork/limo_3.0/install/wiimote/lib:/home/atwork/limo_3.0/install/wiimote_msgs/lib:/home/atwork/limo_3.0/install/urg_node/lib:/home/atwork/limo_3.0/install/spacenav/lib:/home/atwork/limo_3.0/install/p9n_test/lib:/home/atwork/limo_3.0/install/p9n_node/lib:/home/atwork/limo_3.0/install/p9n_example/lib:/home/atwork/limo_3.0/install/p9n_interface/lib:/home/atwork/limo_3.0/install/limo_msgs/lib:/opt/ros/jazzy/opt/rviz_ogre_vendor/lib:/opt/ros/jazzy/lib/x86_64-linux-gnu:/opt/ros/jazzy/opt/gz_math_vendor/lib:/opt/ros/jazzy/opt/gz_utils_vendor/lib:/opt/ros/jazzy/opt/gz_cmake_vendor/lib:/opt/ros/jazzy/lib /usr/bin/cmake --build /home/atwork/limo_3.0/build/p9n_example -- -j4 -l4
[2.353s] [ 25%] [32mBuilding CXX object CMakeFiles/display_node.dir/src/display_node.cpp.o[0m
[17.554s] [ 50%] [32m[1mLinking CXX shared library libdisplay_node.so[0m
[18.383s] [ 50%] Built target display_node
[18.424s] [ 75%] [32mBuilding CXX object CMakeFiles/display_node_exec.dir/rclcpp_components/node_main_display_node_exec.cpp.o[0m
[25.394s] [100%] [32m[1mLinking CXX executable display_node_exec[0m
[25.608s] [100%] Built target display_node_exec
[25.627s] Invoked command in '/home/atwork/limo_3.0/build/p9n_example' returned '0': CMAKE_PREFIX_PATH=/home/atwork/limo_3.0/install/joy:/home/atwork/limo_3.0/install/sdl2_vendor:/home/atwork/limo_3.0/install/p9n_interface:/home/atwork/limo_3.0/install/wiimote:/home/atwork/limo_3.0/install/wiimote_msgs:/home/atwork/limo_3.0/install/urg_node:/home/atwork/limo_3.0/install/spacenav:/home/atwork/limo_3.0/install/p9n:/home/atwork/limo_3.0/install/p9n_test:/home/atwork/limo_3.0/install/p9n_node:/home/atwork/limo_3.0/install/p9n_example:/home/atwork/limo_3.0/install/limo_base:/home/atwork/limo_3.0/install/limo_msgs:/home/atwork/limo_3.0/install/limo_description:/home/atwork/limo_3.0/install/joy_linux:/opt/ros/jazzy/opt/gz_math_vendor:/opt/ros/jazzy/opt/gz_utils_vendor:/opt/ros/jazzy/opt/gz_cmake_vendor:/home/atwork/limo_3.0/install/limo_cartographer:/home/atwork/limo_3.0/install/limo_bringup:/home/atwork/limo_3.0/install/p9n_bringup:/opt/ros/jazzy DEBUGINFOD_URLS=https://debuginfod.ubuntu.com LD_LIBRARY_PATH=/home/atwork/limo_3.0/install/joy/lib:/home/atwork/limo_3.0/install/wiimote/lib:/home/atwork/limo_3.0/install/wiimote_msgs/lib:/home/atwork/limo_3.0/install/urg_node/lib:/home/atwork/limo_3.0/install/spacenav/lib:/home/atwork/limo_3.0/install/p9n_test/lib:/home/atwork/limo_3.0/install/p9n_node/lib:/home/atwork/limo_3.0/install/p9n_example/lib:/home/atwork/limo_3.0/install/p9n_interface/lib:/home/atwork/limo_3.0/install/limo_msgs/lib:/opt/ros/jazzy/opt/rviz_ogre_vendor/lib:/opt/ros/jazzy/lib/x86_64-linux-gnu:/opt/ros/jazzy/opt/gz_math_vendor/lib:/opt/ros/jazzy/opt/gz_utils_vendor/lib:/opt/ros/jazzy/opt/gz_cmake_vendor/lib:/opt/ros/jazzy/lib /usr/bin/cmake --build /home/atwork/limo_3.0/build/p9n_example -- -j4 -l4
[25.629s] Invoking command in '/home/atwork/limo_3.0/build/p9n_example': CMAKE_PREFIX_PATH=/home/atwork/limo_3.0/install/joy:/home/atwork/limo_3.0/install/sdl2_vendor:/home/atwork/limo_3.0/install/p9n_interface:/home/atwork/limo_3.0/install/wiimote:/home/atwork/limo_3.0/install/wiimote_msgs:/home/atwork/limo_3.0/install/urg_node:/home/atwork/limo_3.0/install/spacenav:/home/atwork/limo_3.0/install/p9n:/home/atwork/limo_3.0/install/p9n_test:/home/atwork/limo_3.0/install/p9n_node:/home/atwork/limo_3.0/install/p9n_example:/home/atwork/limo_3.0/install/limo_base:/home/atwork/limo_3.0/install/limo_msgs:/home/atwork/limo_3.0/install/limo_description:/home/atwork/limo_3.0/install/joy_linux:/opt/ros/jazzy/opt/gz_math_vendor:/opt/ros/jazzy/opt/gz_utils_vendor:/opt/ros/jazzy/opt/gz_cmake_vendor:/home/atwork/limo_3.0/install/limo_cartographer:/home/atwork/limo_3.0/install/limo_bringup:/home/atwork/limo_3.0/install/p9n_bringup:/opt/ros/jazzy DEBUGINFOD_URLS=https://debuginfod.ubuntu.com LD_LIBRARY_PATH=/home/atwork/limo_3.0/install/joy/lib:/home/atwork/limo_3.0/install/wiimote/lib:/home/atwork/limo_3.0/install/wiimote_msgs/lib:/home/atwork/limo_3.0/install/urg_node/lib:/home/atwork/limo_3.0/install/spacenav/lib:/home/atwork/limo_3.0/install/p9n_test/lib:/home/atwork/limo_3.0/install/p9n_node/lib:/home/atwork/limo_3.0/install/p9n_example/lib:/home/atwork/limo_3.0/install/p9n_interface/lib:/home/atwork/limo_3.0/install/limo_msgs/lib:/opt/ros/jazzy/opt/rviz_ogre_vendor/lib:/opt/ros/jazzy/lib/x86_64-linux-gnu:/opt/ros/jazzy/opt/gz_math_vendor/lib:/opt/ros/jazzy/opt/gz_utils_vendor/lib:/opt/ros/jazzy/opt/gz_cmake_vendor/lib:/opt/ros/jazzy/lib /usr/bin/cmake --install /home/atwork/limo_3.0/build/p9n_example
[25.641s] -- Install configuration: ""
[25.642s] -- Installing: /home/atwork/limo_3.0/install/p9n_example/lib/p9n_example/display_node_exec
[25.643s] -- Set non-toolchain portion of runtime path of "/home/atwork/limo_3.0/install/p9n_example/lib/p9n_example/display_node_exec" to ""
[25.643s] -- Installing: /home/atwork/limo_3.0/install/p9n_example/include
[25.644s] -- Installing: /home/atwork/limo_3.0/install/p9n_example/include/p9n_example
[25.646s] -- Installing: /home/atwork/limo_3.0/install/p9n_example/include/p9n_example/display_node.hpp
[25.646s] -- Installing: /home/atwork/limo_3.0/install/p9n_example/share/p9n_example/environment/library_path.sh
[25.647s] -- Installing: /home/atwork/limo_3.0/install/p9n_example/share/p9n_example/environment/library_path.dsv
[25.647s] -- Installing: /home/atwork/limo_3.0/install/p9n_example/lib/libdisplay_node.so
[25.657s] -- Set non-toolchain portion of runtime path of "/home/atwork/limo_3.0/install/p9n_example/lib/libdisplay_node.so" to ""
[25.657s] -- Installing: /home/atwork/limo_3.0/install/p9n_example/share/p9n_example/launch
[25.658s] -- Installing: /home/atwork/limo_3.0/install/p9n_example/share/p9n_example/launch/display.launch.py
[25.659s] -- Installing: /home/atwork/limo_3.0/install/p9n_example/share/ament_index/resource_index/package_run_dependencies/p9n_example
[25.659s] -- Installing: /home/atwork/limo_3.0/install/p9n_example/share/ament_index/resource_index/parent_prefix_path/p9n_example
[25.660s] -- Installing: /home/atwork/limo_3.0/install/p9n_example/share/p9n_example/environment/ament_prefix_path.sh
[25.660s] -- Installing: /home/atwork/limo_3.0/install/p9n_example/share/p9n_example/environment/ament_prefix_path.dsv
[25.661s] -- Installing: /home/atwork/limo_3.0/install/p9n_example/share/p9n_example/environment/path.sh
[25.661s] -- Installing: /home/atwork/limo_3.0/install/p9n_example/share/p9n_example/environment/path.dsv
[25.662s] -- Installing: /home/atwork/limo_3.0/install/p9n_example/share/p9n_example/local_setup.bash
[25.662s] -- Installing: /home/atwork/limo_3.0/install/p9n_example/share/p9n_example/local_setup.sh
[25.663s] -- Installing: /home/atwork/limo_3.0/install/p9n_example/share/p9n_example/local_setup.zsh
[25.664s] -- Installing: /home/atwork/limo_3.0/install/p9n_example/share/p9n_example/local_setup.dsv
[25.664s] -- Installing: /home/atwork/limo_3.0/install/p9n_example/share/p9n_example/package.dsv
[25.665s] -- Installing: /home/atwork/limo_3.0/install/p9n_example/share/ament_index/resource_index/packages/p9n_example
[25.665s] -- Installing: /home/atwork/limo_3.0/install/p9n_example/share/ament_index/resource_index/rclcpp_components/p9n_example
[25.666s] -- Installing: /home/atwork/limo_3.0/install/p9n_example/share/p9n_example/cmake/ament_cmake_export_dependencies-extras.cmake
[25.666s] -- Installing: /home/atwork/limo_3.0/install/p9n_example/share/p9n_example/cmake/ament_cmake_export_include_directories-extras.cmake
[25.667s] -- Installing: /home/atwork/limo_3.0/install/p9n_example/share/p9n_example/cmake/ament_cmake_export_libraries-extras.cmake
[25.667s] -- Installing: /home/atwork/limo_3.0/install/p9n_example/share/p9n_example/cmake/p9n_exampleConfig.cmake
[25.668s] -- Installing: /home/atwork/limo_3.0/install/p9n_example/share/p9n_example/cmake/p9n_exampleConfig-version.cmake
[25.669s] -- Installing: /home/atwork/limo_3.0/install/p9n_example/share/p9n_example/package.xml
[25.671s] Invoked command in '/home/atwork/limo_3.0/build/p9n_example' returned '0': CMAKE_PREFIX_PATH=/home/atwork/limo_3.0/install/joy:/home/atwork/limo_3.0/install/sdl2_vendor:/home/atwork/limo_3.0/install/p9n_interface:/home/atwork/limo_3.0/install/wiimote:/home/atwork/limo_3.0/install/wiimote_msgs:/home/atwork/limo_3.0/install/urg_node:/home/atwork/limo_3.0/install/spacenav:/home/atwork/limo_3.0/install/p9n:/home/atwork/limo_3.0/install/p9n_test:/home/atwork/limo_3.0/install/p9n_node:/home/atwork/limo_3.0/install/p9n_example:/home/atwork/limo_3.0/install/limo_base:/home/atwork/limo_3.0/install/limo_msgs:/home/atwork/limo_3.0/install/limo_description:/home/atwork/limo_3.0/install/joy_linux:/opt/ros/jazzy/opt/gz_math_vendor:/opt/ros/jazzy/opt/gz_utils_vendor:/opt/ros/jazzy/opt/gz_cmake_vendor:/home/atwork/limo_3.0/install/limo_cartographer:/home/atwork/limo_3.0/install/limo_bringup:/home/atwork/limo_3.0/install/p9n_bringup:/opt/ros/jazzy DEBUGINFOD_URLS=https://debuginfod.ubuntu.com LD_LIBRARY_PATH=/home/atwork/limo_3.0/install/joy/lib:/home/atwork/limo_3.0/install/wiimote/lib:/home/atwork/limo_3.0/install/wiimote_msgs/lib:/home/atwork/limo_3.0/install/urg_node/lib:/home/atwork/limo_3.0/install/spacenav/lib:/home/atwork/limo_3.0/install/p9n_test/lib:/home/atwork/limo_3.0/install/p9n_node/lib:/home/atwork/limo_3.0/install/p9n_example/lib:/home/atwork/limo_3.0/install/p9n_interface/lib:/home/atwork/limo_3.0/install/limo_msgs/lib:/opt/ros/jazzy/opt/rviz_ogre_vendor/lib:/opt/ros/jazzy/lib/x86_64-linux-gnu:/opt/ros/jazzy/opt/gz_math_vendor/lib:/opt/ros/jazzy/opt/gz_utils_vendor/lib:/opt/ros/jazzy/opt/gz_cmake_vendor/lib:/opt/ros/jazzy/lib /usr/bin/cmake --install /home/atwork/limo_3.0/build/p9n_example
