[0.041s] Invoking command in '/home/atwork/limo_3.0/build/spacenav': CMAKE_PREFIX_PATH=${CMAKE_PREFIX_PATH}:/home/atwork/limo_3.0/install/limo_bringup:/home/atwork/limo_3.0/install/p9n_bringup:/home/atwork/limo_3.0/install/limo_cartographer:/opt/ros/jazzy DEBUGINFOD_URLS=https://debuginfod.ubuntu.com /usr/bin/cmake --build /home/atwork/limo_3.0/build/spacenav -- -j4 -l4
[0.214s] [ 50%] Built target spacenav
[0.220s] [100%] Built target spacenav_node
[0.249s] Invoked command in '/home/atwork/limo_3.0/build/spacenav' returned '0': CMAKE_PREFIX_PATH=${CMAKE_PREFIX_PATH}:/home/atwork/limo_3.0/install/limo_bringup:/home/atwork/limo_3.0/install/p9n_bringup:/home/atwork/limo_3.0/install/limo_cartographer:/opt/ros/jazzy DEBUGINFOD_URLS=https://debuginfod.ubuntu.com /usr/bin/cmake --build /home/atwork/limo_3.0/build/spacenav -- -j4 -l4
[0.251s] Invoking command in '/home/atwork/limo_3.0/build/spacenav': CMAKE_PREFIX_PATH=${CMAKE_PREFIX_PATH}:/home/atwork/limo_3.0/install/limo_bringup:/home/atwork/limo_3.0/install/p9n_bringup:/home/atwork/limo_3.0/install/limo_cartographer:/opt/ros/jazzy DEBUGINFOD_URLS=https://debuginfod.ubuntu.com /usr/bin/cmake --install /home/atwork/limo_3.0/build/spacenav
[0.277s] -- Install configuration: ""
[0.280s] -- Up-to-date: /home/atwork/limo_3.0/install/spacenav/lib/libspacenav.so
[0.280s] -- Up-to-date: /home/atwork/limo_3.0/install/spacenav/lib/spacenav/spacenav_node
[0.280s] -- Up-to-date: /home/atwork/limo_3.0/install/spacenav/include/spacenav
[0.281s] -- Up-to-date: /home/atwork/limo_3.0/install/spacenav/include/spacenav/spacenav
[0.281s] -- Up-to-date: /home/atwork/limo_3.0/install/spacenav/include/spacenav/spacenav/spacenav.hpp
[0.281s] -- Up-to-date: /home/atwork/limo_3.0/install/spacenav/share/spacenav//launch
[0.281s] -- Up-to-date: /home/atwork/limo_3.0/install/spacenav/share/spacenav//launch/classic-launch.py
[0.281s] -- Up-to-date: /home/atwork/limo_3.0/install/spacenav/share/spacenav//launch/static_deadband-launch.py
[0.281s] -- Up-to-date: /home/atwork/limo_3.0/install/spacenav/share/spacenav//launch/no_deadband-launch.py
[0.281s] -- Up-to-date: /home/atwork/limo_3.0/install/spacenav/share/ament_index/resource_index/package_run_dependencies/spacenav
[0.281s] -- Up-to-date: /home/atwork/limo_3.0/install/spacenav/share/ament_index/resource_index/parent_prefix_path/spacenav
[0.282s] -- Up-to-date: /home/atwork/limo_3.0/install/spacenav/share/spacenav/environment/ament_prefix_path.sh
[0.282s] -- Up-to-date: /home/atwork/limo_3.0/install/spacenav/share/spacenav/environment/ament_prefix_path.dsv
[0.282s] -- Up-to-date: /home/atwork/limo_3.0/install/spacenav/share/spacenav/environment/path.sh
[0.282s] -- Up-to-date: /home/atwork/limo_3.0/install/spacenav/share/spacenav/environment/path.dsv
[0.285s] -- Up-to-date: /home/atwork/limo_3.0/install/spacenav/share/spacenav/local_setup.bash
[0.285s] -- Up-to-date: /home/atwork/limo_3.0/install/spacenav/share/spacenav/local_setup.sh
[0.285s] -- Up-to-date: /home/atwork/limo_3.0/install/spacenav/share/spacenav/local_setup.zsh
[0.285s] -- Up-to-date: /home/atwork/limo_3.0/install/spacenav/share/spacenav/local_setup.dsv
[0.286s] -- Installing: /home/atwork/limo_3.0/install/spacenav/share/spacenav/package.dsv
[0.286s] -- Up-to-date: /home/atwork/limo_3.0/install/spacenav/share/ament_index/resource_index/packages/spacenav
[0.286s] -- Up-to-date: /home/atwork/limo_3.0/install/spacenav/share/ament_index/resource_index/rclcpp_components/spacenav
[0.286s] -- Up-to-date: /home/atwork/limo_3.0/install/spacenav/share/spacenav/cmake/export_spacenavExport.cmake
[0.287s] -- Up-to-date: /home/atwork/limo_3.0/install/spacenav/share/spacenav/cmake/export_spacenavExport-noconfig.cmake
[0.287s] -- Up-to-date: /home/atwork/limo_3.0/install/spacenav/share/spacenav/cmake/ament_cmake_export_targets-extras.cmake
[0.288s] -- Up-to-date: /home/atwork/limo_3.0/install/spacenav/share/spacenav/cmake/spacenavConfig.cmake
[0.288s] -- Up-to-date: /home/atwork/limo_3.0/install/spacenav/share/spacenav/cmake/spacenavConfig-version.cmake
[0.288s] -- Up-to-date: /home/atwork/limo_3.0/install/spacenav/share/spacenav/package.xml
[0.320s] Invoked command in '/home/atwork/limo_3.0/build/spacenav' returned '0': CMAKE_PREFIX_PATH=${CMAKE_PREFIX_PATH}:/home/atwork/limo_3.0/install/limo_bringup:/home/atwork/limo_3.0/install/p9n_bringup:/home/atwork/limo_3.0/install/limo_cartographer:/opt/ros/jazzy DEBUGINFOD_URLS=https://debuginfod.ubuntu.com /usr/bin/cmake --install /home/atwork/limo_3.0/build/spacenav
