[0.020s] Invoking command in '/home/atwork/limo_3.0/src/build/urg_node': CMAKE_PREFIX_PATH=${CMAKE_PREFIX_PATH}:/home/atwork/limo_3.0/install/limo_bringup:/home/atwork/limo_3.0/install/p9n_bringup:/opt/ros/jazzy DEBUGINFOD_URLS=https://debuginfod.ubuntu.com /usr/bin/cmake /home/atwork/limo_3.0/src/urg_node -DCMAKE_INSTALL_PREFIX=/home/atwork/limo_3.0/src/install/urg_node
[0.104s] -- The C compiler identification is GNU 13.3.0
[0.200s] -- The CXX compiler identification is GNU 13.3.0
[0.229s] -- Detecting C compiler ABI info
[0.360s] -- Detecting C compiler ABI info - done
[0.379s] -- Check for working C compiler: /usr/bin/cc - skipped
[0.380s] -- Detecting C compile features
[0.380s] -- Detecting C compile features - done
[0.392s] -- Detecting CXX compiler ABI info
[0.544s] -- Detecting CXX compiler ABI info - done
[0.572s] -- Check for working CXX compiler: /usr/bin/c++ - skipped
[0.573s] -- Detecting CXX compile features
[0.576s] -- Detecting CXX compile features - done
[0.580s] -- Found ament_cmake: 2.5.4 (/opt/ros/jazzy/share/ament_cmake/cmake)
[0.829s] -- Found Python3: /usr/bin/python3 (found version "3.12.3") found components: Interpreter 
[1.032s] -- Found Boost: /usr/lib/x86_64-linux-gnu/cmake/Boost-1.83.0/BoostConfig.cmake (found version "1.83.0")  
[1.038s] -- Found diagnostic_updater: 4.2.6 (/opt/ros/jazzy/share/diagnostic_updater/cmake)
[1.125s] -- Found rosidl_generator_c: 4.6.6 (/opt/ros/jazzy/share/rosidl_generator_c/cmake)
[1.154s] -- Found rosidl_generator_cpp: 4.6.6 (/opt/ros/jazzy/share/rosidl_generator_cpp/cmake)
[1.185s] -- Using all available rosidl_typesupport_c: rosidl_typesupport_fastrtps_c;rosidl_typesupport_introspection_c
[1.212s] -- Using all available rosidl_typesupport_cpp: rosidl_typesupport_fastrtps_cpp;rosidl_typesupport_introspection_cpp
[1.441s] -- Found rmw_implementation_cmake: 7.3.2 (/opt/ros/jazzy/share/rmw_implementation_cmake/cmake)
[1.445s] -- Found rmw_fastrtps_cpp: 8.4.3 (/opt/ros/jazzy/share/rmw_fastrtps_cpp/cmake)
[1.589s] -- Found OpenSSL: /usr/lib/x86_64-linux-gnu/libcrypto.so (found version "3.0.13")  
[1.624s] -- Found FastRTPS: /opt/ros/jazzy/include (Required is at least version "2.13") 
[1.666s] -- Using RMW implementation 'rmw_fastrtps_cpp' as default
[1.835s] -- Found laser_proc: 1.0.2 (/opt/ros/jazzy/share/laser_proc/cmake)
[1.928s] -- Found rclcpp_components: 28.1.13 (/opt/ros/jazzy/share/rclcpp_components/cmake)
[2.001s] -- Found std_srvs: 5.3.6 (/opt/ros/jazzy/share/std_srvs/cmake)
[2.061s] -- Found urg_c: 1.0.4001 (/opt/ros/jazzy/share/urg_c/cmake)
[2.073s] -- Found urg_node_msgs: 1.0.1 (/opt/ros/jazzy/share/urg_node_msgs/cmake)
[2.141s] -- Found ament_lint_auto: 0.17.3 (/opt/ros/jazzy/share/ament_lint_auto/cmake)
[2.486s] -- Added test 'cppcheck' to perform static code analysis on C / C++ code
[2.486s] -- Configured cppcheck include dirs: $<BUILD_INTERFACE:/home/atwork/limo_3.0/src/urg_node/include>
[2.486s] -- Configured cppcheck exclude dirs and/or files: 
[2.496s] -- Added test 'cpplint' to check C / C++ code against the Google style
[2.497s] -- Configured cpplint exclude dirs and/or files: 
[2.502s] -- Added test 'flake8' to check Python code syntax and style conventions
[2.502s] -- Configured 'flake8' exclude dirs and/or files: 
[2.504s] -- Added test 'lint_cmake' to check CMake code style
[2.507s] -- Added test 'pep257' to check Python code against some of the docstring style conventions in PEP 257
[2.513s] -- Added test 'uncrustify' to check C / C++ code style
[2.513s] -- Configured uncrustify additional arguments: 
[2.515s] -- Added test 'xmllint' to check XML markup files
[2.525s] -- Configuring done (2.5s)
[2.678s] -- Generating done (0.1s)
[2.720s] -- Build files have been written to: /home/atwork/limo_3.0/src/build/urg_node
[2.760s] Invoked command in '/home/atwork/limo_3.0/src/build/urg_node' returned '0': CMAKE_PREFIX_PATH=${CMAKE_PREFIX_PATH}:/home/atwork/limo_3.0/install/limo_bringup:/home/atwork/limo_3.0/install/p9n_bringup:/opt/ros/jazzy DEBUGINFOD_URLS=https://debuginfod.ubuntu.com /usr/bin/cmake /home/atwork/limo_3.0/src/urg_node -DCMAKE_INSTALL_PREFIX=/home/atwork/limo_3.0/src/install/urg_node
[2.760s] Invoking command in '/home/atwork/limo_3.0/src/build/urg_node': CMAKE_PREFIX_PATH=${CMAKE_PREFIX_PATH}:/home/atwork/limo_3.0/install/limo_bringup:/home/atwork/limo_3.0/install/p9n_bringup:/opt/ros/jazzy DEBUGINFOD_URLS=https://debuginfod.ubuntu.com /usr/bin/cmake --build /home/atwork/limo_3.0/src/build/urg_node -- -j4 -l4
[2.936s] [ 14%] [32mBuilding CXX object CMakeFiles/urg_node_driver.dir/rclcpp_components/node_main_urg_node_driver.cpp.o[0m
[2.944s] [ 42%] [32mBuilding CXX object CMakeFiles/urg_node.dir/src/urg_node.cpp.o[0m
[2.944s] [ 42%] [32mBuilding CXX object CMakeFiles/urg_node.dir/src/urg_c_wrapper.cpp.o[0m
[18.557s] [ 57%] [32m[1mLinking CXX executable urg_node_driver[0m
[18.870s] [ 57%] Built target urg_node_driver
[24.156s] [ 71%] [32m[1mLinking CXX shared library liburg_node.so[0m
[25.183s] [ 71%] Built target urg_node
[25.243s] [ 85%] [32mBuilding CXX object CMakeFiles/getID.dir/src/get_id.cpp.o[0m
[32.289s] [100%] [32m[1mLinking CXX executable getID[0m
[32.720s] [100%] Built target getID
[32.738s] Invoked command in '/home/atwork/limo_3.0/src/build/urg_node' returned '0': CMAKE_PREFIX_PATH=${CMAKE_PREFIX_PATH}:/home/atwork/limo_3.0/install/limo_bringup:/home/atwork/limo_3.0/install/p9n_bringup:/opt/ros/jazzy DEBUGINFOD_URLS=https://debuginfod.ubuntu.com /usr/bin/cmake --build /home/atwork/limo_3.0/src/build/urg_node -- -j4 -l4
[32.739s] Invoking command in '/home/atwork/limo_3.0/src/build/urg_node': CMAKE_PREFIX_PATH=${CMAKE_PREFIX_PATH}:/home/atwork/limo_3.0/install/limo_bringup:/home/atwork/limo_3.0/install/p9n_bringup:/opt/ros/jazzy DEBUGINFOD_URLS=https://debuginfod.ubuntu.com /usr/bin/cmake --install /home/atwork/limo_3.0/src/build/urg_node
[32.751s] -- Install configuration: ""
[32.752s] -- Installing: /home/atwork/limo_3.0/src/install/urg_node/lib/urg_node/urg_node_driver
[32.752s] -- Set non-toolchain portion of runtime path of "/home/atwork/limo_3.0/src/install/urg_node/lib/urg_node/urg_node_driver" to ""
[32.753s] -- Installing: /home/atwork/limo_3.0/src/install/urg_node/lib/liburg_node.so
[32.756s] -- Set non-toolchain portion of runtime path of "/home/atwork/limo_3.0/src/install/urg_node/lib/liburg_node.so" to ""
[32.757s] -- Installing: /home/atwork/limo_3.0/src/install/urg_node/lib/urg_node/getID
[32.757s] -- Set non-toolchain portion of runtime path of "/home/atwork/limo_3.0/src/install/urg_node/lib/urg_node/getID" to ""
[32.758s] -- Installing: /home/atwork/limo_3.0/src/install/urg_node/include
[32.758s] -- Installing: /home/atwork/limo_3.0/src/install/urg_node/include/urg_node
[32.758s] -- Installing: /home/atwork/limo_3.0/src/install/urg_node/include/urg_node/urg_c_wrapper.hpp
[32.759s] -- Installing: /home/atwork/limo_3.0/src/install/urg_node/include/urg_node/urg_node.hpp
[32.759s] -- Installing: /home/atwork/limo_3.0/src/install/urg_node/lib/urg_node/set_urg_ip.py
[32.760s] -- Installing: /home/atwork/limo_3.0/src/install/urg_node/share/urg_node/launch
[32.760s] -- Installing: /home/atwork/limo_3.0/src/install/urg_node/share/urg_node/launch/hokuyo_laser.urdf
[32.761s] -- Installing: /home/atwork/limo_3.0/src/install/urg_node/share/urg_node/launch/urg_node_launch.py
[32.761s] -- Installing: /home/atwork/limo_3.0/src/install/urg_node/share/urg_node/launch/urg_node_serial.yaml
[32.762s] -- Installing: /home/atwork/limo_3.0/src/install/urg_node/share/urg_node/launch/urg_lidar.launch
[32.762s] -- Installing: /home/atwork/limo_3.0/src/install/urg_node/share/urg_node/launch/urg_node_ethernet.yaml
[32.763s] -- Installing: /home/atwork/limo_3.0/src/install/urg_node/share/urg_node/meshes
[32.763s] -- Installing: /home/atwork/limo_3.0/src/install/urg_node/share/urg_node/meshes/hokuyo_ust10.stl
[32.764s] -- Installing: /home/atwork/limo_3.0/src/install/urg_node/share/urg_node/urdf
[32.764s] -- Installing: /home/atwork/limo_3.0/src/install/urg_node/share/urg_node/urdf/hokuyo_ust10.urdf.xacro
[32.764s] -- Installing: /home/atwork/limo_3.0/src/install/urg_node/share/urg_node/environment/library_path.sh
[32.765s] -- Installing: /home/atwork/limo_3.0/src/install/urg_node/share/urg_node/environment/library_path.dsv
[32.766s] -- Installing: /home/atwork/limo_3.0/src/install/urg_node/share/ament_index/resource_index/package_run_dependencies/urg_node
[32.766s] -- Installing: /home/atwork/limo_3.0/src/install/urg_node/share/ament_index/resource_index/parent_prefix_path/urg_node
[32.767s] -- Installing: /home/atwork/limo_3.0/src/install/urg_node/share/urg_node/environment/ament_prefix_path.sh
[32.767s] -- Installing: /home/atwork/limo_3.0/src/install/urg_node/share/urg_node/environment/ament_prefix_path.dsv
[32.767s] -- Installing: /home/atwork/limo_3.0/src/install/urg_node/share/urg_node/environment/path.sh
[32.768s] -- Installing: /home/atwork/limo_3.0/src/install/urg_node/share/urg_node/environment/path.dsv
[32.768s] -- Installing: /home/atwork/limo_3.0/src/install/urg_node/share/urg_node/local_setup.bash
[32.768s] -- Installing: /home/atwork/limo_3.0/src/install/urg_node/share/urg_node/local_setup.sh
[32.769s] -- Installing: /home/atwork/limo_3.0/src/install/urg_node/share/urg_node/local_setup.zsh
[32.769s] -- Installing: /home/atwork/limo_3.0/src/install/urg_node/share/urg_node/local_setup.dsv
[32.769s] -- Installing: /home/atwork/limo_3.0/src/install/urg_node/share/urg_node/package.dsv
[32.770s] -- Installing: /home/atwork/limo_3.0/src/install/urg_node/share/ament_index/resource_index/packages/urg_node
[32.770s] -- Installing: /home/atwork/limo_3.0/src/install/urg_node/share/ament_index/resource_index/rclcpp_components/urg_node
[32.771s] -- Installing: /home/atwork/limo_3.0/src/install/urg_node/share/urg_node/cmake/ament_cmake_export_dependencies-extras.cmake
[32.771s] -- Installing: /home/atwork/limo_3.0/src/install/urg_node/share/urg_node/cmake/ament_cmake_export_include_directories-extras.cmake
[32.772s] -- Installing: /home/atwork/limo_3.0/src/install/urg_node/share/urg_node/cmake/ament_cmake_export_libraries-extras.cmake
[32.772s] -- Installing: /home/atwork/limo_3.0/src/install/urg_node/share/urg_node/cmake/urg_nodeConfig.cmake
[32.772s] -- Installing: /home/atwork/limo_3.0/src/install/urg_node/share/urg_node/cmake/urg_nodeConfig-version.cmake
[32.773s] -- Installing: /home/atwork/limo_3.0/src/install/urg_node/share/urg_node/package.xml
[32.776s] Invoked command in '/home/atwork/limo_3.0/src/build/urg_node' returned '0': CMAKE_PREFIX_PATH=${CMAKE_PREFIX_PATH}:/home/atwork/limo_3.0/install/limo_bringup:/home/atwork/limo_3.0/install/p9n_bringup:/opt/ros/jazzy DEBUGINFOD_URLS=https://debuginfod.ubuntu.com /usr/bin/cmake --install /home/atwork/limo_3.0/src/build/urg_node
