[0.025s] Invoking command in '/home/atwork/limo_3.0/build/p9n_example': CMAKE_PREFIX_PATH=/home/atwork/limo_3.0/install/joy:/home/atwork/limo_3.0/install/sdl2_vendor:/home/atwork/limo_3.0/install/p9n_interface:/home/atwork/limo_3.0/install/wiimote:/home/atwork/limo_3.0/install/wiimote_msgs:/home/atwork/limo_3.0/install/urg_node:/home/atwork/limo_3.0/install/spacenav:/home/atwork/limo_3.0/install/p9n:/home/atwork/limo_3.0/install/p9n_test:/home/atwork/limo_3.0/install/p9n_node:/home/atwork/limo_3.0/install/p9n_example:/home/atwork/limo_3.0/install/limo_base:/home/atwork/limo_3.0/install/limo_msgs:/home/atwork/limo_3.0/install/limo_description:/home/atwork/limo_3.0/install/joy_linux:/opt/ros/jazzy/opt/gz_math_vendor:/opt/ros/jazzy/opt/gz_utils_vendor:/opt/ros/jazzy/opt/gz_cmake_vendor:/home/atwork/limo_3.0/install/limo_bringup:/home/atwork/limo_3.0/install/p9n_bringup:/home/atwork/limo_3.0/install/limo_cartographer:/opt/ros/jazzy DEBUGINFOD_URLS=https://debuginfod.ubuntu.com LD_LIBRARY_PATH=/home/atwork/limo_3.0/install/joy/lib:/home/atwork/limo_3.0/install/wiimote/lib:/home/atwork/limo_3.0/install/wiimote_msgs/lib:/home/atwork/limo_3.0/install/urg_node/lib:/home/atwork/limo_3.0/install/spacenav/lib:/home/atwork/limo_3.0/install/p9n_test/lib:/home/atwork/limo_3.0/install/p9n_node/lib:/home/atwork/limo_3.0/install/p9n_example/lib:/home/atwork/limo_3.0/install/p9n_interface/lib:/home/atwork/limo_3.0/install/limo_msgs/lib:/opt/ros/jazzy/opt/rviz_ogre_vendor/lib:/opt/ros/jazzy/lib/x86_64-linux-gnu:/opt/ros/jazzy/opt/gz_math_vendor/lib:/opt/ros/jazzy/opt/gz_utils_vendor/lib:/opt/ros/jazzy/opt/gz_cmake_vendor/lib:/opt/ros/jazzy/lib /usr/bin/cmake --build /home/atwork/limo_3.0/build/p9n_example -- -j4 -l4
[0.170s] [ 50%] Built target display_node_exec
[0.172s] [100%] Built target display_node
[0.252s] Invoked command in '/home/atwork/limo_3.0/build/p9n_example' returned '0': CMAKE_PREFIX_PATH=/home/atwork/limo_3.0/install/joy:/home/atwork/limo_3.0/install/sdl2_vendor:/home/atwork/limo_3.0/install/p9n_interface:/home/atwork/limo_3.0/install/wiimote:/home/atwork/limo_3.0/install/wiimote_msgs:/home/atwork/limo_3.0/install/urg_node:/home/atwork/limo_3.0/install/spacenav:/home/atwork/limo_3.0/install/p9n:/home/atwork/limo_3.0/install/p9n_test:/home/atwork/limo_3.0/install/p9n_node:/home/atwork/limo_3.0/install/p9n_example:/home/atwork/limo_3.0/install/limo_base:/home/atwork/limo_3.0/install/limo_msgs:/home/atwork/limo_3.0/install/limo_description:/home/atwork/limo_3.0/install/joy_linux:/opt/ros/jazzy/opt/gz_math_vendor:/opt/ros/jazzy/opt/gz_utils_vendor:/opt/ros/jazzy/opt/gz_cmake_vendor:/home/atwork/limo_3.0/install/limo_bringup:/home/atwork/limo_3.0/install/p9n_bringup:/home/atwork/limo_3.0/install/limo_cartographer:/opt/ros/jazzy DEBUGINFOD_URLS=https://debuginfod.ubuntu.com LD_LIBRARY_PATH=/home/atwork/limo_3.0/install/joy/lib:/home/atwork/limo_3.0/install/wiimote/lib:/home/atwork/limo_3.0/install/wiimote_msgs/lib:/home/atwork/limo_3.0/install/urg_node/lib:/home/atwork/limo_3.0/install/spacenav/lib:/home/atwork/limo_3.0/install/p9n_test/lib:/home/atwork/limo_3.0/install/p9n_node/lib:/home/atwork/limo_3.0/install/p9n_example/lib:/home/atwork/limo_3.0/install/p9n_interface/lib:/home/atwork/limo_3.0/install/limo_msgs/lib:/opt/ros/jazzy/opt/rviz_ogre_vendor/lib:/opt/ros/jazzy/lib/x86_64-linux-gnu:/opt/ros/jazzy/opt/gz_math_vendor/lib:/opt/ros/jazzy/opt/gz_utils_vendor/lib:/opt/ros/jazzy/opt/gz_cmake_vendor/lib:/opt/ros/jazzy/lib /usr/bin/cmake --build /home/atwork/limo_3.0/build/p9n_example -- -j4 -l4
[0.253s] Invoking command in '/home/atwork/limo_3.0/build/p9n_example': CMAKE_PREFIX_PATH=/home/atwork/limo_3.0/install/joy:/home/atwork/limo_3.0/install/sdl2_vendor:/home/atwork/limo_3.0/install/p9n_interface:/home/atwork/limo_3.0/install/wiimote:/home/atwork/limo_3.0/install/wiimote_msgs:/home/atwork/limo_3.0/install/urg_node:/home/atwork/limo_3.0/install/spacenav:/home/atwork/limo_3.0/install/p9n:/home/atwork/limo_3.0/install/p9n_test:/home/atwork/limo_3.0/install/p9n_node:/home/atwork/limo_3.0/install/p9n_example:/home/atwork/limo_3.0/install/limo_base:/home/atwork/limo_3.0/install/limo_msgs:/home/atwork/limo_3.0/install/limo_description:/home/atwork/limo_3.0/install/joy_linux:/opt/ros/jazzy/opt/gz_math_vendor:/opt/ros/jazzy/opt/gz_utils_vendor:/opt/ros/jazzy/opt/gz_cmake_vendor:/home/atwork/limo_3.0/install/limo_bringup:/home/atwork/limo_3.0/install/p9n_bringup:/home/atwork/limo_3.0/install/limo_cartographer:/opt/ros/jazzy DEBUGINFOD_URLS=https://debuginfod.ubuntu.com LD_LIBRARY_PATH=/home/atwork/limo_3.0/install/joy/lib:/home/atwork/limo_3.0/install/wiimote/lib:/home/atwork/limo_3.0/install/wiimote_msgs/lib:/home/atwork/limo_3.0/install/urg_node/lib:/home/atwork/limo_3.0/install/spacenav/lib:/home/atwork/limo_3.0/install/p9n_test/lib:/home/atwork/limo_3.0/install/p9n_node/lib:/home/atwork/limo_3.0/install/p9n_example/lib:/home/atwork/limo_3.0/install/p9n_interface/lib:/home/atwork/limo_3.0/install/limo_msgs/lib:/opt/ros/jazzy/opt/rviz_ogre_vendor/lib:/opt/ros/jazzy/lib/x86_64-linux-gnu:/opt/ros/jazzy/opt/gz_math_vendor/lib:/opt/ros/jazzy/opt/gz_utils_vendor/lib:/opt/ros/jazzy/opt/gz_cmake_vendor/lib:/opt/ros/jazzy/lib /usr/bin/cmake --install /home/atwork/limo_3.0/build/p9n_example
[0.299s] -- Install configuration: ""
[0.299s] -- Up-to-date: /home/atwork/limo_3.0/install/p9n_example/lib/p9n_example/display_node_exec
[0.299s] -- Up-to-date: /home/atwork/limo_3.0/install/p9n_example/include
[0.299s] -- Up-to-date: /home/atwork/limo_3.0/install/p9n_example/include/p9n_example
[0.299s] -- Up-to-date: /home/atwork/limo_3.0/install/p9n_example/include/p9n_example/display_node.hpp
[0.300s] -- Up-to-date: /home/atwork/limo_3.0/install/p9n_example/share/p9n_example/environment/library_path.sh
[0.300s] -- Up-to-date: /home/atwork/limo_3.0/install/p9n_example/share/p9n_example/environment/library_path.dsv
[0.300s] -- Up-to-date: /home/atwork/limo_3.0/install/p9n_example/lib/libdisplay_node.so
[0.300s] -- Up-to-date: /home/atwork/limo_3.0/install/p9n_example/share/p9n_example/launch
[0.300s] -- Up-to-date: /home/atwork/limo_3.0/install/p9n_example/share/p9n_example/launch/display.launch.py
[0.300s] -- Up-to-date: /home/atwork/limo_3.0/install/p9n_example/share/ament_index/resource_index/package_run_dependencies/p9n_example
[0.300s] -- Up-to-date: /home/atwork/limo_3.0/install/p9n_example/share/ament_index/resource_index/parent_prefix_path/p9n_example
[0.301s] -- Up-to-date: /home/atwork/limo_3.0/install/p9n_example/share/p9n_example/environment/ament_prefix_path.sh
[0.303s] -- Up-to-date: /home/atwork/limo_3.0/install/p9n_example/share/p9n_example/environment/ament_prefix_path.dsv
[0.303s] -- Up-to-date: /home/atwork/limo_3.0/install/p9n_example/share/p9n_example/environment/path.sh
[0.303s] -- Up-to-date: /home/atwork/limo_3.0/install/p9n_example/share/p9n_example/environment/path.dsv
[0.303s] -- Up-to-date: /home/atwork/limo_3.0/install/p9n_example/share/p9n_example/local_setup.bash
[0.303s] -- Up-to-date: /home/atwork/limo_3.0/install/p9n_example/share/p9n_example/local_setup.sh
[0.304s] -- Up-to-date: /home/atwork/limo_3.0/install/p9n_example/share/p9n_example/local_setup.zsh
[0.304s] -- Up-to-date: /home/atwork/limo_3.0/install/p9n_example/share/p9n_example/local_setup.dsv
[0.304s] -- Installing: /home/atwork/limo_3.0/install/p9n_example/share/p9n_example/package.dsv
[0.304s] -- Up-to-date: /home/atwork/limo_3.0/install/p9n_example/share/ament_index/resource_index/packages/p9n_example
[0.304s] -- Up-to-date: /home/atwork/limo_3.0/install/p9n_example/share/ament_index/resource_index/rclcpp_components/p9n_example
[0.304s] -- Up-to-date: /home/atwork/limo_3.0/install/p9n_example/share/p9n_example/cmake/ament_cmake_export_dependencies-extras.cmake
[0.304s] -- Up-to-date: /home/atwork/limo_3.0/install/p9n_example/share/p9n_example/cmake/ament_cmake_export_include_directories-extras.cmake
[0.305s] -- Up-to-date: /home/atwork/limo_3.0/install/p9n_example/share/p9n_example/cmake/ament_cmake_export_libraries-extras.cmake
[0.308s] -- Up-to-date: /home/atwork/limo_3.0/install/p9n_example/share/p9n_example/cmake/p9n_exampleConfig.cmake
[0.308s] -- Up-to-date: /home/atwork/limo_3.0/install/p9n_example/share/p9n_example/cmake/p9n_exampleConfig-version.cmake
[0.308s] -- Up-to-date: /home/atwork/limo_3.0/install/p9n_example/share/p9n_example/package.xml
[0.308s] Invoked command in '/home/atwork/limo_3.0/build/p9n_example' returned '0': CMAKE_PREFIX_PATH=/home/atwork/limo_3.0/install/joy:/home/atwork/limo_3.0/install/sdl2_vendor:/home/atwork/limo_3.0/install/p9n_interface:/home/atwork/limo_3.0/install/wiimote:/home/atwork/limo_3.0/install/wiimote_msgs:/home/atwork/limo_3.0/install/urg_node:/home/atwork/limo_3.0/install/spacenav:/home/atwork/limo_3.0/install/p9n:/home/atwork/limo_3.0/install/p9n_test:/home/atwork/limo_3.0/install/p9n_node:/home/atwork/limo_3.0/install/p9n_example:/home/atwork/limo_3.0/install/limo_base:/home/atwork/limo_3.0/install/limo_msgs:/home/atwork/limo_3.0/install/limo_description:/home/atwork/limo_3.0/install/joy_linux:/opt/ros/jazzy/opt/gz_math_vendor:/opt/ros/jazzy/opt/gz_utils_vendor:/opt/ros/jazzy/opt/gz_cmake_vendor:/home/atwork/limo_3.0/install/limo_bringup:/home/atwork/limo_3.0/install/p9n_bringup:/home/atwork/limo_3.0/install/limo_cartographer:/opt/ros/jazzy DEBUGINFOD_URLS=https://debuginfod.ubuntu.com LD_LIBRARY_PATH=/home/atwork/limo_3.0/install/joy/lib:/home/atwork/limo_3.0/install/wiimote/lib:/home/atwork/limo_3.0/install/wiimote_msgs/lib:/home/atwork/limo_3.0/install/urg_node/lib:/home/atwork/limo_3.0/install/spacenav/lib:/home/atwork/limo_3.0/install/p9n_test/lib:/home/atwork/limo_3.0/install/p9n_node/lib:/home/atwork/limo_3.0/install/p9n_example/lib:/home/atwork/limo_3.0/install/p9n_interface/lib:/home/atwork/limo_3.0/install/limo_msgs/lib:/opt/ros/jazzy/opt/rviz_ogre_vendor/lib:/opt/ros/jazzy/lib/x86_64-linux-gnu:/opt/ros/jazzy/opt/gz_math_vendor/lib:/opt/ros/jazzy/opt/gz_utils_vendor/lib:/opt/ros/jazzy/opt/gz_cmake_vendor/lib:/opt/ros/jazzy/lib /usr/bin/cmake --install /home/atwork/limo_3.0/build/p9n_example
