[0.036s] Invoking command in '/home/atwork/limo_3.0/build/wiimote_msgs': CMAKE_PREFIX_PATH=${CMAKE_PREFIX_PATH}:/home/atwork/limo_3.0/install/limo_bringup:/home/atwork/limo_3.0/install/p9n_bringup:/home/atwork/limo_3.0/install/limo_cartographer:/opt/ros/jazzy DEBUGINFOD_URLS=https://debuginfod.ubuntu.com /usr/bin/cmake --build /home/atwork/limo_3.0/build/wiimote_msgs -- -j4 -l4
[0.209s] [  1%] Built target wiimote_msgs__rosidl_generator_type_description
[0.271s] [  1%] Built target ament_cmake_python_copy_wiimote_msgs
[0.335s] [  3%] Built target wiimote_msgs__cpp
[0.335s] [ 24%] Built target wiimote_msgs__rosidl_generator_c
[0.376s] [ 33%] Built target wiimote_msgs__rosidl_typesupport_cpp
[0.413s] [ 42%] Built target wiimote_msgs__rosidl_typesupport_fastrtps_c
[0.417s] [ 51%] Built target wiimote_msgs__rosidl_typesupport_fastrtps_cpp
[0.458s] [ 61%] Built target wiimote_msgs__rosidl_typesupport_introspection_c
[0.522s] [ 70%] Built target wiimote_msgs__rosidl_typesupport_c
[0.538s] [ 79%] Built target wiimote_msgs__rosidl_typesupport_introspection_cpp
[0.607s] [ 79%] Built target wiimote_msgs
[0.675s] [ 81%] Built target wiimote_msgs__py
[0.727s] [ 88%] Built target wiimote_msgs__rosidl_generator_py
[0.808s] [ 92%] Built target wiimote_msgs_s__rosidl_typesupport_introspection_c
[0.828s] [ 96%] Built target wiimote_msgs_s__rosidl_typesupport_fastrtps_c
[0.833s] [100%] Built target wiimote_msgs_s__rosidl_typesupport_c
[0.966s] running egg_info
[0.989s] writing wiimote_msgs.egg-info/PKG-INFO
[0.989s] writing dependency_links to wiimote_msgs.egg-info/dependency_links.txt
[0.991s] writing top-level names to wiimote_msgs.egg-info/top_level.txt
[1.058s] reading manifest file 'wiimote_msgs.egg-info/SOURCES.txt'
[1.058s] writing manifest file 'wiimote_msgs.egg-info/SOURCES.txt'
[1.095s] [100%] Built target ament_cmake_python_build_wiimote_msgs_egg
[1.235s] Invoked command in '/home/atwork/limo_3.0/build/wiimote_msgs' returned '0': CMAKE_PREFIX_PATH=${CMAKE_PREFIX_PATH}:/home/atwork/limo_3.0/install/limo_bringup:/home/atwork/limo_3.0/install/p9n_bringup:/home/atwork/limo_3.0/install/limo_cartographer:/opt/ros/jazzy DEBUGINFOD_URLS=https://debuginfod.ubuntu.com /usr/bin/cmake --build /home/atwork/limo_3.0/build/wiimote_msgs -- -j4 -l4
[1.236s] Invoking command in '/home/atwork/limo_3.0/build/wiimote_msgs': CMAKE_PREFIX_PATH=${CMAKE_PREFIX_PATH}:/home/atwork/limo_3.0/install/limo_bringup:/home/atwork/limo_3.0/install/p9n_bringup:/home/atwork/limo_3.0/install/limo_cartographer:/opt/ros/jazzy DEBUGINFOD_URLS=https://debuginfod.ubuntu.com /usr/bin/cmake --install /home/atwork/limo_3.0/build/wiimote_msgs
[1.265s] -- Install configuration: ""
[1.265s] -- Up-to-date: /home/atwork/limo_3.0/install/wiimote_msgs/share/ament_index/resource_index/rosidl_interfaces/wiimote_msgs
[1.265s] -- Up-to-date: /home/atwork/limo_3.0/install/wiimote_msgs/share/wiimote_msgs/msg/IrSourceInfo.json
[1.265s] -- Up-to-date: /home/atwork/limo_3.0/install/wiimote_msgs/share/wiimote_msgs/msg/State.json
[1.266s] -- Up-to-date: /home/atwork/limo_3.0/install/wiimote_msgs/share/wiimote_msgs/msg/TimedSwitch.json
[1.268s] -- Up-to-date: /home/atwork/limo_3.0/install/wiimote_msgs/include/wiimote_msgs/wiimote_msgs
[1.268s] -- Up-to-date: /home/atwork/limo_3.0/install/wiimote_msgs/include/wiimote_msgs/wiimote_msgs/msg
[1.269s] -- Up-to-date: /home/atwork/limo_3.0/install/wiimote_msgs/include/wiimote_msgs/wiimote_msgs/msg/detail
[1.269s] -- Up-to-date: /home/atwork/limo_3.0/install/wiimote_msgs/include/wiimote_msgs/wiimote_msgs/msg/detail/ir_source_info__functions.h
[1.269s] -- Up-to-date: /home/atwork/limo_3.0/install/wiimote_msgs/include/wiimote_msgs/wiimote_msgs/msg/detail/timed_switch__functions.h
[1.269s] -- Up-to-date: /home/atwork/limo_3.0/install/wiimote_msgs/include/wiimote_msgs/wiimote_msgs/msg/detail/state__description.c
[1.269s] -- Up-to-date: /home/atwork/limo_3.0/install/wiimote_msgs/include/wiimote_msgs/wiimote_msgs/msg/detail/state__functions.c
[1.269s] -- Up-to-date: /home/atwork/limo_3.0/install/wiimote_msgs/include/wiimote_msgs/wiimote_msgs/msg/detail/ir_source_info__type_support.h
[1.269s] -- Installing: /home/atwork/limo_3.0/install/wiimote_msgs/include/wiimote_msgs/wiimote_msgs/msg/detail/ir_source_info__type_support.c
[1.269s] -- Up-to-date: /home/atwork/limo_3.0/install/wiimote_msgs/include/wiimote_msgs/wiimote_msgs/msg/detail/ir_source_info__functions.c
[1.269s] -- Up-to-date: /home/atwork/limo_3.0/install/wiimote_msgs/include/wiimote_msgs/wiimote_msgs/msg/detail/timed_switch__functions.c
[1.272s] -- Installing: /home/atwork/limo_3.0/install/wiimote_msgs/include/wiimote_msgs/wiimote_msgs/msg/detail/state__type_support.c
[1.272s] -- Up-to-date: /home/atwork/limo_3.0/install/wiimote_msgs/include/wiimote_msgs/wiimote_msgs/msg/detail/state__functions.h
[1.272s] -- Up-to-date: /home/atwork/limo_3.0/install/wiimote_msgs/include/wiimote_msgs/wiimote_msgs/msg/detail/state__struct.h
[1.272s] -- Up-to-date: /home/atwork/limo_3.0/install/wiimote_msgs/include/wiimote_msgs/wiimote_msgs/msg/detail/timed_switch__struct.h
[1.272s] -- Up-to-date: /home/atwork/limo_3.0/install/wiimote_msgs/include/wiimote_msgs/wiimote_msgs/msg/detail/timed_switch__type_support.h
[1.272s] -- Installing: /home/atwork/limo_3.0/install/wiimote_msgs/include/wiimote_msgs/wiimote_msgs/msg/detail/timed_switch__type_support.c
[1.272s] -- Up-to-date: /home/atwork/limo_3.0/install/wiimote_msgs/include/wiimote_msgs/wiimote_msgs/msg/detail/state__type_support.h
[1.272s] -- Up-to-date: /home/atwork/limo_3.0/install/wiimote_msgs/include/wiimote_msgs/wiimote_msgs/msg/detail/ir_source_info__struct.h
[1.273s] -- Up-to-date: /home/atwork/limo_3.0/install/wiimote_msgs/include/wiimote_msgs/wiimote_msgs/msg/detail/timed_switch__description.c
[1.276s] -- Up-to-date: /home/atwork/limo_3.0/install/wiimote_msgs/include/wiimote_msgs/wiimote_msgs/msg/detail/ir_source_info__description.c
[1.276s] -- Up-to-date: /home/atwork/limo_3.0/install/wiimote_msgs/include/wiimote_msgs/wiimote_msgs/msg/ir_source_info.h
[1.276s] -- Up-to-date: /home/atwork/limo_3.0/install/wiimote_msgs/include/wiimote_msgs/wiimote_msgs/msg/timed_switch.h
[1.276s] -- Up-to-date: /home/atwork/limo_3.0/install/wiimote_msgs/include/wiimote_msgs/wiimote_msgs/msg/state.h
[1.277s] -- Up-to-date: /home/atwork/limo_3.0/install/wiimote_msgs/include/wiimote_msgs/wiimote_msgs/msg/rosidl_generator_c__visibility_control.h
[1.277s] -- Up-to-date: /home/atwork/limo_3.0/install/wiimote_msgs/share/wiimote_msgs/environment/library_path.sh
[1.277s] -- Up-to-date: /home/atwork/limo_3.0/install/wiimote_msgs/share/wiimote_msgs/environment/library_path.dsv
[1.277s] -- Up-to-date: /home/atwork/limo_3.0/install/wiimote_msgs/lib/libwiimote_msgs__rosidl_generator_c.so
[1.277s] -- Up-to-date: /home/atwork/limo_3.0/install/wiimote_msgs/include/wiimote_msgs/wiimote_msgs
[1.277s] -- Up-to-date: /home/atwork/limo_3.0/install/wiimote_msgs/include/wiimote_msgs/wiimote_msgs/msg
[1.277s] -- Up-to-date: /home/atwork/limo_3.0/install/wiimote_msgs/include/wiimote_msgs/wiimote_msgs/msg/rosidl_typesupport_fastrtps_c__visibility_control.h
[1.277s] -- Up-to-date: /home/atwork/limo_3.0/install/wiimote_msgs/include/wiimote_msgs/wiimote_msgs/msg/detail
[1.277s] -- Up-to-date: /home/atwork/limo_3.0/install/wiimote_msgs/include/wiimote_msgs/wiimote_msgs/msg/detail/ir_source_info__rosidl_typesupport_fastrtps_c.h
[1.278s] -- Up-to-date: /home/atwork/limo_3.0/install/wiimote_msgs/include/wiimote_msgs/wiimote_msgs/msg/detail/state__rosidl_typesupport_fastrtps_c.h
[1.278s] -- Up-to-date: /home/atwork/limo_3.0/install/wiimote_msgs/include/wiimote_msgs/wiimote_msgs/msg/detail/timed_switch__rosidl_typesupport_fastrtps_c.h
[1.278s] -- Up-to-date: /home/atwork/limo_3.0/install/wiimote_msgs/lib/libwiimote_msgs__rosidl_typesupport_fastrtps_c.so
[1.278s] -- Up-to-date: /home/atwork/limo_3.0/install/wiimote_msgs/include/wiimote_msgs/wiimote_msgs
[1.278s] -- Up-to-date: /home/atwork/limo_3.0/install/wiimote_msgs/include/wiimote_msgs/wiimote_msgs/msg
[1.278s] -- Up-to-date: /home/atwork/limo_3.0/install/wiimote_msgs/include/wiimote_msgs/wiimote_msgs/msg/detail
[1.278s] -- Up-to-date: /home/atwork/limo_3.0/install/wiimote_msgs/include/wiimote_msgs/wiimote_msgs/msg/detail/ir_source_info__struct.hpp
[1.279s] -- Up-to-date: /home/atwork/limo_3.0/install/wiimote_msgs/include/wiimote_msgs/wiimote_msgs/msg/detail/timed_switch__type_support.hpp
[1.281s] -- Up-to-date: /home/atwork/limo_3.0/install/wiimote_msgs/include/wiimote_msgs/wiimote_msgs/msg/detail/state__type_support.hpp
[1.281s] -- Up-to-date: /home/atwork/limo_3.0/install/wiimote_msgs/include/wiimote_msgs/wiimote_msgs/msg/detail/ir_source_info__traits.hpp
[1.281s] -- Up-to-date: /home/atwork/limo_3.0/install/wiimote_msgs/include/wiimote_msgs/wiimote_msgs/msg/detail/state__builder.hpp
[1.281s] -- Up-to-date: /home/atwork/limo_3.0/install/wiimote_msgs/include/wiimote_msgs/wiimote_msgs/msg/detail/timed_switch__builder.hpp
[1.281s] -- Up-to-date: /home/atwork/limo_3.0/install/wiimote_msgs/include/wiimote_msgs/wiimote_msgs/msg/detail/timed_switch__struct.hpp
[1.281s] -- Up-to-date: /home/atwork/limo_3.0/install/wiimote_msgs/include/wiimote_msgs/wiimote_msgs/msg/detail/state__traits.hpp
[1.281s] -- Up-to-date: /home/atwork/limo_3.0/install/wiimote_msgs/include/wiimote_msgs/wiimote_msgs/msg/detail/timed_switch__traits.hpp
[1.282s] -- Up-to-date: /home/atwork/limo_3.0/install/wiimote_msgs/include/wiimote_msgs/wiimote_msgs/msg/detail/state__struct.hpp
[1.282s] -- Up-to-date: /home/atwork/limo_3.0/install/wiimote_msgs/include/wiimote_msgs/wiimote_msgs/msg/detail/ir_source_info__type_support.hpp
[1.282s] -- Up-to-date: /home/atwork/limo_3.0/install/wiimote_msgs/include/wiimote_msgs/wiimote_msgs/msg/detail/ir_source_info__builder.hpp
[1.282s] -- Up-to-date: /home/atwork/limo_3.0/install/wiimote_msgs/include/wiimote_msgs/wiimote_msgs/msg/ir_source_info.hpp
[1.282s] -- Up-to-date: /home/atwork/limo_3.0/install/wiimote_msgs/include/wiimote_msgs/wiimote_msgs/msg/rosidl_generator_cpp__visibility_control.hpp
[1.282s] -- Up-to-date: /home/atwork/limo_3.0/install/wiimote_msgs/include/wiimote_msgs/wiimote_msgs/msg/timed_switch.hpp
[1.282s] -- Up-to-date: /home/atwork/limo_3.0/install/wiimote_msgs/include/wiimote_msgs/wiimote_msgs/msg/state.hpp
[1.282s] -- Up-to-date: /home/atwork/limo_3.0/install/wiimote_msgs/include/wiimote_msgs/wiimote_msgs
[1.282s] -- Up-to-date: /home/atwork/limo_3.0/install/wiimote_msgs/include/wiimote_msgs/wiimote_msgs/msg
[1.283s] -- Up-to-date: /home/atwork/limo_3.0/install/wiimote_msgs/include/wiimote_msgs/wiimote_msgs/msg/detail
[1.283s] -- Up-to-date: /home/atwork/limo_3.0/install/wiimote_msgs/include/wiimote_msgs/wiimote_msgs/msg/detail/timed_switch__rosidl_typesupport_fastrtps_cpp.hpp
[1.283s] -- Up-to-date: /home/atwork/limo_3.0/install/wiimote_msgs/include/wiimote_msgs/wiimote_msgs/msg/detail/ir_source_info__rosidl_typesupport_fastrtps_cpp.hpp
[1.283s] -- Up-to-date: /home/atwork/limo_3.0/install/wiimote_msgs/include/wiimote_msgs/wiimote_msgs/msg/detail/state__rosidl_typesupport_fastrtps_cpp.hpp
[1.283s] -- Up-to-date: /home/atwork/limo_3.0/install/wiimote_msgs/include/wiimote_msgs/wiimote_msgs/msg/detail/dds_fastrtps
[1.283s] -- Up-to-date: /home/atwork/limo_3.0/install/wiimote_msgs/include/wiimote_msgs/wiimote_msgs/msg/rosidl_typesupport_fastrtps_cpp__visibility_control.h
[1.283s] -- Up-to-date: /home/atwork/limo_3.0/install/wiimote_msgs/lib/libwiimote_msgs__rosidl_typesupport_fastrtps_cpp.so
[1.283s] -- Up-to-date: /home/atwork/limo_3.0/install/wiimote_msgs/include/wiimote_msgs/wiimote_msgs
[1.283s] -- Up-to-date: /home/atwork/limo_3.0/install/wiimote_msgs/include/wiimote_msgs/wiimote_msgs/msg
[1.287s] -- Up-to-date: /home/atwork/limo_3.0/install/wiimote_msgs/include/wiimote_msgs/wiimote_msgs/msg/detail
[1.287s] -- Up-to-date: /home/atwork/limo_3.0/install/wiimote_msgs/include/wiimote_msgs/wiimote_msgs/msg/detail/ir_source_info__rosidl_typesupport_introspection_c.h
[1.287s] -- Installing: /home/atwork/limo_3.0/install/wiimote_msgs/include/wiimote_msgs/wiimote_msgs/msg/detail/ir_source_info__type_support.c
[1.287s] -- Up-to-date: /home/atwork/limo_3.0/install/wiimote_msgs/include/wiimote_msgs/wiimote_msgs/msg/detail/timed_switch__rosidl_typesupport_introspection_c.h
[1.287s] -- Installing: /home/atwork/limo_3.0/install/wiimote_msgs/include/wiimote_msgs/wiimote_msgs/msg/detail/state__type_support.c
[1.288s] -- Installing: /home/atwork/limo_3.0/install/wiimote_msgs/include/wiimote_msgs/wiimote_msgs/msg/detail/timed_switch__type_support.c
[1.288s] -- Up-to-date: /home/atwork/limo_3.0/install/wiimote_msgs/include/wiimote_msgs/wiimote_msgs/msg/detail/state__rosidl_typesupport_introspection_c.h
[1.288s] -- Up-to-date: /home/atwork/limo_3.0/install/wiimote_msgs/include/wiimote_msgs/wiimote_msgs/msg/rosidl_typesupport_introspection_c__visibility_control.h
[1.288s] -- Up-to-date: /home/atwork/limo_3.0/install/wiimote_msgs/lib/libwiimote_msgs__rosidl_typesupport_introspection_c.so
[1.288s] -- Up-to-date: /home/atwork/limo_3.0/install/wiimote_msgs/lib/libwiimote_msgs__rosidl_typesupport_c.so
[1.288s] -- Up-to-date: /home/atwork/limo_3.0/install/wiimote_msgs/include/wiimote_msgs/wiimote_msgs
[1.288s] -- Up-to-date: /home/atwork/limo_3.0/install/wiimote_msgs/include/wiimote_msgs/wiimote_msgs/msg
[1.288s] -- Up-to-date: /home/atwork/limo_3.0/install/wiimote_msgs/include/wiimote_msgs/wiimote_msgs/msg/detail
[1.288s] -- Up-to-date: /home/atwork/limo_3.0/install/wiimote_msgs/include/wiimote_msgs/wiimote_msgs/msg/detail/state__type_support.cpp
[1.292s] -- Up-to-date: /home/atwork/limo_3.0/install/wiimote_msgs/include/wiimote_msgs/wiimote_msgs/msg/detail/state__rosidl_typesupport_introspection_cpp.hpp
[1.292s] -- Up-to-date: /home/atwork/limo_3.0/install/wiimote_msgs/include/wiimote_msgs/wiimote_msgs/msg/detail/ir_source_info__rosidl_typesupport_introspection_cpp.hpp
[1.292s] -- Up-to-date: /home/atwork/limo_3.0/install/wiimote_msgs/include/wiimote_msgs/wiimote_msgs/msg/detail/ir_source_info__type_support.cpp
[1.292s] -- Up-to-date: /home/atwork/limo_3.0/install/wiimote_msgs/include/wiimote_msgs/wiimote_msgs/msg/detail/timed_switch__rosidl_typesupport_introspection_cpp.hpp
[1.292s] -- Up-to-date: /home/atwork/limo_3.0/install/wiimote_msgs/include/wiimote_msgs/wiimote_msgs/msg/detail/timed_switch__type_support.cpp
[1.292s] -- Up-to-date: /home/atwork/limo_3.0/install/wiimote_msgs/lib/libwiimote_msgs__rosidl_typesupport_introspection_cpp.so
[1.292s] -- Up-to-date: /home/atwork/limo_3.0/install/wiimote_msgs/lib/libwiimote_msgs__rosidl_typesupport_cpp.so
[1.293s] -- Up-to-date: /home/atwork/limo_3.0/install/wiimote_msgs/share/wiimote_msgs/environment/pythonpath.sh
[1.293s] -- Up-to-date: /home/atwork/limo_3.0/install/wiimote_msgs/share/wiimote_msgs/environment/pythonpath.dsv
[1.293s] -- Up-to-date: /home/atwork/limo_3.0/install/wiimote_msgs/lib/python3.12/site-packages/wiimote_msgs-3.3.0-py3.12.egg-info
[1.293s] -- Installing: /home/atwork/limo_3.0/install/wiimote_msgs/lib/python3.12/site-packages/wiimote_msgs-3.3.0-py3.12.egg-info/PKG-INFO
[1.293s] -- Installing: /home/atwork/limo_3.0/install/wiimote_msgs/lib/python3.12/site-packages/wiimote_msgs-3.3.0-py3.12.egg-info/top_level.txt
[1.293s] -- Installing: /home/atwork/limo_3.0/install/wiimote_msgs/lib/python3.12/site-packages/wiimote_msgs-3.3.0-py3.12.egg-info/dependency_links.txt
[1.295s] -- Installing: /home/atwork/limo_3.0/install/wiimote_msgs/lib/python3.12/site-packages/wiimote_msgs-3.3.0-py3.12.egg-info/SOURCES.txt
[1.295s] -- Up-to-date: /home/atwork/limo_3.0/install/wiimote_msgs/lib/python3.12/site-packages/wiimote_msgs
[1.295s] -- Up-to-date: /home/atwork/limo_3.0/install/wiimote_msgs/lib/python3.12/site-packages/wiimote_msgs/wiimote_msgs_s__rosidl_typesupport_introspection_c.so
[1.295s] -- Up-to-date: /home/atwork/limo_3.0/install/wiimote_msgs/lib/python3.12/site-packages/wiimote_msgs/_wiimote_msgs_s.ep.rosidl_typesupport_c.c
[1.298s] -- Up-to-date: /home/atwork/limo_3.0/install/wiimote_msgs/lib/python3.12/site-packages/wiimote_msgs/wiimote_msgs_s__rosidl_typesupport_c.so
[1.298s] -- Up-to-date: /home/atwork/limo_3.0/install/wiimote_msgs/lib/python3.12/site-packages/wiimote_msgs/__init__.py
[1.298s] -- Up-to-date: /home/atwork/limo_3.0/install/wiimote_msgs/lib/python3.12/site-packages/wiimote_msgs/wiimote_msgs_s__rosidl_typesupport_fastrtps_c.so
[1.298s] -- Up-to-date: /home/atwork/limo_3.0/install/wiimote_msgs/lib/python3.12/site-packages/wiimote_msgs/msg
[1.298s] -- Up-to-date: /home/atwork/limo_3.0/install/wiimote_msgs/lib/python3.12/site-packages/wiimote_msgs/msg/_timed_switch_s.c
[1.299s] -- Up-to-date: /home/atwork/limo_3.0/install/wiimote_msgs/lib/python3.12/site-packages/wiimote_msgs/msg/_ir_source_info.py
[1.301s] -- Up-to-date: /home/atwork/limo_3.0/install/wiimote_msgs/lib/python3.12/site-packages/wiimote_msgs/msg/_timed_switch.py
[1.301s] -- Up-to-date: /home/atwork/limo_3.0/install/wiimote_msgs/lib/python3.12/site-packages/wiimote_msgs/msg/__init__.py
[1.301s] -- Up-to-date: /home/atwork/limo_3.0/install/wiimote_msgs/lib/python3.12/site-packages/wiimote_msgs/msg/_state.py
[1.301s] -- Up-to-date: /home/atwork/limo_3.0/install/wiimote_msgs/lib/python3.12/site-packages/wiimote_msgs/msg/_ir_source_info_s.c
[1.302s] -- Up-to-date: /home/atwork/limo_3.0/install/wiimote_msgs/lib/python3.12/site-packages/wiimote_msgs/msg/_state_s.c
[1.302s] -- Up-to-date: /home/atwork/limo_3.0/install/wiimote_msgs/lib/python3.12/site-packages/wiimote_msgs/_wiimote_msgs_s.ep.rosidl_typesupport_fastrtps_c.c
[1.302s] -- Up-to-date: /home/atwork/limo_3.0/install/wiimote_msgs/lib/python3.12/site-packages/wiimote_msgs/_wiimote_msgs_s.ep.rosidl_typesupport_introspection_c.c
[1.336s] Listing '/home/atwork/limo_3.0/install/wiimote_msgs/lib/python3.12/site-packages/wiimote_msgs'...
[1.336s] Listing '/home/atwork/limo_3.0/install/wiimote_msgs/lib/python3.12/site-packages/wiimote_msgs/msg'...
[1.356s] -- Up-to-date: /home/atwork/limo_3.0/install/wiimote_msgs/lib/python3.12/site-packages/wiimote_msgs/wiimote_msgs_s__rosidl_typesupport_fastrtps_c.so
[1.362s] -- Up-to-date: /home/atwork/limo_3.0/install/wiimote_msgs/lib/python3.12/site-packages/wiimote_msgs/wiimote_msgs_s__rosidl_typesupport_introspection_c.so
[1.362s] -- Up-to-date: /home/atwork/limo_3.0/install/wiimote_msgs/lib/python3.12/site-packages/wiimote_msgs/wiimote_msgs_s__rosidl_typesupport_c.so
[1.362s] -- Up-to-date: /home/atwork/limo_3.0/install/wiimote_msgs/lib/libwiimote_msgs__rosidl_generator_py.so
[1.362s] -- Up-to-date: /home/atwork/limo_3.0/install/wiimote_msgs/share/wiimote_msgs/msg/IrSourceInfo.idl
[1.362s] -- Up-to-date: /home/atwork/limo_3.0/install/wiimote_msgs/share/wiimote_msgs/msg/State.idl
[1.362s] -- Up-to-date: /home/atwork/limo_3.0/install/wiimote_msgs/share/wiimote_msgs/msg/TimedSwitch.idl
[1.363s] -- Up-to-date: /home/atwork/limo_3.0/install/wiimote_msgs/share/wiimote_msgs/msg/IrSourceInfo.msg
[1.364s] -- Up-to-date: /home/atwork/limo_3.0/install/wiimote_msgs/share/wiimote_msgs/msg/State.msg
[1.364s] -- Up-to-date: /home/atwork/limo_3.0/install/wiimote_msgs/share/wiimote_msgs/msg/TimedSwitch.msg
[1.364s] -- Up-to-date: /home/atwork/limo_3.0/install/wiimote_msgs/share/ament_index/resource_index/package_run_dependencies/wiimote_msgs
[1.364s] -- Up-to-date: /home/atwork/limo_3.0/install/wiimote_msgs/share/ament_index/resource_index/parent_prefix_path/wiimote_msgs
[1.364s] -- Up-to-date: /home/atwork/limo_3.0/install/wiimote_msgs/share/wiimote_msgs/environment/ament_prefix_path.sh
[1.368s] -- Up-to-date: /home/atwork/limo_3.0/install/wiimote_msgs/share/wiimote_msgs/environment/ament_prefix_path.dsv
[1.368s] -- Up-to-date: /home/atwork/limo_3.0/install/wiimote_msgs/share/wiimote_msgs/environment/path.sh
[1.368s] -- Up-to-date: /home/atwork/limo_3.0/install/wiimote_msgs/share/wiimote_msgs/environment/path.dsv
[1.368s] -- Up-to-date: /home/atwork/limo_3.0/install/wiimote_msgs/share/wiimote_msgs/local_setup.bash
[1.368s] -- Up-to-date: /home/atwork/limo_3.0/install/wiimote_msgs/share/wiimote_msgs/local_setup.sh
[1.368s] -- Up-to-date: /home/atwork/limo_3.0/install/wiimote_msgs/share/wiimote_msgs/local_setup.zsh
[1.369s] -- Up-to-date: /home/atwork/limo_3.0/install/wiimote_msgs/share/wiimote_msgs/local_setup.dsv
[1.371s] -- Installing: /home/atwork/limo_3.0/install/wiimote_msgs/share/wiimote_msgs/package.dsv
[1.371s] -- Up-to-date: /home/atwork/limo_3.0/install/wiimote_msgs/share/ament_index/resource_index/packages/wiimote_msgs
[1.371s] -- Up-to-date: /home/atwork/limo_3.0/install/wiimote_msgs/share/wiimote_msgs/cmake/export_wiimote_msgs__rosidl_generator_cExport.cmake
[1.372s] -- Up-to-date: /home/atwork/limo_3.0/install/wiimote_msgs/share/wiimote_msgs/cmake/export_wiimote_msgs__rosidl_generator_cExport-noconfig.cmake
[1.372s] -- Up-to-date: /home/atwork/limo_3.0/install/wiimote_msgs/share/wiimote_msgs/cmake/export_wiimote_msgs__rosidl_typesupport_fastrtps_cExport.cmake
[1.372s] -- Up-to-date: /home/atwork/limo_3.0/install/wiimote_msgs/share/wiimote_msgs/cmake/export_wiimote_msgs__rosidl_typesupport_fastrtps_cExport-noconfig.cmake
[1.372s] -- Up-to-date: /home/atwork/limo_3.0/install/wiimote_msgs/share/wiimote_msgs/cmake/export_wiimote_msgs__rosidl_generator_cppExport.cmake
[1.372s] -- Up-to-date: /home/atwork/limo_3.0/install/wiimote_msgs/share/wiimote_msgs/cmake/export_wiimote_msgs__rosidl_typesupport_fastrtps_cppExport.cmake
[1.372s] -- Up-to-date: /home/atwork/limo_3.0/install/wiimote_msgs/share/wiimote_msgs/cmake/export_wiimote_msgs__rosidl_typesupport_fastrtps_cppExport-noconfig.cmake
[1.372s] -- Up-to-date: /home/atwork/limo_3.0/install/wiimote_msgs/share/wiimote_msgs/cmake/wiimote_msgs__rosidl_typesupport_introspection_cExport.cmake
[1.372s] -- Up-to-date: /home/atwork/limo_3.0/install/wiimote_msgs/share/wiimote_msgs/cmake/wiimote_msgs__rosidl_typesupport_introspection_cExport-noconfig.cmake
[1.373s] -- Up-to-date: /home/atwork/limo_3.0/install/wiimote_msgs/share/wiimote_msgs/cmake/wiimote_msgs__rosidl_typesupport_cExport.cmake
[1.373s] -- Up-to-date: /home/atwork/limo_3.0/install/wiimote_msgs/share/wiimote_msgs/cmake/wiimote_msgs__rosidl_typesupport_cExport-noconfig.cmake
[1.373s] -- Up-to-date: /home/atwork/limo_3.0/install/wiimote_msgs/share/wiimote_msgs/cmake/wiimote_msgs__rosidl_typesupport_introspection_cppExport.cmake
[1.373s] -- Up-to-date: /home/atwork/limo_3.0/install/wiimote_msgs/share/wiimote_msgs/cmake/wiimote_msgs__rosidl_typesupport_introspection_cppExport-noconfig.cmake
[1.373s] -- Up-to-date: /home/atwork/limo_3.0/install/wiimote_msgs/share/wiimote_msgs/cmake/wiimote_msgs__rosidl_typesupport_cppExport.cmake
[1.377s] -- Up-to-date: /home/atwork/limo_3.0/install/wiimote_msgs/share/wiimote_msgs/cmake/wiimote_msgs__rosidl_typesupport_cppExport-noconfig.cmake
[1.377s] -- Up-to-date: /home/atwork/limo_3.0/install/wiimote_msgs/share/wiimote_msgs/cmake/export_wiimote_msgs__rosidl_generator_pyExport.cmake
[1.379s] -- Up-to-date: /home/atwork/limo_3.0/install/wiimote_msgs/share/wiimote_msgs/cmake/export_wiimote_msgs__rosidl_generator_pyExport-noconfig.cmake
[1.379s] -- Up-to-date: /home/atwork/limo_3.0/install/wiimote_msgs/share/wiimote_msgs/cmake/rosidl_cmake-extras.cmake
[1.379s] -- Up-to-date: /home/atwork/limo_3.0/install/wiimote_msgs/share/wiimote_msgs/cmake/ament_cmake_export_dependencies-extras.cmake
[1.379s] -- Up-to-date: /home/atwork/limo_3.0/install/wiimote_msgs/share/wiimote_msgs/cmake/ament_cmake_export_include_directories-extras.cmake
[1.380s] -- Up-to-date: /home/atwork/limo_3.0/install/wiimote_msgs/share/wiimote_msgs/cmake/ament_cmake_export_libraries-extras.cmake
[1.380s] -- Up-to-date: /home/atwork/limo_3.0/install/wiimote_msgs/share/wiimote_msgs/cmake/ament_cmake_export_targets-extras.cmake
[1.385s] -- Up-to-date: /home/atwork/limo_3.0/install/wiimote_msgs/share/wiimote_msgs/cmake/rosidl_cmake_export_typesupport_targets-extras.cmake
[1.385s] -- Up-to-date: /home/atwork/limo_3.0/install/wiimote_msgs/share/wiimote_msgs/cmake/rosidl_cmake_export_typesupport_libraries-extras.cmake
[1.385s] -- Up-to-date: /home/atwork/limo_3.0/install/wiimote_msgs/share/wiimote_msgs/cmake/wiimote_msgsConfig.cmake
[1.385s] -- Up-to-date: /home/atwork/limo_3.0/install/wiimote_msgs/share/wiimote_msgs/cmake/wiimote_msgsConfig-version.cmake
[1.388s] -- Up-to-date: /home/atwork/limo_3.0/install/wiimote_msgs/share/wiimote_msgs/package.xml
[1.388s] Invoked command in '/home/atwork/limo_3.0/build/wiimote_msgs' returned '0': CMAKE_PREFIX_PATH=${CMAKE_PREFIX_PATH}:/home/atwork/limo_3.0/install/limo_bringup:/home/atwork/limo_3.0/install/p9n_bringup:/home/atwork/limo_3.0/install/limo_cartographer:/opt/ros/jazzy DEBUGINFOD_URLS=https://debuginfod.ubuntu.com /usr/bin/cmake --install /home/atwork/limo_3.0/build/wiimote_msgs
