running egg_info
creating ../../build/limo_cartographer/limo_cartographer.egg-info
writing ../../build/limo_cartographer/limo_cartographer.egg-info/PKG-INFO
writing dependency_links to ../../build/limo_cartographer/limo_cartographer.egg-info/dependency_links.txt
writing requirements to ../../build/limo_cartographer/limo_cartographer.egg-info/requires.txt
writing top-level names to ../../build/limo_cartographer/limo_cartographer.egg-info/top_level.txt
writing manifest file '../../build/limo_cartographer/limo_cartographer.egg-info/SOURCES.txt'
reading manifest file '../../build/limo_cartographer/limo_cartographer.egg-info/SOURCES.txt'
writing manifest file '../../build/limo_cartographer/limo_cartographer.egg-info/SOURCES.txt'
running build
running build_py
creating /home/atwork/limo_3.0/build/limo_cartographer/build
creating /home/atwork/limo_3.0/build/limo_cartographer/build/lib
creating /home/atwork/limo_3.0/build/limo_cartographer/build/lib/limo_cartographer
copying limo_cartographer/__init__.py -> /home/atwork/limo_3.0/build/limo_cartographer/build/lib/limo_cartographer
running install
running install_lib
creating /home/atwork/limo_3.0/install/limo_cartographer/lib/python3.12/site-packages/limo_cartographer
copying /home/atwork/limo_3.0/build/limo_cartographer/build/lib/limo_cartographer/__init__.py -> /home/atwork/limo_3.0/install/limo_cartographer/lib/python3.12/site-packages/limo_cartographer
byte-compiling /home/atwork/limo_3.0/install/limo_cartographer/lib/python3.12/site-packages/limo_cartographer/__init__.py to __init__.cpython-312.pyc
running install_data
creating /home/atwork/limo_3.0/install/limo_cartographer/share/ament_index
creating /home/atwork/limo_3.0/install/limo_cartographer/share/ament_index/resource_index
creating /home/atwork/limo_3.0/install/limo_cartographer/share/ament_index/resource_index/packages
copying resource/limo_cartographer -> /home/atwork/limo_3.0/install/limo_cartographer/share/ament_index/resource_index/packages
copying package.xml -> /home/atwork/limo_3.0/install/limo_cartographer/share/limo_cartographer
creating /home/atwork/limo_3.0/install/limo_cartographer/share/limo_cartographer/launch
copying launch/cartographer.launch.py -> /home/atwork/limo_3.0/install/limo_cartographer/share/limo_cartographer/launch
creating /home/atwork/limo_3.0/install/limo_cartographer/share/limo_cartographer/config
copying config/limo_2d.lua -> /home/atwork/limo_3.0/install/limo_cartographer/share/limo_cartographer/config
running install_egg_info
Copying ../../build/limo_cartographer/limo_cartographer.egg-info to /home/atwork/limo_3.0/install/limo_cartographer/lib/python3.12/site-packages/limo_cartographer-0.0.0-py3.12.egg-info
running install_scripts
writing list of installed files to '/home/atwork/limo_3.0/build/limo_cartographer/install.log'
