[1.674s] Invoking command in '/home/atwork/limo_3.0/src/limo_cartographer': DEBUGINFOD_URLS=https://debuginfod.ubuntu.com PYTHONPATH=/home/atwork/limo_3.0/build/limo_cartographer/prefix_override:/usr/lib/python3/dist-packages/colcon_core/task/python/colcon_distutils_commands:/home/atwork/limo_3.0/install/limo_cartographer/lib/python3.12/site-packages:${PYTHONPATH} /usr/bin/python3 -W ignore:setup.py install is deprecated -W ignore:easy_install command is deprecated setup.py egg_info --egg-base ../../build/limo_cartographer build --build-base /home/atwork/limo_3.0/build/limo_cartographer/build install --record /home/atwork/limo_3.0/build/limo_cartographer/install.log --single-version-externally-managed install_data
[2.209s] running egg_info
[2.209s] creating ../../build/limo_cartographer/limo_cartographer.egg-info
[2.250s] writing ../../build/limo_cartographer/limo_cartographer.egg-info/PKG-INFO
[2.250s] writing dependency_links to ../../build/limo_cartographer/limo_cartographer.egg-info/dependency_links.txt
[2.250s] writing requirements to ../../build/limo_cartographer/limo_cartographer.egg-info/requires.txt
[2.251s] writing top-level names to ../../build/limo_cartographer/limo_cartographer.egg-info/top_level.txt
[2.251s] writing manifest file '../../build/limo_cartographer/limo_cartographer.egg-info/SOURCES.txt'
[2.331s] reading manifest file '../../build/limo_cartographer/limo_cartographer.egg-info/SOURCES.txt'
[2.333s] writing manifest file '../../build/limo_cartographer/limo_cartographer.egg-info/SOURCES.txt'
[2.333s] running build
[2.333s] running build_py
[2.333s] creating /home/atwork/limo_3.0/build/limo_cartographer/build
[2.333s] creating /home/atwork/limo_3.0/build/limo_cartographer/build/lib
[2.333s] creating /home/atwork/limo_3.0/build/limo_cartographer/build/lib/limo_cartographer
[2.334s] copying limo_cartographer/__init__.py -> /home/atwork/limo_3.0/build/limo_cartographer/build/lib/limo_cartographer
[2.334s] running install
[2.348s] running install_lib
[2.383s] creating /home/atwork/limo_3.0/install/limo_cartographer/lib/python3.12/site-packages/limo_cartographer
[2.383s] copying /home/atwork/limo_3.0/build/limo_cartographer/build/lib/limo_cartographer/__init__.py -> /home/atwork/limo_3.0/install/limo_cartographer/lib/python3.12/site-packages/limo_cartographer
[2.384s] byte-compiling /home/atwork/limo_3.0/install/limo_cartographer/lib/python3.12/site-packages/limo_cartographer/__init__.py to __init__.cpython-312.pyc
[2.384s] running install_data
[2.384s] creating /home/atwork/limo_3.0/install/limo_cartographer/share/ament_index
[2.384s] creating /home/atwork/limo_3.0/install/limo_cartographer/share/ament_index/resource_index
[2.384s] creating /home/atwork/limo_3.0/install/limo_cartographer/share/ament_index/resource_index/packages
[2.388s] copying resource/limo_cartographer -> /home/atwork/limo_3.0/install/limo_cartographer/share/ament_index/resource_index/packages
[2.388s] copying package.xml -> /home/atwork/limo_3.0/install/limo_cartographer/share/limo_cartographer
[2.388s] creating /home/atwork/limo_3.0/install/limo_cartographer/share/limo_cartographer/launch
[2.388s] copying launch/cartographer.launch.py -> /home/atwork/limo_3.0/install/limo_cartographer/share/limo_cartographer/launch
[2.388s] creating /home/atwork/limo_3.0/install/limo_cartographer/share/limo_cartographer/config
[2.389s] copying config/limo_2d.lua -> /home/atwork/limo_3.0/install/limo_cartographer/share/limo_cartographer/config
[2.389s] running install_egg_info
[2.439s] Copying ../../build/limo_cartographer/limo_cartographer.egg-info to /home/atwork/limo_3.0/install/limo_cartographer/lib/python3.12/site-packages/limo_cartographer-0.0.0-py3.12.egg-info
[2.439s] running install_scripts
[2.649s] writing list of installed files to '/home/atwork/limo_3.0/build/limo_cartographer/install.log'
[2.704s] Invoked command in '/home/atwork/limo_3.0/src/limo_cartographer' returned '0': DEBUGINFOD_URLS=https://debuginfod.ubuntu.com PYTHONPATH=/home/atwork/limo_3.0/build/limo_cartographer/prefix_override:/usr/lib/python3/dist-packages/colcon_core/task/python/colcon_distutils_commands:/home/atwork/limo_3.0/install/limo_cartographer/lib/python3.12/site-packages:${PYTHONPATH} /usr/bin/python3 -W ignore:setup.py install is deprecated -W ignore:easy_install command is deprecated setup.py egg_info --egg-base ../../build/limo_cartographer build --build-base /home/atwork/limo_3.0/build/limo_cartographer/build install --record /home/atwork/limo_3.0/build/limo_cartographer/install.log --single-version-externally-managed install_data
